 RX

 Timestamp is 4c24aacd (Fri Jun 25 21:10:37 2010)

 Preferred load address is 10000000

 Start         Length     Name                   Class
 0001:00000000 000551ddH .textbss                DATA
 0002:00000000 000a5080H .text                   CODE
 0002:000a5080 0000ec12H .text$x                 CODE
 0002:000b3ca0 000010e4H .text$yc                CODE
 0002:000b4d90 0000109cH .text$yd                CODE
 0003:00000000 00000104H .CRT$XCA                DATA
 0003:00000104 00000104H .CRT$XCU                DATA
 0003:00000208 00000104H .CRT$XCZ                DATA
 0003:0000030c 00000104H .CRT$XIA                DATA
 0003:00000410 00000104H .CRT$XIAA               DATA
 0003:00000514 00000104H .CRT$XIC                DATA
 0003:00000618 00000104H .CRT$XIZ                DATA
 0003:00000720 0000d4deH .rdata                  DATA
 0003:0000dc00 0000015bH .rdata$debug            DATA
 0003:0000dd5c 00000d31H .rdata$r                DATA
 0003:0000ea90 00000104H .rtc$IAA                DATA
 0003:0000eb94 00000143H .rtc$IMZ                DATA
 0003:0000ecd8 00000104H .rtc$IZZ                DATA
 0003:0000eddc 00000104H .rtc$TAA                DATA
 0003:0000eee0 00000143H .rtc$TMZ                DATA
 0003:0000f024 00000104H .rtc$TZZ                DATA
 0003:0000f128 0000cf7fH .xdata$x                DATA
 0003:0001c0b0 000001a4H .edata                  DATA
 0004:00000000 00000ec8H .data                   DATA
 0004:00000ec8 000004a0H .bss                    DATA
 0005:00000000 0000003cH .idata$2                DATA
 0005:0000003c 00000014H .idata$3                DATA
 0005:00000050 000002e8H .idata$4                DATA
 0005:00000338 000002e8H .idata$5                DATA
 0005:00000620 000017e4H .idata$6                DATA
 0006:00000000 00000169H .rsrc$01                DATA
 0006:00000170 000002e9H .rsrc$02                DATA

  Address         Publics by Value              Rva+Base       Lib:Object

 0000:00000000       __except_list              00000000     <absolute>
 0000:00000000       ___safe_se_handler_count   00000000     <absolute>
 0000:00000000       ___safe_se_handler_table   00000000     <absolute>
 0000:00009876       __fltused                  00009876     <absolute>
 0000:00009876       __ldused                   00009876     <absolute>
 0000:00000000       ___ImageBase               10000000     <linker-defined>
 0001:00000000       __enc$textbss$begin        10001000     <linker-defined>
 0001:000551dd       __enc$textbss$end          100561dd     <linker-defined>
 0002:00008560       ?factories@AnomalyDetectionModule@@YAAAV?$vector@U?$pair@V?$basic_string@DU?$char_traits@D@std@@V?$allocator@D@2@@std@@PAVPlugInFactory@@@std@@V?$allocator@U?$pair@V?$basic_string@DU?$char_traits@D@std@@V?$allocator@D@2@@std@@PAVPlugInFactory@@@std@@@2@@std@@XZ 1005f560 f   ModuleManager.obj
 0002:00008630       ?addFactory@AnomalyDetectionModule@@YAXPAVPlugInFactory@@@Z 1005f630 f   ModuleManager.obj
 0002:00008870       ??1?$pair@V?$basic_string@DU?$char_traits@D@std@@V?$allocator@D@2@@std@@PAVPlugInFactory@@@std@@QAE@XZ 1005f870 f i ModuleManager.obj
 0002:000088d0       ??1?$_Vector_iterator@V?$basic_string@DU?$char_traits@D@std@@V?$allocator@D@2@@std@@V?$allocator@V?$basic_string@DU?$char_traits@D@std@@V?$allocator@D@2@@std@@@2@@std@@QAE@XZ 1005f8d0 f i ModuleManager.obj
 0002:00008920       ??1?$_Vector_const_iterator@V?$basic_string@DU?$char_traits@D@std@@V?$allocator@D@2@@std@@V?$allocator@V?$basic_string@DU?$char_traits@D@std@@V?$allocator@D@2@@std@@@2@@std@@QAE@XZ 1005f920 f i ModuleManager.obj
 0002:00008970       ??1?$_Ranit@V?$basic_string@DU?$char_traits@D@std@@V?$allocator@D@2@@std@@HPBV12@ABV12@@std@@QAE@XZ 1005f970 f i ModuleManager.obj
 0002:000089c0       ??1_Iterator_base@std@@QAE@XZ 1005f9c0 f i ModuleManager.obj
 0002:00008ac0       ?_Orphan_me@_Iterator_base@std@@QAEXXZ 1005fac0 f i ModuleManager.obj
 0002:00008ba0       ?getPlugIn@AnomalyDetectionModule@@YAPAVPlugIn@@I@Z 1005fba0 f   ModuleManager.obj
 0002:00008d40       ??1?$_Vector_iterator@U?$pair@V?$basic_string@DU?$char_traits@D@std@@V?$allocator@D@2@@std@@PAVPlugInFactory@@@std@@V?$allocator@U?$pair@V?$basic_string@DU?$char_traits@D@std@@V?$allocator@D@2@@std@@PAVPlugInFactory@@@std@@@2@@std@@QAE@XZ 1005fd40 f i ModuleManager.obj
 0002:00008d90       ??1?$_Vector_const_iterator@U?$pair@V?$basic_string@DU?$char_traits@D@std@@V?$allocator@D@2@@std@@PAVPlugInFactory@@@std@@V?$allocator@U?$pair@V?$basic_string@DU?$char_traits@D@std@@V?$allocator@D@2@@std@@PAVPlugInFactory@@@std@@@2@@std@@QAE@XZ 1005fd90 f i ModuleManager.obj
 0002:00008de0       ??1?$_Ranit@U?$pair@V?$basic_string@DU?$char_traits@D@std@@V?$allocator@D@2@@std@@PAVPlugInFactory@@@std@@HPBU12@ABU12@@std@@QAE@XZ 1005fde0 f i ModuleManager.obj
 0002:00008e30       _opticks_get_module_descriptor 1005fe30 f   ModuleManager.obj
 0002:00008e70       _AnomalyDetectionModuleInstantiatePlugIn 1005fe70 f   ModuleManager.obj
 0002:00008ef0       ?setService@ModuleManager@@QAEXPAVExternal@@@Z 1005fef0 f i ModuleManager.obj
 0002:00008f40       ?getTotalPlugIns@ModuleManager@@SAIXZ 1005ff40 f   ModuleManager.obj
 0002:00008f70       ?getPlugIn@ModuleManager@@QAEPAVPlugIn@@I@Z 1005ff70 f   ModuleManager.obj
 0002:00008fb0       ??1?$vector@V?$basic_string@DU?$char_traits@D@std@@V?$allocator@D@2@@std@@V?$allocator@V?$basic_string@DU?$char_traits@D@std@@V?$allocator@D@2@@std@@@2@@std@@QAE@XZ 1005ffb0 f i ModuleManager.obj
 0002:00009050       ?begin@?$vector@V?$basic_string@DU?$char_traits@D@std@@V?$allocator@D@2@@std@@V?$allocator@V?$basic_string@DU?$char_traits@D@std@@V?$allocator@D@2@@std@@@2@@std@@QAE?AV?$_Vector_iterator@V?$basic_string@DU?$char_traits@D@std@@V?$allocator@D@2@@std@@V?$allocator@V?$basic_string@DU?$char_traits@D@std@@V?$allocator@D@2@@std@@@2@@2@XZ 10060050 f i ModuleManager.obj
 0002:000090e0       ?end@?$vector@V?$basic_string@DU?$char_traits@D@std@@V?$allocator@D@2@@std@@V?$allocator@V?$basic_string@DU?$char_traits@D@std@@V?$allocator@D@2@@std@@@2@@std@@QAE?AV?$_Vector_iterator@V?$basic_string@DU?$char_traits@D@std@@V?$allocator@D@2@@std@@V?$allocator@V?$basic_string@DU?$char_traits@D@std@@V?$allocator@D@2@@std@@@2@@2@XZ 100600e0 f i ModuleManager.obj
 0002:00009170       ??0?$vector@U?$pair@V?$basic_string@DU?$char_traits@D@std@@V?$allocator@D@2@@std@@PAVPlugInFactory@@@std@@V?$allocator@U?$pair@V?$basic_string@DU?$char_traits@D@std@@V?$allocator@D@2@@std@@PAVPlugInFactory@@@std@@@2@@std@@QAE@XZ 10060170 f i ModuleManager.obj
 0002:00009230       ??1?$vector@U?$pair@V?$basic_string@DU?$char_traits@D@std@@V?$allocator@D@2@@std@@PAVPlugInFactory@@@std@@V?$allocator@U?$pair@V?$basic_string@DU?$char_traits@D@std@@V?$allocator@D@2@@std@@PAVPlugInFactory@@@std@@@2@@std@@QAE@XZ 10060230 f i ModuleManager.obj
 0002:000092d0       ?begin@?$vector@U?$pair@V?$basic_string@DU?$char_traits@D@std@@V?$allocator@D@2@@std@@PAVPlugInFactory@@@std@@V?$allocator@U?$pair@V?$basic_string@DU?$char_traits@D@std@@V?$allocator@D@2@@std@@PAVPlugInFactory@@@std@@@2@@std@@QAE?AV?$_Vector_iterator@U?$pair@V?$basic_string@DU?$char_traits@D@std@@V?$allocator@D@2@@std@@PAVPlugInFactory@@@std@@V?$allocator@U?$pair@V?$basic_string@DU?$char_traits@D@std@@V?$allocator@D@2@@std@@PAVPlugInFactory@@@std@@@2@@2@XZ 100602d0 f i ModuleManager.obj
 0002:00009360       ?end@?$vector@U?$pair@V?$basic_string@DU?$char_traits@D@std@@V?$allocator@D@2@@std@@PAVPlugInFactory@@@std@@V?$allocator@U?$pair@V?$basic_string@DU?$char_traits@D@std@@V?$allocator@D@2@@std@@PAVPlugInFactory@@@std@@@2@@std@@QAE?AV?$_Vector_iterator@U?$pair@V?$basic_string@DU?$char_traits@D@std@@V?$allocator@D@2@@std@@PAVPlugInFactory@@@std@@V?$allocator@U?$pair@V?$basic_string@DU?$char_traits@D@std@@V?$allocator@D@2@@std@@PAVPlugInFactory@@@std@@@2@@2@XZ 10060360 f i ModuleManager.obj
 0002:000093f0       ?size@?$vector@U?$pair@V?$basic_string@DU?$char_traits@D@std@@V?$allocator@D@2@@std@@PAVPlugInFactory@@@std@@V?$allocator@U?$pair@V?$basic_string@DU?$char_traits@D@std@@V?$allocator@D@2@@std@@PAVPlugInFactory@@@std@@@2@@std@@QBEIXZ 100603f0 f i ModuleManager.obj
 0002:00009470       ??A?$vector@U?$pair@V?$basic_string@DU?$char_traits@D@std@@V?$allocator@D@2@@std@@PAVPlugInFactory@@@std@@V?$allocator@U?$pair@V?$basic_string@DU?$char_traits@D@std@@V?$allocator@D@2@@std@@PAVPlugInFactory@@@std@@@2@@std@@QAEAAU?$pair@V?$basic_string@DU?$char_traits@D@std@@V?$allocator@D@2@@std@@PAVPlugInFactory@@@1@I@Z 10060470 f i ModuleManager.obj
 0002:000095f0       ?push_back@?$vector@U?$pair@V?$basic_string@DU?$char_traits@D@std@@V?$allocator@D@2@@std@@PAVPlugInFactory@@@std@@V?$allocator@U?$pair@V?$basic_string@DU?$char_traits@D@std@@V?$allocator@D@2@@std@@PAVPlugInFactory@@@std@@@2@@std@@QAEXABU?$pair@V?$basic_string@DU?$char_traits@D@std@@V?$allocator@D@2@@std@@PAVPlugInFactory@@@2@@Z 100605f0 f i ModuleManager.obj
 0002:000096e0       ??D?$_Vector_iterator@V?$basic_string@DU?$char_traits@D@std@@V?$allocator@D@2@@std@@V?$allocator@V?$basic_string@DU?$char_traits@D@std@@V?$allocator@D@2@@std@@@2@@std@@QBEAAV?$basic_string@DU?$char_traits@D@std@@V?$allocator@D@2@@1@XZ 100606e0 f i ModuleManager.obj
 0002:00009730       ??E?$_Vector_iterator@V?$basic_string@DU?$char_traits@D@std@@V?$allocator@D@2@@std@@V?$allocator@V?$basic_string@DU?$char_traits@D@std@@V?$allocator@D@2@@std@@@2@@std@@QAEAAV01@XZ 10060730 f i ModuleManager.obj
 0002:00009790       ??9?$_Vector_const_iterator@V?$basic_string@DU?$char_traits@D@std@@V?$allocator@D@2@@std@@V?$allocator@V?$basic_string@DU?$char_traits@D@std@@V?$allocator@D@2@@std@@@2@@std@@QBE_NABV01@@Z 10060790 f i ModuleManager.obj
 0002:00009800       ??1?$_Vector_val@V?$basic_string@DU?$char_traits@D@std@@V?$allocator@D@2@@std@@V?$allocator@V?$basic_string@DU?$char_traits@D@std@@V?$allocator@D@2@@std@@@2@@std@@QAE@XZ 10060800 f i ModuleManager.obj
 0002:00009860       ??1?$_Vector_val@U?$pair@V?$basic_string@DU?$char_traits@D@std@@V?$allocator@D@2@@std@@PAVPlugInFactory@@@std@@V?$allocator@U?$pair@V?$basic_string@DU?$char_traits@D@std@@V?$allocator@D@2@@std@@PAVPlugInFactory@@@std@@@2@@std@@QAE@XZ 10060860 f i ModuleManager.obj
 0002:000098c0       ?_Tidy@?$vector@V?$basic_string@DU?$char_traits@D@std@@V?$allocator@D@2@@std@@V?$allocator@V?$basic_string@DU?$char_traits@D@std@@V?$allocator@D@2@@std@@@2@@std@@IAEXXZ 100608c0 f i ModuleManager.obj
 0002:000099a0       ?_Destroy@?$vector@V?$basic_string@DU?$char_traits@D@std@@V?$allocator@D@2@@std@@V?$allocator@V?$basic_string@DU?$char_traits@D@std@@V?$allocator@D@2@@std@@@2@@std@@IAEXPAV?$basic_string@DU?$char_traits@D@std@@V?$allocator@D@2@@2@0@Z 100609a0 f i ModuleManager.obj
 0002:00009a10       ?deallocate@?$allocator@V?$basic_string@DU?$char_traits@D@std@@V?$allocator@D@2@@std@@@std@@QAEXPAV?$basic_string@DU?$char_traits@D@std@@V?$allocator@D@2@@2@I@Z 10060a10 f i ModuleManager.obj
 0002:00009a70       ?capacity@?$vector@U?$pair@V?$basic_string@DU?$char_traits@D@std@@V?$allocator@D@2@@std@@PAVPlugInFactory@@@std@@V?$allocator@U?$pair@V?$basic_string@DU?$char_traits@D@std@@V?$allocator@D@2@@std@@PAVPlugInFactory@@@std@@@2@@std@@QBEIXZ 10060a70 f i ModuleManager.obj
 0002:00009af0       ?insert@?$vector@U?$pair@V?$basic_string@DU?$char_traits@D@std@@V?$allocator@D@2@@std@@PAVPlugInFactory@@@std@@V?$allocator@U?$pair@V?$basic_string@DU?$char_traits@D@std@@V?$allocator@D@2@@std@@PAVPlugInFactory@@@std@@@2@@std@@QAE?AV?$_Vector_iterator@U?$pair@V?$basic_string@DU?$char_traits@D@std@@V?$allocator@D@2@@std@@PAVPlugInFactory@@@std@@V?$allocator@U?$pair@V?$basic_string@DU?$char_traits@D@std@@V?$allocator@D@2@@std@@PAVPlugInFactory@@@std@@@2@@2@V32@ABU?$pair@V?$basic_string@DU?$char_traits@D@std@@V?$allocator@D@2@@std@@PAVPlugInFactory@@@2@@Z 10060af0 f i ModuleManager.obj
 0002:00009cf0       ?_Buy@?$vector@U?$pair@V?$basic_string@DU?$char_traits@D@std@@V?$allocator@D@2@@std@@PAVPlugInFactory@@@std@@V?$allocator@U?$pair@V?$basic_string@DU?$char_traits@D@std@@V?$allocator@D@2@@std@@PAVPlugInFactory@@@std@@@2@@std@@IAE_NI@Z 10060cf0 f i ModuleManager.obj
 0002:00009dd0       ?_Tidy@?$vector@U?$pair@V?$basic_string@DU?$char_traits@D@std@@V?$allocator@D@2@@std@@PAVPlugInFactory@@@std@@V?$allocator@U?$pair@V?$basic_string@DU?$char_traits@D@std@@V?$allocator@D@2@@std@@PAVPlugInFactory@@@std@@@2@@std@@IAEXXZ 10060dd0 f i ModuleManager.obj
 0002:00009eb0       ?_Ufill@?$vector@U?$pair@V?$basic_string@DU?$char_traits@D@std@@V?$allocator@D@2@@std@@PAVPlugInFactory@@@std@@V?$allocator@U?$pair@V?$basic_string@DU?$char_traits@D@std@@V?$allocator@D@2@@std@@PAVPlugInFactory@@@std@@@2@@std@@IAEPAU?$pair@V?$basic_string@DU?$char_traits@D@std@@V?$allocator@D@2@@std@@PAVPlugInFactory@@@2@PAU32@IABU32@@Z 10060eb0 f i ModuleManager.obj
 0002:00009f30       ?_Orphan_range@?$vector@U?$pair@V?$basic_string@DU?$char_traits@D@std@@V?$allocator@D@2@@std@@PAVPlugInFactory@@@std@@V?$allocator@U?$pair@V?$basic_string@DU?$char_traits@D@std@@V?$allocator@D@2@@std@@PAVPlugInFactory@@@std@@@2@@std@@IBEXPAU?$pair@V?$basic_string@DU?$char_traits@D@std@@V?$allocator@D@2@@std@@PAVPlugInFactory@@@2@0@Z 10060f30 f i ModuleManager.obj
 0002:0000a040       ??0?$_Vector_val@U?$pair@V?$basic_string@DU?$char_traits@D@std@@V?$allocator@D@2@@std@@PAVPlugInFactory@@@std@@V?$allocator@U?$pair@V?$basic_string@DU?$char_traits@D@std@@V?$allocator@D@2@@std@@PAVPlugInFactory@@@std@@@2@@std@@IAE@V?$allocator@U?$pair@V?$basic_string@DU?$char_traits@D@std@@V?$allocator@D@2@@std@@PAVPlugInFactory@@@std@@@1@@Z 10061040 f i ModuleManager.obj
 0002:0000a0c0       ??0?$allocator@U?$pair@V?$basic_string@DU?$char_traits@D@std@@V?$allocator@D@2@@std@@PAVPlugInFactory@@@std@@@std@@QAE@XZ 100610c0 f i ModuleManager.obj
 0002:0000a100       ??0?$_Vector_iterator@V?$basic_string@DU?$char_traits@D@std@@V?$allocator@D@2@@std@@V?$allocator@V?$basic_string@DU?$char_traits@D@std@@V?$allocator@D@2@@std@@@2@@std@@QAE@PAV?$basic_string@DU?$char_traits@D@std@@V?$allocator@D@2@@1@PBV_Container_base@1@@Z 10061100 f i ModuleManager.obj
 0002:0000a160       ??D?$_Vector_const_iterator@V?$basic_string@DU?$char_traits@D@std@@V?$allocator@D@2@@std@@V?$allocator@V?$basic_string@DU?$char_traits@D@std@@V?$allocator@D@2@@std@@@2@@std@@QBEABV?$basic_string@DU?$char_traits@D@std@@V?$allocator@D@2@@1@XZ 10061160 f i ModuleManager.obj
 0002:0000a270       ??E?$_Vector_const_iterator@V?$basic_string@DU?$char_traits@D@std@@V?$allocator@D@2@@std@@V?$allocator@V?$basic_string@DU?$char_traits@D@std@@V?$allocator@D@2@@std@@@2@@std@@QAEAAV01@XZ 10061270 f i ModuleManager.obj
 0002:0000a3c0       ??8?$_Vector_const_iterator@V?$basic_string@DU?$char_traits@D@std@@V?$allocator@D@2@@std@@V?$allocator@V?$basic_string@DU?$char_traits@D@std@@V?$allocator@D@2@@std@@@2@@std@@QBE_NABV01@@Z 100613c0 f i ModuleManager.obj
 0002:0000a440       ??0?$_Vector_iterator@U?$pair@V?$basic_string@DU?$char_traits@D@std@@V?$allocator@D@2@@std@@PAVPlugInFactory@@@std@@V?$allocator@U?$pair@V?$basic_string@DU?$char_traits@D@std@@V?$allocator@D@2@@std@@PAVPlugInFactory@@@std@@@2@@std@@QAE@PAU?$pair@V?$basic_string@DU?$char_traits@D@std@@V?$allocator@D@2@@std@@PAVPlugInFactory@@@1@PBV_Container_base@1@@Z 10061440 f i ModuleManager.obj
 0002:0000a4a0       ??0?$_Vector_iterator@U?$pair@V?$basic_string@DU?$char_traits@D@std@@V?$allocator@D@2@@std@@PAVPlugInFactory@@@std@@V?$allocator@U?$pair@V?$basic_string@DU?$char_traits@D@std@@V?$allocator@D@2@@std@@PAVPlugInFactory@@@std@@@2@@std@@QAE@ABV01@@Z 100614a0 f i ModuleManager.obj
 0002:0000a500       ??0?$_Vector_const_iterator@U?$pair@V?$basic_string@DU?$char_traits@D@std@@V?$allocator@D@2@@std@@PAVPlugInFactory@@@std@@V?$allocator@U?$pair@V?$basic_string@DU?$char_traits@D@std@@V?$allocator@D@2@@std@@PAVPlugInFactory@@@std@@@2@@std@@QAE@ABV01@@Z 10061500 f i ModuleManager.obj
 0002:0000a570       ??0?$_Ranit@U?$pair@V?$basic_string@DU?$char_traits@D@std@@V?$allocator@D@2@@std@@PAVPlugInFactory@@@std@@HPBU12@ABU12@@std@@QAE@ABU01@@Z 10061570 f i ModuleManager.obj
 0002:0000a5d0       ??0_Iterator_base@std@@QAE@ABV01@@Z 100615d0 f i ModuleManager.obj
 0002:0000a650       ??4_Iterator_base@std@@QAEAAV01@ABV01@@Z 10061650 f i ModuleManager.obj
 0002:0000a780       ?_Adopt@_Iterator_base@std@@QAEXPBV_Container_base@2@@Z 10061780 f i ModuleManager.obj
 0002:0000a8c0       ?max_size@?$vector@U?$pair@V?$basic_string@DU?$char_traits@D@std@@V?$allocator@D@2@@std@@PAVPlugInFactory@@@std@@V?$allocator@U?$pair@V?$basic_string@DU?$char_traits@D@std@@V?$allocator@D@2@@std@@PAVPlugInFactory@@@std@@@2@@std@@QBEIXZ 100618c0 f i ModuleManager.obj
 0002:0000a920       ?_Destroy@?$vector@U?$pair@V?$basic_string@DU?$char_traits@D@std@@V?$allocator@D@2@@std@@PAVPlugInFactory@@@std@@V?$allocator@U?$pair@V?$basic_string@DU?$char_traits@D@std@@V?$allocator@D@2@@std@@PAVPlugInFactory@@@std@@@2@@std@@IAEXPAU?$pair@V?$basic_string@DU?$char_traits@D@std@@V?$allocator@D@2@@std@@PAVPlugInFactory@@@2@0@Z 10061920 f i ModuleManager.obj
 0002:0000a990       ?_Insert_n@?$vector@U?$pair@V?$basic_string@DU?$char_traits@D@std@@V?$allocator@D@2@@std@@PAVPlugInFactory@@@std@@V?$allocator@U?$pair@V?$basic_string@DU?$char_traits@D@std@@V?$allocator@D@2@@std@@PAVPlugInFactory@@@std@@@2@@std@@IAEXV?$_Vector_iterator@U?$pair@V?$basic_string@DU?$char_traits@D@std@@V?$allocator@D@2@@std@@PAVPlugInFactory@@@std@@V?$allocator@U?$pair@V?$basic_string@DU?$char_traits@D@std@@V?$allocator@D@2@@std@@PAVPlugInFactory@@@std@@@2@@2@IABU?$pair@V?$basic_string@DU?$char_traits@D@std@@V?$allocator@D@2@@std@@PAVPlugInFactory@@@2@@Z 10061990 f i ModuleManager.obj
 0002:0000af10       ?_Xlen@?$vector@U?$pair@V?$basic_string@DU?$char_traits@D@std@@V?$allocator@D@2@@std@@PAVPlugInFactory@@@std@@V?$allocator@U?$pair@V?$basic_string@DU?$char_traits@D@std@@V?$allocator@D@2@@std@@PAVPlugInFactory@@@std@@@2@@std@@KAXXZ 10061f10 f i ModuleManager.obj
 0002:0000b000       ??0length_error@std@@QAE@ABV?$basic_string@DU?$char_traits@D@std@@V?$allocator@D@2@@1@@Z 10062000 f i ModuleManager.obj
 0002:0000b070       ??0logic_error@std@@QAE@ABV?$basic_string@DU?$char_traits@D@std@@V?$allocator@D@2@@1@@Z 10062070 f i ModuleManager.obj
 0002:0000b150       ?what@logic_error@std@@UBEPBDXZ 10062150 f i ModuleManager.obj
 0002:0000b1b0       ??_Elogic_error@std@@UAEPAXI@Z 100621b0 f i ModuleManager.obj
 0002:0000b1b0       ??_Glogic_error@std@@UAEPAXI@Z 100621b0 f i ModuleManager.obj
 0002:0000b220       ??1logic_error@std@@UAE@XZ 10062220 f i ModuleManager.obj
 0002:0000b2a0       ??1length_error@std@@UAE@XZ 100622a0 f i ModuleManager.obj
 0002:0000b300       ??_Glength_error@std@@UAEPAXI@Z 10062300 f i ModuleManager.obj
 0002:0000b300       ??_Elength_error@std@@UAEPAXI@Z 10062300 f i ModuleManager.obj
 0002:0000b370       ??0logic_error@std@@QAE@ABV01@@Z 10062370 f i ModuleManager.obj
 0002:0000b450       ??0?$allocator@U?$pair@V?$basic_string@DU?$char_traits@D@std@@V?$allocator@D@2@@std@@PAVPlugInFactory@@@std@@@std@@QAE@ABV01@@Z 10062450 f i ModuleManager.obj
 0002:0000b490       ?deallocate@?$allocator@U?$pair@V?$basic_string@DU?$char_traits@D@std@@V?$allocator@D@2@@std@@PAVPlugInFactory@@@std@@@std@@QAEXPAU?$pair@V?$basic_string@DU?$char_traits@D@std@@V?$allocator@D@2@@std@@PAVPlugInFactory@@@2@I@Z 10062490 f i ModuleManager.obj
 0002:0000b4f0       ?allocate@?$allocator@U?$pair@V?$basic_string@DU?$char_traits@D@std@@V?$allocator@D@2@@std@@PAVPlugInFactory@@@std@@@std@@QAEPAU?$pair@V?$basic_string@DU?$char_traits@D@std@@V?$allocator@D@2@@std@@PAVPlugInFactory@@@2@I@Z 100624f0 f i ModuleManager.obj
 0002:0000b550       ??0?$_Vector_const_iterator@V?$basic_string@DU?$char_traits@D@std@@V?$allocator@D@2@@std@@V?$allocator@V?$basic_string@DU?$char_traits@D@std@@V?$allocator@D@2@@std@@@2@@std@@QAE@PAV?$basic_string@DU?$char_traits@D@std@@V?$allocator@D@2@@1@PBV_Container_base@1@@Z 10062550 f i ModuleManager.obj
 0002:0000b690       ?_Compat@?$_Vector_const_iterator@V?$basic_string@DU?$char_traits@D@std@@V?$allocator@D@2@@std@@V?$allocator@V?$basic_string@DU?$char_traits@D@std@@V?$allocator@D@2@@std@@@2@@std@@QBEXABV12@@Z 10062690 f i ModuleManager.obj
 0002:0000b790       ??H?$_Vector_iterator@U?$pair@V?$basic_string@DU?$char_traits@D@std@@V?$allocator@D@2@@std@@PAVPlugInFactory@@@std@@V?$allocator@U?$pair@V?$basic_string@DU?$char_traits@D@std@@V?$allocator@D@2@@std@@PAVPlugInFactory@@@std@@@2@@std@@QBE?AV01@H@Z 10062790 f i ModuleManager.obj
 0002:0000b8b0       ??G?$_Vector_iterator@U?$pair@V?$basic_string@DU?$char_traits@D@std@@V?$allocator@D@2@@std@@PAVPlugInFactory@@@std@@V?$allocator@U?$pair@V?$basic_string@DU?$char_traits@D@std@@V?$allocator@D@2@@std@@PAVPlugInFactory@@@std@@@2@@std@@QBEHABV?$_Vector_const_iterator@U?$pair@V?$basic_string@DU?$char_traits@D@std@@V?$allocator@D@2@@std@@PAVPlugInFactory@@@std@@V?$allocator@U?$pair@V?$basic_string@DU?$char_traits@D@std@@V?$allocator@D@2@@std@@PAVPlugInFactory@@@std@@@2@@1@@Z 100628b0 f i ModuleManager.obj
 0002:0000b910       ??0?$_Vector_const_iterator@U?$pair@V?$basic_string@DU?$char_traits@D@std@@V?$allocator@D@2@@std@@PAVPlugInFactory@@@std@@V?$allocator@U?$pair@V?$basic_string@DU?$char_traits@D@std@@V?$allocator@D@2@@std@@PAVPlugInFactory@@@std@@@2@@std@@QAE@PAU?$pair@V?$basic_string@DU?$char_traits@D@std@@V?$allocator@D@2@@std@@PAVPlugInFactory@@@1@PBV_Container_base@1@@Z 10062910 f i ModuleManager.obj
 0002:0000ba50       ??0length_error@std@@QAE@ABV01@@Z 10062a50 f i ModuleManager.obj
 0002:0000bac0       ??0?$pair@V?$basic_string@DU?$char_traits@D@std@@V?$allocator@D@2@@std@@PAVPlugInFactory@@@std@@QAE@ABU01@@Z 10062ac0 f i ModuleManager.obj
 0002:0000bb40       ??0?$_Ranit@V?$basic_string@DU?$char_traits@D@std@@V?$allocator@D@2@@std@@HPBV12@ABV12@@std@@QAE@XZ 10062b40 f i ModuleManager.obj
 0002:0000bba0       ??0_Iterator_base@std@@QAE@XZ 10062ba0 f i ModuleManager.obj
 0002:0000bbf0       ??0?$_Ranit@U?$pair@V?$basic_string@DU?$char_traits@D@std@@V?$allocator@D@2@@std@@PAVPlugInFactory@@@std@@HPBU12@ABU12@@std@@QAE@XZ 10062bf0 f i ModuleManager.obj
 0002:0000bc50       ?max_size@?$allocator@U?$pair@V?$basic_string@DU?$char_traits@D@std@@V?$allocator@D@2@@std@@PAVPlugInFactory@@@std@@@std@@QBEIXZ 10062c50 f i ModuleManager.obj
 0002:0000bcc0       ??Y?$_Vector_iterator@U?$pair@V?$basic_string@DU?$char_traits@D@std@@V?$allocator@D@2@@std@@PAVPlugInFactory@@@std@@V?$allocator@U?$pair@V?$basic_string@DU?$char_traits@D@std@@V?$allocator@D@2@@std@@PAVPlugInFactory@@@std@@@2@@std@@QAEAAV01@H@Z 10062cc0 f i ModuleManager.obj
 0002:0000bd20       ??G?$_Vector_const_iterator@U?$pair@V?$basic_string@DU?$char_traits@D@std@@V?$allocator@D@2@@std@@PAVPlugInFactory@@@std@@V?$allocator@U?$pair@V?$basic_string@DU?$char_traits@D@std@@V?$allocator@D@2@@std@@PAVPlugInFactory@@@std@@@2@@std@@QBEHABV01@@Z 10062d20 f i ModuleManager.obj
 0002:0000bd90       ??Y?$_Vector_const_iterator@U?$pair@V?$basic_string@DU?$char_traits@D@std@@V?$allocator@D@2@@std@@PAVPlugInFactory@@@std@@V?$allocator@U?$pair@V?$basic_string@DU?$char_traits@D@std@@V?$allocator@D@2@@std@@PAVPlugInFactory@@@std@@@2@@std@@QAEAAV01@H@Z 10062d90 f i ModuleManager.obj
 0002:0000bf10       ?_Compat@?$_Vector_const_iterator@U?$pair@V?$basic_string@DU?$char_traits@D@std@@V?$allocator@D@2@@std@@PAVPlugInFactory@@@std@@V?$allocator@U?$pair@V?$basic_string@DU?$char_traits@D@std@@V?$allocator@D@2@@std@@PAVPlugInFactory@@@std@@@2@@std@@QBEXABV12@@Z 10062f10 f i ModuleManager.obj
 0002:0000c010       ??$make_pair@V?$basic_string@DU?$char_traits@D@std@@V?$allocator@D@2@@std@@PAVPlugInFactory@@@std@@YA?AU?$pair@V?$basic_string@DU?$char_traits@D@std@@V?$allocator@D@2@@std@@PAVPlugInFactory@@@0@V?$basic_string@DU?$char_traits@D@std@@V?$allocator@D@2@@0@PAVPlugInFactory@@@Z 10063010 f i ModuleManager.obj
 0002:0000c120       ??$sort@V?$_Vector_iterator@U?$pair@V?$basic_string@DU?$char_traits@D@std@@V?$allocator@D@2@@std@@PAVPlugInFactory@@@std@@V?$allocator@U?$pair@V?$basic_string@DU?$char_traits@D@std@@V?$allocator@D@2@@std@@PAVPlugInFactory@@@std@@@2@@std@@UFactoryPtrComparator@@@std@@YAXV?$_Vector_iterator@U?$pair@V?$basic_string@DU?$char_traits@D@std@@V?$allocator@D@2@@std@@PAVPlugInFactory@@@std@@V?$allocator@U?$pair@V?$basic_string@DU?$char_traits@D@std@@V?$allocator@D@2@@std@@PAVPlugInFactory@@@std@@@2@@0@0UFactoryPtrComparator@@@Z 10063120 f i ModuleManager.obj
 0002:0000c2d0       ??$_Destroy_range@V?$basic_string@DU?$char_traits@D@std@@V?$allocator@D@2@@std@@V?$allocator@V?$basic_string@DU?$char_traits@D@std@@V?$allocator@D@2@@std@@@2@@std@@YAXPAV?$basic_string@DU?$char_traits@D@std@@V?$allocator@D@2@@0@0AAV?$allocator@V?$basic_string@DU?$char_traits@D@std@@V?$allocator@D@2@@std@@@0@@Z 100632d0 f i ModuleManager.obj
 0002:0000c350       ??$unchecked_uninitialized_fill_n@PAU?$pair@V?$basic_string@DU?$char_traits@D@std@@V?$allocator@D@2@@std@@PAVPlugInFactory@@@std@@IU12@V?$allocator@U?$pair@V?$basic_string@DU?$char_traits@D@std@@V?$allocator@D@2@@std@@PAVPlugInFactory@@@std@@@2@@stdext@@YAXPAU?$pair@V?$basic_string@DU?$char_traits@D@std@@V?$allocator@D@2@@std@@PAVPlugInFactory@@@std@@IABU12@AAV?$allocator@U?$pair@V?$basic_string@DU?$char_traits@D@std@@V?$allocator@D@2@@std@@PAVPlugInFactory@@@std@@@2@@Z 10063350 f i ModuleManager.obj
 0002:0000c3f0       ??$_Destroy_range@U?$pair@V?$basic_string@DU?$char_traits@D@std@@V?$allocator@D@2@@std@@PAVPlugInFactory@@@std@@V?$allocator@U?$pair@V?$basic_string@DU?$char_traits@D@std@@V?$allocator@D@2@@std@@PAVPlugInFactory@@@std@@@2@@std@@YAXPAU?$pair@V?$basic_string@DU?$char_traits@D@std@@V?$allocator@D@2@@std@@PAVPlugInFactory@@@0@0AAV?$allocator@U?$pair@V?$basic_string@DU?$char_traits@D@std@@V?$allocator@D@2@@std@@PAVPlugInFactory@@@std@@@0@@Z 100633f0 f i ModuleManager.obj
 0002:0000c470       ??$_Umove@PAU?$pair@V?$basic_string@DU?$char_traits@D@std@@V?$allocator@D@2@@std@@PAVPlugInFactory@@@std@@@?$vector@U?$pair@V?$basic_string@DU?$char_traits@D@std@@V?$allocator@D@2@@std@@PAVPlugInFactory@@@std@@V?$allocator@U?$pair@V?$basic_string@DU?$char_traits@D@std@@V?$allocator@D@2@@std@@PAVPlugInFactory@@@std@@@2@@std@@IAEPAU?$pair@V?$basic_string@DU?$char_traits@D@std@@V?$allocator@D@2@@std@@PAVPlugInFactory@@@1@PAU21@00@Z 10063470 f i ModuleManager.obj
 0002:0000c4e0       ??$fill@PAU?$pair@V?$basic_string@DU?$char_traits@D@std@@V?$allocator@D@2@@std@@PAVPlugInFactory@@@std@@U12@@std@@YAXPAU?$pair@V?$basic_string@DU?$char_traits@D@std@@V?$allocator@D@2@@std@@PAVPlugInFactory@@@0@0ABU10@@Z 100634e0 f i ModuleManager.obj
 0002:0000c550       ??$_Unchecked_move_backward@PAU?$pair@V?$basic_string@DU?$char_traits@D@std@@V?$allocator@D@2@@std@@PAVPlugInFactory@@@std@@PAU12@@stdext@@YAPAU?$pair@V?$basic_string@DU?$char_traits@D@std@@V?$allocator@D@2@@std@@PAVPlugInFactory@@@std@@PAU12@00@Z 10063550 f i ModuleManager.obj
 0002:0000c610       ??$_Allocate@U?$pair@V?$basic_string@DU?$char_traits@D@std@@V?$allocator@D@2@@std@@PAVPlugInFactory@@@std@@@std@@YAPAU?$pair@V?$basic_string@DU?$char_traits@D@std@@V?$allocator@D@2@@std@@PAVPlugInFactory@@@0@IPAU10@@Z 10063610 f i ModuleManager.obj
 0002:0000c6b0       ??0bad_alloc@std@@QAE@PBD@Z 100636b0 f i ModuleManager.obj
 0002:0000c730       ??1bad_alloc@std@@UAE@XZ   10063730 f i ModuleManager.obj
 0002:0000c7a0       ??_Ebad_alloc@std@@UAEPAXI@Z 100637a0 f i ModuleManager.obj
 0002:0000c7a0       ??_Gbad_alloc@std@@UAEPAXI@Z 100637a0 f i ModuleManager.obj
 0002:0000c810       ??0bad_alloc@std@@QAE@ABV01@@Z 10063810 f i ModuleManager.obj
 0002:0000c890       ??0?$pair@V?$basic_string@DU?$char_traits@D@std@@V?$allocator@D@2@@std@@PAVPlugInFactory@@@std@@QAE@ABV?$basic_string@DU?$char_traits@D@std@@V?$allocator@D@2@@1@ABQAVPlugInFactory@@@Z 10063890 f i ModuleManager.obj
 0002:0000c910       ??$_Debug_range@V?$_Vector_iterator@U?$pair@V?$basic_string@DU?$char_traits@D@std@@V?$allocator@D@2@@std@@PAVPlugInFactory@@@std@@V?$allocator@U?$pair@V?$basic_string@DU?$char_traits@D@std@@V?$allocator@D@2@@std@@PAVPlugInFactory@@@std@@@2@@std@@@std@@YAXV?$_Vector_iterator@U?$pair@V?$basic_string@DU?$char_traits@D@std@@V?$allocator@D@2@@std@@PAVPlugInFactory@@@std@@V?$allocator@U?$pair@V?$basic_string@DU?$char_traits@D@std@@V?$allocator@D@2@@std@@PAVPlugInFactory@@@std@@@2@@0@0PB_WI@Z 10063910 f i ModuleManager.obj
 0002:0000ca40       ??$_Debug_pointer@UFactoryPtrComparator@@@std@@YAXAAUFactoryPtrComparator@@PB_WI@Z 10063a40 f i ModuleManager.obj
 0002:0000ca70       ??$_Checked_base@V?$_Vector_iterator@U?$pair@V?$basic_string@DU?$char_traits@D@std@@V?$allocator@D@2@@std@@PAVPlugInFactory@@@std@@V?$allocator@U?$pair@V?$basic_string@DU?$char_traits@D@std@@V?$allocator@D@2@@std@@PAVPlugInFactory@@@std@@@2@@std@@@std@@YA?AV?$_Vector_iterator@U?$pair@V?$basic_string@DU?$char_traits@D@std@@V?$allocator@D@2@@std@@PAVPlugInFactory@@@std@@V?$allocator@U?$pair@V?$basic_string@DU?$char_traits@D@std@@V?$allocator@D@2@@std@@PAVPlugInFactory@@@std@@@2@@0@AAV10@@Z 10063a70 f i ModuleManager.obj
 0002:0000cb30       ??$_Sort@V?$_Vector_iterator@U?$pair@V?$basic_string@DU?$char_traits@D@std@@V?$allocator@D@2@@std@@PAVPlugInFactory@@@std@@V?$allocator@U?$pair@V?$basic_string@DU?$char_traits@D@std@@V?$allocator@D@2@@std@@PAVPlugInFactory@@@std@@@2@@std@@HUFactoryPtrComparator@@@std@@YAXV?$_Vector_iterator@U?$pair@V?$basic_string@DU?$char_traits@D@std@@V?$allocator@D@2@@std@@PAVPlugInFactory@@@std@@V?$allocator@U?$pair@V?$basic_string@DU?$char_traits@D@std@@V?$allocator@D@2@@std@@PAVPlugInFactory@@@std@@@2@@0@0HUFactoryPtrComparator@@@Z 10063b30 f i ModuleManager.obj
 0002:0000cf50       ??$_Ptr_cat@PAV?$basic_string@DU?$char_traits@D@std@@V?$allocator@D@2@@std@@PAV12@@std@@YA?AU_Nonscalar_ptr_iterator_tag@0@AAPAV?$basic_string@DU?$char_traits@D@std@@V?$allocator@D@2@@0@0@Z 10063f50 f i ModuleManager.obj
 0002:0000cfc0       ??$_Destroy_range@V?$basic_string@DU?$char_traits@D@std@@V?$allocator@D@2@@std@@V?$allocator@V?$basic_string@DU?$char_traits@D@std@@V?$allocator@D@2@@std@@@2@@std@@YAXPAV?$basic_string@DU?$char_traits@D@std@@V?$allocator@D@2@@0@0AAV?$allocator@V?$basic_string@DU?$char_traits@D@std@@V?$allocator@D@2@@std@@@0@U_Nonscalar_ptr_iterator_tag@0@@Z 10063fc0 f i ModuleManager.obj
 0002:0000d030       ??$_Ptr_cat@PAU?$pair@V?$basic_string@DU?$char_traits@D@std@@V?$allocator@D@2@@std@@PAVPlugInFactory@@@std@@PAU12@@std@@YA?AU_Nonscalar_ptr_iterator_tag@0@AAPAU?$pair@V?$basic_string@DU?$char_traits@D@std@@V?$allocator@D@2@@std@@PAVPlugInFactory@@@0@0@Z 10064030 f i ModuleManager.obj
 0002:0000d0a0       ??$_Uninit_fill_n@PAU?$pair@V?$basic_string@DU?$char_traits@D@std@@V?$allocator@D@2@@std@@PAVPlugInFactory@@@std@@IU12@V?$allocator@U?$pair@V?$basic_string@DU?$char_traits@D@std@@V?$allocator@D@2@@std@@PAVPlugInFactory@@@std@@@2@@std@@YAXPAU?$pair@V?$basic_string@DU?$char_traits@D@std@@V?$allocator@D@2@@std@@PAVPlugInFactory@@@0@IABU10@AAV?$allocator@U?$pair@V?$basic_string@DU?$char_traits@D@std@@V?$allocator@D@2@@std@@PAVPlugInFactory@@@std@@@0@U_Nonscalar_ptr_iterator_tag@0@U_Range_checked_iterator_tag@0@@Z 100640a0 f i ModuleManager.obj
 0002:0000d1b0       ??$_Destroy_range@U?$pair@V?$basic_string@DU?$char_traits@D@std@@V?$allocator@D@2@@std@@PAVPlugInFactory@@@std@@V?$allocator@U?$pair@V?$basic_string@DU?$char_traits@D@std@@V?$allocator@D@2@@std@@PAVPlugInFactory@@@std@@@2@@std@@YAXPAU?$pair@V?$basic_string@DU?$char_traits@D@std@@V?$allocator@D@2@@std@@PAVPlugInFactory@@@0@0AAV?$allocator@U?$pair@V?$basic_string@DU?$char_traits@D@std@@V?$allocator@D@2@@std@@PAVPlugInFactory@@@std@@@0@U_Nonscalar_ptr_iterator_tag@0@@Z 100641b0 f i ModuleManager.obj
 0002:0000d220       ??$_Unchecked_uninitialized_move@PAU?$pair@V?$basic_string@DU?$char_traits@D@std@@V?$allocator@D@2@@std@@PAVPlugInFactory@@@std@@PAU12@V?$allocator@U?$pair@V?$basic_string@DU?$char_traits@D@std@@V?$allocator@D@2@@std@@PAVPlugInFactory@@@std@@@2@@stdext@@YAPAU?$pair@V?$basic_string@DU?$char_traits@D@std@@V?$allocator@D@2@@std@@PAVPlugInFactory@@@std@@PAU12@00AAV?$allocator@U?$pair@V?$basic_string@DU?$char_traits@D@std@@V?$allocator@D@2@@std@@PAVPlugInFactory@@@std@@@2@@Z 10064220 f i ModuleManager.obj
 0002:0000d2d0       ??$_Checked_base@PAU?$pair@V?$basic_string@DU?$char_traits@D@std@@V?$allocator@D@2@@std@@PAVPlugInFactory@@@std@@@std@@YAPAU?$pair@V?$basic_string@DU?$char_traits@D@std@@V?$allocator@D@2@@std@@PAVPlugInFactory@@@0@AAPAU10@@Z 100642d0 f i ModuleManager.obj
 0002:0000d360       ??$_Fill@PAU?$pair@V?$basic_string@DU?$char_traits@D@std@@V?$allocator@D@2@@std@@PAVPlugInFactory@@@std@@U12@@std@@YAXPAU?$pair@V?$basic_string@DU?$char_traits@D@std@@V?$allocator@D@2@@std@@PAVPlugInFactory@@@0@0ABU10@@Z 10064360 f i ModuleManager.obj
 0002:0000d3f0       ??$_Iter_random@PAU?$pair@V?$basic_string@DU?$char_traits@D@std@@V?$allocator@D@2@@std@@PAVPlugInFactory@@@std@@PAU12@@std@@YA?AUrandom_access_iterator_tag@0@ABQAU?$pair@V?$basic_string@DU?$char_traits@D@std@@V?$allocator@D@2@@std@@PAVPlugInFactory@@@0@0@Z 100643f0 f i ModuleManager.obj
 0002:0000d460       ??$_Move_cat@PAU?$pair@V?$basic_string@DU?$char_traits@D@std@@V?$allocator@D@2@@std@@PAVPlugInFactory@@@std@@@std@@YA?AU_Undefined_move_tag@0@ABQAU?$pair@V?$basic_string@DU?$char_traits@D@std@@V?$allocator@D@2@@std@@PAVPlugInFactory@@@0@@Z 10064460 f i ModuleManager.obj
 0002:0000d4d0       ??$_Move_backward_opt@PAU?$pair@V?$basic_string@DU?$char_traits@D@std@@V?$allocator@D@2@@std@@PAVPlugInFactory@@@std@@PAU12@Urandom_access_iterator_tag@2@U_Undefined_move_tag@2@@std@@YAPAU?$pair@V?$basic_string@DU?$char_traits@D@std@@V?$allocator@D@2@@std@@PAVPlugInFactory@@@0@PAU10@00Urandom_access_iterator_tag@0@U_Undefined_move_tag@0@U_Range_checked_iterator_tag@0@@Z 100644d0 f i ModuleManager.obj
 0002:0000d570       ??1?$pair@V?$_Vector_iterator@U?$pair@V?$basic_string@DU?$char_traits@D@std@@V?$allocator@D@2@@std@@PAVPlugInFactory@@@std@@V?$allocator@U?$pair@V?$basic_string@DU?$char_traits@D@std@@V?$allocator@D@2@@std@@PAVPlugInFactory@@@std@@@2@@std@@V12@@std@@QAE@XZ 10064570 f i ModuleManager.obj
 0002:0000d620       ??4?$_Vector_iterator@U?$pair@V?$basic_string@DU?$char_traits@D@std@@V?$allocator@D@2@@std@@PAVPlugInFactory@@@std@@V?$allocator@U?$pair@V?$basic_string@DU?$char_traits@D@std@@V?$allocator@D@2@@std@@PAVPlugInFactory@@@std@@@2@@std@@QAEAAV01@ABV01@@Z 10064620 f i ModuleManager.obj
 0002:0000d680       ??4?$pair@V?$basic_string@DU?$char_traits@D@std@@V?$allocator@D@2@@std@@PAVPlugInFactory@@@std@@QAEAAU01@ABU01@@Z 10064680 f i ModuleManager.obj
 0002:0000d700       ??4?$_Vector_const_iterator@U?$pair@V?$basic_string@DU?$char_traits@D@std@@V?$allocator@D@2@@std@@PAVPlugInFactory@@@std@@V?$allocator@U?$pair@V?$basic_string@DU?$char_traits@D@std@@V?$allocator@D@2@@std@@PAVPlugInFactory@@@std@@@2@@std@@QAEAAV01@ABV01@@Z 10064700 f i ModuleManager.obj
 0002:0000d770       ??4?$_Ranit@U?$pair@V?$basic_string@DU?$char_traits@D@std@@V?$allocator@D@2@@std@@PAVPlugInFactory@@@std@@HPBU12@ABU12@@std@@QAEAAU01@ABU01@@Z 10064770 f i ModuleManager.obj
 0002:0000d7d0       ?destroy@?$allocator@V?$basic_string@DU?$char_traits@D@std@@V?$allocator@D@2@@std@@@std@@QAEXPAV?$basic_string@DU?$char_traits@D@std@@V?$allocator@D@2@@2@@Z 100647d0 f i ModuleManager.obj
 0002:0000d830       ?construct@?$allocator@U?$pair@V?$basic_string@DU?$char_traits@D@std@@V?$allocator@D@2@@std@@PAVPlugInFactory@@@std@@@std@@QAEXPAU?$pair@V?$basic_string@DU?$char_traits@D@std@@V?$allocator@D@2@@std@@PAVPlugInFactory@@@2@ABU32@@Z 10064830 f i ModuleManager.obj
 0002:0000d890       ?destroy@?$allocator@U?$pair@V?$basic_string@DU?$char_traits@D@std@@V?$allocator@D@2@@std@@PAVPlugInFactory@@@std@@@std@@QAEXPAU?$pair@V?$basic_string@DU?$char_traits@D@std@@V?$allocator@D@2@@std@@PAVPlugInFactory@@@2@@Z 10064890 f i ModuleManager.obj
 0002:0000d8f0       ??$_Iter_cat@V?$_Vector_iterator@U?$pair@V?$basic_string@DU?$char_traits@D@std@@V?$allocator@D@2@@std@@PAVPlugInFactory@@@std@@V?$allocator@U?$pair@V?$basic_string@DU?$char_traits@D@std@@V?$allocator@D@2@@std@@PAVPlugInFactory@@@std@@@2@@std@@@std@@YA?AUrandom_access_iterator_tag@0@ABV?$_Vector_iterator@U?$pair@V?$basic_string@DU?$char_traits@D@std@@V?$allocator@D@2@@std@@PAVPlugInFactory@@@std@@V?$allocator@U?$pair@V?$basic_string@DU?$char_traits@D@std@@V?$allocator@D@2@@std@@PAVPlugInFactory@@@std@@@2@@0@@Z 100648f0 f i ModuleManager.obj
 0002:0000d960       ??$_Debug_range2@V?$_Vector_iterator@U?$pair@V?$basic_string@DU?$char_traits@D@std@@V?$allocator@D@2@@std@@PAVPlugInFactory@@@std@@V?$allocator@U?$pair@V?$basic_string@DU?$char_traits@D@std@@V?$allocator@D@2@@std@@PAVPlugInFactory@@@std@@@2@@std@@@std@@YAXV?$_Vector_iterator@U?$pair@V?$basic_string@DU?$char_traits@D@std@@V?$allocator@D@2@@std@@PAVPlugInFactory@@@std@@V?$allocator@U?$pair@V?$basic_string@DU?$char_traits@D@std@@V?$allocator@D@2@@std@@PAVPlugInFactory@@@std@@@2@@0@0PB_WIUrandom_access_iterator_tag@0@@Z 10064960 f i ModuleManager.obj
 0002:0000da90       ??$_Checked_base@V?$_Vector_iterator@U?$pair@V?$basic_string@DU?$char_traits@D@std@@V?$allocator@D@2@@std@@PAVPlugInFactory@@@std@@V?$allocator@U?$pair@V?$basic_string@DU?$char_traits@D@std@@V?$allocator@D@2@@std@@PAVPlugInFactory@@@std@@@2@@std@@@std@@YA?AV?$_Vector_iterator@U?$pair@V?$basic_string@DU?$char_traits@D@std@@V?$allocator@D@2@@std@@PAVPlugInFactory@@@std@@V?$allocator@U?$pair@V?$basic_string@DU?$char_traits@D@std@@V?$allocator@D@2@@std@@PAVPlugInFactory@@@std@@@2@@0@AAV10@U_Unchanged_checked_iterator_base_type_tag@0@@Z 10064a90 f i ModuleManager.obj
 0002:0000db00       ??$_Unguarded_partition@V?$_Vector_iterator@U?$pair@V?$basic_string@DU?$char_traits@D@std@@V?$allocator@D@2@@std@@PAVPlugInFactory@@@std@@V?$allocator@U?$pair@V?$basic_string@DU?$char_traits@D@std@@V?$allocator@D@2@@std@@PAVPlugInFactory@@@std@@@2@@std@@UFactoryPtrComparator@@@std@@YA?AU?$pair@V?$_Vector_iterator@U?$pair@V?$basic_string@DU?$char_traits@D@std@@V?$allocator@D@2@@std@@PAVPlugInFactory@@@std@@V?$allocator@U?$pair@V?$basic_string@DU?$char_traits@D@std@@V?$allocator@D@2@@std@@PAVPlugInFactory@@@std@@@2@@std@@V12@@0@V?$_Vector_iterator@U?$pair@V?$basic_string@DU?$char_traits@D@std@@V?$allocator@D@2@@std@@PAVPlugInFactory@@@std@@V?$allocator@U?$pair@V?$basic_string@DU?$char_traits@D@std@@V?$allocator@D@2@@std@@PAVPlugInFactory@@@std@@@2@@0@0UFactoryPtrComparator@@@Z 10064b00 f i ModuleManager.obj
 0002:0000e790       ??RFactoryPtrComparator@@QAE_NU?$pair@V?$basic_string@DU?$char_traits@D@std@@V?$allocator@D@2@@std@@PAVPlugInFactory@@@std@@0@Z 10065790 f i ModuleManager.obj
 0002:0000ea80       ??1?$_String_iterator@DU?$char_traits@D@std@@V?$allocator@D@2@@std@@QAE@XZ 10065a80 f i ModuleManager.obj
 0002:0000ead0       ??1?$_String_const_iterator@DU?$char_traits@D@std@@V?$allocator@D@2@@std@@QAE@XZ 10065ad0 f i ModuleManager.obj
 0002:0000eb20       ??1?$_Ranit_base@DHPBDABDV_Iterator_base@std@@@std@@QAE@XZ 10065b20 f i ModuleManager.obj
 0002:0000eb70       ??$count@V?$_String_iterator@DU?$char_traits@D@std@@V?$allocator@D@2@@std@@D@std@@YAHV?$_String_iterator@DU?$char_traits@D@std@@V?$allocator@D@2@@0@0ABD@Z 10065b70 f i ModuleManager.obj
 0002:0000eca0       ??$_Checked_base@V?$_String_iterator@DU?$char_traits@D@std@@V?$allocator@D@2@@std@@@std@@YA?AV?$_String_iterator@DU?$char_traits@D@std@@V?$allocator@D@2@@0@AAV10@@Z 10065ca0 f i ModuleManager.obj
 0002:0000ed60       ??$_Count@V?$_String_iterator@DU?$char_traits@D@std@@V?$allocator@D@2@@std@@D@std@@YAHV?$_String_iterator@DU?$char_traits@D@std@@V?$allocator@D@2@@0@0ABD@Z 10065d60 f i ModuleManager.obj
 0002:0000eee0       ??0?$_String_iterator@DU?$char_traits@D@std@@V?$allocator@D@2@@std@@QAE@ABV01@@Z 10065ee0 f i ModuleManager.obj
 0002:0000ef40       ??0?$_String_const_iterator@DU?$char_traits@D@std@@V?$allocator@D@2@@std@@QAE@ABV01@@Z 10065f40 f i ModuleManager.obj
 0002:0000efb0       ??0?$_Ranit_base@DHPBDABDV_Iterator_base@std@@@std@@QAE@ABU01@@Z 10065fb0 f i ModuleManager.obj
 0002:0000f010       ??D?$_String_iterator@DU?$char_traits@D@std@@V?$allocator@D@2@@std@@QBEAADXZ 10066010 f i ModuleManager.obj
 0002:0000f060       ??E?$_String_iterator@DU?$char_traits@D@std@@V?$allocator@D@2@@std@@QAEAAV01@XZ 10066060 f i ModuleManager.obj
 0002:0000f0c0       ??9?$_String_const_iterator@DU?$char_traits@D@std@@V?$allocator@D@2@@std@@QBE_NABV01@@Z 100660c0 f i ModuleManager.obj
 0002:0000f130       ??D?$_String_const_iterator@DU?$char_traits@D@std@@V?$allocator@D@2@@std@@QBEABDXZ 10066130 f i ModuleManager.obj
 0002:0000f270       ??E?$_String_const_iterator@DU?$char_traits@D@std@@V?$allocator@D@2@@std@@QAEAAV01@XZ 10066270 f i ModuleManager.obj
 0002:0000f3f0       ??8?$_String_const_iterator@DU?$char_traits@D@std@@V?$allocator@D@2@@std@@QBE_NABV01@@Z 100663f0 f i ModuleManager.obj
 0002:0000f470       ?_Compat@?$_String_const_iterator@DU?$char_traits@D@std@@V?$allocator@D@2@@std@@QBEXABV12@@Z 10066470 f i ModuleManager.obj
 0002:0000f570       ??$_Checked_base@V?$_String_iterator@DU?$char_traits@D@std@@V?$allocator@D@2@@std@@@std@@YA?AV?$_String_iterator@DU?$char_traits@D@std@@V?$allocator@D@2@@0@AAV10@U_Unchanged_checked_iterator_base_type_tag@0@@Z 10066570 f i ModuleManager.obj
 0002:0000f5e0       ??$_Debug_range@V?$_String_iterator@DU?$char_traits@D@std@@V?$allocator@D@2@@std@@@std@@YAXV?$_String_iterator@DU?$char_traits@D@std@@V?$allocator@D@2@@0@0PB_WI@Z 100665e0 f i ModuleManager.obj
 0002:0000f710       ??$make_heap@V?$_Vector_iterator@U?$pair@V?$basic_string@DU?$char_traits@D@std@@V?$allocator@D@2@@std@@PAVPlugInFactory@@@std@@V?$allocator@U?$pair@V?$basic_string@DU?$char_traits@D@std@@V?$allocator@D@2@@std@@PAVPlugInFactory@@@std@@@2@@std@@UFactoryPtrComparator@@@std@@YAXV?$_Vector_iterator@U?$pair@V?$basic_string@DU?$char_traits@D@std@@V?$allocator@D@2@@std@@PAVPlugInFactory@@@std@@V?$allocator@U?$pair@V?$basic_string@DU?$char_traits@D@std@@V?$allocator@D@2@@std@@PAVPlugInFactory@@@std@@@2@@0@0UFactoryPtrComparator@@@Z 10066710 f i ModuleManager.obj
 0002:0000f8b0       ??$sort_heap@V?$_Vector_iterator@U?$pair@V?$basic_string@DU?$char_traits@D@std@@V?$allocator@D@2@@std@@PAVPlugInFactory@@@std@@V?$allocator@U?$pair@V?$basic_string@DU?$char_traits@D@std@@V?$allocator@D@2@@std@@PAVPlugInFactory@@@std@@@2@@std@@UFactoryPtrComparator@@@std@@YAXV?$_Vector_iterator@U?$pair@V?$basic_string@DU?$char_traits@D@std@@V?$allocator@D@2@@std@@PAVPlugInFactory@@@std@@V?$allocator@U?$pair@V?$basic_string@DU?$char_traits@D@std@@V?$allocator@D@2@@std@@PAVPlugInFactory@@@std@@@2@@0@0UFactoryPtrComparator@@@Z 100668b0 f i ModuleManager.obj
 0002:0000fa30       ??$_Insertion_sort@V?$_Vector_iterator@U?$pair@V?$basic_string@DU?$char_traits@D@std@@V?$allocator@D@2@@std@@PAVPlugInFactory@@@std@@V?$allocator@U?$pair@V?$basic_string@DU?$char_traits@D@std@@V?$allocator@D@2@@std@@PAVPlugInFactory@@@std@@@2@@std@@UFactoryPtrComparator@@@std@@YAXV?$_Vector_iterator@U?$pair@V?$basic_string@DU?$char_traits@D@std@@V?$allocator@D@2@@std@@PAVPlugInFactory@@@std@@V?$allocator@U?$pair@V?$basic_string@DU?$char_traits@D@std@@V?$allocator@D@2@@std@@PAVPlugInFactory@@@std@@@2@@0@0UFactoryPtrComparator@@@Z 10066a30 f i ModuleManager.obj
 0002:0000fe50       ??$_Uninit_move@PAU?$pair@V?$basic_string@DU?$char_traits@D@std@@V?$allocator@D@2@@std@@PAVPlugInFactory@@@std@@PAU12@V?$allocator@U?$pair@V?$basic_string@DU?$char_traits@D@std@@V?$allocator@D@2@@std@@PAVPlugInFactory@@@std@@@2@U_Undefined_move_tag@2@@std@@YAPAU?$pair@V?$basic_string@DU?$char_traits@D@std@@V?$allocator@D@2@@std@@PAVPlugInFactory@@@0@PAU10@00AAV?$allocator@U?$pair@V?$basic_string@DU?$char_traits@D@std@@V?$allocator@D@2@@std@@PAVPlugInFactory@@@std@@@0@U_Undefined_move_tag@0@U_Range_checked_iterator_tag@0@@Z 10066e50 f i ModuleManager.obj
 0002:0000feb0       ??$_Checked_base@PAU?$pair@V?$basic_string@DU?$char_traits@D@std@@V?$allocator@D@2@@std@@PAVPlugInFactory@@@std@@@std@@YAPAU?$pair@V?$basic_string@DU?$char_traits@D@std@@V?$allocator@D@2@@std@@PAVPlugInFactory@@@0@AAPAU10@U_Unchanged_checked_iterator_base_type_tag@0@@Z 10066eb0 f i ModuleManager.obj
 0002:0000fef0       ??$_Debug_range@PAU?$pair@V?$basic_string@DU?$char_traits@D@std@@V?$allocator@D@2@@std@@PAVPlugInFactory@@@std@@@std@@YAXPAU?$pair@V?$basic_string@DU?$char_traits@D@std@@V?$allocator@D@2@@std@@PAVPlugInFactory@@@0@0PB_WI@Z 10066ef0 f i ModuleManager.obj
 0002:0000ff70       ??$_Copy_backward_opt@PAU?$pair@V?$basic_string@DU?$char_traits@D@std@@V?$allocator@D@2@@std@@PAVPlugInFactory@@@std@@PAU12@@std@@YAPAU?$pair@V?$basic_string@DU?$char_traits@D@std@@V?$allocator@D@2@@std@@PAVPlugInFactory@@@0@PAU10@00Urandom_access_iterator_tag@0@U_Nonscalar_ptr_iterator_tag@0@U_Range_checked_iterator_tag@0@@Z 10066f70 f i ModuleManager.obj
 0002:00010030       ??$_Destroy@V?$basic_string@DU?$char_traits@D@std@@V?$allocator@D@2@@std@@@std@@YAXPAV?$basic_string@DU?$char_traits@D@std@@V?$allocator@D@2@@0@@Z 10067030 f i ModuleManager.obj
 0002:00010080       ??$_Construct@U?$pair@V?$basic_string@DU?$char_traits@D@std@@V?$allocator@D@2@@std@@PAVPlugInFactory@@@std@@U12@@std@@YAXPAU?$pair@V?$basic_string@DU?$char_traits@D@std@@V?$allocator@D@2@@std@@PAVPlugInFactory@@@0@ABU10@@Z 10067080 f i ModuleManager.obj
 0002:00010170       ??2@YAPAXIPAX@Z            10067170 f i ModuleManager.obj
 0002:000101b0       ??3@YAXPAX0@Z              100671b0 f i ModuleManager.obj
 0002:000101e0       ??$_Destroy@U?$pair@V?$basic_string@DU?$char_traits@D@std@@V?$allocator@D@2@@std@@PAVPlugInFactory@@@std@@@std@@YAXPAU?$pair@V?$basic_string@DU?$char_traits@D@std@@V?$allocator@D@2@@std@@PAVPlugInFactory@@@0@@Z 100671e0 f i ModuleManager.obj
 0002:00010230       ??_G?$basic_string@DU?$char_traits@D@std@@V?$allocator@D@2@@std@@QAEPAXI@Z 10067230 f i ModuleManager.obj
 0002:000102b0       ??_G?$pair@V?$basic_string@DU?$char_traits@D@std@@V?$allocator@D@2@@std@@PAVPlugInFactory@@@std@@QAEPAXI@Z 100672b0 f i ModuleManager.obj
 0002:00010320       ??D?$_Vector_iterator@U?$pair@V?$basic_string@DU?$char_traits@D@std@@V?$allocator@D@2@@std@@PAVPlugInFactory@@@std@@V?$allocator@U?$pair@V?$basic_string@DU?$char_traits@D@std@@V?$allocator@D@2@@std@@PAVPlugInFactory@@@std@@@2@@std@@QBEAAU?$pair@V?$basic_string@DU?$char_traits@D@std@@V?$allocator@D@2@@std@@PAVPlugInFactory@@@1@XZ 10067320 f i ModuleManager.obj
 0002:00010370       ??E?$_Vector_iterator@U?$pair@V?$basic_string@DU?$char_traits@D@std@@V?$allocator@D@2@@std@@PAVPlugInFactory@@@std@@V?$allocator@U?$pair@V?$basic_string@DU?$char_traits@D@std@@V?$allocator@D@2@@std@@PAVPlugInFactory@@@std@@@2@@std@@QAEAAV01@XZ 10067370 f i ModuleManager.obj
 0002:000103d0       ??E?$_Vector_iterator@U?$pair@V?$basic_string@DU?$char_traits@D@std@@V?$allocator@D@2@@std@@PAVPlugInFactory@@@std@@V?$allocator@U?$pair@V?$basic_string@DU?$char_traits@D@std@@V?$allocator@D@2@@std@@PAVPlugInFactory@@@std@@@2@@std@@QAE?AV01@H@Z 100673d0 f i ModuleManager.obj
 0002:000104f0       ??F?$_Vector_iterator@U?$pair@V?$basic_string@DU?$char_traits@D@std@@V?$allocator@D@2@@std@@PAVPlugInFactory@@@std@@V?$allocator@U?$pair@V?$basic_string@DU?$char_traits@D@std@@V?$allocator@D@2@@std@@PAVPlugInFactory@@@std@@@2@@std@@QAEAAV01@XZ 100674f0 f i ModuleManager.obj
 0002:00010550       ??G?$_Vector_iterator@U?$pair@V?$basic_string@DU?$char_traits@D@std@@V?$allocator@D@2@@std@@PAVPlugInFactory@@@std@@V?$allocator@U?$pair@V?$basic_string@DU?$char_traits@D@std@@V?$allocator@D@2@@std@@PAVPlugInFactory@@@std@@@2@@std@@QBE?AV01@H@Z 10067550 f i ModuleManager.obj
 0002:00010670       ??8?$_Vector_const_iterator@U?$pair@V?$basic_string@DU?$char_traits@D@std@@V?$allocator@D@2@@std@@PAVPlugInFactory@@@std@@V?$allocator@U?$pair@V?$basic_string@DU?$char_traits@D@std@@V?$allocator@D@2@@std@@PAVPlugInFactory@@@std@@@2@@std@@QBE_NABV01@@Z 10067670 f i ModuleManager.obj
 0002:000106f0       ??9?$_Vector_const_iterator@U?$pair@V?$basic_string@DU?$char_traits@D@std@@V?$allocator@D@2@@std@@PAVPlugInFactory@@@std@@V?$allocator@U?$pair@V?$basic_string@DU?$char_traits@D@std@@V?$allocator@D@2@@std@@PAVPlugInFactory@@@std@@@2@@std@@QBE_NABV01@@Z 100676f0 f i ModuleManager.obj
 0002:00010760       ??M?$_Vector_const_iterator@U?$pair@V?$basic_string@DU?$char_traits@D@std@@V?$allocator@D@2@@std@@PAVPlugInFactory@@@std@@V?$allocator@U?$pair@V?$basic_string@DU?$char_traits@D@std@@V?$allocator@D@2@@std@@PAVPlugInFactory@@@std@@@2@@std@@QBE_NABV01@@Z 10067760 f i ModuleManager.obj
 0002:000107d0       ??0?$pair@V?$_Vector_iterator@U?$pair@V?$basic_string@DU?$char_traits@D@std@@V?$allocator@D@2@@std@@PAVPlugInFactory@@@std@@V?$allocator@U?$pair@V?$basic_string@DU?$char_traits@D@std@@V?$allocator@D@2@@std@@PAVPlugInFactory@@@std@@@2@@std@@V12@@std@@QAE@ABV?$_Vector_iterator@U?$pair@V?$basic_string@DU?$char_traits@D@std@@V?$allocator@D@2@@std@@PAVPlugInFactory@@@std@@V?$allocator@U?$pair@V?$basic_string@DU?$char_traits@D@std@@V?$allocator@D@2@@std@@PAVPlugInFactory@@@std@@@2@@1@0@Z 100677d0 f i ModuleManager.obj
 0002:00010890       ??Z?$_Vector_iterator@U?$pair@V?$basic_string@DU?$char_traits@D@std@@V?$allocator@D@2@@std@@PAVPlugInFactory@@@std@@V?$allocator@U?$pair@V?$basic_string@DU?$char_traits@D@std@@V?$allocator@D@2@@std@@PAVPlugInFactory@@@std@@@2@@std@@QAEAAV01@H@Z 10067890 f i ModuleManager.obj
 0002:000108f0       ??D?$_Vector_const_iterator@U?$pair@V?$basic_string@DU?$char_traits@D@std@@V?$allocator@D@2@@std@@PAVPlugInFactory@@@std@@V?$allocator@U?$pair@V?$basic_string@DU?$char_traits@D@std@@V?$allocator@D@2@@std@@PAVPlugInFactory@@@std@@@2@@std@@QBEABU?$pair@V?$basic_string@DU?$char_traits@D@std@@V?$allocator@D@2@@std@@PAVPlugInFactory@@@1@XZ 100678f0 f i ModuleManager.obj
 0002:00010a00       ??E?$_Vector_const_iterator@U?$pair@V?$basic_string@DU?$char_traits@D@std@@V?$allocator@D@2@@std@@PAVPlugInFactory@@@std@@V?$allocator@U?$pair@V?$basic_string@DU?$char_traits@D@std@@V?$allocator@D@2@@std@@PAVPlugInFactory@@@std@@@2@@std@@QAEAAV01@XZ 10067a00 f i ModuleManager.obj
 0002:00010b50       ??F?$_Vector_const_iterator@U?$pair@V?$basic_string@DU?$char_traits@D@std@@V?$allocator@D@2@@std@@PAVPlugInFactory@@@std@@V?$allocator@U?$pair@V?$basic_string@DU?$char_traits@D@std@@V?$allocator@D@2@@std@@PAVPlugInFactory@@@std@@@2@@std@@QAEAAV01@XZ 10067b50 f i ModuleManager.obj
 0002:00010cb0       ??$_Iter_cat@V?$_String_iterator@DU?$char_traits@D@std@@V?$allocator@D@2@@std@@@std@@YA?AUrandom_access_iterator_tag@0@ABV?$_String_iterator@DU?$char_traits@D@std@@V?$allocator@D@2@@0@@Z 10067cb0 f i ModuleManager.obj
 0002:00010d20       ??$_Debug_range2@V?$_String_iterator@DU?$char_traits@D@std@@V?$allocator@D@2@@std@@@std@@YAXV?$_String_iterator@DU?$char_traits@D@std@@V?$allocator@D@2@@0@0PB_WIUrandom_access_iterator_tag@0@@Z 10067d20 f i ModuleManager.obj
 0002:00010e50       ??$_Debug_pointer@V?$_Vector_iterator@U?$pair@V?$basic_string@DU?$char_traits@D@std@@V?$allocator@D@2@@std@@PAVPlugInFactory@@@std@@V?$allocator@U?$pair@V?$basic_string@DU?$char_traits@D@std@@V?$allocator@D@2@@std@@PAVPlugInFactory@@@std@@@2@@std@@@std@@YAXAAV?$_Vector_iterator@U?$pair@V?$basic_string@DU?$char_traits@D@std@@V?$allocator@D@2@@std@@PAVPlugInFactory@@@std@@V?$allocator@U?$pair@V?$basic_string@DU?$char_traits@D@std@@V?$allocator@D@2@@std@@PAVPlugInFactory@@@std@@@2@@0@PB_WI@Z 10067e50 f i ModuleManager.obj
 0002:00010e80       ??$_Median@V?$_Vector_iterator@U?$pair@V?$basic_string@DU?$char_traits@D@std@@V?$allocator@D@2@@std@@PAVPlugInFactory@@@std@@V?$allocator@U?$pair@V?$basic_string@DU?$char_traits@D@std@@V?$allocator@D@2@@std@@PAVPlugInFactory@@@std@@@2@@std@@UFactoryPtrComparator@@@std@@YAXV?$_Vector_iterator@U?$pair@V?$basic_string@DU?$char_traits@D@std@@V?$allocator@D@2@@std@@PAVPlugInFactory@@@std@@V?$allocator@U?$pair@V?$basic_string@DU?$char_traits@D@std@@V?$allocator@D@2@@std@@PAVPlugInFactory@@@std@@@2@@0@00UFactoryPtrComparator@@@Z 10067e80 f i ModuleManager.obj
 0002:000112b0       ??$_Debug_lt_pred@UFactoryPtrComparator@@U?$pair@V?$basic_string@DU?$char_traits@D@std@@V?$allocator@D@2@@std@@PAVPlugInFactory@@@std@@U23@@std@@YA_NUFactoryPtrComparator@@AAU?$pair@V?$basic_string@DU?$char_traits@D@std@@V?$allocator@D@2@@std@@PAVPlugInFactory@@@0@1PB_WI@Z 100682b0 f i ModuleManager.obj
 0002:00011460       ??$iter_swap@V?$_Vector_iterator@U?$pair@V?$basic_string@DU?$char_traits@D@std@@V?$allocator@D@2@@std@@PAVPlugInFactory@@@std@@V?$allocator@U?$pair@V?$basic_string@DU?$char_traits@D@std@@V?$allocator@D@2@@std@@PAVPlugInFactory@@@std@@@2@@std@@V12@@std@@YAXV?$_Vector_iterator@U?$pair@V?$basic_string@DU?$char_traits@D@std@@V?$allocator@D@2@@std@@PAVPlugInFactory@@@std@@V?$allocator@U?$pair@V?$basic_string@DU?$char_traits@D@std@@V?$allocator@D@2@@std@@PAVPlugInFactory@@@std@@@2@@0@0@Z 10068460 f i ModuleManager.obj
 0002:00011520       ??$_Dist_type@V?$_Vector_iterator@U?$pair@V?$basic_string@DU?$char_traits@D@std@@V?$allocator@D@2@@std@@PAVPlugInFactory@@@std@@V?$allocator@U?$pair@V?$basic_string@DU?$char_traits@D@std@@V?$allocator@D@2@@std@@PAVPlugInFactory@@@std@@@2@@std@@@std@@YAPAHV?$_Vector_iterator@U?$pair@V?$basic_string@DU?$char_traits@D@std@@V?$allocator@D@2@@std@@PAVPlugInFactory@@@std@@V?$allocator@U?$pair@V?$basic_string@DU?$char_traits@D@std@@V?$allocator@D@2@@std@@PAVPlugInFactory@@@std@@@2@@0@@Z 10068520 f i ModuleManager.obj
 0002:00011580       ??$_Val_type@V?$_Vector_iterator@U?$pair@V?$basic_string@DU?$char_traits@D@std@@V?$allocator@D@2@@std@@PAVPlugInFactory@@@std@@V?$allocator@U?$pair@V?$basic_string@DU?$char_traits@D@std@@V?$allocator@D@2@@std@@PAVPlugInFactory@@@std@@@2@@std@@@std@@YAPAU?$pair@V?$basic_string@DU?$char_traits@D@std@@V?$allocator@D@2@@std@@PAVPlugInFactory@@@0@V?$_Vector_iterator@U?$pair@V?$basic_string@DU?$char_traits@D@std@@V?$allocator@D@2@@std@@PAVPlugInFactory@@@std@@V?$allocator@U?$pair@V?$basic_string@DU?$char_traits@D@std@@V?$allocator@D@2@@std@@PAVPlugInFactory@@@std@@@2@@0@@Z 10068580 f i ModuleManager.obj
 0002:000115e0       ??$_Make_heap@V?$_Vector_iterator@U?$pair@V?$basic_string@DU?$char_traits@D@std@@V?$allocator@D@2@@std@@PAVPlugInFactory@@@std@@V?$allocator@U?$pair@V?$basic_string@DU?$char_traits@D@std@@V?$allocator@D@2@@std@@PAVPlugInFactory@@@std@@@2@@std@@HU?$pair@V?$basic_string@DU?$char_traits@D@std@@V?$allocator@D@2@@std@@PAVPlugInFactory@@@2@UFactoryPtrComparator@@@std@@YAXV?$_Vector_iterator@U?$pair@V?$basic_string@DU?$char_traits@D@std@@V?$allocator@D@2@@std@@PAVPlugInFactory@@@std@@V?$allocator@U?$pair@V?$basic_string@DU?$char_traits@D@std@@V?$allocator@D@2@@std@@PAVPlugInFactory@@@std@@@2@@0@0UFactoryPtrComparator@@PAHPAU?$pair@V?$basic_string@DU?$char_traits@D@std@@V?$allocator@D@2@@std@@PAVPlugInFactory@@@0@@Z 100685e0 f i ModuleManager.obj
 0002:00011780       ??$_Debug_heap@V?$_Vector_iterator@U?$pair@V?$basic_string@DU?$char_traits@D@std@@V?$allocator@D@2@@std@@PAVPlugInFactory@@@std@@V?$allocator@U?$pair@V?$basic_string@DU?$char_traits@D@std@@V?$allocator@D@2@@std@@PAVPlugInFactory@@@std@@@2@@std@@UFactoryPtrComparator@@@std@@YAXV?$_Vector_iterator@U?$pair@V?$basic_string@DU?$char_traits@D@std@@V?$allocator@D@2@@std@@PAVPlugInFactory@@@std@@V?$allocator@U?$pair@V?$basic_string@DU?$char_traits@D@std@@V?$allocator@D@2@@std@@PAVPlugInFactory@@@std@@@2@@0@0UFactoryPtrComparator@@@Z 10068780 f i ModuleManager.obj
 0002:00011a50       ??$_Sort_heap@V?$_Vector_iterator@U?$pair@V?$basic_string@DU?$char_traits@D@std@@V?$allocator@D@2@@std@@PAVPlugInFactory@@@std@@V?$allocator@U?$pair@V?$basic_string@DU?$char_traits@D@std@@V?$allocator@D@2@@std@@PAVPlugInFactory@@@std@@@2@@std@@UFactoryPtrComparator@@@std@@YAXV?$_Vector_iterator@U?$pair@V?$basic_string@DU?$char_traits@D@std@@V?$allocator@D@2@@std@@PAVPlugInFactory@@@std@@V?$allocator@U?$pair@V?$basic_string@DU?$char_traits@D@std@@V?$allocator@D@2@@std@@PAVPlugInFactory@@@std@@@2@@0@0UFactoryPtrComparator@@@Z 10068a50 f i ModuleManager.obj
 0002:00011b80       ??$rotate@V?$_Vector_iterator@U?$pair@V?$basic_string@DU?$char_traits@D@std@@V?$allocator@D@2@@std@@PAVPlugInFactory@@@std@@V?$allocator@U?$pair@V?$basic_string@DU?$char_traits@D@std@@V?$allocator@D@2@@std@@PAVPlugInFactory@@@std@@@2@@std@@@std@@YAXV?$_Vector_iterator@U?$pair@V?$basic_string@DU?$char_traits@D@std@@V?$allocator@D@2@@std@@PAVPlugInFactory@@@std@@V?$allocator@U?$pair@V?$basic_string@DU?$char_traits@D@std@@V?$allocator@D@2@@std@@PAVPlugInFactory@@@std@@@2@@0@00@Z 10068b80 f i ModuleManager.obj
 0002:00011d30       ??$unchecked_uninitialized_copy@PAU?$pair@V?$basic_string@DU?$char_traits@D@std@@V?$allocator@D@2@@std@@PAVPlugInFactory@@@std@@PAU12@V?$allocator@U?$pair@V?$basic_string@DU?$char_traits@D@std@@V?$allocator@D@2@@std@@PAVPlugInFactory@@@std@@@2@@stdext@@YAPAU?$pair@V?$basic_string@DU?$char_traits@D@std@@V?$allocator@D@2@@std@@PAVPlugInFactory@@@std@@PAU12@00AAV?$allocator@U?$pair@V?$basic_string@DU?$char_traits@D@std@@V?$allocator@D@2@@std@@PAVPlugInFactory@@@std@@@2@@Z 10068d30 f i ModuleManager.obj
 0002:00011de0       ??$_Iter_cat@PAU?$pair@V?$basic_string@DU?$char_traits@D@std@@V?$allocator@D@2@@std@@PAVPlugInFactory@@@std@@@std@@YA?AUrandom_access_iterator_tag@0@ABQAU?$pair@V?$basic_string@DU?$char_traits@D@std@@V?$allocator@D@2@@std@@PAVPlugInFactory@@@0@@Z 10068de0 f i ModuleManager.obj
 0002:00011e50       ??$_Debug_range2@PAU?$pair@V?$basic_string@DU?$char_traits@D@std@@V?$allocator@D@2@@std@@PAVPlugInFactory@@@std@@@std@@YAXPAU?$pair@V?$basic_string@DU?$char_traits@D@std@@V?$allocator@D@2@@std@@PAVPlugInFactory@@@0@0PB_WIUrandom_access_iterator_tag@0@@Z 10068e50 f i ModuleManager.obj
 0002:00011f00       ??$_Copy_backward_opt@PAU?$pair@V?$basic_string@DU?$char_traits@D@std@@V?$allocator@D@2@@std@@PAVPlugInFactory@@@std@@PAU12@Uforward_iterator_tag@2@@std@@YAPAU?$pair@V?$basic_string@DU?$char_traits@D@std@@V?$allocator@D@2@@std@@PAVPlugInFactory@@@0@PAU10@00Uforward_iterator_tag@0@U_Nonscalar_ptr_iterator_tag@0@U_Range_checked_iterator_tag@0@@Z 10068f00 f i ModuleManager.obj
 0002:00011fa0       ??M?$_String_const_iterator@DU?$char_traits@D@std@@V?$allocator@D@2@@std@@QBE_NABV01@@Z 10068fa0 f i ModuleManager.obj
 0002:00012010       ??$_Debug_pointer@V?$_String_iterator@DU?$char_traits@D@std@@V?$allocator@D@2@@std@@@std@@YAXAAV?$_String_iterator@DU?$char_traits@D@std@@V?$allocator@D@2@@0@PB_WI@Z 10069010 f i ModuleManager.obj
 0002:00012040       ??$_Med3@V?$_Vector_iterator@U?$pair@V?$basic_string@DU?$char_traits@D@std@@V?$allocator@D@2@@std@@PAVPlugInFactory@@@std@@V?$allocator@U?$pair@V?$basic_string@DU?$char_traits@D@std@@V?$allocator@D@2@@std@@PAVPlugInFactory@@@std@@@2@@std@@UFactoryPtrComparator@@@std@@YAXV?$_Vector_iterator@U?$pair@V?$basic_string@DU?$char_traits@D@std@@V?$allocator@D@2@@std@@PAVPlugInFactory@@@std@@V?$allocator@U?$pair@V?$basic_string@DU?$char_traits@D@std@@V?$allocator@D@2@@std@@PAVPlugInFactory@@@std@@@2@@0@00UFactoryPtrComparator@@@Z 10069040 f i ModuleManager.obj
 0002:000122d0       ??$swap@V?$basic_string@DU?$char_traits@D@std@@V?$allocator@D@2@@std@@PAVPlugInFactory@@@std@@YAXAAU?$pair@V?$basic_string@DU?$char_traits@D@std@@V?$allocator@D@2@@std@@PAVPlugInFactory@@@0@0@Z 100692d0 f i ModuleManager.obj
 0002:00012320       ??$_Adjust_heap@V?$_Vector_iterator@U?$pair@V?$basic_string@DU?$char_traits@D@std@@V?$allocator@D@2@@std@@PAVPlugInFactory@@@std@@V?$allocator@U?$pair@V?$basic_string@DU?$char_traits@D@std@@V?$allocator@D@2@@std@@PAVPlugInFactory@@@std@@@2@@std@@HU?$pair@V?$basic_string@DU?$char_traits@D@std@@V?$allocator@D@2@@std@@PAVPlugInFactory@@@2@UFactoryPtrComparator@@@std@@YAXV?$_Vector_iterator@U?$pair@V?$basic_string@DU?$char_traits@D@std@@V?$allocator@D@2@@std@@PAVPlugInFactory@@@std@@V?$allocator@U?$pair@V?$basic_string@DU?$char_traits@D@std@@V?$allocator@D@2@@std@@PAVPlugInFactory@@@std@@@2@@0@HHU?$pair@V?$basic_string@DU?$char_traits@D@std@@V?$allocator@D@2@@std@@PAVPlugInFactory@@@0@UFactoryPtrComparator@@@Z 10069320 f i ModuleManager.obj
 0002:00012720       ??$pop_heap@V?$_Vector_iterator@U?$pair@V?$basic_string@DU?$char_traits@D@std@@V?$allocator@D@2@@std@@PAVPlugInFactory@@@std@@V?$allocator@U?$pair@V?$basic_string@DU?$char_traits@D@std@@V?$allocator@D@2@@std@@PAVPlugInFactory@@@std@@@2@@std@@UFactoryPtrComparator@@@std@@YAXV?$_Vector_iterator@U?$pair@V?$basic_string@DU?$char_traits@D@std@@V?$allocator@D@2@@std@@PAVPlugInFactory@@@std@@V?$allocator@U?$pair@V?$basic_string@DU?$char_traits@D@std@@V?$allocator@D@2@@std@@PAVPlugInFactory@@@std@@@2@@0@0UFactoryPtrComparator@@@Z 10069720 f i ModuleManager.obj
 0002:000128f0       ??$_Rotate@V?$_Vector_iterator@U?$pair@V?$basic_string@DU?$char_traits@D@std@@V?$allocator@D@2@@std@@PAVPlugInFactory@@@std@@V?$allocator@U?$pair@V?$basic_string@DU?$char_traits@D@std@@V?$allocator@D@2@@std@@PAVPlugInFactory@@@std@@@2@@std@@@std@@YAXV?$_Vector_iterator@U?$pair@V?$basic_string@DU?$char_traits@D@std@@V?$allocator@D@2@@std@@PAVPlugInFactory@@@std@@V?$allocator@U?$pair@V?$basic_string@DU?$char_traits@D@std@@V?$allocator@D@2@@std@@PAVPlugInFactory@@@std@@@2@@0@00Urandom_access_iterator_tag@0@@Z 100698f0 f i ModuleManager.obj
 0002:00012ab0       ??$_Uninit_copy@PAU?$pair@V?$basic_string@DU?$char_traits@D@std@@V?$allocator@D@2@@std@@PAVPlugInFactory@@@std@@PAU12@V?$allocator@U?$pair@V?$basic_string@DU?$char_traits@D@std@@V?$allocator@D@2@@std@@PAVPlugInFactory@@@std@@@2@@std@@YAPAU?$pair@V?$basic_string@DU?$char_traits@D@std@@V?$allocator@D@2@@std@@PAVPlugInFactory@@@0@PAU10@00AAV?$allocator@U?$pair@V?$basic_string@DU?$char_traits@D@std@@V?$allocator@D@2@@std@@PAVPlugInFactory@@@std@@@0@U_Nonscalar_ptr_iterator_tag@0@U_Range_checked_iterator_tag@0@@Z 10069ab0 f i ModuleManager.obj
 0002:00012c00       ??$_Debug_pointer@U?$pair@V?$basic_string@DU?$char_traits@D@std@@V?$allocator@D@2@@std@@PAVPlugInFactory@@@std@@@std@@YAXPAU?$pair@V?$basic_string@DU?$char_traits@D@std@@V?$allocator@D@2@@std@@PAVPlugInFactory@@@0@PB_WI@Z 10069c00 f i ModuleManager.obj
 0002:00012c70       ?swap@?$pair@V?$basic_string@DU?$char_traits@D@std@@V?$allocator@D@2@@std@@PAVPlugInFactory@@@std@@QAEXAAU12@@Z 10069c70 f i ModuleManager.obj
 0002:00012cf0       ??$swap@DU?$char_traits@D@std@@V?$allocator@D@2@@std@@YAXAAV?$basic_string@DU?$char_traits@D@std@@V?$allocator@D@2@@0@0@Z 10069cf0 f i ModuleManager.obj
 0002:00012d50       ??$_Push_heap@V?$_Vector_iterator@U?$pair@V?$basic_string@DU?$char_traits@D@std@@V?$allocator@D@2@@std@@PAVPlugInFactory@@@std@@V?$allocator@U?$pair@V?$basic_string@DU?$char_traits@D@std@@V?$allocator@D@2@@std@@PAVPlugInFactory@@@std@@@2@@std@@HU?$pair@V?$basic_string@DU?$char_traits@D@std@@V?$allocator@D@2@@std@@PAVPlugInFactory@@@2@UFactoryPtrComparator@@@std@@YAXV?$_Vector_iterator@U?$pair@V?$basic_string@DU?$char_traits@D@std@@V?$allocator@D@2@@std@@PAVPlugInFactory@@@std@@V?$allocator@U?$pair@V?$basic_string@DU?$char_traits@D@std@@V?$allocator@D@2@@std@@PAVPlugInFactory@@@std@@@2@@0@HHU?$pair@V?$basic_string@DU?$char_traits@D@std@@V?$allocator@D@2@@std@@PAVPlugInFactory@@@0@UFactoryPtrComparator@@@Z 10069d50 f i ModuleManager.obj
 0002:00013080       ??$_Pop_heap_0@V?$_Vector_iterator@U?$pair@V?$basic_string@DU?$char_traits@D@std@@V?$allocator@D@2@@std@@PAVPlugInFactory@@@std@@V?$allocator@U?$pair@V?$basic_string@DU?$char_traits@D@std@@V?$allocator@D@2@@std@@PAVPlugInFactory@@@std@@@2@@std@@U?$pair@V?$basic_string@DU?$char_traits@D@std@@V?$allocator@D@2@@std@@PAVPlugInFactory@@@2@UFactoryPtrComparator@@@std@@YAXV?$_Vector_iterator@U?$pair@V?$basic_string@DU?$char_traits@D@std@@V?$allocator@D@2@@std@@PAVPlugInFactory@@@std@@V?$allocator@U?$pair@V?$basic_string@DU?$char_traits@D@std@@V?$allocator@D@2@@std@@PAVPlugInFactory@@@std@@@2@@0@0UFactoryPtrComparator@@PAU?$pair@V?$basic_string@DU?$char_traits@D@std@@V?$allocator@D@2@@std@@PAVPlugInFactory@@@0@@Z 1006a080 f i ModuleManager.obj
 0002:00013280       ??$_Rotate@V?$_Vector_iterator@U?$pair@V?$basic_string@DU?$char_traits@D@std@@V?$allocator@D@2@@std@@PAVPlugInFactory@@@std@@V?$allocator@U?$pair@V?$basic_string@DU?$char_traits@D@std@@V?$allocator@D@2@@std@@PAVPlugInFactory@@@std@@@2@@std@@HU?$pair@V?$basic_string@DU?$char_traits@D@std@@V?$allocator@D@2@@std@@PAVPlugInFactory@@@2@@std@@YAXV?$_Vector_iterator@U?$pair@V?$basic_string@DU?$char_traits@D@std@@V?$allocator@D@2@@std@@PAVPlugInFactory@@@std@@V?$allocator@U?$pair@V?$basic_string@DU?$char_traits@D@std@@V?$allocator@D@2@@std@@PAVPlugInFactory@@@std@@@2@@0@00PAHPAU?$pair@V?$basic_string@DU?$char_traits@D@std@@V?$allocator@D@2@@std@@PAVPlugInFactory@@@0@@Z 1006a280 f i ModuleManager.obj
 0002:000138c0       ??$swap@PAVPlugInFactory@@@std@@YAXAAPAVPlugInFactory@@0@Z 1006a8c0 f i ModuleManager.obj
 0002:00013910       ??$_Pop_heap@V?$_Vector_iterator@U?$pair@V?$basic_string@DU?$char_traits@D@std@@V?$allocator@D@2@@std@@PAVPlugInFactory@@@std@@V?$allocator@U?$pair@V?$basic_string@DU?$char_traits@D@std@@V?$allocator@D@2@@std@@PAVPlugInFactory@@@std@@@2@@std@@HU?$pair@V?$basic_string@DU?$char_traits@D@std@@V?$allocator@D@2@@std@@PAVPlugInFactory@@@2@UFactoryPtrComparator@@@std@@YAXV?$_Vector_iterator@U?$pair@V?$basic_string@DU?$char_traits@D@std@@V?$allocator@D@2@@std@@PAVPlugInFactory@@@std@@V?$allocator@U?$pair@V?$basic_string@DU?$char_traits@D@std@@V?$allocator@D@2@@std@@PAVPlugInFactory@@@std@@@2@@0@00U?$pair@V?$basic_string@DU?$char_traits@D@std@@V?$allocator@D@2@@std@@PAVPlugInFactory@@@0@UFactoryPtrComparator@@PAH@Z 1006a910 f i ModuleManager.obj
 0002:00013ab0       ?meanmat@?A0xfea8226e@@YAHPAV?$Matrix@N@TNT@@HHH0@Z 1006aab0 f   AnomalyDetection.obj
 0002:00013c20       ?covmat@?A0xfea8226e@@YAHPAV?$Matrix@N@TNT@@HHH00@Z 1006ac20 f   AnomalyDetection.obj
 0002:00014040       ?adddiag@?A0xfea8226e@@YAHHNPAV?$Matrix@N@TNT@@@Z 1006b040 f   AnomalyDetection.obj
 0002:000140e0       ?rxl@?A0xfea8226e@@YAHPAV?$Matrix@N@TNT@@0HHH@Z 1006b0e0 f   AnomalyDetection.obj
 0002:000147f0       ??0AnomalyDetection@@QAE@XZ 1006b7f0 f   AnomalyDetection.obj
 0002:00014c00       ??_EAnomalyDetection@@UAEPAXI@Z 1006bc00 f i AnomalyDetection.obj
 0002:00014c00       ??_GAnomalyDetection@@UAEPAXI@Z 1006bc00 f i AnomalyDetection.obj
 0002:00014c70       ??1AnomalyDetection@@UAE@XZ 1006bc70 f   AnomalyDetection.obj
 0002:00014cf0       ?getInputSpecification@AnomalyDetection@@UAE_NAAPAVPlugInArgList@@@Z 1006bcf0 f   AnomalyDetection.obj
 0002:00014f60       ?ProgressArg@Executable@@SA?AV?$basic_string@DU?$char_traits@D@std@@V?$allocator@D@2@@std@@XZ 1006bf60 f i AnomalyDetection.obj
 0002:00014fe0       ?DataElementArg@Executable@@SA?AV?$basic_string@DU?$char_traits@D@std@@V?$allocator@D@2@@std@@XZ 1006bfe0 f i AnomalyDetection.obj
 0002:00015060       ?getOutputSpecification@AnomalyDetection@@UAE_NAAPAVPlugInArgList@@@Z 1006c060 f   AnomalyDetection.obj
 0002:00015240       ?execute@AnomalyDetection@@UAE_NPAVPlugInArgList@@0@Z 1006c240 f   AnomalyDetection.obj
 0002:000167c0       ??$RxAnomalyDetection@E@?A0xfea8226e@@YA_NPAEVDataAccessor@@1HHH@Z 1006d7c0 f i AnomalyDetection.obj
 0002:00016d20       ??CDataAccessor@@QAEPAVDataAccessorImpl@@XZ 1006dd20 f i AnomalyDetection.obj
 0002:00016d60       ?getColumn@DataAccessorImpl@@QAEPAXXZ 1006dd60 f i AnomalyDetection.obj
 0002:00016db0       ??1?$FactoryResource@VDataRequest@@@@UAE@XZ 1006ddb0 f i AnomalyDetection.obj
 0002:00016e00       ??0StepResource@@QAE@V?$basic_string@DU?$char_traits@D@std@@V?$allocator@D@2@@std@@0000@Z 1006de00 f i AnomalyDetection.obj
 0002:000170f0       ??0Args@MessageObject@@QAE@V?$basic_string@DU?$char_traits@D@std@@V?$allocator@D@2@@std@@0000_N@Z 1006e0f0 f i AnomalyDetection.obj
 0002:00017420       ??1Args@MessageObject@@QAE@XZ 1006e420 f i AnomalyDetection.obj
 0002:00017540       ??_EStepResource@@UAEPAXI@Z 1006e540 f i AnomalyDetection.obj
 0002:00017540       ??_GStepResource@@UAEPAXI@Z 1006e540 f i AnomalyDetection.obj
 0002:000175b0       ??1StepResource@@UAE@XZ    1006e5b0 f i AnomalyDetection.obj
 0002:00017600       ??1?$ModelResource@VRasterElement@@@@UAE@XZ 1006e600 f i AnomalyDetection.obj
 0002:00017650       ??0_Has_debug_it@?$basic_string@DU?$char_traits@D@std@@V?$allocator@D@2@@std@@QAE@_N@Z 1006e650 f i AnomalyDetection.obj
 0002:000176a0       ??0?$FactoryResource@VDataRequest@@@@QAE@XZ 1006e6a0 f i AnomalyDetection.obj
 0002:00017780       ??0Args@FactoryAllocator@@QAE@PBD@Z 1006e780 f i AnomalyDetection.obj
 0002:000177f0       ??1?$Resource@VDataRequest@@VFactoryObject@@@@UAE@XZ 1006e7f0 f i AnomalyDetection.obj
 0002:000178a0       ??C?$Resource@VDataRequest@@VFactoryObject@@@@QAEPAVDataRequest@@XZ 1006e8a0 f i AnomalyDetection.obj
 0002:000178f0       ?get@?$Resource@VDataRequest@@VFactoryObject@@@@QAEPAVDataRequest@@XZ 1006e8f0 f i AnomalyDetection.obj
 0002:00017930       ?release@?$Resource@VDataRequest@@VFactoryObject@@@@QAEPAVDataRequest@@XZ 1006e930 f i AnomalyDetection.obj
 0002:00017990       ??0?$EnumWrapper@W4InterleaveFormatTypeEnum@@@@QAE@ABW4InterleaveFormatTypeEnum@@@Z 1006e990 f i AnomalyDetection.obj
 0002:000179e0       ??0?$EnumWrapper@W4ResultEnum@Message@@@@QAE@ABW4ResultEnum@Message@@@Z 1006e9e0 f i AnomalyDetection.obj
 0002:00017a30       ??C?$Service@VSessionManager@@@@QBEPAVSessionManager@@XZ 1006ea30 f i AnomalyDetection.obj
 0002:00017a80       ??0?$Resource@VStep@@VMessageObject@@@@QAE@ABUArgs@MessageObject@@@Z 1006ea80 f i AnomalyDetection.obj
 0002:00017b70       ?obtainResource@MessageObject@@QBEPAVMessage@@ABUArgs@1@@Z 1006eb70 f i AnomalyDetection.obj
 0002:00017d10       ??C?$Service@VMessageLogMgr@@@@QBEPAVMessageLogMgr@@XZ 1006ed10 f i AnomalyDetection.obj
 0002:00017d60       ??1?$Resource@VStep@@VMessageObject@@@@UAE@XZ 1006ed60 f i AnomalyDetection.obj
 0002:00017e10       ??C?$Resource@VStep@@VMessageObject@@@@QAEPAVStep@@XZ 1006ee10 f i AnomalyDetection.obj
 0002:00017e60       ??B?$EnumWrapper@W4EncodingTypeEnum@@@@QBE?AW4EncodingTypeEnum@@XZ 1006ee60 f i AnomalyDetection.obj
 0002:00017ec0       ??8?$EnumWrapper@W4EncodingTypeEnum@@@@QBE_NABW4EncodingTypeEnum@@@Z 1006eec0 f i AnomalyDetection.obj
 0002:00017f50       ??B?$Matrix@N@TNT@@QAEPAPANXZ 1006ef50 f i AnomalyDetection.obj
 0002:00017f90       ??0?$Matrix@N@TNT@@QAE@HHABN@Z 1006ef90 f i AnomalyDetection.obj
 0002:00018000       ??1?$Matrix@N@TNT@@QAE@XZ  1006f000 f i AnomalyDetection.obj
 0002:00018050       ?num_rows@?$Matrix@N@TNT@@QBEHXZ 1006f050 f i AnomalyDetection.obj
 0002:00018090       ?num_cols@?$Matrix@N@TNT@@QBEHXZ 1006f090 f i AnomalyDetection.obj
 0002:000180d0       ??A?$Matrix@N@TNT@@QAEPANH@Z 1006f0d0 f i AnomalyDetection.obj
 0002:00018120       ??C?$Service@VPlugInManagerServices@@@@QBEPAVPlugInManagerServices@@XZ 1006f120 f i AnomalyDetection.obj
 0002:00018170       ??0?$EnumWrapper@W4ReportingLevelEnum@@@@QAE@ABW4ReportingLevelEnum@@@Z 1006f170 f i AnomalyDetection.obj
 0002:000181c0       ??0?$ModelResource@VRasterElement@@@@QAE@PAVRasterElement@@@Z 1006f1c0 f i AnomalyDetection.obj
 0002:000182b0       ??0Args@ModelObject@@QAE@XZ 1006f2b0 f i AnomalyDetection.obj
 0002:000183c0       ??1?$Resource@VRasterElement@@VModelObject@@@@UAE@XZ 1006f3c0 f i AnomalyDetection.obj
 0002:00018470       ?get@?$Resource@VRasterElement@@VModelObject@@@@QAEPAVRasterElement@@XZ 1006f470 f i AnomalyDetection.obj
 0002:000184b0       ??C?$Resource@VRasterElement@@VModelObject@@@@QAEPAVRasterElement@@XZ 1006f4b0 f i AnomalyDetection.obj
 0002:00018500       ?release@?$Resource@VRasterElement@@VModelObject@@@@QAEPAVRasterElement@@XZ 1006f500 f i AnomalyDetection.obj
 0002:00018560       ??C?$Service@VDesktopServices@@@@QBEPAVDesktopServices@@XZ 1006f560 f i AnomalyDetection.obj
 0002:000185b0       ??0?$EnumWrapper@W4WindowTypeEnum@@@@QAE@ABW4WindowTypeEnum@@@Z 1006f5b0 f i AnomalyDetection.obj
 0002:00018600       ??0?$EnumWrapper@W4LayerTypeEnum@@@@QAE@ABW4LayerTypeEnum@@@Z 1006f600 f i AnomalyDetection.obj
 0002:00018650       ??_E?$FactoryResource@VDataRequest@@@@UAEPAXI@Z 1006f650 f i AnomalyDetection.obj
 0002:00018650       ??_G?$FactoryResource@VDataRequest@@@@UAEPAXI@Z 1006f650 f i AnomalyDetection.obj
 0002:000186c0       ??1Args@FactoryAllocator@@QAE@XZ 1006f6c0 f i AnomalyDetection.obj
 0002:00018720       ??_E?$Resource@VDataRequest@@VFactoryObject@@@@UAEPAXI@Z 1006f720 f i AnomalyDetection.obj
 0002:00018720       ??_G?$Resource@VDataRequest@@VFactoryObject@@@@UAEPAXI@Z 1006f720 f i AnomalyDetection.obj
 0002:00018790       ??_G?$Resource@VStep@@VMessageObject@@@@UAEPAXI@Z 1006f790 f i AnomalyDetection.obj
 0002:00018790       ??_E?$Resource@VStep@@VMessageObject@@@@UAEPAXI@Z 1006f790 f i AnomalyDetection.obj
 0002:00018800       ??0Args@MessageObject@@QAE@ABU01@@Z 1006f800 f i AnomalyDetection.obj
 0002:00018970       ??1Args@ModelObject@@QAE@XZ 1006f970 f i AnomalyDetection.obj
 0002:00018a30       ??_E?$ModelResource@VRasterElement@@@@UAEPAXI@Z 1006fa30 f i AnomalyDetection.obj
 0002:00018a30       ??_G?$ModelResource@VRasterElement@@@@UAEPAXI@Z 1006fa30 f i AnomalyDetection.obj
 0002:00018aa0       ??_E?$Resource@VRasterElement@@VModelObject@@@@UAEPAXI@Z 1006faa0 f i AnomalyDetection.obj
 0002:00018aa0       ??_G?$Resource@VRasterElement@@VModelObject@@@@UAEPAXI@Z 1006faa0 f i AnomalyDetection.obj
 0002:00018b10       ??0?$Resource@VDataRequest@@VFactoryObject@@@@QAE@ABVArgs@FactoryAllocator@@@Z 1006fb10 f i AnomalyDetection.obj
 0002:00018bf0       ?obtainResource@FactoryObject@@QBEPAXABVArgs@FactoryAllocator@@@Z 1006fbf0 f i AnomalyDetection.obj
 0002:00018d20       ?getFactory@FactoryAllocator@@IBEPAVObjectFactory@@XZ 1006fd20 f i AnomalyDetection.obj
 0002:00018de0       ??C?$Service@VApplicationServices@@@@QBEPAVApplicationServices@@XZ 1006fde0 f i AnomalyDetection.obj
 0002:00018e30       ?destroyIfOwned@?$Resource@VDataRequest@@VFactoryObject@@@@IAEXXZ 1006fe30 f i AnomalyDetection.obj
 0002:00018ed0       ?releaseResource@FactoryObject@@QBEXABVArgs@FactoryAllocator@@PAX@Z 1006fed0 f i AnomalyDetection.obj
 0002:00018ff0       ?get@?$Resource@VStep@@VMessageObject@@@@QAEPAVStep@@XZ 1006fff0 f i AnomalyDetection.obj
 0002:00019030       ?destroyIfOwned@?$Resource@VStep@@VMessageObject@@@@IAEXXZ 10070030 f i AnomalyDetection.obj
 0002:000190e0       ?releaseResource@MessageObject@@QBEXABUArgs@1@PAVMessage@@@Z 100700e0 f i AnomalyDetection.obj
 0002:00019180       ?initialize@?$Matrix@N@TNT@@IAEXHH@Z 10070180 f i AnomalyDetection.obj
 0002:000193c0       ?set@?$Matrix@N@TNT@@IAEXABN@Z 100703c0 f i AnomalyDetection.obj
 0002:00019450       ?destroy@?$Matrix@N@TNT@@IAEXXZ 10070450 f i AnomalyDetection.obj
 0002:00019540       ??0?$Resource@VRasterElement@@VModelObject@@@@QAE@PAVRasterElement@@ABVArgs@ModelObject@@@Z 10070540 f i AnomalyDetection.obj
 0002:000195c0       ?destroyIfOwned@?$Resource@VRasterElement@@VModelObject@@@@IAEXXZ 100705c0 f i AnomalyDetection.obj
 0002:00019660       ?releaseResource@ModelObject@@QBEXABVArgs@1@PAVDataElement@@@Z 10070660 f i AnomalyDetection.obj
 0002:000196f0       ??C?$Service@VModelServices@@@@QBEPAVModelServices@@XZ 100706f0 f i AnomalyDetection.obj
 0002:00019740       ??0Args@FactoryAllocator@@QAE@ABV01@@Z 10070740 f i AnomalyDetection.obj
 0002:000197b0       ??0Args@ModelObject@@QAE@ABV01@@Z 100707b0 f i AnomalyDetection.obj
 0002:000198b0       ??$addArg@VProgress@@@PlugInArgList@@QAE_NABV?$basic_string@DU?$char_traits@D@std@@V?$allocator@D@2@@std@@PBVProgress@@0@Z 100708b0 f i AnomalyDetection.obj
 0002:00019ab0       ??$addArg@VRasterElement@@@PlugInArgList@@QAE_NABV?$basic_string@DU?$char_traits@D@std@@V?$allocator@D@2@@std@@0@Z 10070ab0 f i AnomalyDetection.obj
 0002:00019c80       ??$addArg@VRasterElement@@@PlugInArgList@@QAE_NABV?$basic_string@DU?$char_traits@D@std@@V?$allocator@D@2@@std@@PBVRasterElement@@0@Z 10070c80 f i AnomalyDetection.obj
 0002:00019e80       ??$getPlugInArgValue@VProgress@@@PlugInArgList@@QBEPAVProgress@@ABV?$basic_string@DU?$char_traits@D@std@@V?$allocator@D@2@@std@@@Z 10070e80 f i AnomalyDetection.obj
 0002:00019f50       ??$getPlugInArgValue@VRasterElement@@@PlugInArgList@@QBEPAVRasterElement@@ABV?$basic_string@DU?$char_traits@D@std@@V?$allocator@D@2@@std@@@Z 10070f50 f i AnomalyDetection.obj
 0002:0001a000       ??$RxAnomalyDetection@C@?A0xfea8226e@@YA_NPACVDataAccessor@@1HHH@Z 10071000 f i AnomalyDetection.obj
 0002:0001a2e0       ?toPixel@DataAccessorImpl@@QAEXHH@Z 100712e0 f i AnomalyDetection.obj
 0002:0001a390       ?updateIfNeeded@DataAccessorImpl@@AAEXXZ 10071390 f i AnomalyDetection.obj
 0002:0001a4a0       ??$RxAnomalyDetection@G@?A0xfea8226e@@YA_NPAGVDataAccessor@@1HHH@Z 100714a0 f i AnomalyDetection.obj
 0002:0001a780       ??$RxAnomalyDetection@F@?A0xfea8226e@@YA_NPAFVDataAccessor@@1HHH@Z 10071780 f i AnomalyDetection.obj
 0002:0001aa60       ??$RxAnomalyDetection@I@?A0xfea8226e@@YA_NPAIVDataAccessor@@1HHH@Z 10071a60 f i AnomalyDetection.obj
 0002:0001ad40       ??$RxAnomalyDetection@H@?A0xfea8226e@@YA_NPAHVDataAccessor@@1HHH@Z 10071d40 f i AnomalyDetection.obj
 0002:0001b010       ??$RxAnomalyDetection@M@?A0xfea8226e@@YA_NPAMVDataAccessor@@1HHH@Z 10072010 f i AnomalyDetection.obj
 0002:0001b2e0       ??$RxAnomalyDetection@N@?A0xfea8226e@@YA_NPANVDataAccessor@@1HHH@Z 100722e0 f i AnomalyDetection.obj
 0002:0001b7f0       ??$setPlugInArgValue@VRasterElement@@@PlugInArgList@@QAE_NABV?$basic_string@DU?$char_traits@D@std@@V?$allocator@D@2@@std@@PAVRasterElement@@@Z 100727f0 f i AnomalyDetection.obj
 0002:0001b8c0       ??$getPlugInArgValue@VProgress@@@PlugInArg@@QAEPAVProgress@@XZ 100728c0 f i AnomalyDetection.obj
 0002:0001b960       ??$getPlugInArgValue@VRasterElement@@@PlugInArg@@QAEPAVRasterElement@@XZ 10072960 f i AnomalyDetection.obj
 0002:0001ba00       ??$setPlugInArgValue@VRasterElement@@@PlugInArg@@QAE_NPAVRasterElement@@@Z 10072a00 f i AnomalyDetection.obj
 0002:0001bac0       ??$getPlugInArgValueUnsafe@VProgress@@@PlugInArg@@QAEPAVProgress@@XZ 10072ac0 f i AnomalyDetection.obj
 0002:0001bba0       ??$getPlugInArgValueUnsafe@VRasterElement@@@PlugInArg@@QAEPAVRasterElement@@XZ 10072ba0 f i AnomalyDetection.obj
 0002:0001bc80       ??_EAnomalyDetection@@W3AEPAXI@Z 10072c80 f i AnomalyDetection.obj
 0002:0001bc90       ??_EAnomalyDetection@@W7AEPAXI@Z 10072c90 f i AnomalyDetection.obj
 0002:0001bca0       ??0AnomalyDetectionPlugInFactory@AnomalyDetectionModule@@QAE@ABV?$basic_string@DU?$char_traits@D@std@@V?$allocator@D@2@@std@@@Z 10072ca0 f i AnomalyDetection.obj
 0002:0001bd60       ??0BasicPlugInFactory@@QAE@ABV?$basic_string@DU?$char_traits@D@std@@V?$allocator@D@2@@std@@@Z 10072d60 f i AnomalyDetection.obj
 0002:0001be50       ??0PlugInFactory@@QAE@XZ   10072e50 f i AnomalyDetection.obj
 0002:0001bea0       ?getPlugInNames@BasicPlugInFactory@@UAE?AV?$vector@V?$basic_string@DU?$char_traits@D@std@@V?$allocator@D@2@@std@@V?$allocator@V?$basic_string@DU?$char_traits@D@std@@V?$allocator@D@2@@std@@@2@@std@@XZ 10072ea0 f i AnomalyDetection.obj
 0002:0001bf20       ?addPlugInName@BasicPlugInFactory@@AAEXV?$basic_string@DU?$char_traits@D@std@@V?$allocator@D@2@@std@@@Z 10072f20 f i AnomalyDetection.obj
 0002:0001c020       ?createPlugIn@AnomalyDetectionPlugInFactory@AnomalyDetectionModule@@UAEPAVPlugIn@@ABV?$basic_string@DU?$char_traits@D@std@@V?$allocator@D@2@@std@@@Z 10073020 f i AnomalyDetection.obj
 0002:0001c140       ??1BasicPlugInFactory@@QAE@XZ 10073140 f i AnomalyDetection.obj
 0002:0001c1a0       ??0?$vector@V?$basic_string@DU?$char_traits@D@std@@V?$allocator@D@2@@std@@V?$allocator@V?$basic_string@DU?$char_traits@D@std@@V?$allocator@D@2@@std@@@2@@std@@QAE@XZ 100731a0 f i AnomalyDetection.obj
 0002:0001c260       ??0?$vector@V?$basic_string@DU?$char_traits@D@std@@V?$allocator@D@2@@std@@V?$allocator@V?$basic_string@DU?$char_traits@D@std@@V?$allocator@D@2@@std@@@2@@std@@QAE@ABV01@@Z 10073260 f i AnomalyDetection.obj
 0002:0001c400       ?push_back@?$vector@V?$basic_string@DU?$char_traits@D@std@@V?$allocator@D@2@@std@@V?$allocator@V?$basic_string@DU?$char_traits@D@std@@V?$allocator@D@2@@std@@@2@@std@@QAEXABV?$basic_string@DU?$char_traits@D@std@@V?$allocator@D@2@@2@@Z 10073400 f i AnomalyDetection.obj
 0002:0001c4f0       ?capacity@?$vector@V?$basic_string@DU?$char_traits@D@std@@V?$allocator@D@2@@std@@V?$allocator@V?$basic_string@DU?$char_traits@D@std@@V?$allocator@D@2@@std@@@2@@std@@QBEIXZ 100734f0 f i AnomalyDetection.obj
[...]
 0004:0000058c       ?__LINE__Var@?1??chipMetadataDim@?A0x258a31d1@@YAXPAVDynamicObject@@ABV?$vector@VDimensionDescriptor@@V?$allocator@VDimensionDescriptor@@@std@@@std@@@Z@4JA 1012a58c     PlugInUtilities:RasterUtilities.obj
 0004:00000590       ?__LINE__Var@?1??rotate@RasterUtilities@@YA_NPAVRasterElement@@PBV3@NHV?$EnumWrapper@W4InterpolationTypeEnum@RasterUtilities@@@@PAVProgress@@PA_N@Z@4JA 1012a590     PlugInUtilities:RasterUtilities.obj
 0004:00000594       ??_R0?AV?$FactoryResource@VRasterFileDescriptor@@@@@8 1012a594     PlugInUtilities:RasterUtilities.obj
 0004:000005d8       ??_R0?AV?$Resource@VRasterFileDescriptor@@VFactoryObject@@@@@8 1012a5d8     PlugInUtilities:RasterUtilities.obj
 0004:00000628       ??_R0?AV?$FactoryResource@VFileDescriptor@@@@@8 1012a628     PlugInUtilities:RasterUtilities.obj
 0004:00000664       ??_R0?AV?$Resource@VFileDescriptor@@VFactoryObject@@@@@8 1012a664     PlugInUtilities:RasterUtilities.obj
 0004:000006ac       ??_R0?AV?$DataDescriptorResource@VRasterDataDescriptor@@@@@8 1012a6ac     PlugInUtilities:RasterUtilities.obj
 0004:000006f8       ??_R0?AV?$Resource@VRasterDataDescriptor@@VDataDescriptorObject@@@@@8 1012a6f8     PlugInUtilities:RasterUtilities.obj
 0004:00000750       ??_R0?AVout_of_range@std@@@8 1012a750     PlugInUtilities:RasterUtilities.obj
 0004:00000778       ??_R0?AV?$basic_string@DU?$char_traits@D@std@@V?$allocator@D@2@@std@@@8 1012a778     PlugInUtilities:RasterUtilities.obj
 0004:000007d0       ??_R0?AV?$vector@V?$basic_string@DU?$char_traits@D@std@@V?$allocator@D@2@@std@@V?$allocator@V?$basic_string@DU?$char_traits@D@std@@V?$allocator@D@2@@std@@@2@@std@@@8 1012a7d0     PlugInUtilities:RasterUtilities.obj
 0004:0000089c       ??_R0?AV?$vector@NV?$allocator@N@std@@@std@@@8 1012a89c     PlugInUtilities:RasterUtilities.obj
 0004:000008d8       ??_R0?AVDynamicObject@@@8  1012a8d8     PlugInUtilities:RasterUtilities.obj
 0004:000008fc       ??_R0?AV?$vector@DV?$allocator@D@std@@@std@@@8 1012a8fc     PlugInUtilities:RasterUtilities.obj
 0004:00000938       ??_R0?AV?$vector@EV?$allocator@E@std@@@std@@@8 1012a938     PlugInUtilities:RasterUtilities.obj
 0004:00000974       ??_R0?AV?$vector@FV?$allocator@F@std@@@std@@@8 1012a974     PlugInUtilities:RasterUtilities.obj
 0004:000009b0       ??_R0?AV?$vector@GV?$allocator@G@std@@@std@@@8 1012a9b0     PlugInUtilities:RasterUtilities.obj
 0004:000009ec       ??_R0?AV?$vector@HV?$allocator@H@std@@@std@@@8 1012a9ec     PlugInUtilities:RasterUtilities.obj
 0004:00000a28       ??_R0?AV?$vector@IV?$allocator@I@std@@@std@@@8 1012aa28     PlugInUtilities:RasterUtilities.obj
 0004:00000a64       ??_R0?AV?$vector@JV?$allocator@J@std@@@std@@@8 1012aa64     PlugInUtilities:RasterUtilities.obj
 0004:00000aa0       ??_R0?AV?$vector@KV?$allocator@K@std@@@std@@@8 1012aaa0     PlugInUtilities:RasterUtilities.obj
 0004:00000adc       ??_R0?AV?$vector@_JV?$allocator@_J@std@@@std@@@8 1012aadc     PlugInUtilities:RasterUtilities.obj
 0004:00000b1c       ??_R0?AV?$vector@_KV?$allocator@_K@std@@@std@@@8 1012ab1c     PlugInUtilities:RasterUtilities.obj
 0004:00000b5c       ??_R0?AV?$vector@VInt64@@V?$allocator@VInt64@@@std@@@std@@@8 1012ab5c     PlugInUtilities:RasterUtilities.obj
 0004:00000ba8       ??_R0?AV?$vector@VUInt64@@V?$allocator@VUInt64@@@std@@@std@@@8 1012aba8     PlugInUtilities:RasterUtilities.obj
 0004:00000bf8       ??_R0?AV?$vector@MV?$allocator@M@std@@@std@@@8 1012abf8     PlugInUtilities:RasterUtilities.obj
 0004:00000c34       ??_R0?AV?$vector@_NV?$allocator@_N@std@@@std@@@8 1012ac34     PlugInUtilities:RasterUtilities.obj
 0004:00000c7c       ??_R0?AVWindow@@@8         1012ac7c     PlugInUtilities:Service.obj
 0004:00000c98       ??_R0?AVSessionExplorer@@@8 1012ac98     PlugInUtilities:Service.obj
 0004:00000cc4       ??_R0X@8                   1012acc4     PlugInUtilities:DataVariant.obj
 0004:00000cd8       ??_R0?AVAssertException@@@8 1012acd8     PlugInUtilities:AppAssert.obj
 0004:00000d00       ___security_cookie         1012ad00     MSVCRTD:gs_cookie.obj
 0004:00000d04       ___security_cookie_complement 1012ad04     MSVCRTD:gs_cookie.obj
 0004:00000d08       ??_R0?AVtype_info@@@8      1012ad08     MSVCRTD:ti_inst.obj
 0004:00000d30       ?_RTC_ErrorLevels@@3PAHA   1012ad30     MSVCRTD:error.obj
 0004:00000d74       ___native_dllmain_reason   1012ad74     MSVCRTD:natstart.obj
 0004:00000d78       ___native_vcclrit_reason   1012ad78     MSVCRTD:natstart.obj
 0004:00000ee4       ?mspName@ModuleManager@@0PBDB 1012aee4     ModuleManager.obj
 0004:00000ee8       ?mspVersion@ModuleManager@@0PBDB 1012aee8     ModuleManager.obj
 0004:00000eec       ?mspDescription@ModuleManager@@0PBDB 1012aeec     ModuleManager.obj
 0004:00000ef0       ?mspValidationKey@ModuleManager@@0PBDB 1012aef0     ModuleManager.obj
 0004:00000ef4       ?mspUniqueId@ModuleManager@@0PBDB 1012aef4     ModuleManager.obj
 0004:00000f20       ?mspSingleton@ModuleManager@@0PAV1@A 1012af20     PlugInLib:ModuleManagerCommon.obj
 0004:00000f28       ?wsprintffp@@3P6AHPADPBDZZA 1012af28     MSVCRTD:error.obj
 0004:0000130c       __forceCRTManifest         1012b30c     MSVCRTD:crtmanifest.obj
 0004:00001310       ?__type_info_root_node@@3U__type_info_node@@A 1012b310     MSVCRTD:tncleanup.obj
 0004:0000131c       ___sse2_available          1012b31c     <common>
 0004:00001328       __adjust_fdiv              1012b328     <common>
 0004:00001334       ___native_startup_state    1012b334     <common>
 0004:00001344       ___native_startup_lock     1012b344     <common>
 0004:00001348       ___dyn_tls_init_callback   1012b348     <common>
 0004:00001354       ___onexitend               1012b354     <common>
 0004:00001364       ___onexitbegin             1012b364     <common>
 0005:00000000       __IMPORT_DESCRIPTOR_MSVCP80D 1012c000     msvcprtd:MSVCP80D.dll
 0005:00000014       __IMPORT_DESCRIPTOR_MSVCR80D 1012c014     MSVCRTD:MSVCR80D.dll
 0005:00000028       __IMPORT_DESCRIPTOR_KERNEL32 1012c028     kernel32:KERNEL32.dll
 0005:0000003c       __NULL_IMPORT_DESCRIPTOR   1012c03c     msvcprtd:MSVCP80D.dll
 0005:00000338       __imp__DebugBreak@0        1012c338     kernel32:KERNEL32.dll
 0005:0000033c       __imp__WideCharToMultiByte@32 1012c33c     kernel32:KERNEL32.dll
 0005:00000340       __imp__IsDebuggerPresent@0 1012c340     kernel32:KERNEL32.dll
 0005:00000344       __imp__MultiByteToWideChar@24 1012c344     kernel32:KERNEL32.dll
 0005:00000348       __imp__lstrlenA@4          1012c348     kernel32:KERNEL32.dll
 0005:0000034c       __imp__GetProcAddress@8    1012c34c     kernel32:KERNEL32.dll
 0005:00000350       __imp__LoadLibraryA@4      1012c350     kernel32:KERNEL32.dll
 0005:00000354       __imp__InterlockedExchange@8 1012c354     kernel32:KERNEL32.dll
 0005:00000358       __imp__Sleep@4             1012c358     kernel32:KERNEL32.dll
 0005:0000035c       __imp__InterlockedCompareExchange@12 1012c35c     kernel32:KERNEL32.dll
 0005:00000360       __imp__TerminateProcess@8  1012c360     kernel32:KERNEL32.dll
 0005:00000364       __imp__GetCurrentProcess@0 1012c364     kernel32:KERNEL32.dll
 0005:00000368       __imp__UnhandledExceptionFilter@4 1012c368     kernel32:KERNEL32.dll
 0005:0000036c       __imp__SetUnhandledExceptionFilter@4 1012c36c     kernel32:KERNEL32.dll
 0005:00000370       __imp__HeapFree@12         1012c370     kernel32:KERNEL32.dll
 0005:00000374       __imp__HeapAlloc@12        1012c374     kernel32:KERNEL32.dll
 0005:00000378       __imp__GetProcessHeap@0    1012c378     kernel32:KERNEL32.dll
 0005:0000037c       __imp__GetModuleFileNameW@12 1012c37c     kernel32:KERNEL32.dll
 0005:00000380       __imp__VirtualQuery@12     1012c380     kernel32:KERNEL32.dll
 0005:00000384       __imp__FreeLibrary@4       1012c384     kernel32:KERNEL32.dll
 0005:00000388       __imp__QueryPerformanceCounter@4 1012c388     kernel32:KERNEL32.dll
 0005:0000038c       __imp__GetTickCount@0      1012c38c     kernel32:KERNEL32.dll
 0005:00000390       __imp__GetCurrentThreadId@0 1012c390     kernel32:KERNEL32.dll
 0005:00000394       __imp__GetCurrentProcessId@0 1012c394     kernel32:KERNEL32.dll
 0005:00000398       __imp__GetSystemTimeAsFileTime@4 1012c398     kernel32:KERNEL32.dll
 0005:0000039c       __imp__DisableThreadLibraryCalls@4 1012c39c     kernel32:KERNEL32.dll
 0005:000003a0       __imp__RaiseException@16   1012c3a0     kernel32:KERNEL32.dll
 0005:000003a4       \177KERNEL32_NULL_THUNK_DATA 1012c3a4     kernel32:KERNEL32.dll
 0005:000003e4       __imp_?eq_int_type@?$char_traits@D@std@@SA_NABH0@Z 1012c3e4     msvcprtd:MSVCP80D.dll
 0005:000003e8       __imp_?eof@?$char_traits@D@std@@SAHXZ 1012c3e8     msvcprtd:MSVCP80D.dll
 0005:000003ec       __imp_?sputc@?$basic_streambuf@DU?$char_traits@D@std@@@std@@QAEHD@Z 1012c3ec     msvcprtd:MSVCP80D.dll
 0005:000003f0       __imp_?rdbuf@?$basic_ios@DU?$char_traits@D@std@@@std@@QBEPAV?$basic_streambuf@DU?$char_traits@D@std@@@2@XZ 1012c3f0     msvcprtd:MSVCP80D.dll
 0005:000003f4       __imp_?fill@?$basic_ios@DU?$char_traits@D@std@@@std@@QBEDXZ 1012c3f4     msvcprtd:MSVCP80D.dll
 0005:000003f8       __imp_?flags@ios_base@std@@QBEHXZ 1012c3f8     msvcprtd:MSVCP80D.dll
 0005:000003fc       __imp_?width@ios_base@std@@QBEHXZ 1012c3fc     msvcprtd:MSVCP80D.dll
 0005:00000400       __imp_?length@?$char_traits@D@std@@SAIPBD@Z 1012c400     msvcprtd:MSVCP80D.dll
 0005:00000404       __imp_?flush@?$basic_ostream@DU?$char_traits@D@std@@@std@@QAEAAV12@XZ 1012c404     msvcprtd:MSVCP80D.dll
 0005:00000408       __imp_?tie@?$basic_ios@DU?$char_traits@D@std@@@std@@QBEPAV?$basic_ostream@DU?$char_traits@D@std@@@2@XZ 1012c408     msvcprtd:MSVCP80D.dll
 0005:0000040c       __imp_?good@ios_base@std@@QBE_NXZ 1012c40c     msvcprtd:MSVCP80D.dll
 0005:00000410       __imp_?_Osfx@?$basic_ostream@DU?$char_traits@D@std@@@std@@QAEXXZ 1012c410     msvcprtd:MSVCP80D.dll
 0005:00000414       __imp_?uncaught_exception@std@@YA_NXZ 1012c414     msvcprtd:MSVCP80D.dll
 0005:00000418       __imp_?sputn@?$basic_streambuf@DU?$char_traits@D@std@@@std@@QAEHPBDH@Z 1012c418     msvcprtd:MSVCP80D.dll
 0005:0000041c       __imp_?_Unlock@?$basic_streambuf@DU?$char_traits@D@std@@@std@@QAEXXZ 1012c41c     msvcprtd:MSVCP80D.dll
 0005:00000420       __imp_??_D?$basic_ostringstream@DU?$char_traits@D@std@@V?$allocator@D@2@@std@@QAEXXZ 1012c420     msvcprtd:MSVCP80D.dll
 0005:00000424       __imp_?str@?$basic_ostringstream@DU?$char_traits@D@std@@V?$allocator@D@2@@std@@QBE?AV?$basic_string@DU?$char_traits@D@std@@V?$allocator@D@2@@2@XZ 1012c424     msvcprtd:MSVCP80D.dll
 0005:00000428       __imp_??$?6DU?$char_traits@D@std@@V?$allocator@D@1@@std@@YAAAV?$basic_ostream@DU?$char_traits@D@std@@@0@AAV10@ABV?$basic_string@DU?$char_traits@D@std@@V?$allocator@D@2@@0@@Z 1012c428     msvcprtd:MSVCP80D.dll
 0005:0000042c       __imp_??0?$basic_ostringstream@DU?$char_traits@D@std@@V?$allocator@D@2@@std@@QAE@H@Z 1012c42c     msvcprtd:MSVCP80D.dll
 0005:00000430       __imp_??$?8DU?$char_traits@D@std@@V?$allocator@D@1@@std@@YA_NABV?$basic_string@DU?$char_traits@D@std@@V?$allocator@D@2@@0@PBD@Z 1012c430     msvcprtd:MSVCP80D.dll
 0005:00000434       __imp_?_Swap_all@_Container_base@std@@QBEXAAV12@@Z 1012c434     msvcprtd:MSVCP80D.dll
 0005:00000438       __imp_??0?$allocator@D@std@@QAE@XZ 1012c438     msvcprtd:MSVCP80D.dll
 0005:0000043c       __imp_?deallocate@?$allocator@D@std@@QAEXPADI@Z 1012c43c     msvcprtd:MSVCP80D.dll
 0005:00000440       __imp_?allocate@?$allocator@D@std@@QAEPADI@Z 1012c440     msvcprtd:MSVCP80D.dll
 0005:00000444       __imp_??0?$allocator@D@std@@QAE@ABV01@@Z 1012c444     msvcprtd:MSVCP80D.dll
 0005:00000448       __imp_?max_size@?$allocator@D@std@@QBEIXZ 1012c448     msvcprtd:MSVCP80D.dll
 0005:0000044c       __imp_?width@ios_base@std@@QAEHH@Z 1012c44c     msvcprtd:MSVCP80D.dll
 0005:00000450       __imp_?setstate@?$basic_ios@DU?$char_traits@D@std@@@std@@QAEXH_N@Z 1012c450     msvcprtd:MSVCP80D.dll
 0005:00000454       __imp_??$?HDU?$char_traits@D@std@@V?$allocator@D@1@@std@@YA?AV?$basic_string@DU?$char_traits@D@std@@V?$allocator@D@2@@0@ABV10@0@Z 1012c454     msvcprtd:MSVCP80D.dll
 0005:00000458       __imp_??0?$basic_stringstream@DU?$char_traits@D@std@@V?$allocator@D@2@@std@@QAE@H@Z 1012c458     msvcprtd:MSVCP80D.dll
 0005:0000045c       __imp_??6?$basic_ostream@DU?$char_traits@D@std@@@std@@QAEAAV01@I@Z 1012c45c     msvcprtd:MSVCP80D.dll
 0005:00000460       __imp_?str@?$basic_stringstream@DU?$char_traits@D@std@@V?$allocator@D@2@@std@@QBE?AV?$basic_string@DU?$char_traits@D@std@@V?$allocator@D@2@@2@XZ 1012c460     msvcprtd:MSVCP80D.dll
 0005:00000464       __imp_??_D?$basic_stringstream@DU?$char_traits@D@std@@V?$allocator@D@2@@std@@QAEXXZ 1012c464     msvcprtd:MSVCP80D.dll
 0005:00000468       __imp_??$?9DU?$char_traits@D@std@@V?$allocator@D@1@@std@@YA_NPBDABV?$basic_string@DU?$char_traits@D@std@@V?$allocator@D@2@@0@@Z 1012c468     msvcprtd:MSVCP80D.dll
 0005:0000046c       __imp_?empty@?$basic_string@DU?$char_traits@D@std@@V?$allocator@D@2@@std@@QBE_NXZ 1012c46c     msvcprtd:MSVCP80D.dll
 0005:00000470       __imp_??$?HDU?$char_traits@D@std@@V?$allocator@D@1@@std@@YA?AV?$basic_string@DU?$char_traits@D@std@@V?$allocator@D@2@@0@ABV10@PBD@Z 1012c470     msvcprtd:MSVCP80D.dll
 0005:00000474       __imp_??0?$basic_string@DU?$char_traits@D@std@@V?$allocator@D@2@@std@@QAE@U_Has_debug_it@01@@Z 1012c474     msvcprtd:MSVCP80D.dll
 0005:00000478       __imp_??0?$basic_string@DU?$char_traits@D@std@@V?$allocator@D@2@@std@@QAE@ABV01@@Z 1012c478     msvcprtd:MSVCP80D.dll
 0005:0000047c       __imp_?swap@?$basic_string@DU?$char_traits@D@std@@V?$allocator@D@2@@std@@QAEXAAV12@@Z 1012c47c     msvcprtd:MSVCP80D.dll
 0005:00000480       __imp_?_Myptr@?$basic_string@DU?$char_traits@D@std@@V?$allocator@D@2@@std@@IAEPADXZ 1012c480     msvcprtd:MSVCP80D.dll
 0005:00000484       __imp_?end@?$basic_string@DU?$char_traits@D@std@@V?$allocator@D@2@@std@@QAE?AV?$_String_iterator@DU?$char_traits@D@std@@V?$allocator@D@2@@2@XZ 1012c484     msvcprtd:MSVCP80D.dll
 0005:00000488       __imp_?begin@?$basic_string@DU?$char_traits@D@std@@V?$allocator@D@2@@std@@QAE?AV?$_String_iterator@DU?$char_traits@D@std@@V?$allocator@D@2@@2@XZ 1012c488     msvcprtd:MSVCP80D.dll
 0005:0000048c       __imp_??$?MDU?$char_traits@D@std@@V?$allocator@D@1@@std@@YA_NABV?$basic_string@DU?$char_traits@D@std@@V?$allocator@D@2@@0@0@Z 1012c48c     msvcprtd:MSVCP80D.dll
 0005:00000490       __imp_??4?$basic_string@DU?$char_traits@D@std@@V?$allocator@D@2@@std@@QAEAAV01@ABV01@@Z 1012c490     msvcprtd:MSVCP80D.dll
 0005:00000494       __imp_?c_str@?$basic_string@DU?$char_traits@D@std@@V?$allocator@D@2@@std@@QBEPBDXZ 1012c494     msvcprtd:MSVCP80D.dll
 0005:00000498       __imp_??0?$basic_string@DU?$char_traits@D@std@@V?$allocator@D@2@@std@@QAE@PBD@Z 1012c498     msvcprtd:MSVCP80D.dll
 0005:0000049c       __imp_??0_Container_base@std@@QAE@XZ 1012c49c     msvcprtd:MSVCP80D.dll
 0005:000004a0       __imp_?_Orphan_all@_Container_base@std@@QBEXXZ 1012c4a0     msvcprtd:MSVCP80D.dll
 0005:000004a4       __imp_??1_Container_base@std@@QAE@XZ 1012c4a4     msvcprtd:MSVCP80D.dll
 0005:000004a8       __imp_?_Debug_message@std@@YAXPB_W0I@Z 1012c4a8     msvcprtd:MSVCP80D.dll
 0005:000004ac       __imp_??0_Lockit@std@@QAE@H@Z 1012c4ac     msvcprtd:MSVCP80D.dll
 0005:000004b0       __imp_??1_Lockit@std@@QAE@XZ 1012c4b0     msvcprtd:MSVCP80D.dll
 0005:000004b4       __imp_??1?$basic_string@DU?$char_traits@D@std@@V?$allocator@D@2@@std@@QAE@XZ 1012c4b4     msvcprtd:MSVCP80D.dll
 0005:000004b8       __imp_?_Lock@?$basic_streambuf@DU?$char_traits@D@std@@@std@@QAEXXZ 1012c4b8     msvcprtd:MSVCP80D.dll
 0005:000004bc       \177MSVCP80D_NULL_THUNK_DATA 1012c4bc     msvcprtd:MSVCP80D.dll
 0005:00000510       __imp____dllonexit         1012c510     MSVCRTD:MSVCR80D.dll
 0005:00000514       __imp___encode_pointer     1012c514     MSVCRTD:MSVCR80D.dll
 0005:00000518       __imp___lock               1012c518     MSVCRTD:MSVCR80D.dll
 0005:0000051c       __imp___onexit             1012c51c     MSVCRTD:MSVCR80D.dll
 0005:00000520       __imp___decode_pointer     1012c520     MSVCRTD:MSVCR80D.dll
 0005:00000524       __imp___CRT_RTC_INITW      1012c524     MSVCRTD:MSVCR80D.dll
 0005:00000528       __imp___malloc_dbg         1012c528     MSVCRTD:MSVCR80D.dll
 0005:0000052c       __imp___free_dbg           1012c52c     MSVCRTD:MSVCR80D.dll
 0005:00000530       __imp___encoded_null       1012c530     MSVCRTD:MSVCR80D.dll
 0005:00000534       __imp___CrtSetCheckCount   1012c534     MSVCRTD:MSVCR80D.dll
 0005:00000538       __imp___initterm           1012c538     MSVCRTD:MSVCR80D.dll
 0005:0000053c       __imp___initterm_e         1012c53c     MSVCRTD:MSVCR80D.dll
 0005:00000540       __imp___amsg_exit          1012c540     MSVCRTD:MSVCR80D.dll
 0005:00000544       __imp___adjust_fdiv        1012c544     MSVCRTD:MSVCR80D.dll
 0005:00000548       __imp____CppXcptFilter     1012c548     MSVCRTD:MSVCR80D.dll
 0005:0000054c       __imp_?terminate@@YAXXZ    1012c54c     MSVCRTD:MSVCR80D.dll
 0005:00000550       __imp___except_handler4_common 1012c550     MSVCRTD:MSVCR80D.dll
 0005:00000554       __imp___crt_debugger_hook  1012c554     MSVCRTD:MSVCR80D.dll
 0005:00000558       __imp_?_type_info_dtor_internal_method@type_info@@QAEXXZ 1012c558     MSVCRTD:MSVCR80D.dll
 0005:0000055c       __imp____clean_type_info_names_internal 1012c55c     MSVCRTD:MSVCR80D.dll
 0005:00000560       __imp___unlock             1012c560     MSVCRTD:MSVCR80D.dll
 0005:00000564       __imp__memmove_s           1012c564     MSVCRTD:MSVCR80D.dll
 0005:00000568       __imp_??8type_info@@QBE_NABV0@@Z 1012c568     MSVCRTD:MSVCR80D.dll
 0005:0000056c       __imp__cos                 1012c56c     MSVCRTD:MSVCR80D.dll
 0005:00000570       __imp__sin                 1012c570     MSVCRTD:MSVCR80D.dll
 0005:00000574       __imp__memcpy              1012c574     MSVCRTD:MSVCR80D.dll
 0005:00000578       __imp__memset              1012c578     MSVCRTD:MSVCR80D.dll
 0005:0000057c       __imp__abs                 1012c57c     MSVCRTD:MSVCR80D.dll
 0005:00000580       __imp____RTDynamicCast     1012c580     MSVCRTD:MSVCR80D.dll
 0005:00000584       __imp__fabs                1012c584     MSVCRTD:MSVCR80D.dll
 0005:00000588       __imp___purecall           1012c588     MSVCRTD:MSVCR80D.dll
 0005:0000058c       __imp_??_V@YAXPAX@Z        1012c58c     MSVCRTD:MSVCR80D.dll
 0005:00000590       __imp___wassert            1012c590     MSVCRTD:MSVCR80D.dll
 0005:00000594       __imp__printf              1012c594     MSVCRTD:MSVCR80D.dll
 0005:00000598       __imp__fopen               1012c598     MSVCRTD:MSVCR80D.dll
 0005:0000059c       __imp__fprintf             1012c59c     MSVCRTD:MSVCR80D.dll
 0005:000005a0       __imp_?what@exception@std@@UBEPBDXZ 1012c5a0     MSVCRTD:MSVCR80D.dll
 0005:000005a4       __imp_??0exception@std@@QAE@ABQBD@Z 1012c5a4     MSVCRTD:MSVCR80D.dll
 0005:000005a8       __imp_??2@YAPAXI@Z         1012c5a8     MSVCRTD:MSVCR80D.dll
 0005:000005ac       __imp_??0exception@std@@QAE@XZ 1012c5ac     MSVCRTD:MSVCR80D.dll
 0005:000005b0       __imp_??1exception@std@@UAE@XZ 1012c5b0     MSVCRTD:MSVCR80D.dll
 0005:000005b4       __imp_??0exception@std@@QAE@ABV01@@Z 1012c5b4     MSVCRTD:MSVCR80D.dll
 0005:000005b8       __imp___CxxThrowException@8 1012c5b8     MSVCRTD:MSVCR80D.dll
 0005:000005bc       __imp_??3@YAXPAX@Z         1012c5bc     MSVCRTD:MSVCR80D.dll
 0005:000005c0       __imp___CrtDbgReportW      1012c5c0     MSVCRTD:MSVCR80D.dll
 0005:000005c4       __imp___invalid_parameter  1012c5c4     MSVCRTD:MSVCR80D.dll
 0005:000005c8       __imp____CxxFrameHandler3  1012c5c8     MSVCRTD:MSVCR80D.dll
 0005:000005cc       __imp__fclose              1012c5cc     MSVCRTD:MSVCR80D.dll
 0005:000005d0       \177MSVCR80D_NULL_THUNK_DATA 1012c5d0     MSVCRTD:MSVCR80D.dll

 entry point at        0002:00001838

