 Resampler

 Timestamp is 4c39c3fb (Sun Jul 11 21:15:39 2010)

 Preferred load address is 10000000

 Start         Length     Name                   Class
 0001:00000000 00021d98H .text                   CODE
 0001:00021da0 00001c13H .text$x                 CODE
 0001:000239c0 000000fbH .text$yc                CODE
 0001:00023ac0 000000aaH .text$yd                CODE
 0002:00000000 0000060cH .idata$5                DATA
 0002:0000060c 00000004H .CRT$XCA                DATA
 0002:00000610 00000010H .CRT$XCU                DATA
 0002:00000620 00000004H .CRT$XCZ                DATA
 0002:00000624 00000004H .CRT$XIA                DATA
 0002:00000628 00000004H .CRT$XIAA               DATA
 0002:0000062c 00000004H .CRT$XIC                DATA
 0002:00000630 00000004H .CRT$XIZ                DATA
 0002:00000640 000033f0H .rdata                  DATA
 0002:00003a30 00000069H .rdata$debug            DATA
 0002:00003a9c 00000f80H .rdata$r                DATA
 0002:00004a20 0000021cH .rdata$sxdata           DATA
 0002:00004c3c 00000004H .rtc$IAA                DATA
 0002:00004c40 00000004H .rtc$IZZ                DATA
 0002:00004c44 00000004H .rtc$TAA                DATA
 0002:00004c48 00000004H .rtc$TZZ                DATA
 0002:00004c50 00002774H .xdata$x                DATA
 0002:000073c4 00000064H .idata$2                DATA
 0002:00007428 00000014H .idata$3                DATA
 0002:0000743c 0000060cH .idata$4                DATA
 0002:00007a48 000044aaH .idata$6                DATA
 0002:0000bf00 0000008bH .edata                  DATA
 0003:00000000 00000710H .data                   DATA
 0003:00000710 000004acH .bss                    DATA

  Address         Publics by Value              Rva+Base       Lib:Object

 0000:00000000       __except_list              00000000     <absolute>
 0000:00000087       ___safe_se_handler_count   00000087     <absolute>
 0000:00009876       __fltused                  00009876     <absolute>
 0000:00009876       __ldused                   00009876     <absolute>
 0000:00000000       ___ImageBase               10000000     <linker-defined>
 0001:00000000       ?resamplePoint@GaussianResampler@@EAENUIndexPair@@NN@Z 10001000 f   GaussianResampler.obj
 0001:00000110       ?size@?$vector@NV?$allocator@N@std@@@std@@QBEIXZ 10001110 f i GaussianResampler.obj
 0001:00000130       ??A?$vector@NV?$allocator@N@std@@@std@@QBEABNI@Z 10001130 f i GaussianResampler.obj
 0001:00000150       ??0_Iterator_base@std@@QAE@XZ 10001150 f i Interpolator.obj
 0001:00000160       ??0bad_alloc@std@@QAE@PBD@Z 10001160 f i Interpolator.obj
 0001:00000180       ??1bad_alloc@std@@UAE@XZ   10001180 f i Interpolator.obj
 0001:00000190       ??_Gbad_alloc@std@@UAEPAXI@Z 10001190 f i Interpolator.obj
 0001:00000190       ??_Ebad_alloc@std@@UAEPAXI@Z 10001190 f i  CIL library: CIL module
 0001:000001c0       ??0logic_error@std@@QAE@ABV?$basic_string@DU?$char_traits@D@std@@V?$allocator@D@2@@1@@Z 100011c0 f i Interpolator.obj
 0001:00000220       ??1logic_error@std@@UAE@XZ 10001220 f i Interpolator.obj
 0001:00000240       ?what@logic_error@std@@UBEPBDXZ 10001240 f i Interpolator.obj
 0001:00000250       ??_Glogic_error@std@@UAEPAXI@Z 10001250 f i Interpolator.obj
 0001:00000250       ??_Elogic_error@std@@UAEPAXI@Z 10001250 f i  CIL library: CIL module
 0001:00000280       ??0length_error@std@@QAE@ABV?$basic_string@DU?$char_traits@D@std@@V?$allocator@D@2@@1@@Z 10001280 f i Interpolator.obj
 0001:000002e0       ??1length_error@std@@UAE@XZ 100012e0 f i Interpolator.obj
 0001:00000300       ??_Glength_error@std@@UAEPAXI@Z 10001300 f i Interpolator.obj
 0001:00000300       ??_Elength_error@std@@UAEPAXI@Z 10001300 f i  CIL library: CIL module
 0001:00000330       ??0logic_error@std@@QAE@ABV01@@Z 10001330 f i Interpolator.obj
 0001:00000390       ?getSettingFullWidthHalfMax@ResamplerOptions@@SANXZ 10001390 f i Interpolator.obj
 0001:00000420       ?getSettingFullWidthHalfMaxKey@ResamplerOptions@@SA?AV?$basic_string@DU?$char_traits@D@std@@V?$allocator@D@2@@std@@XZ 10001420 f i Interpolator.obj
 0001:00000440       ??0Interpolator@@QAE@ABV?$vector@NV?$allocator@N@std@@@std@@0N@Z 10001440 f   Interpolator.obj
 0001:00000460       ?canExtrapolate@Interpolator@@AAE_NNNN@Z 10001460 f i Interpolator.obj
 0001:000004d0       ?constructorInputsAreValid@Interpolator@@AAE_NAAV?$basic_string@DU?$char_traits@D@std@@V?$allocator@D@2@@std@@@Z 100014d0 f   Interpolator.obj
 0001:00000570       ?hasDuplicateValues@Interpolator@@CA_NABV?$vector@NV?$allocator@N@std@@@std@@@Z 10001570 f   Interpolator.obj
 0001:00000610       ?run@Interpolator@@QAE_NABV?$vector@NV?$allocator@N@std@@@std@@0AAV23@AAV?$vector@HV?$allocator@H@std@@@3@AAV?$basic_string@DU?$char_traits@D@std@@V?$allocator@D@2@@3@@Z 10001610 f   Interpolator.obj
 0001:000008a0       ?getSourceIndices@Interpolator@@AAE_NNAAUIndexPair@@AAV?$basic_string@DU?$char_traits@D@std@@V?$allocator@D@2@@std@@@Z 100018a0 f   Interpolator.obj
 0001:00000d30       ?canUseSinglePoint@Interpolator@@AAE_NNN@Z 10001d30 f i Interpolator.obj
 0001:00000d60       ?noResamplingNecessary@Interpolator@@QAE_NABV?$vector@NV?$allocator@N@std@@@std@@@Z 10001d60 f   Interpolator.obj
 0001:00000e80       ??C?$Service@VConfigurationSettings@@@@QBEPAVConfigurationSettings@@XZ 10001e80 f i Interpolator.obj
 0001:00000e90       ?reserve@?$vector@NV?$allocator@N@std@@@std@@QAEXI@Z 10001e90 f i Interpolator.obj
 0001:00000f40       ?begin@?$vector@NV?$allocator@N@std@@@std@@QBE?AV?$_Vector_const_iterator@NV?$allocator@N@std@@@2@XZ 10001f40 f i Interpolator.obj
 0001:00000f60       ?end@?$vector@NV?$allocator@N@std@@@std@@QBE?AV?$_Vector_const_iterator@NV?$allocator@N@std@@@2@XZ 10001f60 f i Interpolator.obj
 0001:00000f80       ?push_back@?$vector@NV?$allocator@N@std@@@std@@QAEXABN@Z 10001f80 f i Interpolator.obj
 0001:00000fe0       ?clear@?$vector@NV?$allocator@N@std@@@std@@QAEXXZ 10001fe0 f i Interpolator.obj
 0001:00001030       ??0?$_Vector_const_iterator@NV?$allocator@N@std@@@std@@QAE@XZ 10002030 f i Interpolator.obj
 0001:00001040       ??D?$_Vector_const_iterator@NV?$allocator@N@std@@@std@@QBEABNXZ 10002040 f i Interpolator.obj
 0001:00001070       ??E?$_Vector_const_iterator@NV?$allocator@N@std@@@std@@QAEAAV01@XZ 10002070 f i Interpolator.obj
 0001:000010a0       ??9?$_Vector_const_iterator@NV?$allocator@N@std@@@std@@QBE_NABV01@@Z 100020a0 f i Interpolator.obj
 0001:000010c0       ?reserve@?$vector@HV?$allocator@H@std@@@std@@QAEXI@Z 100020c0 f i Interpolator.obj
 0001:00001170       ?size@?$vector@HV?$allocator@H@std@@@std@@QBEIXZ 10002170 f i Interpolator.obj
 0001:00001190       ?push_back@?$vector@HV?$allocator@H@std@@@std@@QAEXABH@Z 10002190 f i Interpolator.obj
 0001:000011f0       ?clear@?$vector@HV?$allocator@H@std@@@std@@QAEXXZ 100021f0 f i Interpolator.obj
 0001:00001240       ??0?$_Ranit@NHPBNABN@std@@QAE@XZ 10002240 f i Interpolator.obj
 0001:00001250       ?capacity@?$vector@NV?$allocator@N@std@@@std@@QBEIXZ 10002250 f i Interpolator.obj
 0001:00001270       ?begin@?$vector@NV?$allocator@N@std@@@std@@QAE?AV?$_Vector_iterator@NV?$allocator@N@std@@@2@XZ 10002270 f i Interpolator.obj
 0001:00001290       ?end@?$vector@NV?$allocator@N@std@@@std@@QAE?AV?$_Vector_iterator@NV?$allocator@N@std@@@2@XZ 10002290 f i Interpolator.obj
 0001:000012b0       ?max_size@?$vector@NV?$allocator@N@std@@@std@@QBEIXZ 100022b0 f i Interpolator.obj
 0001:000012c0       ?insert@?$vector@NV?$allocator@N@std@@@std@@QAE?AV?$_Vector_iterator@NV?$allocator@N@std@@@2@V32@ABN@Z 100022c0 f i Interpolator.obj
 0001:00001350       ?erase@?$vector@NV?$allocator@N@std@@@std@@QAE?AV?$_Vector_iterator@NV?$allocator@N@std@@@2@V32@0@Z 10002350 f i Interpolator.obj
 0001:000013b0       ?_Destroy@?$vector@NV?$allocator@N@std@@@std@@IAEXPAN0@Z 100023b0 f i Interpolator.obj
 0001:000013c0       ?_Ufill@?$vector@NV?$allocator@N@std@@@std@@IAEPANPANIABN@Z 100023c0 f i Interpolator.obj
 0001:000013e0       ?_Xlen@?$vector@NV?$allocator@N@std@@@std@@KAXXZ 100023e0 f i Interpolator.obj
 0001:00001460       ?deallocate@?$allocator@N@std@@QAEXPANI@Z 10002460 f i Interpolator.obj
 0001:00001470       ?allocate@?$allocator@N@std@@QAEPANI@Z 10002470 f i Interpolator.obj
 0001:000014d0       ??0?$_Vector_const_iterator@NV?$allocator@N@std@@@std@@QAE@PANPBU_Container_base@1@@Z 100024d0 f i Interpolator.obj
 0001:00001500       ??8?$_Vector_const_iterator@NV?$allocator@N@std@@@std@@QBE_NABV01@@Z 10002500 f i Interpolator.obj
 0001:00001520       ?capacity@?$vector@HV?$allocator@H@std@@@std@@QBEIXZ 10002520 f i Interpolator.obj
 0001:00001540       ?begin@?$vector@HV?$allocator@H@std@@@std@@QAE?AV?$_Vector_iterator@HV?$allocator@H@std@@@2@XZ 10002540 f i Interpolator.obj
 0001:00001560       ?end@?$vector@HV?$allocator@H@std@@@std@@QAE?AV?$_Vector_iterator@HV?$allocator@H@std@@@2@XZ 10002560 f i Interpolator.obj
 0001:00001580       ?max_size@?$vector@HV?$allocator@H@std@@@std@@QBEIXZ 10002580 f i Interpolator.obj
 0001:00001590       ?insert@?$vector@HV?$allocator@H@std@@@std@@QAE?AV?$_Vector_iterator@HV?$allocator@H@std@@@2@V32@ABH@Z 10002590 f i Interpolator.obj
 0001:00001620       ?erase@?$vector@HV?$allocator@H@std@@@std@@QAE?AV?$_Vector_iterator@HV?$allocator@H@std@@@2@V32@0@Z 10002620 f i Interpolator.obj
 0001:00001680       ?_Destroy@?$vector@HV?$allocator@H@std@@@std@@IAEXPAH0@Z 10002680 f i Interpolator.obj
 0001:00001690       ?_Ufill@?$vector@HV?$allocator@H@std@@@std@@IAEPAHPAHIABH@Z 10002690 f i Interpolator.obj
 0001:000016c0       ?_Xlen@?$vector@HV?$allocator@H@std@@@std@@KAXXZ 100026c0 f i Interpolator.obj
 0001:00001740       ?deallocate@?$allocator@H@std@@QAEXPAHI@Z 10002740 f i Interpolator.obj
 0001:00001750       ?allocate@?$allocator@H@std@@QAEPAHI@Z 10002750 f i Interpolator.obj
 0001:000017b0       ??0length_error@std@@QAE@ABV01@@Z 100027b0 f i Interpolator.obj
 0001:000017d0       ?_Insert_n@?$vector@NV?$allocator@N@std@@@std@@IAEXV?$_Vector_iterator@NV?$allocator@N@std@@@2@IABN@Z 100027d0 f i Interpolator.obj
 0001:000019b0       ?max_size@?$allocator@N@std@@QBEIXZ 100029b0 f i Interpolator.obj
 0001:000019c0       ?_Insert_n@?$vector@HV?$allocator@H@std@@@std@@IAEXV?$_Vector_iterator@HV?$allocator@H@std@@@2@IABH@Z 100029c0 f i Interpolator.obj
 0001:00001ba0       ?max_size@?$allocator@H@std@@QBEIXZ 10002ba0 f i Interpolator.obj
 0001:00001bb0       ??0?$_Vector_iterator@NV?$allocator@N@std@@@std@@QAE@PANPBU_Container_base@1@@Z 10002bb0 f i Interpolator.obj
 0001:00001be0       ??H?$_Vector_iterator@NV?$allocator@N@std@@@std@@QBE?AV01@H@Z 10002be0 f i Interpolator.obj
 0001:00001c20       ??G?$_Vector_iterator@NV?$allocator@N@std@@@std@@QBEHABV?$_Vector_const_iterator@NV?$allocator@N@std@@@1@@Z 10002c20 f i Interpolator.obj
 0001:00001c40       ??0?$_Vector_iterator@HV?$allocator@H@std@@@std@@QAE@PAHPBU_Container_base@1@@Z 10002c40 f i Interpolator.obj
 0001:00001c70       ??H?$_Vector_iterator@HV?$allocator@H@std@@@std@@QBE?AV01@H@Z 10002c70 f i Interpolator.obj
 0001:00001cb0       ??G?$_Vector_iterator@HV?$allocator@H@std@@@std@@QBEHABV?$_Vector_const_iterator@HV?$allocator@H@std@@@1@@Z 10002cb0 f i Interpolator.obj
 0001:00001cd0       ??9?$_Vector_const_iterator@HV?$allocator@H@std@@@std@@QBE_NABV01@@Z 10002cd0 f i Interpolator.obj
 0001:00001cf0       ??G?$_Vector_const_iterator@NV?$allocator@N@std@@@std@@QBEHABV01@@Z 10002cf0 f i Interpolator.obj
 0001:00001d10       ??Y?$_Vector_iterator@NV?$allocator@N@std@@@std@@QAEAAV01@H@Z 10002d10 f i Interpolator.obj
 0001:00001d50       ??Y?$_Vector_iterator@HV?$allocator@H@std@@@std@@QAEAAV01@H@Z 10002d50 f i Interpolator.obj
 0001:00001d90       ??0?$_Vector_const_iterator@HV?$allocator@H@std@@@std@@QAE@PAHPBU_Container_base@1@@Z 10002d90 f i Interpolator.obj
 0001:00001dc0       ??G?$_Vector_const_iterator@HV?$allocator@H@std@@@std@@QBEHABV01@@Z 10002dc0 f i Interpolator.obj
 0001:00001de0       ??8?$_Vector_const_iterator@HV?$allocator@H@std@@@std@@QBE_NABV01@@Z 10002de0 f i Interpolator.obj
 0001:00001e00       ??0?$_Ranit@HHPBHABH@std@@QAE@XZ 10002e00 f i Interpolator.obj
 0001:00001e10       ??Y?$_Vector_const_iterator@NV?$allocator@N@std@@@std@@QAEAAV01@H@Z 10002e10 f i Interpolator.obj
 0001:00001e50       ??Y?$_Vector_const_iterator@HV?$allocator@H@std@@@std@@QAEAAV01@H@Z 10002e50 f i Interpolator.obj
 0001:00001e90       ??$dv_cast_with_verification@N@@YANABVDataVariant@@ABN@Z 10002e90 f i Interpolator.obj
 0001:00001f90       ??$_Umove@V?$_Vector_iterator@NV?$allocator@N@std@@@std@@@?$vector@NV?$allocator@N@std@@@std@@IAEPANV?$_Vector_iterator@NV?$allocator@N@std@@@1@0PAN@Z 10002f90 f i Interpolator.obj
 0001:00001fc0       ??$_Umove@V?$_Vector_iterator@HV?$allocator@H@std@@@std@@@?$vector@HV?$allocator@H@std@@@std@@IAEPAHV?$_Vector_iterator@HV?$allocator@H@std@@@1@0PAH@Z 10002fc0 f i Interpolator.obj
 0001:00001ff0       ??$unchecked_copy@PANPAN@stdext@@YAPANPAN00@Z 10002ff0 f i Interpolator.obj
 0001:00002020       ??$_Destroy_range@NV?$allocator@N@std@@@std@@YAXPAN0AAV?$allocator@N@0@@Z 10003020 f i Interpolator.obj
 0001:00002030       ??$unchecked_uninitialized_fill_n@PANINV?$allocator@N@std@@@stdext@@YAXPANIABNAAV?$allocator@N@std@@@Z 10003030 f i Interpolator.obj
 0001:00002050       ??$_Allocate@N@std@@YAPANIPAN@Z 10003050 f i Interpolator.obj
 0001:000020a0       ??$unchecked_copy@PAHPAH@stdext@@YAPAHPAH00@Z 100030a0 f i Interpolator.obj
 0001:000020d0       ??$_Destroy_range@HV?$allocator@H@std@@@std@@YAXPAH0AAV?$allocator@H@0@@Z 100030d0 f i Interpolator.obj
 0001:000020e0       ??$unchecked_uninitialized_fill_n@PAHIHV?$allocator@H@std@@@stdext@@YAXPAHIABHAAV?$allocator@H@std@@@Z 100030e0 f i Interpolator.obj
 0001:00002100       ??$_Allocate@H@std@@YAPAHIPAH@Z 10003100 f i Interpolator.obj
 0001:00002150       ??$_Umove@PAN@?$vector@NV?$allocator@N@std@@@std@@IAEPANPAN00@Z 10003150 f i Interpolator.obj
 0001:00002180       ??$fill@PANN@std@@YAXPAN0ABN@Z 10003180 f i Interpolator.obj
 0001:000021a0       ??$_Unchecked_move_backward@PANPAN@stdext@@YAPANPAN00@Z 100031a0 f i Interpolator.obj
 0001:000021d0       ??$_Umove@PAH@?$vector@HV?$allocator@H@std@@@std@@IAEPAHPAH00@Z 100031d0 f i Interpolator.obj
 0001:00002200       ??$fill@PAHH@std@@YAXPAH0ABH@Z 10003200 f i Interpolator.obj
 0001:00002210       ??$_Unchecked_move_backward@PAHPAH@stdext@@YAPAHPAH00@Z 10003210 f i Interpolator.obj
 0001:00002240       ??0bad_alloc@std@@QAE@ABV01@@Z 10003240 f i Interpolator.obj
 0001:00002260       ??$getValue@N@DataVariant@@QBE_NAAN@Z 10003260 f i Interpolator.obj
 0001:000022a0       ??$getPointerToValue@N@DataVariant@@QBEPBNXZ 100032a0 f i Interpolator.obj
 0001:000022d0       ??$_Unchecked_uninitialized_move@V?$_Vector_iterator@NV?$allocator@N@std@@@std@@PANV?$allocator@N@2@@stdext@@YAPANV?$_Vector_iterator@NV?$allocator@N@std@@@std@@0PANAAV?$allocator@N@2@@Z 100032d0 f i Interpolator.obj
 0001:00002300       ??$_Unchecked_uninitialized_move@V?$_Vector_iterator@HV?$allocator@H@std@@@std@@PAHV?$allocator@H@2@@stdext@@YAPAHV?$_Vector_iterator@HV?$allocator@H@std@@@std@@0PAHAAV?$allocator@H@2@@Z 10003300 f i Interpolator.obj
 0001:00002330       ??$_Checked_base@PAN@std@@YAPANAAPAN@Z 10003330 f i Interpolator.obj
 0001:00002340       ??$_Iter_random@PANPAN@std@@YA?AUrandom_access_iterator_tag@0@ABQAN0@Z 10003340 f i Interpolator.obj
 0001:00002350       ??$_Ptr_cat@PANPAN@std@@YA?AU_Scalar_ptr_iterator_tag@0@AAPAN0@Z 10003350 f i Interpolator.obj
 0001:00002360       ??$_Copy_opt@PANPANUrandom_access_iterator_tag@std@@@std@@YAPANPAN00Urandom_access_iterator_tag@0@U_Scalar_ptr_iterator_tag@0@U_Range_checked_iterator_tag@0@@Z 10003360 f i Interpolator.obj
 0001:00002380       ??$_Destroy_range@NV?$allocator@N@std@@@std@@YAXPAN0AAV?$allocator@N@0@U_Scalar_ptr_iterator_tag@0@@Z 10003380 f i Interpolator.obj
 0001:00002390       ??$_Uninit_fill_n@PANINV?$allocator@N@std@@@std@@YAXPANIABNAAV?$allocator@N@0@U_Scalar_ptr_iterator_tag@0@U_Range_checked_iterator_tag@0@@Z 10003390 f i Interpolator.obj
 0001:000023b0       ??$_Checked_base@PAH@std@@YAPAHAAPAH@Z 100033b0 f i Interpolator.obj
 0001:000023c0       ??$_Iter_random@PAHPAH@std@@YA?AUrandom_access_iterator_tag@0@ABQAH0@Z 100033c0 f i Interpolator.obj
 0001:000023d0       ??$_Ptr_cat@PAHPAH@std@@YA?AU_Scalar_ptr_iterator_tag@0@AAPAH0@Z 100033d0 f i Interpolator.obj
 0001:000023e0       ??$_Copy_opt@PAHPAHUrandom_access_iterator_tag@std@@@std@@YAPAHPAH00Urandom_access_iterator_tag@0@U_Scalar_ptr_iterator_tag@0@U_Range_checked_iterator_tag@0@@Z 100033e0 f i Interpolator.obj
 0001:00002400       ??$_Destroy_range@HV?$allocator@H@std@@@std@@YAXPAH0AAV?$allocator@H@0@U_Scalar_ptr_iterator_tag@0@@Z 10003400 f i Interpolator.obj
 0001:00002410       ??$_Uninit_fill_n@PAHIHV?$allocator@H@std@@@std@@YAXPAHIABHAAV?$allocator@H@0@U_Scalar_ptr_iterator_tag@0@U_Range_checked_iterator_tag@0@@Z 10003410 f i Interpolator.obj
 0001:00002430       ??$_Unchecked_uninitialized_move@PANPANV?$allocator@N@std@@@stdext@@YAPANPAN00AAV?$allocator@N@std@@@Z 10003430 f i Interpolator.obj
 0001:00002460       ??$_Fill@PANN@std@@YAXPAN0ABN@Z 10003460 f i Interpolator.obj
 0001:00002480       ??$_Move_cat@PAN@std@@YA?AU_Undefined_move_tag@0@ABQAN@Z 10003480 f i Interpolator.obj
 0001:00002490       ??$_Move_backward_opt@PANPANUrandom_access_iterator_tag@std@@U_Undefined_move_tag@2@@std@@YAPANPAN00Urandom_access_iterator_tag@0@U_Undefined_move_tag@0@U_Range_checked_iterator_tag@0@@Z 10003490 f i Interpolator.obj
 0001:000024c0       ??$_Unchecked_uninitialized_move@PAHPAHV?$allocator@H@std@@@stdext@@YAPAHPAH00AAV?$allocator@H@std@@@Z 100034c0 f i Interpolator.obj
 0001:000024f0       ??$_Fill@PAHH@std@@YAXPAH0ABH@Z 100034f0 f i Interpolator.obj
 0001:00002500       ??$_Move_cat@PAH@std@@YA?AU_Undefined_move_tag@0@ABQAH@Z 10003500 f i Interpolator.obj
 0001:00002510       ??$_Move_backward_opt@PAHPAHUrandom_access_iterator_tag@std@@U_Undefined_move_tag@2@@std@@YAPAHPAH00Urandom_access_iterator_tag@0@U_Undefined_move_tag@0@U_Range_checked_iterator_tag@0@@Z 10003510 f i Interpolator.obj
 0001:00002540       ??$getPointerToValue@N@DataVariant@@QAEPANXZ 10003540 f i Interpolator.obj
 0001:00002570       ??$_Checked_base@V?$_Vector_iterator@NV?$allocator@N@std@@@std@@@std@@YAPANAAV?$_Vector_iterator@NV?$allocator@N@std@@@0@@Z 10003570 f i Interpolator.obj
 0001:00002580       ??$_Uninit_move@PANPANV?$allocator@N@std@@U_Undefined_move_tag@2@@std@@YAPANPAN00AAV?$allocator@N@0@U_Undefined_move_tag@0@U_Range_checked_iterator_tag@0@@Z 10003580 f i Interpolator.obj
 0001:000025b0       ??$_Checked_base@V?$_Vector_iterator@HV?$allocator@H@std@@@std@@@std@@YAPAHAAV?$_Vector_iterator@HV?$allocator@H@std@@@0@@Z 100035b0 f i Interpolator.obj
 0001:000025c0       ??$_Uninit_move@PAHPAHV?$allocator@H@std@@U_Undefined_move_tag@2@@std@@YAPAHPAH00AAV?$allocator@H@0@U_Undefined_move_tag@0@U_Range_checked_iterator_tag@0@@Z 100035c0 f i Interpolator.obj
 0001:000025f0       ??$_Checked_base@PAN@std@@YAPANAAPANU_Unchanged_checked_iterator_base_type_tag@0@@Z 100035f0 f i Interpolator.obj
 0001:00002600       ??$unchecked_fill_n@PANIN@stdext@@YAXPANIABN@Z 10003600 f i Interpolator.obj
 0001:00002620       ??$_Checked_base@PAH@std@@YAPAHAAPAHU_Unchanged_checked_iterator_base_type_tag@0@@Z 10003620 f i Interpolator.obj
 0001:00002630       ??$unchecked_fill_n@PAHIH@stdext@@YAXPAHIABH@Z 10003630 f i Interpolator.obj
 0001:00002650       ??$_Copy_backward_opt@PANPANUrandom_access_iterator_tag@std@@@std@@YAPANPAN00Urandom_access_iterator_tag@0@U_Scalar_ptr_iterator_tag@0@U_Range_checked_iterator_tag@0@@Z 10003650 f i Interpolator.obj
 0001:00002670       ??$_Copy_backward_opt@PAHPAHUrandom_access_iterator_tag@std@@@std@@YAPAHPAH00Urandom_access_iterator_tag@0@U_Scalar_ptr_iterator_tag@0@U_Range_checked_iterator_tag@0@@Z 10003670 f i Interpolator.obj
 0001:00002690       ??$_Checked_base@V?$_Vector_iterator@NV?$allocator@N@std@@@std@@U_Different_checked_iterator_base_type_tag@2@@std@@YAPANAAV?$_Vector_iterator@NV?$allocator@N@std@@@0@U_Different_checked_iterator_base_type_tag@0@@Z 10003690 f i Interpolator.obj
 0001:000026a0       ??$unchecked_uninitialized_copy@PANPANV?$allocator@N@std@@@stdext@@YAPANPAN00AAV?$allocator@N@std@@@Z 100036a0 f i Interpolator.obj
 0001:000026d0       ??$_Checked_base@V?$_Vector_iterator@HV?$allocator@H@std@@@std@@U_Different_checked_iterator_base_type_tag@2@@std@@YAPAHAAV?$_Vector_iterator@HV?$allocator@H@std@@@0@U_Different_checked_iterator_base_type_tag@0@@Z 100036d0 f i Interpolator.obj
 0001:000026e0       ??$unchecked_uninitialized_copy@PAHPAHV?$allocator@H@std@@@stdext@@YAPAHPAH00AAV?$allocator@H@std@@@Z 100036e0 f i Interpolator.obj
 0001:00002710       ??$_Iter_cat@PAN@std@@YA?AUrandom_access_iterator_tag@0@ABQAN@Z 10003710 f i Interpolator.obj
 0001:00002720       ??$_Fill_n@PANIN@std@@YAXPANIABNUrandom_access_iterator_tag@0@U_Range_checked_iterator_tag@0@@Z 10003720 f i Interpolator.obj
 0001:00002740       ??$_Iter_cat@PAH@std@@YA?AUrandom_access_iterator_tag@0@ABQAH@Z 10003740 f i Interpolator.obj
 0001:00002750       ??$_Fill_n@PAHIH@std@@YAXPAHIABHUrandom_access_iterator_tag@0@U_Range_checked_iterator_tag@0@@Z 10003750 f i Interpolator.obj
 0001:00002770       ?_Checked_iterator_base@?$_Vector_iterator@NV?$allocator@N@std@@@std@@QBEPANXZ 10003770 f i Interpolator.obj
 0001:00002780       ?_Checked_iterator_base@?$_Vector_iterator@HV?$allocator@H@std@@@std@@QBEPAHXZ 10003780 f i Interpolator.obj
 0001:00002790       ??$_Uninit_copy@PANPANV?$allocator@N@std@@@std@@YAPANPAN00AAV?$allocator@N@0@U_Scalar_ptr_iterator_tag@0@U_Range_checked_iterator_tag@0@@Z 10003790 f i Interpolator.obj
 0001:000027b0       ??$_Uninit_copy@PAHPAHV?$allocator@H@std@@@std@@YAPAHPAH00AAV?$allocator@H@0@U_Scalar_ptr_iterator_tag@0@U_Range_checked_iterator_tag@0@@Z 100037b0 f i Interpolator.obj
 0001:000027d0       ??$_Fill_n@PANIN@std@@YAXPANIABNU_Range_checked_iterator_tag@0@@Z 100037d0 f i Interpolator.obj
 0001:000027f0       ??$_Fill_n@PAHIH@std@@YAXPAHIABHU_Range_checked_iterator_tag@0@@Z 100037f0 f i Interpolator.obj
 0001:00002810       ??0LinearInterpolator@@QAE@ABV?$vector@NV?$allocator@N@std@@@std@@0N@Z 10003810 f   LinearInterpolator.obj
 0001:00002830       ?resamplePoint@LinearInterpolator@@EAENUIndexPair@@NN@Z 10003830 f   LinearInterpolator.obj
 0001:00002960       ??2@YAPAXIPAX@Z            10003960 f i ModuleManager.obj
 0001:00002970       ??3@YAXPAX0@Z              10003970 f i ModuleManager.obj
 0001:00002980       ??RFactoryPtrComparator@@QAE_NU?$pair@V?$basic_string@DU?$char_traits@D@std@@V?$allocator@D@2@@std@@PAVPlugInFactory@@@std@@0@Z 10003980 f i ModuleManager.obj
 0001:00002ad0       ??1?$pair@V?$basic_string@DU?$char_traits@D@std@@V?$allocator@D@2@@std@@PAVPlugInFactory@@@std@@QAE@XZ 10003ad0 f i ModuleManager.obj
 0001:00002ae0       ?setService@ModuleManager@@QAEXPAVExternal@@@Z 10003ae0 f i ModuleManager.obj
 0001:00002af0       ?factories@SpectralResampler@@YAAAV?$vector@U?$pair@V?$basic_string@DU?$char_traits@D@std@@V?$allocator@D@2@@std@@PAVPlugInFactory@@@std@@V?$allocator@U?$pair@V?$basic_string@DU?$char_traits@D@std@@V?$allocator@D@2@@std@@PAVPlugInFactory@@@std@@@2@@std@@XZ 10003af0 f   ModuleManager.obj
 0001:00002b50       ?addFactory@SpectralResampler@@YAXPAVPlugInFactory@@@Z 10003b50 f   ModuleManager.obj
 0001:00002cb0       ?getPlugIn@SpectralResampler@@YAPAVPlugIn@@I@Z 10003cb0 f   ModuleManager.obj
 0001:00002d80       _opticks_get_module_descriptor 10003d80 f   ModuleManager.obj
 0001:00002d90       _SpectralResamplerInstantiatePlugIn 10003d90 f   ModuleManager.obj
 0001:00002dc0       ?getTotalPlugIns@ModuleManager@@SAIXZ 10003dc0 f   ModuleManager.obj
 0001:00002dd0       ?getPlugIn@ModuleManager@@QAEPAVPlugIn@@I@Z 10003dd0 f   ModuleManager.obj
 0001:00002de0       ??1?$vector@V?$basic_string@DU?$char_traits@D@std@@V?$allocator@D@2@@std@@V?$allocator@V?$basic_string@DU?$char_traits@D@std@@V?$allocator@D@2@@std@@@2@@std@@QAE@XZ 10003de0 f i ModuleManager.obj
 0001:00002df0       ?begin@?$vector@V?$basic_string@DU?$char_traits@D@std@@V?$allocator@D@2@@std@@V?$allocator@V?$basic_string@DU?$char_traits@D@std@@V?$allocator@D@2@@std@@@2@@std@@QAE?AV?$_Vector_iterator@V?$basic_string@DU?$char_traits@D@std@@V?$allocator@D@2@@std@@V?$allocator@V?$basic_string@DU?$char_traits@D@std@@V?$allocator@D@2@@std@@@2@@2@XZ 10003df0 f i ModuleManager.obj
 0001:00002e10       ?end@?$vector@V?$basic_string@DU?$char_traits@D@std@@V?$allocator@D@2@@std@@V?$allocator@V?$basic_string@DU?$char_traits@D@std@@V?$allocator@D@2@@std@@@2@@std@@QAE?AV?$_Vector_iterator@V?$basic_string@DU?$char_traits@D@std@@V?$allocator@D@2@@std@@V?$allocator@V?$basic_string@DU?$char_traits@D@std@@V?$allocator@D@2@@std@@@2@@2@XZ 10003e10 f i ModuleManager.obj
 0001:00002e30       ??0?$vector@U?$pair@V?$basic_string@DU?$char_traits@D@std@@V?$allocator@D@2@@std@@PAVPlugInFactory@@@std@@V?$allocator@U?$pair@V?$basic_string@DU?$char_traits@D@std@@V?$allocator@D@2@@std@@PAVPlugInFactory@@@std@@@2@@std@@QAE@XZ 10003e30 f i ModuleManager.obj
 0001:00002e50       ??1?$vector@U?$pair@V?$basic_string@DU?$char_traits@D@std@@V?$allocator@D@2@@std@@PAVPlugInFactory@@@std@@V?$allocator@U?$pair@V?$basic_string@DU?$char_traits@D@std@@V?$allocator@D@2@@std@@PAVPlugInFactory@@@std@@@2@@std@@QAE@XZ 10003e50 f i ModuleManager.obj
 0001:00002e60       ?begin@?$vector@U?$pair@V?$basic_string@DU?$char_traits@D@std@@V?$allocator@D@2@@std@@PAVPlugInFactory@@@std@@V?$allocator@U?$pair@V?$basic_string@DU?$char_traits@D@std@@V?$allocator@D@2@@std@@PAVPlugInFactory@@@std@@@2@@std@@QAE?AV?$_Vector_iterator@U?$pair@V?$basic_string@DU?$char_traits@D@std@@V?$allocator@D@2@@std@@PAVPlugInFactory@@@std@@V?$allocator@U?$pair@V?$basic_string@DU?$char_traits@D@std@@V?$allocator@D@2@@std@@PAVPlugInFactory@@@std@@@2@@2@XZ 10003e60 f i ModuleManager.obj
 0001:00002e80       ?end@?$vector@U?$pair@V?$basic_string@DU?$char_traits@D@std@@V?$allocator@D@2@@std@@PAVPlugInFactory@@@std@@V?$allocator@U?$pair@V?$basic_string@DU?$char_traits@D@std@@V?$allocator@D@2@@std@@PAVPlugInFactory@@@std@@@2@@std@@QAE?AV?$_Vector_iterator@U?$pair@V?$basic_string@DU?$char_traits@D@std@@V?$allocator@D@2@@std@@PAVPlugInFactory@@@std@@V?$allocator@U?$pair@V?$basic_string@DU?$char_traits@D@std@@V?$allocator@D@2@@std@@PAVPlugInFactory@@@std@@@2@@2@XZ 10003e80 f i ModuleManager.obj
 0001:00002ea0       ?size@?$vector@U?$pair@V?$basic_string@DU?$char_traits@D@std@@V?$allocator@D@2@@std@@PAVPlugInFactory@@@std@@V?$allocator@U?$pair@V?$basic_string@DU?$char_traits@D@std@@V?$allocator@D@2@@std@@PAVPlugInFactory@@@std@@@2@@std@@QBEIXZ 10003ea0 f i ModuleManager.obj
 0001:00002ec0       ??A?$vector@U?$pair@V?$basic_string@DU?$char_traits@D@std@@V?$allocator@D@2@@std@@PAVPlugInFactory@@@std@@V?$allocator@U?$pair@V?$basic_string@DU?$char_traits@D@std@@V?$allocator@D@2@@std@@PAVPlugInFactory@@@std@@@2@@std@@QAEAAU?$pair@V?$basic_string@DU?$char_traits@D@std@@V?$allocator@D@2@@std@@PAVPlugInFactory@@@1@I@Z 10003ec0 f i ModuleManager.obj
 0001:00002ef0       ?push_back@?$vector@U?$pair@V?$basic_string@DU?$char_traits@D@std@@V?$allocator@D@2@@std@@PAVPlugInFactory@@@std@@V?$allocator@U?$pair@V?$basic_string@DU?$char_traits@D@std@@V?$allocator@D@2@@std@@PAVPlugInFactory@@@std@@@2@@std@@QAEXABU?$pair@V?$basic_string@DU?$char_traits@D@std@@V?$allocator@D@2@@std@@PAVPlugInFactory@@@2@@Z 10003ef0 f i ModuleManager.obj
 0001:00002f70       ??D?$_Vector_iterator@V?$basic_string@DU?$char_traits@D@std@@V?$allocator@D@2@@std@@V?$allocator@V?$basic_string@DU?$char_traits@D@std@@V?$allocator@D@2@@std@@@2@@std@@QBEAAV?$basic_string@DU?$char_traits@D@std@@V?$allocator@D@2@@1@XZ 10003f70 f i ModuleManager.obj
 0001:00002fa0       ??E?$_Vector_iterator@V?$basic_string@DU?$char_traits@D@std@@V?$allocator@D@2@@std@@V?$allocator@V?$basic_string@DU?$char_traits@D@std@@V?$allocator@D@2@@std@@@2@@std@@QAEAAV01@XZ 10003fa0 f i ModuleManager.obj
 0001:00002fd0       ??9?$_Vector_const_iterator@V?$basic_string@DU?$char_traits@D@std@@V?$allocator@D@2@@std@@V?$allocator@V?$basic_string@DU?$char_traits@D@std@@V?$allocator@D@2@@std@@@2@@std@@QBE_NABV01@@Z 10003fd0 f i ModuleManager.obj
 0001:00002ff0       ?_Destroy@?$vector@V?$basic_string@DU?$char_traits@D@std@@V?$allocator@D@2@@std@@V?$allocator@V?$basic_string@DU?$char_traits@D@std@@V?$allocator@D@2@@std@@@2@@std@@IAEXPAV?$basic_string@DU?$char_traits@D@std@@V?$allocator@D@2@@2@0@Z 10003ff0 f i ModuleManager.obj
 0001:00003020       ?_Tidy@?$vector@V?$basic_string@DU?$char_traits@D@std@@V?$allocator@D@2@@std@@V?$allocator@V?$basic_string@DU?$char_traits@D@std@@V?$allocator@D@2@@std@@@2@@std@@IAEXXZ 10004020 f i ModuleManager.obj
 0001:00003070       ?deallocate@?$allocator@V?$basic_string@DU?$char_traits@D@std@@V?$allocator@D@2@@std@@@std@@QAEXPAV?$basic_string@DU?$char_traits@D@std@@V?$allocator@D@2@@2@I@Z 10004070 f i ModuleManager.obj
 0001:00003080       ?capacity@?$vector@U?$pair@V?$basic_string@DU?$char_traits@D@std@@V?$allocator@D@2@@std@@PAVPlugInFactory@@@std@@V?$allocator@U?$pair@V?$basic_string@DU?$char_traits@D@std@@V?$allocator@D@2@@std@@PAVPlugInFactory@@@std@@@2@@std@@QBEIXZ 10004080 f i ModuleManager.obj
 0001:000030a0       ?insert@?$vector@U?$pair@V?$basic_string@DU?$char_traits@D@std@@V?$allocator@D@2@@std@@PAVPlugInFactory@@@std@@V?$allocator@U?$pair@V?$basic_string@DU?$char_traits@D@std@@V?$allocator@D@2@@std@@PAVPlugInFactory@@@std@@@2@@std@@QAE?AV?$_Vector_iterator@U?$pair@V?$basic_string@DU?$char_traits@D@std@@V?$allocator@D@2@@std@@PAVPlugInFactory@@@std@@V?$allocator@U?$pair@V?$basic_string@DU?$char_traits@D@std@@V?$allocator@D@2@@std@@PAVPlugInFactory@@@std@@@2@@2@V32@ABU?$pair@V?$basic_string@DU?$char_traits@D@std@@V?$allocator@D@2@@std@@PAVPlugInFactory@@@2@@Z 100040a0 f i ModuleManager.obj
 0001:00003130       ?_Buy@?$vector@U?$pair@V?$basic_string@DU?$char_traits@D@std@@V?$allocator@D@2@@std@@PAVPlugInFactory@@@std@@V?$allocator@U?$pair@V?$basic_string@DU?$char_traits@D@std@@V?$allocator@D@2@@std@@PAVPlugInFactory@@@std@@@2@@std@@IAE_NI@Z 10004130 f i ModuleManager.obj
 0001:00003160       ?_Tidy@?$vector@U?$pair@V?$basic_string@DU?$char_traits@D@std@@V?$allocator@D@2@@std@@PAVPlugInFactory@@@std@@V?$allocator@U?$pair@V?$basic_string@DU?$char_traits@D@std@@V?$allocator@D@2@@std@@PAVPlugInFactory@@@std@@@2@@std@@IAEXXZ 10004160 f i ModuleManager.obj
 0001:000031c0       ?_Ufill@?$vector@U?$pair@V?$basic_string@DU?$char_traits@D@std@@V?$allocator@D@2@@std@@PAVPlugInFactory@@@std@@V?$allocator@U?$pair@V?$basic_string@DU?$char_traits@D@std@@V?$allocator@D@2@@std@@PAVPlugInFactory@@@std@@@2@@std@@IAEPAU?$pair@V?$basic_string@DU?$char_traits@D@std@@V?$allocator@D@2@@std@@PAVPlugInFactory@@@2@PAU32@IABU32@@Z 100041c0 f i ModuleManager.obj
 0001:000031f0       ??0?$_Vector_val@U?$pair@V?$basic_string@DU?$char_traits@D@std@@V?$allocator@D@2@@std@@PAVPlugInFactory@@@std@@V?$allocator@U?$pair@V?$basic_string@DU?$char_traits@D@std@@V?$allocator@D@2@@std@@PAVPlugInFactory@@@std@@@2@@std@@IAE@V?$allocator@U?$pair@V?$basic_string@DU?$char_traits@D@std@@V?$allocator@D@2@@std@@PAVPlugInFactory@@@std@@@1@@Z 100041f0 f i ModuleManager.obj
 0001:00003200       ??0?$allocator@U?$pair@V?$basic_string@DU?$char_traits@D@std@@V?$allocator@D@2@@std@@PAVPlugInFactory@@@std@@@std@@QAE@XZ 10004200 f i ModuleManager.obj
 0001:00003210       ??0?$_Vector_iterator@V?$basic_string@DU?$char_traits@D@std@@V?$allocator@D@2@@std@@V?$allocator@V?$basic_string@DU?$char_traits@D@std@@V?$allocator@D@2@@std@@@2@@std@@QAE@PAV?$basic_string@DU?$char_traits@D@std@@V?$allocator@D@2@@1@PBU_Container_base@1@@Z 10004210 f i ModuleManager.obj
 0001:00003240       ??D?$_Vector_const_iterator@V?$basic_string@DU?$char_traits@D@std@@V?$allocator@D@2@@std@@V?$allocator@V?$basic_string@DU?$char_traits@D@std@@V?$allocator@D@2@@std@@@2@@std@@QBEABV?$basic_string@DU?$char_traits@D@std@@V?$allocator@D@2@@1@XZ 10004240 f i ModuleManager.obj
 0001:00003270       ??E?$_Vector_const_iterator@V?$basic_string@DU?$char_traits@D@std@@V?$allocator@D@2@@std@@V?$allocator@V?$basic_string@DU?$char_traits@D@std@@V?$allocator@D@2@@std@@@2@@std@@QAEAAV01@XZ 10004270 f i ModuleManager.obj
 0001:000032a0       ??8?$_Vector_const_iterator@V?$basic_string@DU?$char_traits@D@std@@V?$allocator@D@2@@std@@V?$allocator@V?$basic_string@DU?$char_traits@D@std@@V?$allocator@D@2@@std@@@2@@std@@QBE_NABV01@@Z 100042a0 f i ModuleManager.obj
 0001:000032c0       ??0?$_Vector_iterator@U?$pair@V?$basic_string@DU?$char_traits@D@std@@V?$allocator@D@2@@std@@PAVPlugInFactory@@@std@@V?$allocator@U?$pair@V?$basic_string@DU?$char_traits@D@std@@V?$allocator@D@2@@std@@PAVPlugInFactory@@@std@@@2@@std@@QAE@PAU?$pair@V?$basic_string@DU?$char_traits@D@std@@V?$allocator@D@2@@std@@PAVPlugInFactory@@@1@PBU_Container_base@1@@Z 100042c0 f i ModuleManager.obj
 0001:000032f0       ?max_size@?$vector@U?$pair@V?$basic_string@DU?$char_traits@D@std@@V?$allocator@D@2@@std@@PAVPlugInFactory@@@std@@V?$allocator@U?$pair@V?$basic_string@DU?$char_traits@D@std@@V?$allocator@D@2@@std@@PAVPlugInFactory@@@std@@@2@@std@@QBEIXZ 100042f0 f i ModuleManager.obj
 0001:00003300       ?_Destroy@?$vector@U?$pair@V?$basic_string@DU?$char_traits@D@std@@V?$allocator@D@2@@std@@PAVPlugInFactory@@@std@@V?$allocator@U?$pair@V?$basic_string@DU?$char_traits@D@std@@V?$allocator@D@2@@std@@PAVPlugInFactory@@@std@@@2@@std@@IAEXPAU?$pair@V?$basic_string@DU?$char_traits@D@std@@V?$allocator@D@2@@std@@PAVPlugInFactory@@@2@0@Z 10004300 f i ModuleManager.obj
 0001:00003320       ?_Insert_n@?$vector@U?$pair@V?$basic_string@DU?$char_traits@D@std@@V?$allocator@D@2@@std@@PAVPlugInFactory@@@std@@V?$allocator@U?$pair@V?$basic_string@DU?$char_traits@D@std@@V?$allocator@D@2@@std@@PAVPlugInFactory@@@std@@@2@@std@@IAEXV?$_Vector_iterator@U?$pair@V?$basic_string@DU?$char_traits@D@std@@V?$allocator@D@2@@std@@PAVPlugInFactory@@@std@@V?$allocator@U?$pair@V?$basic_string@DU?$char_traits@D@std@@V?$allocator@D@2@@std@@PAVPlugInFactory@@@std@@@2@@2@IABU?$pair@V?$basic_string@DU?$char_traits@D@std@@V?$allocator@D@2@@std@@PAVPlugInFactory@@@2@@Z 10004320 f i ModuleManager.obj
 0001:000035a0       ?_Xlen@?$vector@U?$pair@V?$basic_string@DU?$char_traits@D@std@@V?$allocator@D@2@@std@@PAVPlugInFactory@@@std@@V?$allocator@U?$pair@V?$basic_string@DU?$char_traits@D@std@@V?$allocator@D@2@@std@@PAVPlugInFactory@@@std@@@2@@std@@KAXXZ 100045a0 f i ModuleManager.obj
 0001:00003620       ??0?$allocator@U?$pair@V?$basic_string@DU?$char_traits@D@std@@V?$allocator@D@2@@std@@PAVPlugInFactory@@@std@@@std@@QAE@ABV01@@Z 10004620 f i ModuleManager.obj
 0001:00003630       ?deallocate@?$allocator@U?$pair@V?$basic_string@DU?$char_traits@D@std@@V?$allocator@D@2@@std@@PAVPlugInFactory@@@std@@@std@@QAEXPAU?$pair@V?$basic_string@DU?$char_traits@D@std@@V?$allocator@D@2@@std@@PAVPlugInFactory@@@2@I@Z 10004630 f i ModuleManager.obj
 0001:00003640       ?allocate@?$allocator@U?$pair@V?$basic_string@DU?$char_traits@D@std@@V?$allocator@D@2@@std@@PAVPlugInFactory@@@std@@@std@@QAEPAU?$pair@V?$basic_string@DU?$char_traits@D@std@@V?$allocator@D@2@@std@@PAVPlugInFactory@@@2@I@Z 10004640 f i ModuleManager.obj
 0001:000036a0       ??0?$_Vector_const_iterator@V?$basic_string@DU?$char_traits@D@std@@V?$allocator@D@2@@std@@V?$allocator@V?$basic_string@DU?$char_traits@D@std@@V?$allocator@D@2@@std@@@2@@std@@QAE@PAV?$basic_string@DU?$char_traits@D@std@@V?$allocator@D@2@@1@PBU_Container_base@1@@Z 100046a0 f i ModuleManager.obj
 0001:000036d0       ??H?$_Vector_iterator@U?$pair@V?$basic_string@DU?$char_traits@D@std@@V?$allocator@D@2@@std@@PAVPlugInFactory@@@std@@V?$allocator@U?$pair@V?$basic_string@DU?$char_traits@D@std@@V?$allocator@D@2@@std@@PAVPlugInFactory@@@std@@@2@@std@@QBE?AV01@H@Z 100046d0 f i ModuleManager.obj
 0001:00003710       ??G?$_Vector_iterator@U?$pair@V?$basic_string@DU?$char_traits@D@std@@V?$allocator@D@2@@std@@PAVPlugInFactory@@@std@@V?$allocator@U?$pair@V?$basic_string@DU?$char_traits@D@std@@V?$allocator@D@2@@std@@PAVPlugInFactory@@@std@@@2@@std@@QBEHABV?$_Vector_const_iterator@U?$pair@V?$basic_string@DU?$char_traits@D@std@@V?$allocator@D@2@@std@@PAVPlugInFactory@@@std@@V?$allocator@U?$pair@V?$basic_string@DU?$char_traits@D@std@@V?$allocator@D@2@@std@@PAVPlugInFactory@@@std@@@2@@1@@Z 10004710 f i ModuleManager.obj
 0001:00003730       ??0?$_Vector_const_iterator@U?$pair@V?$basic_string@DU?$char_traits@D@std@@V?$allocator@D@2@@std@@PAVPlugInFactory@@@std@@V?$allocator@U?$pair@V?$basic_string@DU?$char_traits@D@std@@V?$allocator@D@2@@std@@PAVPlugInFactory@@@std@@@2@@std@@QAE@PAU?$pair@V?$basic_string@DU?$char_traits@D@std@@V?$allocator@D@2@@std@@PAVPlugInFactory@@@1@PBU_Container_base@1@@Z 10004730 f i ModuleManager.obj
 0001:00003760       ??0?$pair@V?$basic_string@DU?$char_traits@D@std@@V?$allocator@D@2@@std@@PAVPlugInFactory@@@std@@QAE@ABU01@@Z 10004760 f i ModuleManager.obj
 0001:00003780       ??0?$_Ranit@V?$basic_string@DU?$char_traits@D@std@@V?$allocator@D@2@@std@@HPBV12@ABV12@@std@@QAE@XZ 10004780 f i ModuleManager.obj
 0001:00003790       ??0?$_Ranit@U?$pair@V?$basic_string@DU?$char_traits@D@std@@V?$allocator@D@2@@std@@PAVPlugInFactory@@@std@@HPBU12@ABU12@@std@@QAE@XZ 10004790 f i ModuleManager.obj
 0001:000037a0       ?max_size@?$allocator@U?$pair@V?$basic_string@DU?$char_traits@D@std@@V?$allocator@D@2@@std@@PAVPlugInFactory@@@std@@@std@@QBEIXZ 100047a0 f i ModuleManager.obj
 0001:000037b0       ??Y?$_Vector_iterator@U?$pair@V?$basic_string@DU?$char_traits@D@std@@V?$allocator@D@2@@std@@PAVPlugInFactory@@@std@@V?$allocator@U?$pair@V?$basic_string@DU?$char_traits@D@std@@V?$allocator@D@2@@std@@PAVPlugInFactory@@@std@@@2@@std@@QAEAAV01@H@Z 100047b0 f i ModuleManager.obj
 0001:000037e0       ??G?$_Vector_const_iterator@U?$pair@V?$basic_string@DU?$char_traits@D@std@@V?$allocator@D@2@@std@@PAVPlugInFactory@@@std@@V?$allocator@U?$pair@V?$basic_string@DU?$char_traits@D@std@@V?$allocator@D@2@@std@@PAVPlugInFactory@@@std@@@2@@std@@QBEHABV01@@Z 100047e0 f i ModuleManager.obj
 0001:00003800       ??Y?$_Vector_const_iterator@U?$pair@V?$basic_string@DU?$char_traits@D@std@@V?$allocator@D@2@@std@@PAVPlugInFactory@@@std@@V?$allocator@U?$pair@V?$basic_string@DU?$char_traits@D@std@@V?$allocator@D@2@@std@@PAVPlugInFactory@@@std@@@2@@std@@QAEAAV01@H@Z 10004800 f i ModuleManager.obj
 0001:00003830       ??$count@V?$_String_iterator@DU?$char_traits@D@std@@V?$allocator@D@2@@std@@D@std@@YAHV?$_String_iterator@DU?$char_traits@D@std@@V?$allocator@D@2@@0@0ABD@Z 10004830 f i ModuleManager.obj
 0001:00003860       ??$make_pair@V?$basic_string@DU?$char_traits@D@std@@V?$allocator@D@2@@std@@PAVPlugInFactory@@@std@@YA?AU?$pair@V?$basic_string@DU?$char_traits@D@std@@V?$allocator@D@2@@std@@PAVPlugInFactory@@@0@V?$basic_string@DU?$char_traits@D@std@@V?$allocator@D@2@@0@PAVPlugInFactory@@@Z 10004860 f i ModuleManager.obj
 0001:000038d0       ??$sort@V?$_Vector_iterator@U?$pair@V?$basic_string@DU?$char_traits@D@std@@V?$allocator@D@2@@std@@PAVPlugInFactory@@@std@@V?$allocator@U?$pair@V?$basic_string@DU?$char_traits@D@std@@V?$allocator@D@2@@std@@PAVPlugInFactory@@@std@@@2@@std@@UFactoryPtrComparator@@@std@@YAXV?$_Vector_iterator@U?$pair@V?$basic_string@DU?$char_traits@D@std@@V?$allocator@D@2@@std@@PAVPlugInFactory@@@std@@V?$allocator@U?$pair@V?$basic_string@DU?$char_traits@D@std@@V?$allocator@D@2@@std@@PAVPlugInFactory@@@std@@@2@@0@0UFactoryPtrComparator@@@Z 100048d0 f i ModuleManager.obj
 0001:00003910       ??$_Destroy_range@V?$basic_string@DU?$char_traits@D@std@@V?$allocator@D@2@@std@@V?$allocator@V?$basic_string@DU?$char_traits@D@std@@V?$allocator@D@2@@std@@@2@@std@@YAXPAV?$basic_string@DU?$char_traits@D@std@@V?$allocator@D@2@@0@0AAV?$allocator@V?$basic_string@DU?$char_traits@D@std@@V?$allocator@D@2@@std@@@0@@Z 10004910 f i ModuleManager.obj
 0001:00003940       ??$unchecked_uninitialized_fill_n@PAU?$pair@V?$basic_string@DU?$char_traits@D@std@@V?$allocator@D@2@@std@@PAVPlugInFactory@@@std@@IU12@V?$allocator@U?$pair@V?$basic_string@DU?$char_traits@D@std@@V?$allocator@D@2@@std@@PAVPlugInFactory@@@std@@@2@@stdext@@YAXPAU?$pair@V?$basic_string@DU?$char_traits@D@std@@V?$allocator@D@2@@std@@PAVPlugInFactory@@@std@@IABU12@AAV?$allocator@U?$pair@V?$basic_string@DU?$char_traits@D@std@@V?$allocator@D@2@@std@@PAVPlugInFactory@@@std@@@2@@Z 10004940 f i ModuleManager.obj
 0001:00003960       ??$_Destroy_range@U?$pair@V?$basic_string@DU?$char_traits@D@std@@V?$allocator@D@2@@std@@PAVPlugInFactory@@@std@@V?$allocator@U?$pair@V?$basic_string@DU?$char_traits@D@std@@V?$allocator@D@2@@std@@PAVPlugInFactory@@@std@@@2@@std@@YAXPAU?$pair@V?$basic_string@DU?$char_traits@D@std@@V?$allocator@D@2@@std@@PAVPlugInFactory@@@0@0AAV?$allocator@U?$pair@V?$basic_string@DU?$char_traits@D@std@@V?$allocator@D@2@@std@@PAVPlugInFactory@@@std@@@0@@Z 10004960 f i ModuleManager.obj
 0001:00003980       ??$_Umove@PAU?$pair@V?$basic_string@DU?$char_traits@D@std@@V?$allocator@D@2@@std@@PAVPlugInFactory@@@std@@@?$vector@U?$pair@V?$basic_string@DU?$char_traits@D@std@@V?$allocator@D@2@@std@@PAVPlugInFactory@@@std@@V?$allocator@U?$pair@V?$basic_string@DU?$char_traits@D@std@@V?$allocator@D@2@@std@@PAVPlugInFactory@@@std@@@2@@std@@IAEPAU?$pair@V?$basic_string@DU?$char_traits@D@std@@V?$allocator@D@2@@std@@PAVPlugInFactory@@@1@PAU21@00@Z 10004980 f i ModuleManager.obj
 0001:000039b0       ??$fill@PAU?$pair@V?$basic_string@DU?$char_traits@D@std@@V?$allocator@D@2@@std@@PAVPlugInFactory@@@std@@U12@@std@@YAXPAU?$pair@V?$basic_string@DU?$char_traits@D@std@@V?$allocator@D@2@@std@@PAVPlugInFactory@@@0@0ABU10@@Z 100049b0 f i ModuleManager.obj
 0001:000039d0       ??$_Unchecked_move_backward@PAU?$pair@V?$basic_string@DU?$char_traits@D@std@@V?$allocator@D@2@@std@@PAVPlugInFactory@@@std@@PAU12@@stdext@@YAPAU?$pair@V?$basic_string@DU?$char_traits@D@std@@V?$allocator@D@2@@std@@PAVPlugInFactory@@@std@@PAU12@00@Z 100049d0 f i ModuleManager.obj
 0001:00003a10       ??$_Allocate@U?$pair@V?$basic_string@DU?$char_traits@D@std@@V?$allocator@D@2@@std@@PAVPlugInFactory@@@std@@@std@@YAPAU?$pair@V?$basic_string@DU?$char_traits@D@std@@V?$allocator@D@2@@std@@PAVPlugInFactory@@@0@IPAU10@@Z 10004a10 f i ModuleManager.obj
 0001:00003a60       ??0?$pair@V?$basic_string@DU?$char_traits@D@std@@V?$allocator@D@2@@std@@PAVPlugInFactory@@@std@@QAE@ABV?$basic_string@DU?$char_traits@D@std@@V?$allocator@D@2@@1@ABQAVPlugInFactory@@@Z 10004a60 f i ModuleManager.obj
 0001:00003a80       ??$_Checked_base@V?$_String_iterator@DU?$char_traits@D@std@@V?$allocator@D@2@@std@@@std@@YAPADAAV?$_String_iterator@DU?$char_traits@D@std@@V?$allocator@D@2@@0@@Z 10004a80 f i ModuleManager.obj
 0001:00003a90       ??$_Count@PADD@std@@YAHPAD0ABD@Z 10004a90 f i ModuleManager.obj
 0001:00003ac0       ??$_Checked_base@V?$_Vector_iterator@U?$pair@V?$basic_string@DU?$char_traits@D@std@@V?$allocator@D@2@@std@@PAVPlugInFactory@@@std@@V?$allocator@U?$pair@V?$basic_string@DU?$char_traits@D@std@@V?$allocator@D@2@@std@@PAVPlugInFactory@@@std@@@2@@std@@@std@@YAPAU?$pair@V?$basic_string@DU?$char_traits@D@std@@V?$allocator@D@2@@std@@PAVPlugInFactory@@@0@AAV?$_Vector_iterator@U?$pair@V?$basic_string@DU?$char_traits@D@std@@V?$allocator@D@2@@std@@PAVPlugInFactory@@@std@@V?$allocator@U?$pair@V?$basic_string@DU?$char_traits@D@std@@V?$allocator@D@2@@std@@PAVPlugInFactory@@@std@@@2@@0@@Z 10004ac0 f i ModuleManager.obj
 0001:00003ad0       ??$_Sort@PAU?$pair@V?$basic_string@DU?$char_traits@D@std@@V?$allocator@D@2@@std@@PAVPlugInFactory@@@std@@HUFactoryPtrComparator@@@std@@YAXPAU?$pair@V?$basic_string@DU?$char_traits@D@std@@V?$allocator@D@2@@std@@PAVPlugInFactory@@@0@0HUFactoryPtrComparator@@@Z 10004ad0 f i ModuleManager.obj
 0001:00003bc0       ??$_Ptr_cat@PAV?$basic_string@DU?$char_traits@D@std@@V?$allocator@D@2@@std@@PAV12@@std@@YA?AU_Nonscalar_ptr_iterator_tag@0@AAPAV?$basic_string@DU?$char_traits@D@std@@V?$allocator@D@2@@0@0@Z 10004bc0 f i ModuleManager.obj
 0001:00003bd0       ??$_Destroy_range@V?$basic_string@DU?$char_traits@D@std@@V?$allocator@D@2@@std@@V?$allocator@V?$basic_string@DU?$char_traits@D@std@@V?$allocator@D@2@@std@@@2@@std@@YAXPAV?$basic_string@DU?$char_traits@D@std@@V?$allocator@D@2@@0@0AAV?$allocator@V?$basic_string@DU?$char_traits@D@std@@V?$allocator@D@2@@std@@@0@U_Nonscalar_ptr_iterator_tag@0@@Z 10004bd0 f i ModuleManager.obj
 0001:00003c00       ??$_Ptr_cat@PAU?$pair@V?$basic_string@DU?$char_traits@D@std@@V?$allocator@D@2@@std@@PAVPlugInFactory@@@std@@PAU12@@std@@YA?AU_Nonscalar_ptr_iterator_tag@0@AAPAU?$pair@V?$basic_string@DU?$char_traits@D@std@@V?$allocator@D@2@@std@@PAVPlugInFactory@@@0@0@Z 10004c00 f i ModuleManager.obj
 0001:00003c10       ??$_Uninit_fill_n@PAU?$pair@V?$basic_string@DU?$char_traits@D@std@@V?$allocator@D@2@@std@@PAVPlugInFactory@@@std@@IU12@V?$allocator@U?$pair@V?$basic_string@DU?$char_traits@D@std@@V?$allocator@D@2@@std@@PAVPlugInFactory@@@std@@@2@@std@@YAXPAU?$pair@V?$basic_string@DU?$char_traits@D@std@@V?$allocator@D@2@@std@@PAVPlugInFactory@@@0@IABU10@AAV?$allocator@U?$pair@V?$basic_string@DU?$char_traits@D@std@@V?$allocator@D@2@@std@@PAVPlugInFactory@@@std@@@0@U_Nonscalar_ptr_iterator_tag@0@U_Range_checked_iterator_tag@0@@Z 10004c10 f i ModuleManager.obj
 0001:00003cb0       ??$_Destroy_range@U?$pair@V?$basic_string@DU?$char_traits@D@std@@V?$allocator@D@2@@std@@PAVPlugInFactory@@@std@@V?$allocator@U?$pair@V?$basic_string@DU?$char_traits@D@std@@V?$allocator@D@2@@std@@PAVPlugInFactory@@@std@@@2@@std@@YAXPAU?$pair@V?$basic_string@DU?$char_traits@D@std@@V?$allocator@D@2@@std@@PAVPlugInFactory@@@0@0AAV?$allocator@U?$pair@V?$basic_string@DU?$char_traits@D@std@@V?$allocator@D@2@@std@@PAVPlugInFactory@@@std@@@0@U_Nonscalar_ptr_iterator_tag@0@@Z 10004cb0 f i ModuleManager.obj
 0001:00003cd0       ??$_Unchecked_uninitialized_move@PAU?$pair@V?$basic_string@DU?$char_traits@D@std@@V?$allocator@D@2@@std@@PAVPlugInFactory@@@std@@PAU12@V?$allocator@U?$pair@V?$basic_string@DU?$char_traits@D@std@@V?$allocator@D@2@@std@@PAVPlugInFactory@@@std@@@2@@stdext@@YAPAU?$pair@V?$basic_string@DU?$char_traits@D@std@@V?$allocator@D@2@@std@@PAVPlugInFactory@@@std@@PAU12@00AAV?$allocator@U?$pair@V?$basic_string@DU?$char_traits@D@std@@V?$allocator@D@2@@std@@PAVPlugInFactory@@@std@@@2@@Z 10004cd0 f i ModuleManager.obj
 0001:00003d00       ??$_Checked_base@PAU?$pair@V?$basic_string@DU?$char_traits@D@std@@V?$allocator@D@2@@std@@PAVPlugInFactory@@@std@@@std@@YAPAU?$pair@V?$basic_string@DU?$char_traits@D@std@@V?$allocator@D@2@@std@@PAVPlugInFactory@@@0@AAPAU10@@Z 10004d00 f i ModuleManager.obj
 0001:00003d10       ??$_Fill@PAU?$pair@V?$basic_string@DU?$char_traits@D@std@@V?$allocator@D@2@@std@@PAVPlugInFactory@@@std@@U12@@std@@YAXPAU?$pair@V?$basic_string@DU?$char_traits@D@std@@V?$allocator@D@2@@std@@PAVPlugInFactory@@@0@0ABU10@@Z 10004d10 f i ModuleManager.obj
 0001:00003d30       ??$_Iter_random@PAU?$pair@V?$basic_string@DU?$char_traits@D@std@@V?$allocator@D@2@@std@@PAVPlugInFactory@@@std@@PAU12@@std@@YA?AUrandom_access_iterator_tag@0@ABQAU?$pair@V?$basic_string@DU?$char_traits@D@std@@V?$allocator@D@2@@std@@PAVPlugInFactory@@@0@0@Z 10004d30 f i ModuleManager.obj
 0001:00003d40       ??$_Move_cat@PAU?$pair@V?$basic_string@DU?$char_traits@D@std@@V?$allocator@D@2@@std@@PAVPlugInFactory@@@std@@@std@@YA?AU_Undefined_move_tag@0@ABQAU?$pair@V?$basic_string@DU?$char_traits@D@std@@V?$allocator@D@2@@std@@PAVPlugInFactory@@@0@@Z 10004d40 f i ModuleManager.obj
 0001:00003d50       ??$_Move_backward_opt@PAU?$pair@V?$basic_string@DU?$char_traits@D@std@@V?$allocator@D@2@@std@@PAVPlugInFactory@@@std@@PAU12@Urandom_access_iterator_tag@2@U_Undefined_move_tag@2@@std@@YAPAU?$pair@V?$basic_string@DU?$char_traits@D@std@@V?$allocator@D@2@@std@@PAVPlugInFactory@@@0@PAU10@00Urandom_access_iterator_tag@0@U_Undefined_move_tag@0@U_Range_checked_iterator_tag@0@@Z 10004d50 f i ModuleManager.obj
 0001:00003d90       ??4?$pair@V?$basic_string@DU?$char_traits@D@std@@V?$allocator@D@2@@std@@PAVPlugInFactory@@@std@@QAEAAU01@ABU01@@Z 10004d90 f i ModuleManager.obj
 0001:00003db0       ?destroy@?$allocator@V?$basic_string@DU?$char_traits@D@std@@V?$allocator@D@2@@std@@@std@@QAEXPAV?$basic_string@DU?$char_traits@D@std@@V?$allocator@D@2@@2@@Z 10004db0 f i ModuleManager.obj
 0001:00003dc0       ?construct@?$allocator@U?$pair@V?$basic_string@DU?$char_traits@D@std@@V?$allocator@D@2@@std@@PAVPlugInFactory@@@std@@@std@@QAEXPAU?$pair@V?$basic_string@DU?$char_traits@D@std@@V?$allocator@D@2@@std@@PAVPlugInFactory@@@2@ABU32@@Z 10004dc0 f i ModuleManager.obj
 0001:00003e10       ?destroy@?$allocator@U?$pair@V?$basic_string@DU?$char_traits@D@std@@V?$allocator@D@2@@std@@PAVPlugInFactory@@@std@@@std@@QAEXPAU?$pair@V?$basic_string@DU?$char_traits@D@std@@V?$allocator@D@2@@std@@PAVPlugInFactory@@@2@@Z 10004e10 f i ModuleManager.obj
 0001:00003e20       ??$_Checked_base@V?$_String_iterator@DU?$char_traits@D@std@@V?$allocator@D@2@@std@@U_Different_checked_iterator_base_type_tag@2@@std@@YAPADAAV?$_String_iterator@DU?$char_traits@D@std@@V?$allocator@D@2@@0@U_Different_checked_iterator_base_type_tag@0@@Z 10004e20 f i ModuleManager.obj
 0001:00003e30       ??$_Checked_base@V?$_Vector_iterator@U?$pair@V?$basic_string@DU?$char_traits@D@std@@V?$allocator@D@2@@std@@PAVPlugInFactory@@@std@@V?$allocator@U?$pair@V?$basic_string@DU?$char_traits@D@std@@V?$allocator@D@2@@std@@PAVPlugInFactory@@@std@@@2@@std@@U_Different_checked_iterator_base_type_tag@2@@std@@YAPAU?$pair@V?$basic_string@DU?$char_traits@D@std@@V?$allocator@D@2@@std@@PAVPlugInFactory@@@0@AAV?$_Vector_iterator@U?$pair@V?$basic_string@DU?$char_traits@D@std@@V?$allocator@D@2@@std@@PAVPlugInFactory@@@std@@V?$allocator@U?$pair@V?$basic_string@DU?$char_traits@D@std@@V?$allocator@D@2@@std@@PAVPlugInFactory@@@std@@@2@@0@U_Different_checked_iterator_base_type_tag@0@@Z 10004e30 f i ModuleManager.obj
 0001:00003e40       ??$_Unguarded_partition@PAU?$pair@V?$basic_string@DU?$char_traits@D@std@@V?$allocator@D@2@@std@@PAVPlugInFactory@@@std@@UFactoryPtrComparator@@@std@@YA?AU?$pair@PAU?$pair@V?$basic_string@DU?$char_traits@D@std@@V?$allocator@D@2@@std@@PAVPlugInFactory@@@std@@PAU12@@0@PAU?$pair@V?$basic_string@DU?$char_traits@D@std@@V?$allocator@D@2@@std@@PAVPlugInFactory@@@0@0UFactoryPtrComparator@@@Z 10004e40 f i ModuleManager.obj
 0001:000042a0       ??$make_heap@PAU?$pair@V?$basic_string@DU?$char_traits@D@std@@V?$allocator@D@2@@std@@PAVPlugInFactory@@@std@@UFactoryPtrComparator@@@std@@YAXPAU?$pair@V?$basic_string@DU?$char_traits@D@std@@V?$allocator@D@2@@std@@PAVPlugInFactory@@@0@0UFactoryPtrComparator@@@Z 100052a0 f i ModuleManager.obj
 0001:000042c0       ??$sort_heap@PAU?$pair@V?$basic_string@DU?$char_traits@D@std@@V?$allocator@D@2@@std@@PAVPlugInFactory@@@std@@UFactoryPtrComparator@@@std@@YAXPAU?$pair@V?$basic_string@DU?$char_traits@D@std@@V?$allocator@D@2@@std@@PAVPlugInFactory@@@0@0UFactoryPtrComparator@@@Z 100052c0 f i ModuleManager.obj
 0001:000042e0       ??$_Insertion_sort@PAU?$pair@V?$basic_string@DU?$char_traits@D@std@@V?$allocator@D@2@@std@@PAVPlugInFactory@@@std@@UFactoryPtrComparator@@@std@@YAXPAU?$pair@V?$basic_string@DU?$char_traits@D@std@@V?$allocator@D@2@@std@@PAVPlugInFactory@@@0@0UFactoryPtrComparator@@@Z 100052e0 f i ModuleManager.obj
 0001:00004420       ??$_Uninit_move@PAU?$pair@V?$basic_string@DU?$char_traits@D@std@@V?$allocator@D@2@@std@@PAVPlugInFactory@@@std@@PAU12@V?$allocator@U?$pair@V?$basic_string@DU?$char_traits@D@std@@V?$allocator@D@2@@std@@PAVPlugInFactory@@@std@@@2@U_Undefined_move_tag@2@@std@@YAPAU?$pair@V?$basic_string@DU?$char_traits@D@std@@V?$allocator@D@2@@std@@PAVPlugInFactory@@@0@PAU10@00AAV?$allocator@U?$pair@V?$basic_string@DU?$char_traits@D@std@@V?$allocator@D@2@@std@@PAVPlugInFactory@@@std@@@0@U_Undefined_move_tag@0@U_Range_checked_iterator_tag@0@@Z 10005420 f i ModuleManager.obj
 0001:00004450       ??$_Checked_base@PAU?$pair@V?$basic_string@DU?$char_traits@D@std@@V?$allocator@D@2@@std@@PAVPlugInFactory@@@std@@@std@@YAPAU?$pair@V?$basic_string@DU?$char_traits@D@std@@V?$allocator@D@2@@std@@PAVPlugInFactory@@@0@AAPAU10@U_Unchanged_checked_iterator_base_type_tag@0@@Z 10005450 f i ModuleManager.obj
 0001:00004460       ??$_Copy_backward_opt@PAU?$pair@V?$basic_string@DU?$char_traits@D@std@@V?$allocator@D@2@@std@@PAVPlugInFactory@@@std@@PAU12@@std@@YAPAU?$pair@V?$basic_string@DU?$char_traits@D@std@@V?$allocator@D@2@@std@@PAVPlugInFactory@@@0@PAU10@00Urandom_access_iterator_tag@0@U_Nonscalar_ptr_iterator_tag@0@U_Range_checked_iterator_tag@0@@Z 10005460 f i ModuleManager.obj
 0001:000044a0       ??$_Destroy@V?$basic_string@DU?$char_traits@D@std@@V?$allocator@D@2@@std@@@std@@YAXPAV?$basic_string@DU?$char_traits@D@std@@V?$allocator@D@2@@0@@Z 100054a0 f i ModuleManager.obj
 0001:000044b0       ??$_Construct@U?$pair@V?$basic_string@DU?$char_traits@D@std@@V?$allocator@D@2@@std@@PAVPlugInFactory@@@std@@U12@@std@@YAXPAU?$pair@V?$basic_string@DU?$char_traits@D@std@@V?$allocator@D@2@@std@@PAVPlugInFactory@@@0@ABU10@@Z 100054b0 f i ModuleManager.obj
 0001:00004500       ??$_Destroy@U?$pair@V?$basic_string@DU?$char_traits@D@std@@V?$allocator@D@2@@std@@PAVPlugInFactory@@@std@@@std@@YAXPAU?$pair@V?$basic_string@DU?$char_traits@D@std@@V?$allocator@D@2@@std@@PAVPlugInFactory@@@0@@Z 10005500 f i ModuleManager.obj
 0001:00004510       ??_G?$basic_string@DU?$char_traits@D@std@@V?$allocator@D@2@@std@@QAEPAXI@Z 10005510 f i ModuleManager.obj
 0001:00004530       ??_G?$pair@V?$basic_string@DU?$char_traits@D@std@@V?$allocator@D@2@@std@@PAVPlugInFactory@@@std@@QAEPAXI@Z 10005530 f i ModuleManager.obj
 0001:00004540       ?_Checked_iterator_base@?$_String_iterator@DU?$char_traits@D@std@@V?$allocator@D@2@@std@@QBEPADXZ 10005540 f i ModuleManager.obj
 0001:00004550       ?_Checked_iterator_base@?$_Vector_iterator@U?$pair@V?$basic_string@DU?$char_traits@D@std@@V?$allocator@D@2@@std@@PAVPlugInFactory@@@std@@V?$allocator@U?$pair@V?$basic_string@DU?$char_traits@D@std@@V?$allocator@D@2@@std@@PAVPlugInFactory@@@std@@@2@@std@@QBEPAU?$pair@V?$basic_string@DU?$char_traits@D@std@@V?$allocator@D@2@@std@@PAVPlugInFactory@@@2@XZ 10005550 f i ModuleManager.obj
 0001:00004560       ??0?$pair@PAU?$pair@V?$basic_string@DU?$char_traits@D@std@@V?$allocator@D@2@@std@@PAVPlugInFactory@@@std@@PAU12@@std@@QAE@ABQAU?$pair@V?$basic_string@DU?$char_traits@D@std@@V?$allocator@D@2@@std@@PAVPlugInFactory@@@1@0@Z 10005560 f i ModuleManager.obj
 0001:00004570       ??$_Median@PAU?$pair@V?$basic_string@DU?$char_traits@D@std@@V?$allocator@D@2@@std@@PAVPlugInFactory@@@std@@UFactoryPtrComparator@@@std@@YAXPAU?$pair@V?$basic_string@DU?$char_traits@D@std@@V?$allocator@D@2@@std@@PAVPlugInFactory@@@0@00UFactoryPtrComparator@@@Z 10005570 f i ModuleManager.obj
 0001:00004620       ??$iter_swap@PAU?$pair@V?$basic_string@DU?$char_traits@D@std@@V?$allocator@D@2@@std@@PAVPlugInFactory@@@std@@PAU12@@std@@YAXPAU?$pair@V?$basic_string@DU?$char_traits@D@std@@V?$allocator@D@2@@std@@PAVPlugInFactory@@@0@0@Z 10005620 f i ModuleManager.obj
 0001:00004640       ??$_Dist_type@PAU?$pair@V?$basic_string@DU?$char_traits@D@std@@V?$allocator@D@2@@std@@PAVPlugInFactory@@@std@@@std@@YAPAHPAU?$pair@V?$basic_string@DU?$char_traits@D@std@@V?$allocator@D@2@@std@@PAVPlugInFactory@@@0@@Z 10005640 f i ModuleManager.obj
 0001:00004650       ??$_Val_type@PAU?$pair@V?$basic_string@DU?$char_traits@D@std@@V?$allocator@D@2@@std@@PAVPlugInFactory@@@std@@@std@@YAPAU?$pair@V?$basic_string@DU?$char_traits@D@std@@V?$allocator@D@2@@std@@PAVPlugInFactory@@@0@PAU10@@Z 10005650 f i ModuleManager.obj
 0001:00004660       ??$_Make_heap@PAU?$pair@V?$basic_string@DU?$char_traits@D@std@@V?$allocator@D@2@@std@@PAVPlugInFactory@@@std@@HU12@UFactoryPtrComparator@@@std@@YAXPAU?$pair@V?$basic_string@DU?$char_traits@D@std@@V?$allocator@D@2@@std@@PAVPlugInFactory@@@0@0UFactoryPtrComparator@@PAH0@Z 10005660 f i ModuleManager.obj
 0001:000046c0       ??$_Sort_heap@PAU?$pair@V?$basic_string@DU?$char_traits@D@std@@V?$allocator@D@2@@std@@PAVPlugInFactory@@@std@@UFactoryPtrComparator@@@std@@YAXPAU?$pair@V?$basic_string@DU?$char_traits@D@std@@V?$allocator@D@2@@std@@PAVPlugInFactory@@@0@0UFactoryPtrComparator@@@Z 100056c0 f i ModuleManager.obj
 0001:00004730       ??$rotate@PAU?$pair@V?$basic_string@DU?$char_traits@D@std@@V?$allocator@D@2@@std@@PAVPlugInFactory@@@std@@@std@@YAXPAU?$pair@V?$basic_string@DU?$char_traits@D@std@@V?$allocator@D@2@@std@@PAVPlugInFactory@@@0@00@Z 10005730 f i ModuleManager.obj
 0001:00004750       ??$swap@DU?$char_traits@D@std@@V?$allocator@D@2@@std@@YAXAAV?$basic_string@DU?$char_traits@D@std@@V?$allocator@D@2@@0@0@Z 10005750 f i ModuleManager.obj
 0001:00004760       ??$unchecked_uninitialized_copy@PAU?$pair@V?$basic_string@DU?$char_traits@D@std@@V?$allocator@D@2@@std@@PAVPlugInFactory@@@std@@PAU12@V?$allocator@U?$pair@V?$basic_string@DU?$char_traits@D@std@@V?$allocator@D@2@@std@@PAVPlugInFactory@@@std@@@2@@stdext@@YAPAU?$pair@V?$basic_string@DU?$char_traits@D@std@@V?$allocator@D@2@@std@@PAVPlugInFactory@@@std@@PAU12@00AAV?$allocator@U?$pair@V?$basic_string@DU?$char_traits@D@std@@V?$allocator@D@2@@std@@PAVPlugInFactory@@@std@@@2@@Z 10005760 f i ModuleManager.obj
 0001:00004790       ??$_Copy_backward_opt@PAU?$pair@V?$basic_string@DU?$char_traits@D@std@@V?$allocator@D@2@@std@@PAVPlugInFactory@@@std@@PAU12@Uforward_iterator_tag@2@@std@@YAPAU?$pair@V?$basic_string@DU?$char_traits@D@std@@V?$allocator@D@2@@std@@PAVPlugInFactory@@@0@PAU10@00Uforward_iterator_tag@0@U_Nonscalar_ptr_iterator_tag@0@U_Range_checked_iterator_tag@0@@Z 10005790 f i ModuleManager.obj
 0001:000047c0       ??$_Med3@PAU?$pair@V?$basic_string@DU?$char_traits@D@std@@V?$allocator@D@2@@std@@PAVPlugInFactory@@@std@@UFactoryPtrComparator@@@std@@YAXPAU?$pair@V?$basic_string@DU?$char_traits@D@std@@V?$allocator@D@2@@std@@PAVPlugInFactory@@@0@00UFactoryPtrComparator@@@Z 100057c0 f i ModuleManager.obj
 0001:00004910       ??$swap@V?$basic_string@DU?$char_traits@D@std@@V?$allocator@D@2@@std@@PAVPlugInFactory@@@std@@YAXAAU?$pair@V?$basic_string@DU?$char_traits@D@std@@V?$allocator@D@2@@std@@PAVPlugInFactory@@@0@0@Z 10005910 f i ModuleManager.obj
 0001:00004930       ??$_Adjust_heap@PAU?$pair@V?$basic_string@DU?$char_traits@D@std@@V?$allocator@D@2@@std@@PAVPlugInFactory@@@std@@HU12@UFactoryPtrComparator@@@std@@YAXPAU?$pair@V?$basic_string@DU?$char_traits@D@std@@V?$allocator@D@2@@std@@PAVPlugInFactory@@@0@HHU10@UFactoryPtrComparator@@@Z 10005930 f i ModuleManager.obj
 0001:00004a90       ??$pop_heap@PAU?$pair@V?$basic_string@DU?$char_traits@D@std@@V?$allocator@D@2@@std@@PAVPlugInFactory@@@std@@UFactoryPtrComparator@@@std@@YAXPAU?$pair@V?$basic_string@DU?$char_traits@D@std@@V?$allocator@D@2@@std@@PAVPlugInFactory@@@0@0UFactoryPtrComparator@@@Z 10005a90 f i ModuleManager.obj
 0001:00004ae0       ??$_Iter_cat@PAU?$pair@V?$basic_string@DU?$char_traits@D@std@@V?$allocator@D@2@@std@@PAVPlugInFactory@@@std@@@std@@YA?AUrandom_access_iterator_tag@0@ABQAU?$pair@V?$basic_string@DU?$char_traits@D@std@@V?$allocator@D@2@@std@@PAVPlugInFactory@@@0@@Z 10005ae0 f i ModuleManager.obj
 0001:00004af0       ??$_Rotate@PAU?$pair@V?$basic_string@DU?$char_traits@D@std@@V?$allocator@D@2@@std@@PAVPlugInFactory@@@std@@@std@@YAXPAU?$pair@V?$basic_string@DU?$char_traits@D@std@@V?$allocator@D@2@@std@@PAVPlugInFactory@@@0@00Urandom_access_iterator_tag@0@@Z 10005af0 f i ModuleManager.obj
 0001:00004b00       ??$_Uninit_copy@PAU?$pair@V?$basic_string@DU?$char_traits@D@std@@V?$allocator@D@2@@std@@PAVPlugInFactory@@@std@@PAU12@V?$allocator@U?$pair@V?$basic_string@DU?$char_traits@D@std@@V?$allocator@D@2@@std@@PAVPlugInFactory@@@std@@@2@@std@@YAPAU?$pair@V?$basic_string@DU?$char_traits@D@std@@V?$allocator@D@2@@std@@PAVPlugInFactory@@@0@PAU10@00AAV?$allocator@U?$pair@V?$basic_string@DU?$char_traits@D@std@@V?$allocator@D@2@@std@@PAVPlugInFactory@@@std@@@0@U_Nonscalar_ptr_iterator_tag@0@U_Range_checked_iterator_tag@0@@Z 10005b00 f i ModuleManager.obj
 0001:00004ba0       ?swap@?$pair@V?$basic_string@DU?$char_traits@D@std@@V?$allocator@D@2@@std@@PAVPlugInFactory@@@std@@QAEXAAU12@@Z 10005ba0 f i ModuleManager.obj
 0001:00004bc0       ??$_Push_heap@PAU?$pair@V?$basic_string@DU?$char_traits@D@std@@V?$allocator@D@2@@std@@PAVPlugInFactory@@@std@@HU12@UFactoryPtrComparator@@@std@@YAXPAU?$pair@V?$basic_string@DU?$char_traits@D@std@@V?$allocator@D@2@@std@@PAVPlugInFactory@@@0@HHU10@UFactoryPtrComparator@@@Z 10005bc0 f i ModuleManager.obj
 0001:00004cc0       ??$_Pop_heap_0@PAU?$pair@V?$basic_string@DU?$char_traits@D@std@@V?$allocator@D@2@@std@@PAVPlugInFactory@@@std@@U12@UFactoryPtrComparator@@@std@@YAXPAU?$pair@V?$basic_string@DU?$char_traits@D@std@@V?$allocator@D@2@@std@@PAVPlugInFactory@@@0@0UFactoryPtrComparator@@0@Z 10005cc0 f i ModuleManager.obj
 0001:00004d00       ??$_Rotate@PAU?$pair@V?$basic_string@DU?$char_traits@D@std@@V?$allocator@D@2@@std@@PAVPlugInFactory@@@std@@HU12@@std@@YAXPAU?$pair@V?$basic_string@DU?$char_traits@D@std@@V?$allocator@D@2@@std@@PAVPlugInFactory@@@0@00PAH0@Z 10005d00 f i ModuleManager.obj
 0001:00004e40       ??$swap@PAVPlugInFactory@@@std@@YAXAAPAVPlugInFactory@@0@Z 10005e40 f i ModuleManager.obj
 0001:00004e50       ??$_Pop_heap@PAU?$pair@V?$basic_string@DU?$char_traits@D@std@@V?$allocator@D@2@@std@@PAVPlugInFactory@@@std@@HU12@UFactoryPtrComparator@@@std@@YAXPAU?$pair@V?$basic_string@DU?$char_traits@D@std@@V?$allocator@D@2@@std@@PAVPlugInFactory@@@0@00U10@UFactoryPtrComparator@@PAH@Z 10005e50 f i ModuleManager.obj
 0001:00004ee0       ??0out_of_range@std@@QAE@ABV?$basic_string@DU?$char_traits@D@std@@V?$allocator@D@2@@1@@Z 10005ee0 f i ResamplerImp.obj
 0001:00004f40       ??1out_of_range@std@@UAE@XZ 10005f40 f i ResamplerImp.obj
 0001:00004f60       ??_Gout_of_range@std@@UAEPAXI@Z 10005f60 f i ResamplerImp.obj
 0001:00004f60       ??_Eout_of_range@std@@UAEPAXI@Z 10005f60 f i  CIL library: CIL module
 0001:00004f90       ??0out_of_range@std@@QAE@ABV01@@Z 10005f90 f i ResamplerImp.obj
 0001:00004fb0       ??0GaussianResampler@@QAE@ABV?$vector@NV?$allocator@N@std@@@std@@0N@Z 10005fb0 f i ResamplerImp.obj
 0001:00004fd0       ??0PlugInFactory@@QAE@XZ   10005fd0 f i ResamplerImp.obj
 0001:00004fe0       ??0BasicPlugInFactory@@QAE@ABV?$basic_string@DU?$char_traits@D@std@@V?$allocator@D@2@@std@@@Z 10005fe0 f i ResamplerImp.obj
 0001:00005060       ?getPlugInNames@BasicPlugInFactory@@UAE?AV?$vector@V?$basic_string@DU?$char_traits@D@std@@V?$allocator@D@2@@std@@V?$allocator@V?$basic_string@DU?$char_traits@D@std@@V?$allocator@D@2@@std@@@2@@std@@XZ 10006060 f i ResamplerImp.obj
 0001:00005080       ?addPlugInName@BasicPlugInFactory@@AAEXV?$basic_string@DU?$char_traits@D@std@@V?$allocator@D@2@@std@@@Z 10006080 f i ResamplerImp.obj
 0001:000050e0       ??1Testable@@MAE@XZ        100060e0 f i ResamplerImp.obj
 0001:000050f0       ??_ETestable@@MAEPAXI@Z    100060f0 f i  CIL library: CIL module
 0001:000050f0       ??_GTestable@@MAEPAXI@Z    100060f0 f i ResamplerImp.obj
 0001:00005110       ??MTriplet@ResamplerImp@@QBE_NABU01@@Z 10006110 f i ResamplerImp.obj
 0001:00005130       ?LinearMethod@ResamplerOptions@@SA?AV?$basic_string@DU?$char_traits@D@std@@V?$allocator@D@2@@std@@XZ 10006130 f i ResamplerImp.obj
 0001:00005150       ?CubicSplineMethod@ResamplerOptions@@SA?AV?$basic_string@DU?$char_traits@D@std@@V?$allocator@D@2@@std@@XZ 10006150 f i ResamplerImp.obj
 0001:00005170       ?GaussianMethod@ResamplerOptions@@SA?AV?$basic_string@DU?$char_traits@D@std@@V?$allocator@D@2@@std@@XZ 10006170 f i ResamplerImp.obj
 0001:00005190       ?getSettingResamplerMethod@ResamplerOptions@@SA?AV?$basic_string@DU?$char_traits@D@std@@V?$allocator@D@2@@std@@XZ 10006190 f i ResamplerImp.obj
 0001:00005240       ?getSettingResamplerMethodKey@ResamplerOptions@@SA?AV?$basic_string@DU?$char_traits@D@std@@V?$allocator@D@2@@std@@XZ 10006240 f i ResamplerImp.obj
 0001:00005260       ?getSettingDropOutWindow@ResamplerOptions@@SANXZ 10006260 f i ResamplerImp.obj
 0001:000052f0       ?getSettingDropOutWindowKey@ResamplerOptions@@SA?AV?$basic_string@DU?$char_traits@D@std@@V?$allocator@D@2@@std@@XZ 100062f0 f i ResamplerImp.obj
 0001:00005310       ??0ResamplerImpPlugInFactory@SpectralResampler@@QAE@ABV?$basic_string@DU?$char_traits@D@std@@V?$allocator@D@2@@std@@@Z 10006310 f i ResamplerImp.obj
 0001:00005370       ?createPlugIn@ResamplerImpPlugInFactory@SpectralResampler@@UAEPAVPlugIn@@ABV?$basic_string@DU?$char_traits@D@std@@V?$allocator@D@2@@std@@@Z 10006370 f i ResamplerImp.obj
 0001:000053d0       ??1BasicPlugInFactory@@QAE@XZ 100063d0 f i ResamplerImp.obj
 0001:000053e0       ??1ResamplerImpPlugInFactory@SpectralResampler@@QAE@XZ 100063e0 f i ResamplerImp.obj
 0001:000053f0       ??0ResamplerImp@@QAE@XZ    100063f0 f   ResamplerImp.obj
 0001:00005600       ??_EResamplerImp@@UAEPAXI@Z 10006600 f i  CIL library: CIL module
 0001:00005600       ??_GResamplerImp@@UAEPAXI@Z 10006600 f i ResamplerImp.obj
 0001:00005650       ??0Resampler@@QAE@XZ       10006650 f i ResamplerImp.obj
 0001:00005660       ??0Testable@@QAE@XZ        10006660 f i ResamplerImp.obj
 0001:00005670       ??1ResamplerImp@@UAE@XZ    10006670 f   ResamplerImp.obj
 0001:000056a0       ?runOperationalTests@ResamplerImp@@UAE_NPAVProgress@@AAV?$basic_ostream@DU?$char_traits@D@std@@@std@@@Z 100066a0 f   ResamplerImp.obj
 0001:000056b0       ?runAllTests@ResamplerImp@@UAE_NPAVProgress@@AAV?$basic_ostream@DU?$char_traits@D@std@@@std@@@Z 100066b0 f   ResamplerImp.obj
 0001:00005e30       ?runTest1@ResamplerImp@@AAE_NAAV?$basic_ostream@DU?$char_traits@D@std@@@std@@@Z 10006e30 f   ResamplerImp.obj
 0001:000067d0       ?runTest2@ResamplerImp@@AAE_NAAV?$basic_ostream@DU?$char_traits@D@std@@@std@@@Z 100077d0 f   ResamplerImp.obj
 0001:000072d0       ?runTest3@ResamplerImp@@AAE_NAAV?$basic_ostream@DU?$char_traits@D@std@@@std@@@Z 100082d0 f   ResamplerImp.obj
 0001:00007db0       ?runTest4@ResamplerImp@@AAE_NAAV?$basic_ostream@DU?$char_traits@D@std@@@std@@@Z 10008db0 f   ResamplerImp.obj
 0001:00008920       ?runTest5@ResamplerImp@@AAE_NAAV?$basic_ostream@DU?$char_traits@D@std@@@std@@@Z 10009920 f   ResamplerImp.obj
 0001:000090c0       ?runTest6@ResamplerImp@@AAE_NAAV?$basic_ostream@DU?$char_traits@D@std@@@std@@@Z 1000a0c0 f   ResamplerImp.obj
 0001:000095f0       ?runTest7@ResamplerImp@@AAE_NAAV?$basic_ostream@DU?$char_traits@D@std@@@std@@@Z 1000a5f0 f   ResamplerImp.obj
 0001:0000a0f0       ?runTest8@ResamplerImp@@AAE_NAAV?$basic_ostream@DU?$char_traits@D@std@@@std@@@Z 1000b0f0 f   ResamplerImp.obj
 0001:0000a830       ?runTest9@ResamplerImp@@AAE_NAAV?$basic_ostream@DU?$char_traits@D@std@@@std@@@Z 1000b830 f   ResamplerImp.obj
 0001:0000af10       ?runTest10@ResamplerImp@@AAE_NAAV?$basic_ostream@DU?$char_traits@D@std@@@std@@@Z 1000bf10 f   ResamplerImp.obj
 0001:0000b8b0       ?runTest11@ResamplerImp@@AAE_NAAV?$basic_ostream@DU?$char_traits@D@std@@@std@@@Z 1000c8b0 f   ResamplerImp.obj
 0001:0000c3a0       ?runTest12@ResamplerImp@@AAE_NAAV?$basic_ostream@DU?$char_traits@D@std@@@std@@@Z 1000d3a0 f   ResamplerImp.obj
 0001:0000cd40       ?runTest13@ResamplerImp@@AAE_NAAV?$basic_ostream@DU?$char_traits@D@std@@@std@@@Z 1000dd40 f   ResamplerImp.obj
 0001:0000d710       ?runTest14@ResamplerImp@@AAE_NAAV?$basic_ostream@DU?$char_traits@D@std@@@std@@@Z 1000e710 f   ResamplerImp.obj
 0001:0000e110       ?runTest15@ResamplerImp@@AAE_NAAV?$basic_ostream@DU?$char_traits@D@std@@@std@@@Z 1000f110 f   ResamplerImp.obj
 0001:0000eb20       ?runTest16@ResamplerImp@@AAE_NAAV?$basic_ostream@DU?$char_traits@D@std@@@std@@@Z 1000fb20 f   ResamplerImp.obj
 0001:0000f610       ?runPositiveTest@ResamplerImp@@AAE_NABV?$basic_string@DU?$char_traits@D@std@@V?$allocator@D@2@@std@@AAV?$basic_ostream@DU?$char_traits@D@std@@@3@ABV?$vector@NV?$allocator@N@std@@@3@ABV?$vector@HV?$allocator@H@std@@@3@2AAV53@222AAV63@AAV23@0ABN@Z 10010610 f   ResamplerImp.obj
 0001:0000f890       ?runNegativeTest@ResamplerImp@@AAE_NABV?$basic_string@DU?$char_traits@D@std@@V?$allocator@D@2@@std@@AAV?$basic_ostream@DU?$char_traits@D@std@@@3@0ABV?$vector@NV?$allocator@N@std@@@3@AAV53@222AAV?$vector@HV?$allocator@H@std@@@3@AAV23@0@Z 10010890 f   ResamplerImp.obj
 0001:0000f9e0       ?execute@ResamplerImp@@UAE_NABV?$vector@NV?$allocator@N@std@@@std@@AAV23@000AAV?$vector@HV?$allocator@H@std@@@3@AAV?$basic_string@DU?$char_traits@D@std@@V?$allocator@D@2@@3@@Z 100109e0 f   ResamplerImp.obj
 0001:0000fa60       ?execute@ResamplerImp@@QAE_NABV?$vector@NV?$allocator@N@std@@@std@@AAV23@000AAV?$vector@HV?$allocator@H@std@@@3@AAV?$basic_string@DU?$char_traits@D@std@@V?$allocator@D@2@@3@ABV53@@Z 10010a60 f   ResamplerImp.obj
 0001:0000ff80       ?sortInputData@ResamplerImp@@AAE_NABV?$vector@NV?$allocator@N@std@@@std@@000AAV23@111AAV?$vector@HV?$allocator@H@std@@@3@AAV?$basic_string@DU?$char_traits@D@std@@V?$allocator@D@2@@3@@Z 10010f80 f   ResamplerImp.obj
 0001:00010660       ?sortOutputData@ResamplerImp@@AAEXABV?$vector@HV?$allocator@H@std@@@std@@AAV23@AAV?$vector@NV?$allocator@N@std@@@3@@Z 10011660 f   ResamplerImp.obj
 0001:00010950       ??0?$vector@V?$basic_string@DU?$char_traits@D@std@@V?$allocator@D@2@@std@@V?$allocator@V?$basic_string@DU?$char_traits@D@std@@V?$allocator@D@2@@std@@@2@@std@@QAE@XZ 10011950 f i ResamplerImp.obj
 0001:00010960       ??0?$vector@V?$basic_string@DU?$char_traits@D@std@@V?$allocator@D@2@@std@@V?$allocator@V?$basic_string@DU?$char_traits@D@std@@V?$allocator@D@2@@std@@@2@@std@@QAE@ABV01@@Z 10011960 f i ResamplerImp.obj
 0001:00010a60       ?push_back@?$vector@V?$basic_string@DU?$char_traits@D@std@@V?$allocator@D@2@@std@@V?$allocator@V?$basic_string@DU?$char_traits@D@std@@V?$allocator@D@2@@std@@@2@@std@@QAEXABV?$basic_string@DU?$char_traits@D@std@@V?$allocator@D@2@@2@@Z 10011a60 f i ResamplerImp.obj
 0001:00010b10       ??0?$vector@NV?$allocator@N@std@@@std@@QAE@XZ 10011b10 f i ResamplerImp.obj
 0001:00010b20       ??1?$vector@NV?$allocator@N@std@@@std@@QAE@XZ 10011b20 f i ResamplerImp.obj
 0001:00010b50       ?at@?$vector@NV?$allocator@N@std@@@std@@QAEAANI@Z 10011b50 f i ResamplerImp.obj
 0001:00010bb0       ??A?$vector@NV?$allocator@N@std@@@std@@QAEAANI@Z 10011bb0 f i ResamplerImp.obj
 0001:00010bd0       ??0?$EnumWrapper@W4ReportingLevelEnum@@@@QAE@ABW4ReportingLevelEnum@@@Z 10011bd0 f i ResamplerImp.obj
 0001:00010be0       ??0?$vector@HV?$allocator@H@std@@@std@@QAE@XZ 10011be0 f i ResamplerImp.obj
 0001:00010bf0       ??1?$vector@HV?$allocator@H@std@@@std@@QAE@XZ 10011bf0 f i ResamplerImp.obj
 0001:00010c20       ??A?$vector@HV?$allocator@H@std@@@std@@QBEABHI@Z 10011c20 f i ResamplerImp.obj
 0001:00010c40       ??A?$vector@HV?$allocator@H@std@@@std@@QAEAAHI@Z 10011c40 f i ResamplerImp.obj
 0001:00010c60       ??0?$auto_ptr@VInterpolator@@@std@@QAE@PAVInterpolator@@@Z 10011c60 f i ResamplerImp.obj
 0001:00010c70       ??4?$auto_ptr@VInterpolator@@@std@@QAEAAV01@U?$auto_ptr_ref@VInterpolator@@@1@@Z 10011c70 f i ResamplerImp.obj
 0001:00010ca0       ??1?$auto_ptr@VInterpolator@@@std@@QAE@XZ 10011ca0 f i ResamplerImp.obj
 0001:00010cb0       ??C?$auto_ptr@VInterpolator@@@std@@QBEPAVInterpolator@@XZ 10011cb0 f i ResamplerImp.obj
 0001:00010cc0       ?get@?$auto_ptr@VInterpolator@@@std@@QBEPAVInterpolator@@XZ 10011cc0 f i ResamplerImp.obj
 0001:00010cd0       ??0?$vector@U?$pair@NN@std@@V?$allocator@U?$pair@NN@std@@@2@@std@@QAE@XZ 10011cd0 f i ResamplerImp.obj
 0001:00010ce0       ??1?$vector@U?$pair@NN@std@@V?$allocator@U?$pair@NN@std@@@2@@std@@QAE@XZ 10011ce0 f i ResamplerImp.obj
 0001:00010d10       ?reserve@?$vector@U?$pair@NN@std@@V?$allocator@U?$pair@NN@std@@@2@@std@@QAEXI@Z 10011d10 f i ResamplerImp.obj
 0001:00010e10       ?begin@?$vector@U?$pair@NN@std@@V?$allocator@U?$pair@NN@std@@@2@@std@@QAE?AV?$_Vector_iterator@U?$pair@NN@std@@V?$allocator@U?$pair@NN@std@@@2@@2@XZ 10011e10 f i ResamplerImp.obj
 0001:00010e30       ?end@?$vector@U?$pair@NN@std@@V?$allocator@U?$pair@NN@std@@@2@@std@@QAE?AV?$_Vector_iterator@U?$pair@NN@std@@V?$allocator@U?$pair@NN@std@@@2@@2@XZ 10011e30 f i ResamplerImp.obj
 0001:00010e50       ?push_back@?$vector@U?$pair@NN@std@@V?$allocator@U?$pair@NN@std@@@2@@std@@QAEXABU?$pair@NN@2@@Z 10011e50 f i ResamplerImp.obj
 0001:00010ed0       ??0?$pair@NN@std@@QAE@XZ   10011ed0 f i ResamplerImp.obj
 0001:00010ee0       ??C?$_Vector_const_iterator@U?$pair@NN@std@@V?$allocator@U?$pair@NN@std@@@2@@std@@QBEPBU?$pair@NN@1@XZ 10011ee0 f i ResamplerImp.obj
 0001:00010f10       ??E?$_Vector_const_iterator@U?$pair@NN@std@@V?$allocator@U?$pair@NN@std@@@2@@std@@QAEAAV01@XZ 10011f10 f i ResamplerImp.obj
 0001:00010f40       ??9?$_Vector_const_iterator@U?$pair@NN@std@@V?$allocator@U?$pair@NN@std@@@2@@std@@QBE_NABV01@@Z 10011f40 f i ResamplerImp.obj
 0001:00010f60       ??0?$vector@UTriplet@ResamplerImp@@V?$allocator@UTriplet@ResamplerImp@@@std@@@std@@QAE@XZ 10011f60 f i ResamplerImp.obj
 0001:00010f70       ??1?$vector@UTriplet@ResamplerImp@@V?$allocator@UTriplet@ResamplerImp@@@std@@@std@@QAE@XZ 10011f70 f i ResamplerImp.obj
 0001:00010fa0       ?reserve@?$vector@UTriplet@ResamplerImp@@V?$allocator@UTriplet@ResamplerImp@@@std@@@std@@QAEXI@Z 10011fa0 f i ResamplerImp.obj
 0001:000110c0       ?begin@?$vector@UTriplet@ResamplerImp@@V?$allocator@UTriplet@ResamplerImp@@@std@@@std@@QAE?AV?$_Vector_iterator@UTriplet@ResamplerImp@@V?$allocator@UTriplet@ResamplerImp@@@std@@@2@XZ 100120c0 f i ResamplerImp.obj
 0001:000110e0       ?end@?$vector@UTriplet@ResamplerImp@@V?$allocator@UTriplet@ResamplerImp@@@std@@@std@@QAE?AV?$_Vector_iterator@UTriplet@ResamplerImp@@V?$allocator@UTriplet@ResamplerImp@@@std@@@2@XZ 100120e0 f i ResamplerImp.obj
 0001:00011100       ?push_back@?$vector@UTriplet@ResamplerImp@@V?$allocator@UTriplet@ResamplerImp@@@std@@@std@@QAEXABUTriplet@ResamplerImp@@@Z 10012100 f i ResamplerImp.obj
 0001:000111a0       ??C?$_Vector_const_iterator@UTriplet@ResamplerImp@@V?$allocator@UTriplet@ResamplerImp@@@std@@@std@@QBEPBUTriplet@ResamplerImp@@XZ 100121a0 f i ResamplerImp.obj
 0001:000111d0       ??E?$_Vector_const_iterator@UTriplet@ResamplerImp@@V?$allocator@UTriplet@ResamplerImp@@@std@@@std@@QAEAAV01@XZ 100121d0 f i ResamplerImp.obj
 0001:00011200       ??9?$_Vector_const_iterator@UTriplet@ResamplerImp@@V?$allocator@UTriplet@ResamplerImp@@@std@@@std@@QBE_NABV01@@Z 10012200 f i ResamplerImp.obj
 0001:00011220       ??0?$vector@U?$pair@HN@std@@V?$allocator@U?$pair@HN@std@@@2@@std@@QAE@XZ 10012220 f i ResamplerImp.obj
 0001:00011230       ??1?$vector@U?$pair@HN@std@@V?$allocator@U?$pair@HN@std@@@2@@std@@QAE@XZ 10012230 f i ResamplerImp.obj
 0001:00011260       ?reserve@?$vector@U?$pair@HN@std@@V?$allocator@U?$pair@HN@std@@@2@@std@@QAEXI@Z 10012260 f i ResamplerImp.obj
 0001:00011360       ?begin@?$vector@U?$pair@HN@std@@V?$allocator@U?$pair@HN@std@@@2@@std@@QAE?AV?$_Vector_iterator@U?$pair@HN@std@@V?$allocator@U?$pair@HN@std@@@2@@2@XZ 10012360 f i ResamplerImp.obj
 0001:00011380       ?end@?$vector@U?$pair@HN@std@@V?$allocator@U?$pair@HN@std@@@2@@std@@QAE?AV?$_Vector_iterator@U?$pair@HN@std@@V?$allocator@U?$pair@HN@std@@@2@@2@XZ 10012380 f i ResamplerImp.obj
 0001:000113a0       ??A?$vector@U?$pair@HN@std@@V?$allocator@U?$pair@HN@std@@@2@@std@@QAEAAU?$pair@HN@1@I@Z 100123a0 f i ResamplerImp.obj
 0001:000113d0       ?push_back@?$vector@U?$pair@HN@std@@V?$allocator@U?$pair@HN@std@@@2@@std@@QAEXABU?$pair@HN@2@@Z 100123d0 f i ResamplerImp.obj
 0001:00011450       ??0?$pair@HN@std@@QAE@XZ   10012450 f i ResamplerImp.obj
 0001:00011460       ?capacity@?$vector@V?$basic_string@DU?$char_traits@D@std@@V?$allocator@D@2@@std@@V?$allocator@V?$basic_string@DU?$char_traits@D@std@@V?$allocator@D@2@@std@@@2@@std@@QBEIXZ 10012460 f i ResamplerImp.obj
 0001:00011490       ?begin@?$vector@V?$basic_string@DU?$char_traits@D@std@@V?$allocator@D@2@@std@@V?$allocator@V?$basic_string@DU?$char_traits@D@std@@V?$allocator@D@2@@std@@@2@@std@@QBE?AV?$_Vector_const_iterator@V?$basic_string@DU?$char_traits@D@std@@V?$allocator@D@2@@std@@V?$allocator@V?$basic_string@DU?$char_traits@D@std@@V?$allocator@D@2@@std@@@2@@2@XZ 10012490 f i ResamplerImp.obj
 0001:000114b0       ?end@?$vector@V?$basic_string@DU?$char_traits@D@std@@V?$allocator@D@2@@std@@V?$allocator@V?$basic_string@DU?$char_traits@D@std@@V?$allocator@D@2@@std@@@2@@std@@QBE?AV?$_Vector_const_iterator@V?$basic_string@DU?$char_traits@D@std@@V?$allocator@D@2@@std@@V?$allocator@V?$basic_string@DU?$char_traits@D@std@@V?$allocator@D@2@@std@@@2@@2@XZ 100124b0 f i ResamplerImp.obj
 0001:000114d0       ?size@?$vector@V?$basic_string@DU?$char_traits@D@std@@V?$allocator@D@2@@std@@V?$allocator@V?$basic_string@DU?$char_traits@D@std@@V?$allocator@D@2@@std@@@2@@std@@QBEIXZ 100124d0 f i ResamplerImp.obj
 0001:00011500       ?insert@?$vector@V?$basic_string@DU?$char_traits@D@std@@V?$allocator@D@2@@std@@V?$allocator@V?$basic_string@DU?$char_traits@D@std@@V?$allocator@D@2@@std@@@2@@std@@QAE?AV?$_Vector_iterator@V?$basic_string@DU?$char_traits@D@std@@V?$allocator@D@2@@std@@V?$allocator@V?$basic_string@DU?$char_traits@D@std@@V?$allocator@D@2@@std@@@2@@2@V32@ABV?$basic_string@DU?$char_traits@D@std@@V?$allocator@D@2@@2@@Z 10012500 f i ResamplerImp.obj
 0001:000115c0       ?_Buy@?$vector@V?$basic_string@DU?$char_traits@D@std@@V?$allocator@D@2@@std@@V?$allocator@V?$basic_string@DU?$char_traits@D@std@@V?$allocator@D@2@@std@@@2@@std@@IAE_NI@Z 100125c0 f i ResamplerImp.obj
 0001:000115f0       ?_Ufill@?$vector@V?$basic_string@DU?$char_traits@D@std@@V?$allocator@D@2@@std@@V?$allocator@V?$basic_string@DU?$char_traits@D@std@@V?$allocator@D@2@@std@@@2@@std@@IAEPAV?$basic_string@DU?$char_traits@D@std@@V?$allocator@D@2@@2@PAV32@IABV32@@Z 100125f0 f i ResamplerImp.obj
 0001:00011620       ??0?$_Vector_val@V?$basic_string@DU?$char_traits@D@std@@V?$allocator@D@2@@std@@V?$allocator@V?$basic_string@DU?$char_traits@D@std@@V?$allocator@D@2@@std@@@2@@std@@IAE@V?$allocator@V?$basic_string@DU?$char_traits@D@std@@V?$allocator@D@2@@std@@@1@@Z 10012620 f i ResamplerImp.obj
 0001:00011630       ??0?$allocator@V?$basic_string@DU?$char_traits@D@std@@V?$allocator@D@2@@std@@@std@@QAE@XZ 10012630 f i ResamplerImp.obj
 0001:00011640       ??0?$allocator@V?$basic_string@DU?$char_traits@D@std@@V?$allocator@D@2@@std@@@std@@QAE@ABV01@@Z 10012640 f i ResamplerImp.obj
 0001:00011650       ?_Buy@?$vector@NV?$allocator@N@std@@@std@@IAE_NI@Z 10012650 f i ResamplerImp.obj
 0001:00011680       ?_Tidy@?$vector@NV?$allocator@N@std@@@std@@IAEXXZ 10012680 f i ResamplerImp.obj
 0001:000116b0       ?_Xran@?$vector@NV?$allocator@N@std@@@std@@KAXXZ 100126b0 f i ResamplerImp.obj
 0001:00011730       ??0?$_Vector_val@NV?$allocator@N@std@@@std@@IAE@V?$allocator@N@1@@Z 10012730 f i ResamplerImp.obj
 0001:00011740       ??0?$allocator@N@std@@QAE@XZ 10012740 f i ResamplerImp.obj
 0001:00011750       ?_Buy@?$vector@HV?$allocator@H@std@@@std@@IAE_NI@Z 10012750 f i ResamplerImp.obj
 0001:00011780       ?_Tidy@?$vector@HV?$allocator@H@std@@@std@@IAEXXZ 10012780 f i ResamplerImp.obj
 0001:000117b0       ??0?$_Vector_val@HV?$allocator@H@std@@@std@@IAE@V?$allocator@H@1@@Z 100127b0 f i ResamplerImp.obj
 0001:000117c0       ??0?$allocator@H@std@@QAE@XZ 100127c0 f i ResamplerImp.obj
 0001:000117d0       ??D?$auto_ptr@VInterpolator@@@std@@QBEAAVInterpolator@@XZ 100127d0 f i ResamplerImp.obj
 0001:000117e0       ?reset@?$auto_ptr@VInterpolator@@@std@@QAEXPAVInterpolator@@@Z 100127e0 f i ResamplerImp.obj
 0001:00011800       ?capacity@?$vector@U?$pair@NN@std@@V?$allocator@U?$pair@NN@std@@@2@@std@@QBEIXZ 10012800 f i ResamplerImp.obj
 0001:00011820       ?size@?$vector@U?$pair@NN@std@@V?$allocator@U?$pair@NN@std@@@2@@std@@QBEIXZ 10012820 f i ResamplerImp.obj
 0001:00011840       ?max_size@?$vector@U?$pair@NN@std@@V?$allocator@U?$pair@NN@std@@@2@@std@@QBEIXZ 10012840 f i ResamplerImp.obj
 0001:00011850       ?insert@?$vector@U?$pair@NN@std@@V?$allocator@U?$pair@NN@std@@@2@@std@@QAE?AV?$_Vector_iterator@U?$pair@NN@std@@V?$allocator@U?$pair@NN@std@@@2@@2@V32@ABU?$pair@NN@2@@Z 10012850 f i ResamplerImp.obj
 0001:000118e0       ?_Buy@?$vector@U?$pair@NN@std@@V?$allocator@U?$pair@NN@std@@@2@@std@@IAE_NI@Z 100128e0 f i ResamplerImp.obj
 0001:00011910       ?_Destroy@?$vector@U?$pair@NN@std@@V?$allocator@U?$pair@NN@std@@@2@@std@@IAEXPAU?$pair@NN@2@0@Z 10012910 f i ResamplerImp.obj
 0001:00011920       ?_Tidy@?$vector@U?$pair@NN@std@@V?$allocator@U?$pair@NN@std@@@2@@std@@IAEXXZ 10012920 f i ResamplerImp.obj
 0001:00011950       ?_Ufill@?$vector@U?$pair@NN@std@@V?$allocator@U?$pair@NN@std@@@2@@std@@IAEPAU?$pair@NN@2@PAU32@IABU32@@Z 10012950 f i ResamplerImp.obj
[...]
 0001:000234e4       __unwindfunclet$?runTest9@ResamplerImp@@AAE_NAAV?$basic_ostream@DU?$char_traits@D@std@@@std@@@Z$8 100244e4 f    CIL library: CIL module
 0001:000234ed       __unwindfunclet$?runTest9@ResamplerImp@@AAE_NAAV?$basic_ostream@DU?$char_traits@D@std@@@std@@@Z$9 100244ed f    CIL library: CIL module
 0001:000234f6       __ehhandler$?runTest9@ResamplerImp@@AAE_NAAV?$basic_ostream@DU?$char_traits@D@std@@@std@@@Z 100244f6 f    CIL library: CIL module
 0001:00023500       __unwindfunclet$?runTest8@ResamplerImp@@AAE_NAAV?$basic_ostream@DU?$char_traits@D@std@@@std@@@Z$0 10024500 f    CIL library: CIL module
 0001:0002350b       __unwindfunclet$?runTest8@ResamplerImp@@AAE_NAAV?$basic_ostream@DU?$char_traits@D@std@@@std@@@Z$1 1002450b f    CIL library: CIL module
 0001:00023516       __unwindfunclet$?runTest8@ResamplerImp@@AAE_NAAV?$basic_ostream@DU?$char_traits@D@std@@@std@@@Z$2 10024516 f    CIL library: CIL module
 0001:00023521       __unwindfunclet$?runTest8@ResamplerImp@@AAE_NAAV?$basic_ostream@DU?$char_traits@D@std@@@std@@@Z$3 10024521 f    CIL library: CIL module
 0001:0002352c       __unwindfunclet$?runTest8@ResamplerImp@@AAE_NAAV?$basic_ostream@DU?$char_traits@D@std@@@std@@@Z$4 1002452c f    CIL library: CIL module
 0001:00023537       __unwindfunclet$?runTest8@ResamplerImp@@AAE_NAAV?$basic_ostream@DU?$char_traits@D@std@@@std@@@Z$5 10024537 f    CIL library: CIL module
 0001:00023542       __unwindfunclet$?runTest8@ResamplerImp@@AAE_NAAV?$basic_ostream@DU?$char_traits@D@std@@@std@@@Z$6 10024542 f    CIL library: CIL module
 0001:0002354b       __unwindfunclet$?runTest8@ResamplerImp@@AAE_NAAV?$basic_ostream@DU?$char_traits@D@std@@@std@@@Z$7 1002454b f    CIL library: CIL module
 0001:00023554       __unwindfunclet$?runTest8@ResamplerImp@@AAE_NAAV?$basic_ostream@DU?$char_traits@D@std@@@std@@@Z$8 10024554 f    CIL library: CIL module
 0001:0002355d       __unwindfunclet$?runTest8@ResamplerImp@@AAE_NAAV?$basic_ostream@DU?$char_traits@D@std@@@std@@@Z$9 1002455d f    CIL library: CIL module
 0001:00023566       __ehhandler$?runTest8@ResamplerImp@@AAE_NAAV?$basic_ostream@DU?$char_traits@D@std@@@std@@@Z 10024566 f    CIL library: CIL module
 0001:00023570       __unwindfunclet$?runTest7@ResamplerImp@@AAE_NAAV?$basic_ostream@DU?$char_traits@D@std@@@std@@@Z$0 10024570 f    CIL library: CIL module
 0001:0002357b       __unwindfunclet$?runTest7@ResamplerImp@@AAE_NAAV?$basic_ostream@DU?$char_traits@D@std@@@std@@@Z$1 1002457b f    CIL library: CIL module
 0001:00023586       __unwindfunclet$?runTest7@ResamplerImp@@AAE_NAAV?$basic_ostream@DU?$char_traits@D@std@@@std@@@Z$2 10024586 f    CIL library: CIL module
 0001:00023591       __unwindfunclet$?runTest7@ResamplerImp@@AAE_NAAV?$basic_ostream@DU?$char_traits@D@std@@@std@@@Z$3 10024591 f    CIL library: CIL module
 0001:0002359c       __unwindfunclet$?runTest7@ResamplerImp@@AAE_NAAV?$basic_ostream@DU?$char_traits@D@std@@@std@@@Z$4 1002459c f    CIL library: CIL module
 0001:000235a7       __unwindfunclet$?runTest7@ResamplerImp@@AAE_NAAV?$basic_ostream@DU?$char_traits@D@std@@@std@@@Z$5 100245a7 f    CIL library: CIL module
 0001:000235af       __unwindfunclet$?runTest7@ResamplerImp@@AAE_NAAV?$basic_ostream@DU?$char_traits@D@std@@@std@@@Z$6 100245af f    CIL library: CIL module
 0001:000235b8       __unwindfunclet$?runTest7@ResamplerImp@@AAE_NAAV?$basic_ostream@DU?$char_traits@D@std@@@std@@@Z$7 100245b8 f    CIL library: CIL module
 0001:000235c3       __unwindfunclet$?runTest7@ResamplerImp@@AAE_NAAV?$basic_ostream@DU?$char_traits@D@std@@@std@@@Z$8 100245c3 f    CIL library: CIL module
 0001:000235ce       __unwindfunclet$?runTest7@ResamplerImp@@AAE_NAAV?$basic_ostream@DU?$char_traits@D@std@@@std@@@Z$9 100245ce f    CIL library: CIL module
 0001:000235d7       __unwindfunclet$?runTest7@ResamplerImp@@AAE_NAAV?$basic_ostream@DU?$char_traits@D@std@@@std@@@Z$10 100245d7 f    CIL library: CIL module
 0001:000235e0       __ehhandler$?runTest7@ResamplerImp@@AAE_NAAV?$basic_ostream@DU?$char_traits@D@std@@@std@@@Z 100245e0 f    CIL library: CIL module
 0001:000235f0       __unwindfunclet$?runTest6@ResamplerImp@@AAE_NAAV?$basic_ostream@DU?$char_traits@D@std@@@std@@@Z$0 100245f0 f    CIL library: CIL module
 0001:000235fb       __unwindfunclet$?runTest6@ResamplerImp@@AAE_NAAV?$basic_ostream@DU?$char_traits@D@std@@@std@@@Z$1 100245fb f    CIL library: CIL module
 0001:00023606       __unwindfunclet$?runTest6@ResamplerImp@@AAE_NAAV?$basic_ostream@DU?$char_traits@D@std@@@std@@@Z$2 10024606 f    CIL library: CIL module
 0001:00023611       __unwindfunclet$?runTest6@ResamplerImp@@AAE_NAAV?$basic_ostream@DU?$char_traits@D@std@@@std@@@Z$3 10024611 f    CIL library: CIL module
 0001:0002361c       __unwindfunclet$?runTest6@ResamplerImp@@AAE_NAAV?$basic_ostream@DU?$char_traits@D@std@@@std@@@Z$4 1002461c f    CIL library: CIL module
 0001:00023627       __unwindfunclet$?runTest6@ResamplerImp@@AAE_NAAV?$basic_ostream@DU?$char_traits@D@std@@@std@@@Z$5 10024627 f    CIL library: CIL module
 0001:00023632       __unwindfunclet$?runTest6@ResamplerImp@@AAE_NAAV?$basic_ostream@DU?$char_traits@D@std@@@std@@@Z$6 10024632 f    CIL library: CIL module
 0001:0002363b       __unwindfunclet$?runTest6@ResamplerImp@@AAE_NAAV?$basic_ostream@DU?$char_traits@D@std@@@std@@@Z$7 1002463b f    CIL library: CIL module
 0001:00023644       __unwindfunclet$?runTest6@ResamplerImp@@AAE_NAAV?$basic_ostream@DU?$char_traits@D@std@@@std@@@Z$8 10024644 f    CIL library: CIL module
 0001:0002364d       __unwindfunclet$?runTest6@ResamplerImp@@AAE_NAAV?$basic_ostream@DU?$char_traits@D@std@@@std@@@Z$9 1002464d f    CIL library: CIL module
 0001:00023656       __ehhandler$?runTest6@ResamplerImp@@AAE_NAAV?$basic_ostream@DU?$char_traits@D@std@@@std@@@Z 10024656 f    CIL library: CIL module
 0001:00023660       __unwindfunclet$?runTest5@ResamplerImp@@AAE_NAAV?$basic_ostream@DU?$char_traits@D@std@@@std@@@Z$0 10024660 f    CIL library: CIL module
 0001:0002366b       __unwindfunclet$?runTest5@ResamplerImp@@AAE_NAAV?$basic_ostream@DU?$char_traits@D@std@@@std@@@Z$1 1002466b f    CIL library: CIL module
 0001:00023676       __unwindfunclet$?runTest5@ResamplerImp@@AAE_NAAV?$basic_ostream@DU?$char_traits@D@std@@@std@@@Z$2 10024676 f    CIL library: CIL module
 0001:00023681       __unwindfunclet$?runTest5@ResamplerImp@@AAE_NAAV?$basic_ostream@DU?$char_traits@D@std@@@std@@@Z$3 10024681 f    CIL library: CIL module
 0001:0002368c       __unwindfunclet$?runTest5@ResamplerImp@@AAE_NAAV?$basic_ostream@DU?$char_traits@D@std@@@std@@@Z$4 1002468c f    CIL library: CIL module
 0001:00023694       __unwindfunclet$?runTest5@ResamplerImp@@AAE_NAAV?$basic_ostream@DU?$char_traits@D@std@@@std@@@Z$5 10024694 f    CIL library: CIL module
 0001:0002369f       __unwindfunclet$?runTest5@ResamplerImp@@AAE_NAAV?$basic_ostream@DU?$char_traits@D@std@@@std@@@Z$6 1002469f f    CIL library: CIL module
 0001:000236a8       __unwindfunclet$?runTest5@ResamplerImp@@AAE_NAAV?$basic_ostream@DU?$char_traits@D@std@@@std@@@Z$7 100246a8 f    CIL library: CIL module
 0001:000236b3       __unwindfunclet$?runTest5@ResamplerImp@@AAE_NAAV?$basic_ostream@DU?$char_traits@D@std@@@std@@@Z$8 100246b3 f    CIL library: CIL module
 0001:000236be       __unwindfunclet$?runTest5@ResamplerImp@@AAE_NAAV?$basic_ostream@DU?$char_traits@D@std@@@std@@@Z$9 100246be f    CIL library: CIL module
 0001:000236c7       __unwindfunclet$?runTest5@ResamplerImp@@AAE_NAAV?$basic_ostream@DU?$char_traits@D@std@@@std@@@Z$10 100246c7 f    CIL library: CIL module
 0001:000236d0       __ehhandler$?runTest5@ResamplerImp@@AAE_NAAV?$basic_ostream@DU?$char_traits@D@std@@@std@@@Z 100246d0 f    CIL library: CIL module
 0001:000236e0       __unwindfunclet$?runTest4@ResamplerImp@@AAE_NAAV?$basic_ostream@DU?$char_traits@D@std@@@std@@@Z$0 100246e0 f    CIL library: CIL module
 0001:000236eb       __unwindfunclet$?runTest4@ResamplerImp@@AAE_NAAV?$basic_ostream@DU?$char_traits@D@std@@@std@@@Z$1 100246eb f    CIL library: CIL module
 0001:000236f6       __unwindfunclet$?runTest4@ResamplerImp@@AAE_NAAV?$basic_ostream@DU?$char_traits@D@std@@@std@@@Z$2 100246f6 f    CIL library: CIL module
 0001:00023701       __unwindfunclet$?runTest4@ResamplerImp@@AAE_NAAV?$basic_ostream@DU?$char_traits@D@std@@@std@@@Z$3 10024701 f    CIL library: CIL module
 0001:0002370c       __unwindfunclet$?runTest4@ResamplerImp@@AAE_NAAV?$basic_ostream@DU?$char_traits@D@std@@@std@@@Z$4 1002470c f    CIL library: CIL module
 0001:00023717       __unwindfunclet$?runTest4@ResamplerImp@@AAE_NAAV?$basic_ostream@DU?$char_traits@D@std@@@std@@@Z$5 10024717 f    CIL library: CIL module
 0001:0002371f       __unwindfunclet$?runTest4@ResamplerImp@@AAE_NAAV?$basic_ostream@DU?$char_traits@D@std@@@std@@@Z$6 1002471f f    CIL library: CIL module
 0001:00023728       __unwindfunclet$?runTest4@ResamplerImp@@AAE_NAAV?$basic_ostream@DU?$char_traits@D@std@@@std@@@Z$7 10024728 f    CIL library: CIL module
 0001:00023733       __unwindfunclet$?runTest4@ResamplerImp@@AAE_NAAV?$basic_ostream@DU?$char_traits@D@std@@@std@@@Z$8 10024733 f    CIL library: CIL module
 0001:0002373e       __unwindfunclet$?runTest4@ResamplerImp@@AAE_NAAV?$basic_ostream@DU?$char_traits@D@std@@@std@@@Z$9 1002473e f    CIL library: CIL module
 0001:00023747       __unwindfunclet$?runTest4@ResamplerImp@@AAE_NAAV?$basic_ostream@DU?$char_traits@D@std@@@std@@@Z$10 10024747 f    CIL library: CIL module
 0001:00023750       __ehhandler$?runTest4@ResamplerImp@@AAE_NAAV?$basic_ostream@DU?$char_traits@D@std@@@std@@@Z 10024750 f    CIL library: CIL module
 0001:00023760       __unwindfunclet$?runTest3@ResamplerImp@@AAE_NAAV?$basic_ostream@DU?$char_traits@D@std@@@std@@@Z$0 10024760 f    CIL library: CIL module
 0001:0002376b       __unwindfunclet$?runTest3@ResamplerImp@@AAE_NAAV?$basic_ostream@DU?$char_traits@D@std@@@std@@@Z$1 1002476b f    CIL library: CIL module
 0001:00023776       __unwindfunclet$?runTest3@ResamplerImp@@AAE_NAAV?$basic_ostream@DU?$char_traits@D@std@@@std@@@Z$2 10024776 f    CIL library: CIL module
 0001:00023781       __unwindfunclet$?runTest3@ResamplerImp@@AAE_NAAV?$basic_ostream@DU?$char_traits@D@std@@@std@@@Z$3 10024781 f    CIL library: CIL module
 0001:0002378c       __unwindfunclet$?runTest3@ResamplerImp@@AAE_NAAV?$basic_ostream@DU?$char_traits@D@std@@@std@@@Z$4 1002478c f    CIL library: CIL module
 0001:00023797       __unwindfunclet$?runTest3@ResamplerImp@@AAE_NAAV?$basic_ostream@DU?$char_traits@D@std@@@std@@@Z$5 10024797 f    CIL library: CIL module
 0001:0002379f       __unwindfunclet$?runTest3@ResamplerImp@@AAE_NAAV?$basic_ostream@DU?$char_traits@D@std@@@std@@@Z$6 1002479f f    CIL library: CIL module
 0001:000237a8       __unwindfunclet$?runTest3@ResamplerImp@@AAE_NAAV?$basic_ostream@DU?$char_traits@D@std@@@std@@@Z$7 100247a8 f    CIL library: CIL module
 0001:000237b3       __unwindfunclet$?runTest3@ResamplerImp@@AAE_NAAV?$basic_ostream@DU?$char_traits@D@std@@@std@@@Z$8 100247b3 f    CIL library: CIL module
 0001:000237be       __unwindfunclet$?runTest3@ResamplerImp@@AAE_NAAV?$basic_ostream@DU?$char_traits@D@std@@@std@@@Z$9 100247be f    CIL library: CIL module
 0001:000237c7       __unwindfunclet$?runTest3@ResamplerImp@@AAE_NAAV?$basic_ostream@DU?$char_traits@D@std@@@std@@@Z$10 100247c7 f    CIL library: CIL module
 0001:000237d0       __ehhandler$?runTest3@ResamplerImp@@AAE_NAAV?$basic_ostream@DU?$char_traits@D@std@@@std@@@Z 100247d0 f    CIL library: CIL module
 0001:000237e0       __unwindfunclet$?runTest2@ResamplerImp@@AAE_NAAV?$basic_ostream@DU?$char_traits@D@std@@@std@@@Z$0 100247e0 f    CIL library: CIL module
 0001:000237eb       __unwindfunclet$?runTest2@ResamplerImp@@AAE_NAAV?$basic_ostream@DU?$char_traits@D@std@@@std@@@Z$1 100247eb f    CIL library: CIL module
 0001:000237f6       __unwindfunclet$?runTest2@ResamplerImp@@AAE_NAAV?$basic_ostream@DU?$char_traits@D@std@@@std@@@Z$2 100247f6 f    CIL library: CIL module
 0001:00023801       __unwindfunclet$?runTest2@ResamplerImp@@AAE_NAAV?$basic_ostream@DU?$char_traits@D@std@@@std@@@Z$3 10024801 f    CIL library: CIL module
 0001:0002380c       __unwindfunclet$?runTest2@ResamplerImp@@AAE_NAAV?$basic_ostream@DU?$char_traits@D@std@@@std@@@Z$4 1002480c f    CIL library: CIL module
 0001:00023817       __unwindfunclet$?runTest2@ResamplerImp@@AAE_NAAV?$basic_ostream@DU?$char_traits@D@std@@@std@@@Z$5 10024817 f    CIL library: CIL module
 0001:0002381f       __unwindfunclet$?runTest2@ResamplerImp@@AAE_NAAV?$basic_ostream@DU?$char_traits@D@std@@@std@@@Z$6 1002481f f    CIL library: CIL module
 0001:00023828       __unwindfunclet$?runTest2@ResamplerImp@@AAE_NAAV?$basic_ostream@DU?$char_traits@D@std@@@std@@@Z$7 10024828 f    CIL library: CIL module
 0001:00023833       __unwindfunclet$?runTest2@ResamplerImp@@AAE_NAAV?$basic_ostream@DU?$char_traits@D@std@@@std@@@Z$8 10024833 f    CIL library: CIL module
 0001:0002383e       __unwindfunclet$?runTest2@ResamplerImp@@AAE_NAAV?$basic_ostream@DU?$char_traits@D@std@@@std@@@Z$9 1002483e f    CIL library: CIL module
 0001:00023847       __unwindfunclet$?runTest2@ResamplerImp@@AAE_NAAV?$basic_ostream@DU?$char_traits@D@std@@@std@@@Z$10 10024847 f    CIL library: CIL module
 0001:00023850       __ehhandler$?runTest2@ResamplerImp@@AAE_NAAV?$basic_ostream@DU?$char_traits@D@std@@@std@@@Z 10024850 f    CIL library: CIL module
 0001:00023860       __unwindfunclet$?runTest1@ResamplerImp@@AAE_NAAV?$basic_ostream@DU?$char_traits@D@std@@@std@@@Z$0 10024860 f    CIL library: CIL module
 0001:0002386b       __unwindfunclet$?runTest1@ResamplerImp@@AAE_NAAV?$basic_ostream@DU?$char_traits@D@std@@@std@@@Z$1 1002486b f    CIL library: CIL module
 0001:00023876       __unwindfunclet$?runTest1@ResamplerImp@@AAE_NAAV?$basic_ostream@DU?$char_traits@D@std@@@std@@@Z$2 10024876 f    CIL library: CIL module
 0001:00023881       __unwindfunclet$?runTest1@ResamplerImp@@AAE_NAAV?$basic_ostream@DU?$char_traits@D@std@@@std@@@Z$3 10024881 f    CIL library: CIL module
 0001:0002388c       __unwindfunclet$?runTest1@ResamplerImp@@AAE_NAAV?$basic_ostream@DU?$char_traits@D@std@@@std@@@Z$4 1002488c f    CIL library: CIL module
 0001:00023894       __unwindfunclet$?runTest1@ResamplerImp@@AAE_NAAV?$basic_ostream@DU?$char_traits@D@std@@@std@@@Z$5 10024894 f    CIL library: CIL module
 0001:0002389f       __unwindfunclet$?runTest1@ResamplerImp@@AAE_NAAV?$basic_ostream@DU?$char_traits@D@std@@@std@@@Z$6 1002489f f    CIL library: CIL module
 0001:000238a8       __unwindfunclet$?runTest1@ResamplerImp@@AAE_NAAV?$basic_ostream@DU?$char_traits@D@std@@@std@@@Z$7 100248a8 f    CIL library: CIL module
 0001:000238b3       __unwindfunclet$?runTest1@ResamplerImp@@AAE_NAAV?$basic_ostream@DU?$char_traits@D@std@@@std@@@Z$8 100248b3 f    CIL library: CIL module
 0001:000238be       __unwindfunclet$?runTest1@ResamplerImp@@AAE_NAAV?$basic_ostream@DU?$char_traits@D@std@@@std@@@Z$9 100248be f    CIL library: CIL module
 0001:000238c7       __unwindfunclet$?runTest1@ResamplerImp@@AAE_NAAV?$basic_ostream@DU?$char_traits@D@std@@@std@@@Z$10 100248c7 f    CIL library: CIL module
 0001:000238d0       __ehhandler$?runTest1@ResamplerImp@@AAE_NAAV?$basic_ostream@DU?$char_traits@D@std@@@std@@@Z 100248d0 f    CIL library: CIL module
 0001:000238e0       __unwindfunclet$?runAllTests@ResamplerImp@@UAE_NPAVProgress@@AAV?$basic_ostream@DU?$char_traits@D@std@@@std@@@Z$0 100248e0 f    CIL library: CIL module
 0001:000238e9       __unwindfunclet$?runAllTests@ResamplerImp@@UAE_NPAVProgress@@AAV?$basic_ostream@DU?$char_traits@D@std@@@std@@@Z$1 100248e9 f    CIL library: CIL module
 0001:000238f2       __unwindfunclet$?runAllTests@ResamplerImp@@UAE_NPAVProgress@@AAV?$basic_ostream@DU?$char_traits@D@std@@@std@@@Z$2 100248f2 f    CIL library: CIL module
 0001:000238fb       __unwindfunclet$?runAllTests@ResamplerImp@@UAE_NPAVProgress@@AAV?$basic_ostream@DU?$char_traits@D@std@@@std@@@Z$3 100248fb f    CIL library: CIL module
 0001:00023904       __unwindfunclet$?runAllTests@ResamplerImp@@UAE_NPAVProgress@@AAV?$basic_ostream@DU?$char_traits@D@std@@@std@@@Z$4 10024904 f    CIL library: CIL module
 0001:0002390d       __unwindfunclet$?runAllTests@ResamplerImp@@UAE_NPAVProgress@@AAV?$basic_ostream@DU?$char_traits@D@std@@@std@@@Z$5 1002490d f    CIL library: CIL module
 0001:00023916       __unwindfunclet$?runAllTests@ResamplerImp@@UAE_NPAVProgress@@AAV?$basic_ostream@DU?$char_traits@D@std@@@std@@@Z$6 10024916 f    CIL library: CIL module
 0001:0002391f       __unwindfunclet$?runAllTests@ResamplerImp@@UAE_NPAVProgress@@AAV?$basic_ostream@DU?$char_traits@D@std@@@std@@@Z$7 1002491f f    CIL library: CIL module
 0001:00023928       __unwindfunclet$?runAllTests@ResamplerImp@@UAE_NPAVProgress@@AAV?$basic_ostream@DU?$char_traits@D@std@@@std@@@Z$8 10024928 f    CIL library: CIL module
 0001:00023931       __unwindfunclet$?runAllTests@ResamplerImp@@UAE_NPAVProgress@@AAV?$basic_ostream@DU?$char_traits@D@std@@@std@@@Z$9 10024931 f    CIL library: CIL module
 0001:0002393a       __unwindfunclet$?runAllTests@ResamplerImp@@UAE_NPAVProgress@@AAV?$basic_ostream@DU?$char_traits@D@std@@@std@@@Z$10 1002493a f    CIL library: CIL module
 0001:00023943       __unwindfunclet$?runAllTests@ResamplerImp@@UAE_NPAVProgress@@AAV?$basic_ostream@DU?$char_traits@D@std@@@std@@@Z$11 10024943 f    CIL library: CIL module
 0001:0002394c       __unwindfunclet$?runAllTests@ResamplerImp@@UAE_NPAVProgress@@AAV?$basic_ostream@DU?$char_traits@D@std@@@std@@@Z$12 1002494c f    CIL library: CIL module
 0001:00023955       __unwindfunclet$?runAllTests@ResamplerImp@@UAE_NPAVProgress@@AAV?$basic_ostream@DU?$char_traits@D@std@@@std@@@Z$13 10024955 f    CIL library: CIL module
 0001:0002395e       __unwindfunclet$?runAllTests@ResamplerImp@@UAE_NPAVProgress@@AAV?$basic_ostream@DU?$char_traits@D@std@@@std@@@Z$14 1002495e f    CIL library: CIL module
 0001:00023967       __unwindfunclet$?runAllTests@ResamplerImp@@UAE_NPAVProgress@@AAV?$basic_ostream@DU?$char_traits@D@std@@@std@@@Z$15 10024967 f    CIL library: CIL module
 0001:00023970       __ehhandler$?runAllTests@ResamplerImp@@UAE_NPAVProgress@@AAV?$basic_ostream@DU?$char_traits@D@std@@@std@@@Z 10024970 f    CIL library: CIL module
 0001:00023980       __unwindfunclet$??__EResamplerImppluginFactory@SpectralResampler@@YAXXZ$0 10024980 f    CIL library: CIL module
 0001:00023989       __ehhandler$??__EResamplerImppluginFactory@SpectralResampler@@YAXXZ 10024989 f    CIL library: CIL module
 0001:000239a0       __unwindfunclet$??__EResamplerOptionspluginFactory@SpectralResampler@@YAXXZ$0 100249a0 f    CIL library: CIL module
 0001:000239a9       __ehhandler$??__EResamplerOptionspluginFactory@SpectralResampler@@YAXXZ 100249a9 f    CIL library: CIL module
 0001:000239c0       ??__EResamplerImppluginFactory@SpectralResampler@@YAXXZ 100249c0 f    CIL library: CIL module
 0001:00023a30       ??__EResamplerOptionspluginFactory@SpectralResampler@@YAXXZ 10024a30 f    CIL library: CIL module
 0001:00023aa0       ??__E?staticMetaObject@LabeledSectionGroup@@2UQMetaObject@@B@@YAXXZ 10024aa0 f   PlugInUtilities:moc_LabeledSectionGroup.obj
 0001:00023ab0       ??__E?staticMetaObject@LabeledSection@@2UQMetaObject@@B@@YAXXZ 10024ab0 f   PlugInUtilities:moc_LabeledSection.obj
 0001:00023ac0       ??__FsFactories@?1??factories@SpectralResampler@@YAAAV?$vector@U?$pair@V?$basic_string@DU?$char_traits@D@std@@V?$allocator@D@2@@std@@PAVPlugInFactory@@@std@@V?$allocator@U?$pair@V?$basic_string@DU?$char_traits@D@std@@V?$allocator@D@2@@std@@PAVPlugInFactory@@@std@@@2@@std@@XZ@YAXXZ 10024ac0 f    CIL library: CIL module
 0001:00023ad0       ??__FResamplerImppluginFactory@SpectralResampler@@YAXXZ 10024ad0 f    CIL library: CIL module
 0001:00023b60       ??__FResamplerOptionspluginFactory@SpectralResampler@@YAXXZ 10024b60 f    CIL library: CIL module

 Exports

  ordinal    name

        1    _SpectralResamplerInstantiatePlugIn
               exported name: SpectralResamplerInstantiatePlugIn
        2    _opticks_get_module_descriptor
               exported name: opticks_get_module_descriptor
