 DataMerge

 Timestamp is 4c3f210a (Thu Jul 15 22:54:02 2010)

 Preferred load address is 10000000

 Start         Length     Name                   Class
 0001:00000000 0002b0c2H .text                   CODE
 0001:0002b0d0 00002083H .text$x                 CODE
 0001:0002d160 0000009bH .text$yc                CODE
 0001:0002d200 0000003bH .text$yd                CODE
 0002:00000000 000001c8H .idata$5                DATA
 0002:000001c8 00000004H .CRT$XCA                DATA
 0002:000001cc 00000008H .CRT$XCU                DATA
 0002:000001d4 00000004H .CRT$XCZ                DATA
 0002:000001d8 00000004H .CRT$XIA                DATA
 0002:000001dc 00000004H .CRT$XIAA               DATA
 0002:000001e0 00000004H .CRT$XIC                DATA
 0002:000001e4 00000004H .CRT$XIZ                DATA
 0002:000001f0 00002070H .rdata                  DATA
 0002:00002260 00000055H .rdata$debug            DATA
 0002:000022b8 00000d6cH .rdata$r                DATA
 0002:00003030 000002f8H .rdata$sxdata           DATA
 0002:00003328 00000004H .rtc$IAA                DATA
 0002:0000332c 00000004H .rtc$IZZ                DATA
 0002:00003330 00000004H .rtc$TAA                DATA
 0002:00003334 00000004H .rtc$TZZ                DATA
 0002:00003338 000032fcH .xdata$x                DATA
 0002:00006634 00000064H .idata$2                DATA
 0002:00006698 00000014H .idata$3                DATA
 0002:000066ac 000001c8H .idata$4                DATA
 0002:00006874 00001342H .idata$6                DATA
 0002:00007bc0 0000008bH .edata                  DATA
 0003:00000000 00000ce0H .data                   DATA
 0003:00000ce0 000003d8H .bss                    DATA

  Address         Publics by Value              Rva+Base       Lib:Object

 0000:00000000       __except_list              00000000     <absolute>
 0000:000000be       ___safe_se_handler_count   000000be     <absolute>
 0000:00009876       __ldused                   00009876     <absolute>
 0000:00009876       __fltused                  00009876     <absolute>
 0000:00000000       ___ImageBase               10000000     <linker-defined>
 0001:00000000       ??CDataAccessor@@QAEPAVDataAccessorImpl@@XZ 10001000 f i DataMerge.obj
 0001:00000010       ??0bad_alloc@std@@QAE@PBD@Z 10001010 f i DataMerge.obj
 0001:00000030       ??1bad_alloc@std@@UAE@XZ   10001030 f i DataMerge.obj
 0001:00000040       ??_Gbad_alloc@std@@UAEPAXI@Z 10001040 f i DataMerge.obj
 0001:00000040       ??_Ebad_alloc@std@@UAEPAXI@Z 10001040 f i DataMerge.obj
 0001:00000070       ??2@YAPAXIPAX@Z            10001070 f i DataMerge.obj
 0001:00000080       ??3@YAXPAX0@Z              10001080 f i DataMerge.obj
 0001:00000090       ??0_Iterator_base@std@@QAE@XZ 10001090 f i DataMerge.obj
 0001:000000a0       ??0logic_error@std@@QAE@ABV?$basic_string@DU?$char_traits@D@std@@V?$allocator@D@2@@1@@Z 100010a0 f i DataMerge.obj
 0001:00000100       ??1logic_error@std@@UAE@XZ 10001100 f i DataMerge.obj
 0001:00000120       ?what@logic_error@std@@UBEPBDXZ 10001120 f i DataMerge.obj
 0001:00000130       ??_Glogic_error@std@@UAEPAXI@Z 10001130 f i DataMerge.obj
 0001:00000130       ??_Elogic_error@std@@UAEPAXI@Z 10001130 f i DataMerge.obj
 0001:00000160       ??0length_error@std@@QAE@ABV?$basic_string@DU?$char_traits@D@std@@V?$allocator@D@2@@1@@Z 10001160 f i DataMerge.obj
 0001:00000180       ??1length_error@std@@UAE@XZ 10001180 f i DataMerge.obj
 0001:000001a0       ??_Glength_error@std@@UAEPAXI@Z 100011a0 f i DataMerge.obj
 0001:000001a0       ??_Elength_error@std@@UAEPAXI@Z 100011a0 f i DataMerge.obj
 0001:000001d0       ??0Args@FactoryAllocator@@QAE@PBD@Z 100011d0 f i DataMerge.obj
 0001:000001f0       ?getColumn@DataAccessorImpl@@QAEPAXXZ 100011f0 f i DataMerge.obj
 0001:00000200       ?updateIfNeeded@DataAccessorImpl@@AAEXXZ 10001200 f i DataMerge.obj
 0001:00000290       ??0logic_error@std@@QAE@ABV01@@Z 10001290 f i DataMerge.obj
 0001:000002f0       ??1Args@MessageObject@@QAE@XZ 100012f0 f i DataMerge.obj
 0001:00000370       ??0PlugInFactory@@QAE@XZ   10001370 f i DataMerge.obj
 0001:00000380       ??0DataMerge@@QAE@XZ       10001380 f   DataMerge.obj
 0001:00000570       ??1DataMerge@@UAE@XZ       10001570 f   DataMerge.obj
 0001:000005e0       ?getWidget@DataMerge@@UBEPAVQWidget@@XZ 100015e0 f   DataMerge.obj
 0001:000005f0       ?dialogClosed@DataMerge@@QAEXXZ 100015f0 f   DataMerge.obj
 0001:00000600       ?serialize@DataMerge@@UBE_NAAVSessionItemSerializer@@@Z 10001600 f   DataMerge.obj
 0001:00000620       ??C?$Service@VApplicationServices@@@@QBEPAVApplicationServices@@XZ 10001620 f i DataMerge.obj
 0001:00000630       ??C?$Service@VModelServices@@@@QBEPAVModelServices@@XZ 10001630 f i DataMerge.obj
 0001:00000640       ?get@?$Resource@VDataRequest@@VFactoryObject@@@@QAEPAVDataRequest@@XZ 10001640 f i DataMerge.obj
 0001:00000650       ??C?$Resource@VDataRequest@@VFactoryObject@@@@QAEPAVDataRequest@@XZ 10001650 f i DataMerge.obj
 0001:00000660       ?release@?$Resource@VDataRequest@@VFactoryObject@@@@QAEPAVDataRequest@@XZ 10001660 f i DataMerge.obj
 0001:00000670       ??0?$EnumWrapper@W4InterleaveFormatTypeEnum@@@@QAE@ABW4InterleaveFormatTypeEnum@@@Z 10001670 f i DataMerge.obj
 0001:00000690       ??0?$EnumWrapper@W4ResultEnum@Message@@@@QAE@ABW4ResultEnum@Message@@@Z 10001690 f i DataMerge.obj
 0001:000006b0       ??C?$Service@VSessionManager@@@@QBEPAVSessionManager@@XZ 100016b0 f i DataMerge.obj
 0001:000006c0       ??C?$Service@VMessageLogMgr@@@@QBEPAVMessageLogMgr@@XZ 100016c0 f i DataMerge.obj
 0001:000006d0       ??B?$EnumWrapper@W4EncodingTypeEnum@@@@QBE?AW4EncodingTypeEnum@@XZ 100016d0 f i DataMerge.obj
 0001:000006e0       ?size@?$vector@PAVDataElement@@V?$allocator@PAVDataElement@@@std@@@std@@QBEIXZ 100016e0 f i DataMerge.obj
 0001:00000700       ??C?$Service@VDesktopServices@@@@QBEPAVDesktopServices@@XZ 10001700 f i DataMerge.obj
 0001:00000710       ??0?$EnumWrapper@W4WindowTypeEnum@@@@QAE@ABW4WindowTypeEnum@@@Z 10001710 f i DataMerge.obj
 0001:00000730       ??0?$EnumWrapper@W4LayerTypeEnum@@@@QAE@ABW4LayerTypeEnum@@@Z 10001730 f i DataMerge.obj
 0001:00000750       ??1Args@FactoryAllocator@@QAE@XZ 10001750 f i DataMerge.obj
 0001:00000760       ??0Args@MessageObject@@QAE@ABU01@@Z 10001760 f i DataMerge.obj
 0001:00000800       ?capacity@?$vector@V?$basic_string@DU?$char_traits@D@std@@V?$allocator@D@2@@std@@V?$allocator@V?$basic_string@DU?$char_traits@D@std@@V?$allocator@D@2@@std@@@2@@std@@QBEIXZ 10001800 f i DataMerge.obj
 0001:00000830       ?size@?$vector@V?$basic_string@DU?$char_traits@D@std@@V?$allocator@D@2@@std@@V?$allocator@V?$basic_string@DU?$char_traits@D@std@@V?$allocator@D@2@@std@@@2@@std@@QBEIXZ 10001830 f i DataMerge.obj
 0001:00000860       ??0?$allocator@V?$basic_string@DU?$char_traits@D@std@@V?$allocator@D@2@@std@@@std@@QAE@XZ 10001860 f i DataMerge.obj
 0001:00000870       ??0?$allocator@V?$basic_string@DU?$char_traits@D@std@@V?$allocator@D@2@@std@@@std@@QAE@ABV01@@Z 10001870 f i DataMerge.obj
 0001:00000880       ?deallocate@?$allocator@V?$basic_string@DU?$char_traits@D@std@@V?$allocator@D@2@@std@@@std@@QAEXPAV?$basic_string@DU?$char_traits@D@std@@V?$allocator@D@2@@2@I@Z 10001880 f i DataMerge.obj
 0001:00000890       ?get@?$Resource@VStep@@VMessageObject@@@@QAEPAVStep@@XZ 10001890 f i DataMerge.obj
 0001:000008a0       ??D?$_Vector_const_iterator@PAVDataElement@@V?$allocator@PAVDataElement@@@std@@@std@@QBEABQAVDataElement@@XZ 100018a0 f i DataMerge.obj
 0001:000008d0       ??E?$_Vector_const_iterator@PAVDataElement@@V?$allocator@PAVDataElement@@@std@@@std@@QAEAAV01@XZ 100018d0 f i DataMerge.obj
 0001:00000900       ??8?$_Vector_const_iterator@PAVDataElement@@V?$allocator@PAVDataElement@@@std@@@std@@QBE_NABV01@@Z 10001900 f i DataMerge.obj
 0001:00000930       ??Bsentry@?$basic_ostream@DU?$char_traits@D@std@@@std@@QBE_NXZ 10001930 f i DataMerge.obj
 0001:00000940       ??0Args@FactoryAllocator@@QAE@ABV01@@Z 10001940 f i DataMerge.obj
 0001:00000960       ?_Xlen@?$vector@V?$basic_string@DU?$char_traits@D@std@@V?$allocator@D@2@@std@@V?$allocator@V?$basic_string@DU?$char_traits@D@std@@V?$allocator@D@2@@std@@@2@@std@@KAXXZ 10001960 f i DataMerge.obj
 0001:000009e0       ??0length_error@std@@QAE@ABV01@@Z 100019e0 f i DataMerge.obj
 0001:00000a00       ?deallocate@?$allocator@PAVDataElement@@@std@@QAEXPAPAVDataElement@@I@Z 10001a00 f i DataMerge.obj
 0001:00000a10       ??0_Sentry_base@?$basic_ostream@DU?$char_traits@D@std@@@std@@QAE@AAV12@@Z 10001a10 f i DataMerge.obj
 0001:00000a40       ??1_Sentry_base@?$basic_ostream@DU?$char_traits@D@std@@@std@@QAE@XZ 10001a40 f i DataMerge.obj
 0001:00000a60       ??0?$_Ranit@PAVDataElement@@HPBQAV1@ABQAV1@@std@@QAE@XZ 10001a60 f i DataMerge.obj
 0001:00000a70       ??0?$_Ranit@V?$basic_string@DU?$char_traits@D@std@@V?$allocator@D@2@@std@@HPBV12@ABV12@@std@@QAE@XZ 10001a70 f i DataMerge.obj
 0001:00000a80       ?max_size@?$allocator@V?$basic_string@DU?$char_traits@D@std@@V?$allocator@D@2@@std@@@std@@QBEIXZ 10001a80 f i DataMerge.obj
 0001:00000a90       ??G?$_Vector_const_iterator@V?$basic_string@DU?$char_traits@D@std@@V?$allocator@D@2@@std@@V?$allocator@V?$basic_string@DU?$char_traits@D@std@@V?$allocator@D@2@@std@@@2@@std@@QBEHABV01@@Z 10001a90 f i DataMerge.obj
 0001:00000ad0       ??Y?$_Vector_const_iterator@V?$basic_string@DU?$char_traits@D@std@@V?$allocator@D@2@@std@@V?$allocator@V?$basic_string@DU?$char_traits@D@std@@V?$allocator@D@2@@std@@@2@@std@@QAEAAV01@H@Z 10001ad0 f i DataMerge.obj
 0001:00000b20       ??$model_cast@PAVRasterElement@@PAVDataElement@@@@YAPAVRasterElement@@PAVDataElement@@@Z 10001b20 f i DataMerge.obj
 0001:00000b90       ??$_Allocate@V?$basic_string@DU?$char_traits@D@std@@V?$allocator@D@2@@std@@@std@@YAPAV?$basic_string@DU?$char_traits@D@std@@V?$allocator@D@2@@0@IPAV10@@Z 10001b90 f i DataMerge.obj
 0001:00000c00       ??0bad_alloc@std@@QAE@ABV01@@Z 10001c00 f i DataMerge.obj
 0001:00000c20       ??$_Iter_random@PAV?$basic_string@DU?$char_traits@D@std@@V?$allocator@D@2@@std@@PAV12@@std@@YA?AUrandom_access_iterator_tag@0@ABQAV?$basic_string@DU?$char_traits@D@std@@V?$allocator@D@2@@0@0@Z 10001c20 f i DataMerge.obj
 0001:00000c30       ??$_Ptr_cat@PAV?$basic_string@DU?$char_traits@D@std@@V?$allocator@D@2@@std@@PAV12@@std@@YA?AU_Nonscalar_ptr_iterator_tag@0@AAPAV?$basic_string@DU?$char_traits@D@std@@V?$allocator@D@2@@0@0@Z 10001c30 f i DataMerge.obj
 0001:00000c40       ??$_Fill@PAV?$basic_string@DU?$char_traits@D@std@@V?$allocator@D@2@@std@@V12@@std@@YAXPAV?$basic_string@DU?$char_traits@D@std@@V?$allocator@D@2@@0@0ABV10@@Z 10001c40 f i DataMerge.obj
 0001:00000c70       ??$_Move_cat@PAV?$basic_string@DU?$char_traits@D@std@@V?$allocator@D@2@@std@@@std@@YA?AU_Swap_move_tag@0@ABQAV?$basic_string@DU?$char_traits@D@std@@V?$allocator@D@2@@0@@Z 10001c70 f i DataMerge.obj
 0001:00000c80       ??$_Ptr_cat@PAPAVDataElement@@PAPAV1@@std@@YA?AU_Scalar_ptr_iterator_tag@0@AAPAPAVDataElement@@0@Z 10001c80 f i DataMerge.obj
 0001:00000c90       ??$_Destroy_range@PAVDataElement@@V?$allocator@PAVDataElement@@@std@@@std@@YAXPAPAVDataElement@@0AAV?$allocator@PAVDataElement@@@0@U_Scalar_ptr_iterator_tag@0@@Z 10001c90 f i DataMerge.obj
 0001:00000ca0       ??$_Checked_base@PAV?$basic_string@DU?$char_traits@D@std@@V?$allocator@D@2@@std@@@std@@YAPAV?$basic_string@DU?$char_traits@D@std@@V?$allocator@D@2@@0@AAPAV10@U_Unchanged_checked_iterator_base_type_tag@0@@Z 10001ca0 f i DataMerge.obj
 0001:00000cb0       ??$_Construct@V?$basic_string@DU?$char_traits@D@std@@V?$allocator@D@2@@std@@V12@@std@@YAXPAV?$basic_string@DU?$char_traits@D@std@@V?$allocator@D@2@@0@ABV10@@Z 10001cb0 f i DataMerge.obj
 0001:00000d00       ??_G?$basic_string@DU?$char_traits@D@std@@V?$allocator@D@2@@std@@QAEPAXI@Z 10001d00 f i DataMerge.obj
 0001:00000d20       ??$swap@DU?$char_traits@D@std@@V?$allocator@D@2@@std@@YAXAAV?$basic_string@DU?$char_traits@D@std@@V?$allocator@D@2@@0@0@Z 10001d20 f i DataMerge.obj
 0001:00000d30       ??_EDataMerge@@WM@AEPAXI@Z 10001d30 f i DataMerge.obj
 0001:00000d40       ??_EDataMerge@@WBA@AEPAXI@Z 10001d40 f i DataMerge.obj
 0001:00000d50       ??_EDataMerge@@W7AEPAXI@Z  10001d50 f i DataMerge.obj
 0001:00000d60       ?getFactory@FactoryAllocator@@IBEPAVObjectFactory@@XZ 10001d60 f i DataMerge.obj
 0001:00000d80       ?obtainResource@FactoryObject@@QBEPAXABVArgs@FactoryAllocator@@@Z 10001d80 f i DataMerge.obj
 0001:00000e10       ?releaseResource@FactoryObject@@QBEXABVArgs@FactoryAllocator@@PAX@Z 10001e10 f i DataMerge.obj
 0001:00000ea0       ?toPixel@DataAccessorImpl@@QAEXHH@Z 10001ea0 f i DataMerge.obj
 0001:00000ed0       ??0Args@MessageObject@@QAE@V?$basic_string@DU?$char_traits@D@std@@V?$allocator@D@2@@std@@0000_N@Z 10001ed0 f i DataMerge.obj
 0001:00001020       ?obtainResource@MessageObject@@QBEPAVMessage@@ABUArgs@1@@Z 10002020 f i DataMerge.obj
 0001:00001090       ?releaseResource@MessageObject@@QBEXABUArgs@1@PAVMessage@@@Z 10002090 f i DataMerge.obj
 0001:000010d0       ??_EDataMerge@@UAEPAXI@Z   100020d0 f i DataMerge.obj
 0001:000010d0       ??_GDataMerge@@UAEPAXI@Z   100020d0 f i DataMerge.obj
 0001:000010f0       ??0?$Resource@VStep@@VMessageObject@@@@QAE@ABUArgs@MessageObject@@@Z 100020f0 f i DataMerge.obj
 0001:00001160       ??C?$Resource@VStep@@VMessageObject@@@@QAEPAVStep@@XZ 10002160 f i DataMerge.obj
 0001:00001170       ??D?$_Vector_iterator@PAVDataElement@@V?$allocator@PAVDataElement@@@std@@@std@@QBEAAPAVDataElement@@XZ 10002170 f i DataMerge.obj
 0001:000011a0       ??E?$_Vector_iterator@PAVDataElement@@V?$allocator@PAVDataElement@@@std@@@std@@QAEAAV01@XZ 100021a0 f i DataMerge.obj
 0001:000011d0       ??9?$_Vector_const_iterator@PAVDataElement@@V?$allocator@PAVDataElement@@@std@@@std@@QBE_NABV01@@Z 100021d0 f i DataMerge.obj
 0001:00001200       ??0?$_Vector_val@V?$basic_string@DU?$char_traits@D@std@@V?$allocator@D@2@@std@@V?$allocator@V?$basic_string@DU?$char_traits@D@std@@V?$allocator@D@2@@std@@@2@@std@@IAE@V?$allocator@V?$basic_string@DU?$char_traits@D@std@@V?$allocator@D@2@@std@@@1@@Z 10002200 f i DataMerge.obj
 0001:00001210       ??0?$Resource@VDataRequest@@VFactoryObject@@@@QAE@ABVArgs@FactoryAllocator@@@Z 10002210 f i DataMerge.obj
 0001:00001270       ?destroyIfOwned@?$Resource@VDataRequest@@VFactoryObject@@@@IAEXXZ 10002270 f i DataMerge.obj
 0001:000012a0       ?destroyIfOwned@?$Resource@VStep@@VMessageObject@@@@IAEXXZ 100022a0 f i DataMerge.obj
 0001:000012f0       ??0sentry@?$basic_ostream@DU?$char_traits@D@std@@@std@@QAE@AAV12@@Z 100022f0 f i DataMerge.obj
 0001:00001380       ??1sentry@?$basic_ostream@DU?$char_traits@D@std@@@std@@QAE@XZ 10002380 f i DataMerge.obj
 0001:000013f0       ?max_size@?$vector@V?$basic_string@DU?$char_traits@D@std@@V?$allocator@D@2@@std@@V?$allocator@V?$basic_string@DU?$char_traits@D@std@@V?$allocator@D@2@@std@@@2@@std@@QBEIXZ 100023f0 f i DataMerge.obj
 0001:00001400       ?allocate@?$allocator@V?$basic_string@DU?$char_traits@D@std@@V?$allocator@D@2@@std@@@std@@QAEPAV?$basic_string@DU?$char_traits@D@std@@V?$allocator@D@2@@2@I@Z 10002400 f i DataMerge.obj
 0001:00001420       ??0?$_Vector_const_iterator@PAVDataElement@@V?$allocator@PAVDataElement@@@std@@@std@@QAE@PAPAVDataElement@@PBU_Container_base@1@@Z 10002420 f i DataMerge.obj
 0001:00001460       ??0?$_Vector_const_iterator@V?$basic_string@DU?$char_traits@D@std@@V?$allocator@D@2@@std@@V?$allocator@V?$basic_string@DU?$char_traits@D@std@@V?$allocator@D@2@@std@@@2@@std@@QAE@PAV?$basic_string@DU?$char_traits@D@std@@V?$allocator@D@2@@1@PBU_Container_base@1@@Z 10002460 f i DataMerge.obj
 0001:000014a0       ??0?$_Vector_iterator@V?$basic_string@DU?$char_traits@D@std@@V?$allocator@D@2@@std@@V?$allocator@V?$basic_string@DU?$char_traits@D@std@@V?$allocator@D@2@@std@@@2@@std@@QAE@PAV?$basic_string@DU?$char_traits@D@std@@V?$allocator@D@2@@1@PBU_Container_base@1@@Z 100024a0 f i DataMerge.obj
 0001:000014e0       ??G?$_Vector_iterator@V?$basic_string@DU?$char_traits@D@std@@V?$allocator@D@2@@std@@V?$allocator@V?$basic_string@DU?$char_traits@D@std@@V?$allocator@D@2@@std@@@2@@std@@QBEHABV?$_Vector_const_iterator@V?$basic_string@DU?$char_traits@D@std@@V?$allocator@D@2@@std@@V?$allocator@V?$basic_string@DU?$char_traits@D@std@@V?$allocator@D@2@@std@@@2@@1@@Z 100024e0 f i DataMerge.obj
 0001:00001520       ??Y?$_Vector_iterator@V?$basic_string@DU?$char_traits@D@std@@V?$allocator@D@2@@std@@V?$allocator@V?$basic_string@DU?$char_traits@D@std@@V?$allocator@D@2@@std@@@2@@std@@QAEAAV01@H@Z 10002520 f i DataMerge.obj
 0001:00001570       ??$_Destroy_range@PAVDataElement@@V?$allocator@PAVDataElement@@@std@@@std@@YAXPAPAVDataElement@@0AAV?$allocator@PAVDataElement@@@0@@Z 10002570 f i DataMerge.obj
 0001:00001580       ??$?6U?$char_traits@D@std@@@std@@YAAAV?$basic_ostream@DU?$char_traits@D@std@@@0@AAV10@PBD@Z 10002580 f i DataMerge.obj
 0001:00001740       ??$_Checked_base@PAV?$basic_string@DU?$char_traits@D@std@@V?$allocator@D@2@@std@@@std@@YAPAV?$basic_string@DU?$char_traits@D@std@@V?$allocator@D@2@@0@AAPAV10@@Z 10002740 f i DataMerge.obj
 0001:00001750       ?construct@?$allocator@V?$basic_string@DU?$char_traits@D@std@@V?$allocator@D@2@@std@@@std@@QAEXPAV?$basic_string@DU?$char_traits@D@std@@V?$allocator@D@2@@2@ABV32@@Z 10002750 f i DataMerge.obj
 0001:000017a0       ??$?6U?$char_traits@D@std@@@std@@YAAAV?$basic_ostream@DU?$char_traits@D@std@@@0@AAV10@D@Z 100027a0 f i DataMerge.obj
 0001:00001940       ??$_Move_backward_opt@PAV?$basic_string@DU?$char_traits@D@std@@V?$allocator@D@2@@std@@PAV12@Uforward_iterator_tag@2@@std@@YAPAV?$basic_string@DU?$char_traits@D@std@@V?$allocator@D@2@@0@PAV10@00Uforward_iterator_tag@0@U_Swap_move_tag@0@U_Range_checked_iterator_tag@0@@Z 10002940 f i DataMerge.obj
 0001:00001980       ??$_Destroy@V?$basic_string@DU?$char_traits@D@std@@V?$allocator@D@2@@std@@@std@@YAXPAV?$basic_string@DU?$char_traits@D@std@@V?$allocator@D@2@@0@@Z 10002980 f i DataMerge.obj
 0001:00001990       ??1?$Resource@VDataRequest@@VFactoryObject@@@@UAE@XZ 10002990 f i DataMerge.obj
 0001:00001a10       ??1?$Resource@VStep@@VMessageObject@@@@UAE@XZ 10002a10 f i DataMerge.obj
 0001:00001a60       ??_G?$Resource@VDataRequest@@VFactoryObject@@@@UAEPAXI@Z 10002a60 f i DataMerge.obj
 0001:00001a60       ??_E?$Resource@VDataRequest@@VFactoryObject@@@@UAEPAXI@Z 10002a60 f i DataMerge.obj
 0001:00001a80       ??_E?$Resource@VStep@@VMessageObject@@@@UAEPAXI@Z 10002a80 f i DataMerge.obj
 0001:00001a80       ??_G?$Resource@VStep@@VMessageObject@@@@UAEPAXI@Z 10002a80 f i DataMerge.obj
 0001:00001aa0       ?end@?$vector@V?$basic_string@DU?$char_traits@D@std@@V?$allocator@D@2@@std@@V?$allocator@V?$basic_string@DU?$char_traits@D@std@@V?$allocator@D@2@@std@@@2@@std@@QAE?AV?$_Vector_iterator@V?$basic_string@DU?$char_traits@D@std@@V?$allocator@D@2@@std@@V?$allocator@V?$basic_string@DU?$char_traits@D@std@@V?$allocator@D@2@@std@@@2@@2@XZ 10002aa0 f i DataMerge.obj
 0001:00001ad0       ?_Buy@?$vector@V?$basic_string@DU?$char_traits@D@std@@V?$allocator@D@2@@std@@V?$allocator@V?$basic_string@DU?$char_traits@D@std@@V?$allocator@D@2@@std@@@2@@std@@IAE_NI@Z 10002ad0 f i DataMerge.obj
 0001:00001b30       ??0?$_Vector_iterator@PAVDataElement@@V?$allocator@PAVDataElement@@@std@@@std@@QAE@PAPAVDataElement@@PBU_Container_base@1@@Z 10002b30 f i DataMerge.obj
 0001:00001b70       ?begin@?$vector@V?$basic_string@DU?$char_traits@D@std@@V?$allocator@D@2@@std@@V?$allocator@V?$basic_string@DU?$char_traits@D@std@@V?$allocator@D@2@@std@@@2@@std@@QAE?AV?$_Vector_iterator@V?$basic_string@DU?$char_traits@D@std@@V?$allocator@D@2@@std@@V?$allocator@V?$basic_string@DU?$char_traits@D@std@@V?$allocator@D@2@@std@@@2@@2@XZ 10002b70 f i DataMerge.obj
 0001:00001ba0       ?_Destroy@?$vector@PAVDataElement@@V?$allocator@PAVDataElement@@@std@@@std@@IAEXPAPAVDataElement@@0@Z 10002ba0 f i DataMerge.obj
 0001:00001bb0       ??H?$_Vector_iterator@V?$basic_string@DU?$char_traits@D@std@@V?$allocator@D@2@@std@@V?$allocator@V?$basic_string@DU?$char_traits@D@std@@V?$allocator@D@2@@std@@@2@@std@@QBE?AV01@H@Z 10002bb0 f i DataMerge.obj
 0001:00001bf0       ??$mergeElement@G@?A0xe9836fa4@@YA_NPAGHHVDataAccessor@@1H@Z 10002bf0 f i DataMerge.obj
 0001:00001db0       ??$mergeElement@F@?A0xe9836fa4@@YA_NPAFHHVDataAccessor@@1H@Z 10002db0 f i DataMerge.obj
 0001:00001f70       ??$mergeElement@I@?A0xe9836fa4@@YA_NPAIHHVDataAccessor@@1H@Z 10002f70 f i DataMerge.obj
 0001:00002130       ??$mergeElement@H@?A0xe9836fa4@@YA_NPAHHHVDataAccessor@@1H@Z 10003130 f i DataMerge.obj
 0001:000022f0       ??$mergeElement@M@?A0xe9836fa4@@YA_NPAMHHVDataAccessor@@1H@Z 100032f0 f i DataMerge.obj
 0001:000024b0       ??$mergeElement@N@?A0xe9836fa4@@YA_NPANHHVDataAccessor@@1H@Z 100034b0 f i DataMerge.obj
 0001:00002670       ??$fill@PAV?$basic_string@DU?$char_traits@D@std@@V?$allocator@D@2@@std@@V12@@std@@YAXPAV?$basic_string@DU?$char_traits@D@std@@V?$allocator@D@2@@0@0ABV10@@Z 10003670 f i DataMerge.obj
 0001:000026a0       ??$?6U?$char_traits@D@std@@@std@@YAAAV?$basic_ostream@DU?$char_traits@D@std@@@0@AAV10@E@Z 100036a0 f i DataMerge.obj
 0001:000026b0       ??$?6U?$char_traits@D@std@@@std@@YAAAV?$basic_ostream@DU?$char_traits@D@std@@@0@AAV10@C@Z 100036b0 f i DataMerge.obj
 0001:000026c0       ??$_Move_backward_opt@PAV?$basic_string@DU?$char_traits@D@std@@V?$allocator@D@2@@std@@PAV12@@std@@YAPAV?$basic_string@DU?$char_traits@D@std@@V?$allocator@D@2@@0@PAV10@00Urandom_access_iterator_tag@0@U_Swap_move_tag@0@U_Range_checked_iterator_tag@0@@Z 100036c0 f i DataMerge.obj
 0001:00002720       ?destroy@?$allocator@V?$basic_string@DU?$char_traits@D@std@@V?$allocator@D@2@@std@@@std@@QAEXPAV?$basic_string@DU?$char_traits@D@std@@V?$allocator@D@2@@2@@Z 10003720 f i DataMerge.obj
 0001:00002730       ??$_Uninit_move@PAV?$basic_string@DU?$char_traits@D@std@@V?$allocator@D@2@@std@@PAV12@V?$allocator@V?$basic_string@DU?$char_traits@D@std@@V?$allocator@D@2@@std@@@2@@std@@YAPAV?$basic_string@DU?$char_traits@D@std@@V?$allocator@D@2@@0@PAV10@00AAV?$allocator@V?$basic_string@DU?$char_traits@D@std@@V?$allocator@D@2@@std@@@0@U_Swap_move_tag@0@U_Range_checked_iterator_tag@0@@Z 10003730 f i DataMerge.obj
 0001:000027f0       ??1?$FactoryResource@VDataRequest@@@@UAE@XZ 100037f0 f i DataMerge.obj
 0001:00002800       ??0StepResource@@QAE@V?$basic_string@DU?$char_traits@D@std@@V?$allocator@D@2@@std@@0000@Z 10003800 f i DataMerge.obj
 0001:00002990       ??1StepResource@@UAE@XZ    10003990 f i DataMerge.obj
 0001:000029a0       ??0?$vector@V?$basic_string@DU?$char_traits@D@std@@V?$allocator@D@2@@std@@V?$allocator@V?$basic_string@DU?$char_traits@D@std@@V?$allocator@D@2@@std@@@2@@std@@QAE@XZ 100039a0 f i DataMerge.obj
 0001:000029b0       ??0?$FactoryResource@VDataRequest@@@@QAE@XZ 100039b0 f i DataMerge.obj
 0001:00002a20       ?begin@?$vector@PAVDataElement@@V?$allocator@PAVDataElement@@@std@@@std@@QAE?AV?$_Vector_iterator@PAVDataElement@@V?$allocator@PAVDataElement@@@std@@@2@XZ 10003a20 f i DataMerge.obj
 0001:00002a50       ?end@?$vector@PAVDataElement@@V?$allocator@PAVDataElement@@@std@@@std@@QAE?AV?$_Vector_iterator@PAVDataElement@@V?$allocator@PAVDataElement@@@std@@@2@XZ 10003a50 f i DataMerge.obj
 0001:00002a80       ??_G?$FactoryResource@VDataRequest@@@@UAEPAXI@Z 10003a80 f i DataMerge.obj
 0001:00002a80       ??_E?$FactoryResource@VDataRequest@@@@UAEPAXI@Z 10003a80 f i DataMerge.obj
 0001:00002aa0       ?_Tidy@?$vector@PAVDataElement@@V?$allocator@PAVDataElement@@@std@@@std@@IAEXXZ 10003aa0 f i DataMerge.obj
 0001:00002ad0       ??$mergeElement@E@?A0xe9836fa4@@YA_NPAEHHVDataAccessor@@1H@Z 10003ad0 f i DataMerge.obj
 0001:00002c90       ??$mergeElement@C@?A0xe9836fa4@@YA_NPACHHVDataAccessor@@1H@Z 10003c90 f i DataMerge.obj
 0001:00002e50       ??$_Unchecked_move_backward@PAV?$basic_string@DU?$char_traits@D@std@@V?$allocator@D@2@@std@@PAV12@@stdext@@YAPAV?$basic_string@DU?$char_traits@D@std@@V?$allocator@D@2@@std@@PAV12@00@Z 10003e50 f i DataMerge.obj
 0001:00002e80       ??$_Destroy_range@V?$basic_string@DU?$char_traits@D@std@@V?$allocator@D@2@@std@@V?$allocator@V?$basic_string@DU?$char_traits@D@std@@V?$allocator@D@2@@std@@@2@@std@@YAXPAV?$basic_string@DU?$char_traits@D@std@@V?$allocator@D@2@@0@0AAV?$allocator@V?$basic_string@DU?$char_traits@D@std@@V?$allocator@D@2@@std@@@0@U_Nonscalar_ptr_iterator_tag@0@@Z 10003e80 f i DataMerge.obj
 0001:00002eb0       ??$_Uninit_fill_n@PAV?$basic_string@DU?$char_traits@D@std@@V?$allocator@D@2@@std@@IV12@V?$allocator@V?$basic_string@DU?$char_traits@D@std@@V?$allocator@D@2@@std@@@2@@std@@YAXPAV?$basic_string@DU?$char_traits@D@std@@V?$allocator@D@2@@0@IABV10@AAV?$allocator@V?$basic_string@DU?$char_traits@D@std@@V?$allocator@D@2@@std@@@0@U_Nonscalar_ptr_iterator_tag@0@U_Range_checked_iterator_tag@0@@Z 10003eb0 f i DataMerge.obj
 0001:00002f40       ??$_Unchecked_uninitialized_move@PAV?$basic_string@DU?$char_traits@D@std@@V?$allocator@D@2@@std@@PAV12@V?$allocator@V?$basic_string@DU?$char_traits@D@std@@V?$allocator@D@2@@std@@@2@@stdext@@YAPAV?$basic_string@DU?$char_traits@D@std@@V?$allocator@D@2@@std@@PAV12@00AAV?$allocator@V?$basic_string@DU?$char_traits@D@std@@V?$allocator@D@2@@std@@@2@@Z 10003f40 f i DataMerge.obj
 0001:00002f70       ??_GStepResource@@UAEPAXI@Z 10003f70 f i DataMerge.obj
 0001:00002f70       ??_EStepResource@@UAEPAXI@Z 10003f70 f i DataMerge.obj
 0001:00002f90       ??1?$vector@PAVDataElement@@V?$allocator@PAVDataElement@@@std@@@std@@QAE@XZ 10003f90 f i DataMerge.obj
 0001:00002fc0       ??$_Destroy_range@V?$basic_string@DU?$char_traits@D@std@@V?$allocator@D@2@@std@@V?$allocator@V?$basic_string@DU?$char_traits@D@std@@V?$allocator@D@2@@std@@@2@@std@@YAXPAV?$basic_string@DU?$char_traits@D@std@@V?$allocator@D@2@@0@0AAV?$allocator@V?$basic_string@DU?$char_traits@D@std@@V?$allocator@D@2@@std@@@0@@Z 10003fc0 f i DataMerge.obj
 0001:00002ff0       ??$unchecked_uninitialized_fill_n@PAV?$basic_string@DU?$char_traits@D@std@@V?$allocator@D@2@@std@@IV12@V?$allocator@V?$basic_string@DU?$char_traits@D@std@@V?$allocator@D@2@@std@@@2@@stdext@@YAXPAV?$basic_string@DU?$char_traits@D@std@@V?$allocator@D@2@@std@@IABV12@AAV?$allocator@V?$basic_string@DU?$char_traits@D@std@@V?$allocator@D@2@@std@@@2@@Z 10003ff0 f i DataMerge.obj
 0001:00003020       ??$_Umove@PAV?$basic_string@DU?$char_traits@D@std@@V?$allocator@D@2@@std@@@?$vector@V?$basic_string@DU?$char_traits@D@std@@V?$allocator@D@2@@std@@V?$allocator@V?$basic_string@DU?$char_traits@D@std@@V?$allocator@D@2@@std@@@2@@std@@IAEPAV?$basic_string@DU?$char_traits@D@std@@V?$allocator@D@2@@1@PAV21@00@Z 10004020 f i DataMerge.obj
 0001:00003050       ?showGui@DataMerge@@AAE_NXZ 10004050 f   DataMerge.obj
 0001:00004030       ?execute@DataMerge@@UAE_NPAVPlugInArgList@@0@Z 10005030 f   DataMerge.obj
 0001:00004040       ?deserialize@DataMerge@@UAE_NAAVSessionItemDeserializer@@@Z 10005040 f   DataMerge.obj
 0001:00004050       ?_Destroy@?$vector@V?$basic_string@DU?$char_traits@D@std@@V?$allocator@D@2@@std@@V?$allocator@V?$basic_string@DU?$char_traits@D@std@@V?$allocator@D@2@@std@@@2@@std@@IAEXPAV?$basic_string@DU?$char_traits@D@std@@V?$allocator@D@2@@2@0@Z 10005050 f i DataMerge.obj
 0001:00004080       ?_Tidy@?$vector@V?$basic_string@DU?$char_traits@D@std@@V?$allocator@D@2@@std@@V?$allocator@V?$basic_string@DU?$char_traits@D@std@@V?$allocator@D@2@@std@@@2@@std@@IAEXXZ 10005080 f i DataMerge.obj
 0001:000040d0       ?_Ufill@?$vector@V?$basic_string@DU?$char_traits@D@std@@V?$allocator@D@2@@std@@V?$allocator@V?$basic_string@DU?$char_traits@D@std@@V?$allocator@D@2@@std@@@2@@std@@IAEPAV?$basic_string@DU?$char_traits@D@std@@V?$allocator@D@2@@2@PAV32@IABV32@@Z 100050d0 f i DataMerge.obj
 0001:00004110       ?_Insert_n@?$vector@V?$basic_string@DU?$char_traits@D@std@@V?$allocator@D@2@@std@@V?$allocator@V?$basic_string@DU?$char_traits@D@std@@V?$allocator@D@2@@std@@@2@@std@@IAEXV?$_Vector_iterator@V?$basic_string@DU?$char_traits@D@std@@V?$allocator@D@2@@std@@V?$allocator@V?$basic_string@DU?$char_traits@D@std@@V?$allocator@D@2@@std@@@2@@2@IABV?$basic_string@DU?$char_traits@D@std@@V?$allocator@D@2@@2@@Z 10005110 f i DataMerge.obj
 0001:00004430       ??1?$vector@V?$basic_string@DU?$char_traits@D@std@@V?$allocator@D@2@@std@@V?$allocator@V?$basic_string@DU?$char_traits@D@std@@V?$allocator@D@2@@std@@@2@@std@@QAE@XZ 10005430 f i DataMerge.obj
 0001:00004440       ?insert@?$vector@V?$basic_string@DU?$char_traits@D@std@@V?$allocator@D@2@@std@@V?$allocator@V?$basic_string@DU?$char_traits@D@std@@V?$allocator@D@2@@std@@@2@@std@@QAE?AV?$_Vector_iterator@V?$basic_string@DU?$char_traits@D@std@@V?$allocator@D@2@@std@@V?$allocator@V?$basic_string@DU?$char_traits@D@std@@V?$allocator@D@2@@std@@@2@@2@V32@ABV?$basic_string@DU?$char_traits@D@std@@V?$allocator@D@2@@2@@Z 10005440 f i DataMerge.obj
 0001:00004500       ??1BasicPlugInFactory@@QAE@XZ 10005500 f i DataMerge.obj
 0001:00004510       ??1DataMergePlugInFactory@SpectralDataMerge@@QAE@XZ 10005510 f i DataMerge.obj
 0001:00004520       ?push_back@?$vector@V?$basic_string@DU?$char_traits@D@std@@V?$allocator@D@2@@std@@V?$allocator@V?$basic_string@DU?$char_traits@D@std@@V?$allocator@D@2@@std@@@2@@std@@QAEXABV?$basic_string@DU?$char_traits@D@std@@V?$allocator@D@2@@2@@Z 10005520 f i DataMerge.obj
 0001:000045d0       ?addPlugInName@BasicPlugInFactory@@AAEXV?$basic_string@DU?$char_traits@D@std@@V?$allocator@D@2@@std@@@Z 100055d0 f i DataMerge.obj
 0001:00004620       ??0BasicPlugInFactory@@QAE@ABV?$basic_string@DU?$char_traits@D@std@@V?$allocator@D@2@@std@@@Z 10005620 f i DataMerge.obj
 0001:000046a0       ??$_Ptr_cat@V?$_Vector_const_iterator@V?$basic_string@DU?$char_traits@D@std@@V?$allocator@D@2@@std@@V?$allocator@V?$basic_string@DU?$char_traits@D@std@@V?$allocator@D@2@@std@@@2@@std@@PAV?$basic_string@DU?$char_traits@D@std@@V?$allocator@D@2@@2@@std@@YA?AU_Nonscalar_ptr_iterator_tag@0@AAV?$_Vector_const_iterator@V?$basic_string@DU?$char_traits@D@std@@V?$allocator@D@2@@std@@V?$allocator@V?$basic_string@DU?$char_traits@D@std@@V?$allocator@D@2@@std@@@2@@0@AAPAV?$basic_string@DU?$char_traits@D@std@@V?$allocator@D@2@@0@@Z 100056a0 f i DataMerge.obj
 0001:000046b0       ?_Checked_iterator_base@?$_Vector_const_iterator@V?$basic_string@DU?$char_traits@D@std@@V?$allocator@D@2@@std@@V?$allocator@V?$basic_string@DU?$char_traits@D@std@@V?$allocator@D@2@@std@@@2@@std@@QBEPBV?$basic_string@DU?$char_traits@D@std@@V?$allocator@D@2@@2@XZ 100056b0 f i DataMerge.obj
 0001:000046c0       ??$_Checked_base@V?$_Vector_const_iterator@V?$basic_string@DU?$char_traits@D@std@@V?$allocator@D@2@@std@@V?$allocator@V?$basic_string@DU?$char_traits@D@std@@V?$allocator@D@2@@std@@@2@@std@@U_Different_checked_iterator_base_type_tag@2@@std@@YAPBV?$basic_string@DU?$char_traits@D@std@@V?$allocator@D@2@@0@AAV?$_Vector_const_iterator@V?$basic_string@DU?$char_traits@D@std@@V?$allocator@D@2@@std@@V?$allocator@V?$basic_string@DU?$char_traits@D@std@@V?$allocator@D@2@@std@@@2@@0@U_Different_checked_iterator_base_type_tag@0@@Z 100056c0 f i DataMerge.obj
 0001:000046d0       ?begin@?$vector@V?$basic_string@DU?$char_traits@D@std@@V?$allocator@D@2@@std@@V?$allocator@V?$basic_string@DU?$char_traits@D@std@@V?$allocator@D@2@@std@@@2@@std@@QBE?AV?$_Vector_const_iterator@V?$basic_string@DU?$char_traits@D@std@@V?$allocator@D@2@@std@@V?$allocator@V?$basic_string@DU?$char_traits@D@std@@V?$allocator@D@2@@std@@@2@@2@XZ 100056d0 f i DataMerge.obj
 0001:00004700       ?end@?$vector@V?$basic_string@DU?$char_traits@D@std@@V?$allocator@D@2@@std@@V?$allocator@V?$basic_string@DU?$char_traits@D@std@@V?$allocator@D@2@@std@@@2@@std@@QBE?AV?$_Vector_const_iterator@V?$basic_string@DU?$char_traits@D@std@@V?$allocator@D@2@@std@@V?$allocator@V?$basic_string@DU?$char_traits@D@std@@V?$allocator@D@2@@std@@@2@@2@XZ 10005700 f i DataMerge.obj
 0001:00004730       ??$_Checked_base@V?$_Vector_const_iterator@V?$basic_string@DU?$char_traits@D@std@@V?$allocator@D@2@@std@@V?$allocator@V?$basic_string@DU?$char_traits@D@std@@V?$allocator@D@2@@std@@@2@@std@@@std@@YAPBV?$basic_string@DU?$char_traits@D@std@@V?$allocator@D@2@@0@AAV?$_Vector_const_iterator@V?$basic_string@DU?$char_traits@D@std@@V?$allocator@D@2@@std@@V?$allocator@V?$basic_string@DU?$char_traits@D@std@@V?$allocator@D@2@@std@@@2@@0@@Z 10005730 f i DataMerge.obj
 0001:00004740       ??$_Uninit_copy@PBV?$basic_string@DU?$char_traits@D@std@@V?$allocator@D@2@@std@@PAV12@V?$allocator@V?$basic_string@DU?$char_traits@D@std@@V?$allocator@D@2@@std@@@2@@std@@YAPAV?$basic_string@DU?$char_traits@D@std@@V?$allocator@D@2@@0@PBV10@0PAV10@AAV?$allocator@V?$basic_string@DU?$char_traits@D@std@@V?$allocator@D@2@@std@@@0@U_Nonscalar_ptr_iterator_tag@0@U_Range_checked_iterator_tag@0@@Z 10005740 f i DataMerge.obj
 0001:000047d0       ??$unchecked_uninitialized_copy@V?$_Vector_const_iterator@V?$basic_string@DU?$char_traits@D@std@@V?$allocator@D@2@@std@@V?$allocator@V?$basic_string@DU?$char_traits@D@std@@V?$allocator@D@2@@std@@@2@@std@@PAV?$basic_string@DU?$char_traits@D@std@@V?$allocator@D@2@@2@V?$allocator@V?$basic_string@DU?$char_traits@D@std@@V?$allocator@D@2@@std@@@2@@stdext@@YAPAV?$basic_string@DU?$char_traits@D@std@@V?$allocator@D@2@@std@@V?$_Vector_const_iterator@V?$basic_string@DU?$char_traits@D@std@@V?$allocator@D@2@@std@@V?$allocator@V?$basic_string@DU?$char_traits@D@std@@V?$allocator@D@2@@std@@@2@@2@0PAV12@AAV?$allocator@V?$basic_string@DU?$char_traits@D@std@@V?$allocator@D@2@@std@@@2@@Z 100057d0 f i DataMerge.obj
 0001:00004800       ??$_Ucopy@V?$_Vector_const_iterator@V?$basic_string@DU?$char_traits@D@std@@V?$allocator@D@2@@std@@V?$allocator@V?$basic_string@DU?$char_traits@D@std@@V?$allocator@D@2@@std@@@2@@std@@@?$vector@V?$basic_string@DU?$char_traits@D@std@@V?$allocator@D@2@@std@@V?$allocator@V?$basic_string@DU?$char_traits@D@std@@V?$allocator@D@2@@std@@@2@@std@@IAEPAV?$basic_string@DU?$char_traits@D@std@@V?$allocator@D@2@@1@V?$_Vector_const_iterator@V?$basic_string@DU?$char_traits@D@std@@V?$allocator@D@2@@std@@V?$allocator@V?$basic_string@DU?$char_traits@D@std@@V?$allocator@D@2@@std@@@2@@1@0PAV21@@Z 10005800 f i DataMerge.obj
 0001:00004830       ??0?$vector@V?$basic_string@DU?$char_traits@D@std@@V?$allocator@D@2@@std@@V?$allocator@V?$basic_string@DU?$char_traits@D@std@@V?$allocator@D@2@@std@@@2@@std@@QAE@ABV01@@Z 10005830 f i DataMerge.obj
 0001:00004900       ?getPlugInNames@BasicPlugInFactory@@UAE?AV?$vector@V?$basic_string@DU?$char_traits@D@std@@V?$allocator@D@2@@std@@V?$allocator@V?$basic_string@DU?$char_traits@D@std@@V?$allocator@D@2@@std@@@2@@std@@XZ 10005900 f i DataMerge.obj
 0001:00004920       ??0DataMergePlugInFactory@SpectralDataMerge@@QAE@ABV?$basic_string@DU?$char_traits@D@std@@V?$allocator@D@2@@std@@@Z 10005920 f i DataMerge.obj
 0001:00004980       ?createPlugIn@DataMergePlugInFactory@SpectralDataMerge@@UAEPAVPlugIn@@ABV?$basic_string@DU?$char_traits@D@std@@V?$allocator@D@2@@std@@@Z 10005980 f i DataMerge.obj
 0001:000049f0       ??1?$pair@V?$basic_string@DU?$char_traits@D@std@@V?$allocator@D@2@@std@@PAVPlugInFactory@@@std@@QAE@XZ 100059f0 f i ModuleManager.obj
 0001:00004a00       ?setService@ModuleManager@@QAEXPAVExternal@@@Z 10005a00 f i ModuleManager.obj
 0001:00004a10       _opticks_get_module_descriptor 10005a10 f   ModuleManager.obj
 0001:00004a20       ?getTotalPlugIns@ModuleManager@@SAIXZ 10005a20 f   ModuleManager.obj
 0001:00004a30       ?getPlugIn@ModuleManager@@QAEPAVPlugIn@@I@Z 10005a30 f   ModuleManager.obj
 0001:00004a40       ?size@?$vector@U?$pair@V?$basic_string@DU?$char_traits@D@std@@V?$allocator@D@2@@std@@PAVPlugInFactory@@@std@@V?$allocator@U?$pair@V?$basic_string@DU?$char_traits@D@std@@V?$allocator@D@2@@std@@PAVPlugInFactory@@@std@@@2@@std@@QBEIXZ 10005a40 f i ModuleManager.obj
 0001:00004a60       ??A?$vector@U?$pair@V?$basic_string@DU?$char_traits@D@std@@V?$allocator@D@2@@std@@PAVPlugInFactory@@@std@@V?$allocator@U?$pair@V?$basic_string@DU?$char_traits@D@std@@V?$allocator@D@2@@std@@PAVPlugInFactory@@@std@@@2@@std@@QAEAAU?$pair@V?$basic_string@DU?$char_traits@D@std@@V?$allocator@D@2@@std@@PAVPlugInFactory@@@1@I@Z 10005a60 f i ModuleManager.obj
 0001:00004a90       ?capacity@?$vector@U?$pair@V?$basic_string@DU?$char_traits@D@std@@V?$allocator@D@2@@std@@PAVPlugInFactory@@@std@@V?$allocator@U?$pair@V?$basic_string@DU?$char_traits@D@std@@V?$allocator@D@2@@std@@PAVPlugInFactory@@@std@@@2@@std@@QBEIXZ 10005a90 f i ModuleManager.obj
 0001:00004ab0       ??0?$allocator@U?$pair@V?$basic_string@DU?$char_traits@D@std@@V?$allocator@D@2@@std@@PAVPlugInFactory@@@std@@@std@@QAE@XZ 10005ab0 f i ModuleManager.obj
 0001:00004ac0       ??D?$_Vector_const_iterator@V?$basic_string@DU?$char_traits@D@std@@V?$allocator@D@2@@std@@V?$allocator@V?$basic_string@DU?$char_traits@D@std@@V?$allocator@D@2@@std@@@2@@std@@QBEABV?$basic_string@DU?$char_traits@D@std@@V?$allocator@D@2@@1@XZ 10005ac0 f i ModuleManager.obj
 0001:00004af0       ??E?$_Vector_const_iterator@V?$basic_string@DU?$char_traits@D@std@@V?$allocator@D@2@@std@@V?$allocator@V?$basic_string@DU?$char_traits@D@std@@V?$allocator@D@2@@std@@@2@@std@@QAEAAV01@XZ 10005af0 f i ModuleManager.obj
 0001:00004b20       ??8?$_Vector_const_iterator@V?$basic_string@DU?$char_traits@D@std@@V?$allocator@D@2@@std@@V?$allocator@V?$basic_string@DU?$char_traits@D@std@@V?$allocator@D@2@@std@@@2@@std@@QBE_NABV01@@Z 10005b20 f i ModuleManager.obj
 0001:00004b50       ?_Xlen@?$vector@U?$pair@V?$basic_string@DU?$char_traits@D@std@@V?$allocator@D@2@@std@@PAVPlugInFactory@@@std@@V?$allocator@U?$pair@V?$basic_string@DU?$char_traits@D@std@@V?$allocator@D@2@@std@@PAVPlugInFactory@@@std@@@2@@std@@KAXXZ 10005b50 f i ModuleManager.obj
 0001:00004bd0       ??0?$allocator@U?$pair@V?$basic_string@DU?$char_traits@D@std@@V?$allocator@D@2@@std@@PAVPlugInFactory@@@std@@@std@@QAE@ABV01@@Z 10005bd0 f i ModuleManager.obj
 0001:00004be0       ?deallocate@?$allocator@U?$pair@V?$basic_string@DU?$char_traits@D@std@@V?$allocator@D@2@@std@@PAVPlugInFactory@@@std@@@std@@QAEXPAU?$pair@V?$basic_string@DU?$char_traits@D@std@@V?$allocator@D@2@@std@@PAVPlugInFactory@@@2@I@Z 10005be0 f i ModuleManager.obj
 0001:00004bf0       ??0?$pair@V?$basic_string@DU?$char_traits@D@std@@V?$allocator@D@2@@std@@PAVPlugInFactory@@@std@@QAE@ABU01@@Z 10005bf0 f i ModuleManager.obj
 0001:00004c10       ??0?$_Ranit@U?$pair@V?$basic_string@DU?$char_traits@D@std@@V?$allocator@D@2@@std@@PAVPlugInFactory@@@std@@HPBU12@ABU12@@std@@QAE@XZ 10005c10 f i ModuleManager.obj
 0001:00004c20       ?max_size@?$allocator@U?$pair@V?$basic_string@DU?$char_traits@D@std@@V?$allocator@D@2@@std@@PAVPlugInFactory@@@std@@@std@@QBEIXZ 10005c20 f i ModuleManager.obj
 0001:00004c30       ??G?$_Vector_const_iterator@U?$pair@V?$basic_string@DU?$char_traits@D@std@@V?$allocator@D@2@@std@@PAVPlugInFactory@@@std@@V?$allocator@U?$pair@V?$basic_string@DU?$char_traits@D@std@@V?$allocator@D@2@@std@@PAVPlugInFactory@@@std@@@2@@std@@QBEHABV01@@Z 10005c30 f i ModuleManager.obj
 0001:00004c60       ??Y?$_Vector_const_iterator@U?$pair@V?$basic_string@DU?$char_traits@D@std@@V?$allocator@D@2@@std@@PAVPlugInFactory@@@std@@V?$allocator@U?$pair@V?$basic_string@DU?$char_traits@D@std@@V?$allocator@D@2@@std@@PAVPlugInFactory@@@std@@@2@@std@@QAEAAV01@H@Z 10005c60 f i ModuleManager.obj
 0001:00004ca0       ??$_Allocate@U?$pair@V?$basic_string@DU?$char_traits@D@std@@V?$allocator@D@2@@std@@PAVPlugInFactory@@@std@@@std@@YAPAU?$pair@V?$basic_string@DU?$char_traits@D@std@@V?$allocator@D@2@@std@@PAVPlugInFactory@@@0@IPAU10@@Z 10005ca0 f i ModuleManager.obj
 0001:00004d00       ??0?$pair@V?$basic_string@DU?$char_traits@D@std@@V?$allocator@D@2@@std@@PAVPlugInFactory@@@std@@QAE@ABV?$basic_string@DU?$char_traits@D@std@@V?$allocator@D@2@@1@ABQAVPlugInFactory@@@Z 10005d00 f i ModuleManager.obj
 0001:00004d20       ??$_Count@PADD@std@@YAHPAD0ABD@Z 10005d20 f i ModuleManager.obj
 0001:00004d50       ??$_Ptr_cat@PAU?$pair@V?$basic_string@DU?$char_traits@D@std@@V?$allocator@D@2@@std@@PAVPlugInFactory@@@std@@PAU12@@std@@YA?AU_Nonscalar_ptr_iterator_tag@0@AAPAU?$pair@V?$basic_string@DU?$char_traits@D@std@@V?$allocator@D@2@@std@@PAVPlugInFactory@@@0@0@Z 10005d50 f i ModuleManager.obj
 0001:00004d60       ??$_Iter_random@PAU?$pair@V?$basic_string@DU?$char_traits@D@std@@V?$allocator@D@2@@std@@PAVPlugInFactory@@@std@@PAU12@@std@@YA?AUrandom_access_iterator_tag@0@ABQAU?$pair@V?$basic_string@DU?$char_traits@D@std@@V?$allocator@D@2@@std@@PAVPlugInFactory@@@0@0@Z 10005d60 f i ModuleManager.obj
 0001:00004d70       ??$_Move_cat@PAU?$pair@V?$basic_string@DU?$char_traits@D@std@@V?$allocator@D@2@@std@@PAVPlugInFactory@@@std@@@std@@YA?AU_Undefined_move_tag@0@ABQAU?$pair@V?$basic_string@DU?$char_traits@D@std@@V?$allocator@D@2@@std@@PAVPlugInFactory@@@0@@Z 10005d70 f i ModuleManager.obj
 0001:00004d80       ??4?$pair@V?$basic_string@DU?$char_traits@D@std@@V?$allocator@D@2@@std@@PAVPlugInFactory@@@std@@QAEAAU01@ABU01@@Z 10005d80 f i ModuleManager.obj
 0001:00004da0       ??$_Checked_base@PAU?$pair@V?$basic_string@DU?$char_traits@D@std@@V?$allocator@D@2@@std@@PAVPlugInFactory@@@std@@@std@@YAPAU?$pair@V?$basic_string@DU?$char_traits@D@std@@V?$allocator@D@2@@std@@PAVPlugInFactory@@@0@AAPAU10@U_Unchanged_checked_iterator_base_type_tag@0@@Z 10005da0 f i ModuleManager.obj
 0001:00004db0       ??$_Construct@U?$pair@V?$basic_string@DU?$char_traits@D@std@@V?$allocator@D@2@@std@@PAVPlugInFactory@@@std@@U12@@std@@YAXPAU?$pair@V?$basic_string@DU?$char_traits@D@std@@V?$allocator@D@2@@std@@PAVPlugInFactory@@@0@ABU10@@Z 10005db0 f i ModuleManager.obj
 0001:00004e10       ??_G?$pair@V?$basic_string@DU?$char_traits@D@std@@V?$allocator@D@2@@std@@PAVPlugInFactory@@@std@@QAEPAXI@Z 10005e10 f i ModuleManager.obj
 0001:00004e30       ?_Checked_iterator_base@?$_String_iterator@DU?$char_traits@D@std@@V?$allocator@D@2@@std@@QBEPADXZ 10005e30 f i ModuleManager.obj
 0001:00004e40       ?_Checked_iterator_base@?$_Vector_iterator@U?$pair@V?$basic_string@DU?$char_traits@D@std@@V?$allocator@D@2@@std@@PAVPlugInFactory@@@std@@V?$allocator@U?$pair@V?$basic_string@DU?$char_traits@D@std@@V?$allocator@D@2@@std@@PAVPlugInFactory@@@std@@@2@@std@@QBEPAU?$pair@V?$basic_string@DU?$char_traits@D@std@@V?$allocator@D@2@@std@@PAVPlugInFactory@@@2@XZ 10005e40 f i ModuleManager.obj
 0001:00004e50       ??0?$pair@PAU?$pair@V?$basic_string@DU?$char_traits@D@std@@V?$allocator@D@2@@std@@PAVPlugInFactory@@@std@@PAU12@@std@@QAE@ABQAU?$pair@V?$basic_string@DU?$char_traits@D@std@@V?$allocator@D@2@@std@@PAVPlugInFactory@@@1@0@Z 10005e50 f i ModuleManager.obj
 0001:00004e70       ??$_Dist_type@PAU?$pair@V?$basic_string@DU?$char_traits@D@std@@V?$allocator@D@2@@std@@PAVPlugInFactory@@@std@@@std@@YAPAHPAU?$pair@V?$basic_string@DU?$char_traits@D@std@@V?$allocator@D@2@@std@@PAVPlugInFactory@@@0@@Z 10005e70 f i ModuleManager.obj
 0001:00004e80       ??$_Val_type@PAU?$pair@V?$basic_string@DU?$char_traits@D@std@@V?$allocator@D@2@@std@@PAVPlugInFactory@@@std@@@std@@YAPAU?$pair@V?$basic_string@DU?$char_traits@D@std@@V?$allocator@D@2@@std@@PAVPlugInFactory@@@0@PAU10@@Z 10005e80 f i ModuleManager.obj
 0001:00004e90       ??$_Copy_backward_opt@PAU?$pair@V?$basic_string@DU?$char_traits@D@std@@V?$allocator@D@2@@std@@PAVPlugInFactory@@@std@@PAU12@Uforward_iterator_tag@2@@std@@YAPAU?$pair@V?$basic_string@DU?$char_traits@D@std@@V?$allocator@D@2@@std@@PAVPlugInFactory@@@0@PAU10@00Uforward_iterator_tag@0@U_Nonscalar_ptr_iterator_tag@0@U_Range_checked_iterator_tag@0@@Z 10005e90 f i ModuleManager.obj
 0001:00004ed0       ??$_Iter_cat@PAU?$pair@V?$basic_string@DU?$char_traits@D@std@@V?$allocator@D@2@@std@@PAVPlugInFactory@@@std@@@std@@YA?AUrandom_access_iterator_tag@0@ABQAU?$pair@V?$basic_string@DU?$char_traits@D@std@@V?$allocator@D@2@@std@@PAVPlugInFactory@@@0@@Z 10005ed0 f i ModuleManager.obj
 0001:00004ee0       ??$_Rotate@PAU?$pair@V?$basic_string@DU?$char_traits@D@std@@V?$allocator@D@2@@std@@PAVPlugInFactory@@@std@@HU12@@std@@YAXPAU?$pair@V?$basic_string@DU?$char_traits@D@std@@V?$allocator@D@2@@std@@PAVPlugInFactory@@@0@00PAH0@Z 10005ee0 f i ModuleManager.obj
 0001:00005020       ??$swap@PAVPlugInFactory@@@std@@YAXAAPAVPlugInFactory@@0@Z 10006020 f i ModuleManager.obj
 0001:00005040       ??D?$_Vector_iterator@V?$basic_string@DU?$char_traits@D@std@@V?$allocator@D@2@@std@@V?$allocator@V?$basic_string@DU?$char_traits@D@std@@V?$allocator@D@2@@std@@@2@@std@@QBEAAV?$basic_string@DU?$char_traits@D@std@@V?$allocator@D@2@@1@XZ 10006040 f i ModuleManager.obj
 0001:00005070       ??E?$_Vector_iterator@V?$basic_string@DU?$char_traits@D@std@@V?$allocator@D@2@@std@@V?$allocator@V?$basic_string@DU?$char_traits@D@std@@V?$allocator@D@2@@std@@@2@@std@@QAEAAV01@XZ 10006070 f i ModuleManager.obj
 0001:000050a0       ??9?$_Vector_const_iterator@V?$basic_string@DU?$char_traits@D@std@@V?$allocator@D@2@@std@@V?$allocator@V?$basic_string@DU?$char_traits@D@std@@V?$allocator@D@2@@std@@@2@@std@@QBE_NABV01@@Z 100060a0 f i ModuleManager.obj
 0001:000050d0       ??0?$_Vector_val@U?$pair@V?$basic_string@DU?$char_traits@D@std@@V?$allocator@D@2@@std@@PAVPlugInFactory@@@std@@V?$allocator@U?$pair@V?$basic_string@DU?$char_traits@D@std@@V?$allocator@D@2@@std@@PAVPlugInFactory@@@std@@@2@@std@@IAE@V?$allocator@U?$pair@V?$basic_string@DU?$char_traits@D@std@@V?$allocator@D@2@@std@@PAVPlugInFactory@@@std@@@1@@Z 100060d0 f i ModuleManager.obj
 0001:000050e0       ?max_size@?$vector@U?$pair@V?$basic_string@DU?$char_traits@D@std@@V?$allocator@D@2@@std@@PAVPlugInFactory@@@std@@V?$allocator@U?$pair@V?$basic_string@DU?$char_traits@D@std@@V?$allocator@D@2@@std@@PAVPlugInFactory@@@std@@@2@@std@@QBEIXZ 100060e0 f i ModuleManager.obj
 0001:000050f0       ?allocate@?$allocator@U?$pair@V?$basic_string@DU?$char_traits@D@std@@V?$allocator@D@2@@std@@PAVPlugInFactory@@@std@@@std@@QAEPAU?$pair@V?$basic_string@DU?$char_traits@D@std@@V?$allocator@D@2@@std@@PAVPlugInFactory@@@2@I@Z 100060f0 f i ModuleManager.obj
 0001:00005110       ??G?$_Vector_iterator@U?$pair@V?$basic_string@DU?$char_traits@D@std@@V?$allocator@D@2@@std@@PAVPlugInFactory@@@std@@V?$allocator@U?$pair@V?$basic_string@DU?$char_traits@D@std@@V?$allocator@D@2@@std@@PAVPlugInFactory@@@std@@@2@@std@@QBEHABV?$_Vector_const_iterator@U?$pair@V?$basic_string@DU?$char_traits@D@std@@V?$allocator@D@2@@std@@PAVPlugInFactory@@@std@@V?$allocator@U?$pair@V?$basic_string@DU?$char_traits@D@std@@V?$allocator@D@2@@std@@PAVPlugInFactory@@@std@@@2@@1@@Z 10006110 f i ModuleManager.obj
 0001:00005140       ??0?$_Vector_const_iterator@U?$pair@V?$basic_string@DU?$char_traits@D@std@@V?$allocator@D@2@@std@@PAVPlugInFactory@@@std@@V?$allocator@U?$pair@V?$basic_string@DU?$char_traits@D@std@@V?$allocator@D@2@@std@@PAVPlugInFactory@@@std@@@2@@std@@QAE@PAU?$pair@V?$basic_string@DU?$char_traits@D@std@@V?$allocator@D@2@@std@@PAVPlugInFactory@@@1@PBU_Container_base@1@@Z 10006140 f i ModuleManager.obj
 0001:00005180       ??Y?$_Vector_iterator@U?$pair@V?$basic_string@DU?$char_traits@D@std@@V?$allocator@D@2@@std@@PAVPlugInFactory@@@std@@V?$allocator@U?$pair@V?$basic_string@DU?$char_traits@D@std@@V?$allocator@D@2@@std@@PAVPlugInFactory@@@std@@@2@@std@@QAEAAV01@H@Z 10006180 f i ModuleManager.obj
 0001:000051c0       ??$make_pair@V?$basic_string@DU?$char_traits@D@std@@V?$allocator@D@2@@std@@PAVPlugInFactory@@@std@@YA?AU?$pair@V?$basic_string@DU?$char_traits@D@std@@V?$allocator@D@2@@std@@PAVPlugInFactory@@@0@V?$basic_string@DU?$char_traits@D@std@@V?$allocator@D@2@@0@PAVPlugInFactory@@@Z 100061c0 f i ModuleManager.obj
 0001:00005230       ??$_Checked_base@PAU?$pair@V?$basic_string@DU?$char_traits@D@std@@V?$allocator@D@2@@std@@PAVPlugInFactory@@@std@@@std@@YAPAU?$pair@V?$basic_string@DU?$char_traits@D@std@@V?$allocator@D@2@@std@@PAVPlugInFactory@@@0@AAPAU10@@Z 10006230 f i ModuleManager.obj
 0001:00005240       ??$_Fill@PAU?$pair@V?$basic_string@DU?$char_traits@D@std@@V?$allocator@D@2@@std@@PAVPlugInFactory@@@std@@U12@@std@@YAXPAU?$pair@V?$basic_string@DU?$char_traits@D@std@@V?$allocator@D@2@@std@@PAVPlugInFactory@@@0@0ABU10@@Z 10006240 f i ModuleManager.obj
 0001:00005270       ?construct@?$allocator@U?$pair@V?$basic_string@DU?$char_traits@D@std@@V?$allocator@D@2@@std@@PAVPlugInFactory@@@std@@@std@@QAEXPAU?$pair@V?$basic_string@DU?$char_traits@D@std@@V?$allocator@D@2@@std@@PAVPlugInFactory@@@2@ABU32@@Z 10006270 f i ModuleManager.obj
 0001:00005290       ??$_Checked_base@V?$_String_iterator@DU?$char_traits@D@std@@V?$allocator@D@2@@std@@U_Different_checked_iterator_base_type_tag@2@@std@@YAPADAAV?$_String_iterator@DU?$char_traits@D@std@@V?$allocator@D@2@@0@U_Different_checked_iterator_base_type_tag@0@@Z 10006290 f i ModuleManager.obj
 0001:000052a0       ??$_Checked_base@V?$_Vector_iterator@U?$pair@V?$basic_string@DU?$char_traits@D@std@@V?$allocator@D@2@@std@@PAVPlugInFactory@@@std@@V?$allocator@U?$pair@V?$basic_string@DU?$char_traits@D@std@@V?$allocator@D@2@@std@@PAVPlugInFactory@@@std@@@2@@std@@U_Different_checked_iterator_base_type_tag@2@@std@@YAPAU?$pair@V?$basic_string@DU?$char_traits@D@std@@V?$allocator@D@2@@std@@PAVPlugInFactory@@@0@AAV?$_Vector_iterator@U?$pair@V?$basic_string@DU?$char_traits@D@std@@V?$allocator@D@2@@std@@PAVPlugInFactory@@@std@@V?$allocator@U?$pair@V?$basic_string@DU?$char_traits@D@std@@V?$allocator@D@2@@std@@PAVPlugInFactory@@@std@@@2@@0@U_Different_checked_iterator_base_type_tag@0@@Z 100062a0 f i ModuleManager.obj
 0001:000052b0       ??$_Copy_backward_opt@PAU?$pair@V?$basic_string@DU?$char_traits@D@std@@V?$allocator@D@2@@std@@PAVPlugInFactory@@@std@@PAU12@@std@@YAPAU?$pair@V?$basic_string@DU?$char_traits@D@std@@V?$allocator@D@2@@std@@PAVPlugInFactory@@@0@PAU10@00Urandom_access_iterator_tag@0@U_Nonscalar_ptr_iterator_tag@0@U_Range_checked_iterator_tag@0@@Z 100062b0 f i ModuleManager.obj
 0001:00005300       ??$_Destroy@U?$pair@V?$basic_string@DU?$char_traits@D@std@@V?$allocator@D@2@@std@@PAVPlugInFactory@@@std@@@std@@YAXPAU?$pair@V?$basic_string@DU?$char_traits@D@std@@V?$allocator@D@2@@std@@PAVPlugInFactory@@@0@@Z 10006300 f i ModuleManager.obj
 0001:00005310       ??$_Rotate@PAU?$pair@V?$basic_string@DU?$char_traits@D@std@@V?$allocator@D@2@@std@@PAVPlugInFactory@@@std@@@std@@YAXPAU?$pair@V?$basic_string@DU?$char_traits@D@std@@V?$allocator@D@2@@std@@PAVPlugInFactory@@@0@00Urandom_access_iterator_tag@0@@Z 10006310 f i ModuleManager.obj
 0001:00005330       ?swap@?$pair@V?$basic_string@DU?$char_traits@D@std@@V?$allocator@D@2@@std@@PAVPlugInFactory@@@std@@QAEXAAU12@@Z 10006330 f i ModuleManager.obj
 0001:00005350       ?_Buy@?$vector@U?$pair@V?$basic_string@DU?$char_traits@D@std@@V?$allocator@D@2@@std@@PAVPlugInFactory@@@std@@V?$allocator@U?$pair@V?$basic_string@DU?$char_traits@D@std@@V?$allocator@D@2@@std@@PAVPlugInFactory@@@std@@@2@@std@@IAE_NI@Z 10006350 f i ModuleManager.obj
 0001:000053a0       ??0?$_Vector_iterator@U?$pair@V?$basic_string@DU?$char_traits@D@std@@V?$allocator@D@2@@std@@PAVPlugInFactory@@@std@@V?$allocator@U?$pair@V?$basic_string@DU?$char_traits@D@std@@V?$allocator@D@2@@std@@PAVPlugInFactory@@@std@@@2@@std@@QAE@PAU?$pair@V?$basic_string@DU?$char_traits@D@std@@V?$allocator@D@2@@std@@PAVPlugInFactory@@@1@PBU_Container_base@1@@Z 100063a0 f i ModuleManager.obj
 0001:000053e0       ??H?$_Vector_iterator@U?$pair@V?$basic_string@DU?$char_traits@D@std@@V?$allocator@D@2@@std@@PAVPlugInFactory@@@std@@V?$allocator@U?$pair@V?$basic_string@DU?$char_traits@D@std@@V?$allocator@D@2@@std@@PAVPlugInFactory@@@std@@@2@@std@@QBE?AV01@H@Z 100063e0 f i ModuleManager.obj
 0001:00005420       ??$fill@PAU?$pair@V?$basic_string@DU?$char_traits@D@std@@V?$allocator@D@2@@std@@PAVPlugInFactory@@@std@@U12@@std@@YAXPAU?$pair@V?$basic_string@DU?$char_traits@D@std@@V?$allocator@D@2@@std@@PAVPlugInFactory@@@0@0ABU10@@Z 10006420 f i ModuleManager.obj
 0001:00005450       ??$_Checked_base@V?$_String_iterator@DU?$char_traits@D@std@@V?$allocator@D@2@@std@@@std@@YAPADAAV?$_String_iterator@DU?$char_traits@D@std@@V?$allocator@D@2@@0@@Z 10006450 f i ModuleManager.obj
 0001:00005460       ??$_Checked_base@V?$_Vector_iterator@U?$pair@V?$basic_string@DU?$char_traits@D@std@@V?$allocator@D@2@@std@@PAVPlugInFactory@@@std@@V?$allocator@U?$pair@V?$basic_string@DU?$char_traits@D@std@@V?$allocator@D@2@@std@@PAVPlugInFactory@@@std@@@2@@std@@@std@@YAPAU?$pair@V?$basic_string@DU?$char_traits@D@std@@V?$allocator@D@2@@std@@PAVPlugInFactory@@@0@AAV?$_Vector_iterator@U?$pair@V?$basic_string@DU?$char_traits@D@std@@V?$allocator@D@2@@std@@PAVPlugInFactory@@@std@@V?$allocator@U?$pair@V?$basic_string@DU?$char_traits@D@std@@V?$allocator@D@2@@std@@PAVPlugInFactory@@@std@@@2@@0@@Z 10006460 f i ModuleManager.obj
 0001:00005470       ??$_Move_backward_opt@PAU?$pair@V?$basic_string@DU?$char_traits@D@std@@V?$allocator@D@2@@std@@PAVPlugInFactory@@@std@@PAU12@Urandom_access_iterator_tag@2@U_Undefined_move_tag@2@@std@@YAPAU?$pair@V?$basic_string@DU?$char_traits@D@std@@V?$allocator@D@2@@std@@PAVPlugInFactory@@@0@PAU10@00Urandom_access_iterator_tag@0@U_Undefined_move_tag@0@U_Range_checked_iterator_tag@0@@Z 10006470 f i ModuleManager.obj
 0001:000054c0       ?destroy@?$allocator@U?$pair@V?$basic_string@DU?$char_traits@D@std@@V?$allocator@D@2@@std@@PAVPlugInFactory@@@std@@@std@@QAEXPAU?$pair@V?$basic_string@DU?$char_traits@D@std@@V?$allocator@D@2@@std@@PAVPlugInFactory@@@2@@Z 100064c0 f i ModuleManager.obj
 0001:000054d0       ??$rotate@PAU?$pair@V?$basic_string@DU?$char_traits@D@std@@V?$allocator@D@2@@std@@PAVPlugInFactory@@@std@@@std@@YAXPAU?$pair@V?$basic_string@DU?$char_traits@D@std@@V?$allocator@D@2@@std@@PAVPlugInFactory@@@0@00@Z 100064d0 f i ModuleManager.obj
 0001:00005500       ??$swap@V?$basic_string@DU?$char_traits@D@std@@V?$allocator@D@2@@std@@PAVPlugInFactory@@@std@@YAXAAU?$pair@V?$basic_string@DU?$char_traits@D@std@@V?$allocator@D@2@@std@@PAVPlugInFactory@@@0@0@Z 10006500 f i ModuleManager.obj
 0001:00005530       ??$_Uninit_copy@PAU?$pair@V?$basic_string@DU?$char_traits@D@std@@V?$allocator@D@2@@std@@PAVPlugInFactory@@@std@@PAU12@V?$allocator@U?$pair@V?$basic_string@DU?$char_traits@D@std@@V?$allocator@D@2@@std@@PAVPlugInFactory@@@std@@@2@@std@@YAPAU?$pair@V?$basic_string@DU?$char_traits@D@std@@V?$allocator@D@2@@std@@PAVPlugInFactory@@@0@PAU10@00AAV?$allocator@U?$pair@V?$basic_string@DU?$char_traits@D@std@@V?$allocator@D@2@@std@@PAVPlugInFactory@@@std@@@0@U_Nonscalar_ptr_iterator_tag@0@U_Range_checked_iterator_tag@0@@Z 10006530 f i ModuleManager.obj
 0001:000055d0       ??0?$vector@U?$pair@V?$basic_string@DU?$char_traits@D@std@@V?$allocator@D@2@@std@@PAVPlugInFactory@@@std@@V?$allocator@U?$pair@V?$basic_string@DU?$char_traits@D@std@@V?$allocator@D@2@@std@@PAVPlugInFactory@@@std@@@2@@std@@QAE@XZ 100065d0 f i ModuleManager.obj
 0001:000055e0       ?begin@?$vector@U?$pair@V?$basic_string@DU?$char_traits@D@std@@V?$allocator@D@2@@std@@PAVPlugInFactory@@@std@@V?$allocator@U?$pair@V?$basic_string@DU?$char_traits@D@std@@V?$allocator@D@2@@std@@PAVPlugInFactory@@@std@@@2@@std@@QAE?AV?$_Vector_iterator@U?$pair@V?$basic_string@DU?$char_traits@D@std@@V?$allocator@D@2@@std@@PAVPlugInFactory@@@std@@V?$allocator@U?$pair@V?$basic_string@DU?$char_traits@D@std@@V?$allocator@D@2@@std@@PAVPlugInFactory@@@std@@@2@@2@XZ 100065e0 f i ModuleManager.obj
 0001:00005610       ?end@?$vector@U?$pair@V?$basic_string@DU?$char_traits@D@std@@V?$allocator@D@2@@std@@PAVPlugInFactory@@@std@@V?$allocator@U?$pair@V?$basic_string@DU?$char_traits@D@std@@V?$allocator@D@2@@std@@PAVPlugInFactory@@@std@@@2@@std@@QAE?AV?$_Vector_iterator@U?$pair@V?$basic_string@DU?$char_traits@D@std@@V?$allocator@D@2@@std@@PAVPlugInFactory@@@std@@V?$allocator@U?$pair@V?$basic_string@DU?$char_traits@D@std@@V?$allocator@D@2@@std@@PAVPlugInFactory@@@std@@@2@@2@XZ 10006610 f i ModuleManager.obj
 0001:00005640       ??$count@V?$_String_iterator@DU?$char_traits@D@std@@V?$allocator@D@2@@std@@D@std@@YAHV?$_String_iterator@DU?$char_traits@D@std@@V?$allocator@D@2@@0@0ABD@Z 10006640 f i ModuleManager.obj
 0001:00005670       ??$_Unchecked_move_backward@PAU?$pair@V?$basic_string@DU?$char_traits@D@std@@V?$allocator@D@2@@std@@PAVPlugInFactory@@@std@@PAU12@@stdext@@YAPAU?$pair@V?$basic_string@DU?$char_traits@D@std@@V?$allocator@D@2@@std@@PAVPlugInFactory@@@std@@PAU12@00@Z 10006670 f i ModuleManager.obj
 0001:000056c0       ??$_Uninit_fill_n@PAU?$pair@V?$basic_string@DU?$char_traits@D@std@@V?$allocator@D@2@@std@@PAVPlugInFactory@@@std@@IU12@V?$allocator@U?$pair@V?$basic_string@DU?$char_traits@D@std@@V?$allocator@D@2@@std@@PAVPlugInFactory@@@std@@@2@@std@@YAXPAU?$pair@V?$basic_string@DU?$char_traits@D@std@@V?$allocator@D@2@@std@@PAVPlugInFactory@@@0@IABU10@AAV?$allocator@U?$pair@V?$basic_string@DU?$char_traits@D@std@@V?$allocator@D@2@@std@@PAVPlugInFactory@@@std@@@0@U_Nonscalar_ptr_iterator_tag@0@U_Range_checked_iterator_tag@0@@Z 100066c0 f i ModuleManager.obj
 0001:00005760       ??$_Destroy_range@U?$pair@V?$basic_string@DU?$char_traits@D@std@@V?$allocator@D@2@@std@@PAVPlugInFactory@@@std@@V?$allocator@U?$pair@V?$basic_string@DU?$char_traits@D@std@@V?$allocator@D@2@@std@@PAVPlugInFactory@@@std@@@2@@std@@YAXPAU?$pair@V?$basic_string@DU?$char_traits@D@std@@V?$allocator@D@2@@std@@PAVPlugInFactory@@@0@0AAV?$allocator@U?$pair@V?$basic_string@DU?$char_traits@D@std@@V?$allocator@D@2@@std@@PAVPlugInFactory@@@std@@@0@U_Nonscalar_ptr_iterator_tag@0@@Z 10006760 f i ModuleManager.obj
 0001:00005790       ??$iter_swap@PAU?$pair@V?$basic_string@DU?$char_traits@D@std@@V?$allocator@D@2@@std@@PAVPlugInFactory@@@std@@PAU12@@std@@YAXPAU?$pair@V?$basic_string@DU?$char_traits@D@std@@V?$allocator@D@2@@std@@PAVPlugInFactory@@@0@0@Z 10006790 f i ModuleManager.obj
 0001:000057c0       ??$unchecked_uninitialized_copy@PAU?$pair@V?$basic_string@DU?$char_traits@D@std@@V?$allocator@D@2@@std@@PAVPlugInFactory@@@std@@PAU12@V?$allocator@U?$pair@V?$basic_string@DU?$char_traits@D@std@@V?$allocator@D@2@@std@@PAVPlugInFactory@@@std@@@2@@stdext@@YAPAU?$pair@V?$basic_string@DU?$char_traits@D@std@@V?$allocator@D@2@@std@@PAVPlugInFactory@@@std@@PAU12@00AAV?$allocator@U?$pair@V?$basic_string@DU?$char_traits@D@std@@V?$allocator@D@2@@std@@PAVPlugInFactory@@@std@@@2@@Z 100067c0 f i ModuleManager.obj
 0001:000057f0       ??RFactoryPtrComparator@@QAE_NU?$pair@V?$basic_string@DU?$char_traits@D@std@@V?$allocator@D@2@@std@@PAVPlugInFactory@@@std@@0@Z 100067f0 f i ModuleManager.obj
 0001:00005940       ??$unchecked_uninitialized_fill_n@PAU?$pair@V?$basic_string@DU?$char_traits@D@std@@V?$allocator@D@2@@std@@PAVPlugInFactory@@@std@@IU12@V?$allocator@U?$pair@V?$basic_string@DU?$char_traits@D@std@@V?$allocator@D@2@@std@@PAVPlugInFactory@@@std@@@2@@stdext@@YAXPAU?$pair@V?$basic_string@DU?$char_traits@D@std@@V?$allocator@D@2@@std@@PAVPlugInFactory@@@std@@IABU12@AAV?$allocator@U?$pair@V?$basic_string@DU?$char_traits@D@std@@V?$allocator@D@2@@std@@PAVPlugInFactory@@@std@@@2@@Z 10006940 f i ModuleManager.obj
 0001:00005970       ??$_Destroy_range@U?$pair@V?$basic_string@DU?$char_traits@D@std@@V?$allocator@D@2@@std@@PAVPlugInFactory@@@std@@V?$allocator@U?$pair@V?$basic_string@DU?$char_traits@D@std@@V?$allocator@D@2@@std@@PAVPlugInFactory@@@std@@@2@@std@@YAXPAU?$pair@V?$basic_string@DU?$char_traits@D@std@@V?$allocator@D@2@@std@@PAVPlugInFactory@@@0@0AAV?$allocator@U?$pair@V?$basic_string@DU?$char_traits@D@std@@V?$allocator@D@2@@std@@PAVPlugInFactory@@@std@@@0@@Z 10006970 f i ModuleManager.obj
 0001:000059a0       ??$_Insertion_sort@PAU?$pair@V?$basic_string@DU?$char_traits@D@std@@V?$allocator@D@2@@std@@PAVPlugInFactory@@@std@@UFactoryPtrComparator@@@std@@YAXPAU?$pair@V?$basic_string@DU?$char_traits@D@std@@V?$allocator@D@2@@std@@PAVPlugInFactory@@@0@0UFactoryPtrComparator@@@Z 100069a0 f i ModuleManager.obj
 0001:00005af0       ??$_Uninit_move@PAU?$pair@V?$basic_string@DU?$char_traits@D@std@@V?$allocator@D@2@@std@@PAVPlugInFactory@@@std@@PAU12@V?$allocator@U?$pair@V?$basic_string@DU?$char_traits@D@std@@V?$allocator@D@2@@std@@PAVPlugInFactory@@@std@@@2@U_Undefined_move_tag@2@@std@@YAPAU?$pair@V?$basic_string@DU?$char_traits@D@std@@V?$allocator@D@2@@std@@PAVPlugInFactory@@@0@PAU10@00AAV?$allocator@U?$pair@V?$basic_string@DU?$char_traits@D@std@@V?$allocator@D@2@@std@@PAVPlugInFactory@@@std@@@0@U_Undefined_move_tag@0@U_Range_checked_iterator_tag@0@@Z 10006af0 f i ModuleManager.obj
 0001:00005b10       ??$_Med3@PAU?$pair@V?$basic_string@DU?$char_traits@D@std@@V?$allocator@D@2@@std@@PAVPlugInFactory@@@std@@UFactoryPtrComparator@@@std@@YAXPAU?$pair@V?$basic_string@DU?$char_traits@D@std@@V?$allocator@D@2@@std@@PAVPlugInFactory@@@0@00UFactoryPtrComparator@@@Z 10006b10 f i ModuleManager.obj
 0001:00005c70       ??$_Push_heap@PAU?$pair@V?$basic_string@DU?$char_traits@D@std@@V?$allocator@D@2@@std@@PAVPlugInFactory@@@std@@HU12@UFactoryPtrComparator@@@std@@YAXPAU?$pair@V?$basic_string@DU?$char_traits@D@std@@V?$allocator@D@2@@std@@PAVPlugInFactory@@@0@HHU10@UFactoryPtrComparator@@@Z 10006c70 f i ModuleManager.obj
 0001:00005d80       ?_Ufill@?$vector@U?$pair@V?$basic_string@DU?$char_traits@D@std@@V?$allocator@D@2@@std@@PAVPlugInFactory@@@std@@V?$allocator@U?$pair@V?$basic_string@DU?$char_traits@D@std@@V?$allocator@D@2@@std@@PAVPlugInFactory@@@std@@@2@@std@@IAEPAU?$pair@V?$basic_string@DU?$char_traits@D@std@@V?$allocator@D@2@@std@@PAVPlugInFactory@@@2@PAU32@IABU32@@Z 10006d80 f i ModuleManager.obj
 0001:00005dc0       ?_Destroy@?$vector@U?$pair@V?$basic_string@DU?$char_traits@D@std@@V?$allocator@D@2@@std@@PAVPlugInFactory@@@std@@V?$allocator@U?$pair@V?$basic_string@DU?$char_traits@D@std@@V?$allocator@D@2@@std@@PAVPlugInFactory@@@std@@@2@@std@@IAEXPAU?$pair@V?$basic_string@DU?$char_traits@D@std@@V?$allocator@D@2@@std@@PAVPlugInFactory@@@2@0@Z 10006dc0 f i ModuleManager.obj
 0001:00005df0       ??$_Unchecked_uninitialized_move@PAU?$pair@V?$basic_string@DU?$char_traits@D@std@@V?$allocator@D@2@@std@@PAVPlugInFactory@@@std@@PAU12@V?$allocator@U?$pair@V?$basic_string@DU?$char_traits@D@std@@V?$allocator@D@2@@std@@PAVPlugInFactory@@@std@@@2@@stdext@@YAPAU?$pair@V?$basic_string@DU?$char_traits@D@std@@V?$allocator@D@2@@std@@PAVPlugInFactory@@@std@@PAU12@00AAV?$allocator@U?$pair@V?$basic_string@DU?$char_traits@D@std@@V?$allocator@D@2@@std@@PAVPlugInFactory@@@std@@@2@@Z 10006df0 f i ModuleManager.obj
 0001:00005e20       ??$_Median@PAU?$pair@V?$basic_string@DU?$char_traits@D@std@@V?$allocator@D@2@@std@@PAVPlugInFactory@@@std@@UFactoryPtrComparator@@@std@@YAXPAU?$pair@V?$basic_string@DU?$char_traits@D@std@@V?$allocator@D@2@@std@@PAVPlugInFactory@@@0@00UFactoryPtrComparator@@@Z 10006e20 f i ModuleManager.obj
 0001:00005ed0       ??$_Adjust_heap@PAU?$pair@V?$basic_string@DU?$char_traits@D@std@@V?$allocator@D@2@@std@@PAVPlugInFactory@@@std@@HU12@UFactoryPtrComparator@@@std@@YAXPAU?$pair@V?$basic_string@DU?$char_traits@D@std@@V?$allocator@D@2@@std@@PAVPlugInFactory@@@0@HHU10@UFactoryPtrComparator@@@Z 10006ed0 f i ModuleManager.obj
 0001:00006040       ??$_Pop_heap@PAU?$pair@V?$basic_string@DU?$char_traits@D@std@@V?$allocator@D@2@@std@@PAVPlugInFactory@@@std@@HU12@UFactoryPtrComparator@@@std@@YAXPAU?$pair@V?$basic_string@DU?$char_traits@D@std@@V?$allocator@D@2@@std@@PAVPlugInFactory@@@0@00U10@UFactoryPtrComparator@@PAH@Z 10007040 f i ModuleManager.obj
 0001:000060d0       ?_Tidy@?$vector@U?$pair@V?$basic_string@DU?$char_traits@D@std@@V?$allocator@D@2@@std@@PAVPlugInFactory@@@std@@V?$allocator@U?$pair@V?$basic_string@DU?$char_traits@D@std@@V?$allocator@D@2@@std@@PAVPlugInFactory@@@std@@@2@@std@@IAEXXZ 100070d0 f i ModuleManager.obj
 0001:00006120       ??$_Umove@PAU?$pair@V?$basic_string@DU?$char_traits@D@std@@V?$allocator@D@2@@std@@PAVPlugInFactory@@@std@@@?$vector@U?$pair@V?$basic_string@DU?$char_traits@D@std@@V?$allocator@D@2@@std@@PAVPlugInFactory@@@std@@V?$allocator@U?$pair@V?$basic_string@DU?$char_traits@D@std@@V?$allocator@D@2@@std@@PAVPlugInFactory@@@std@@@2@@std@@IAEPAU?$pair@V?$basic_string@DU?$char_traits@D@std@@V?$allocator@D@2@@std@@PAVPlugInFactory@@@1@PAU21@00@Z 10007120 f i ModuleManager.obj
 0001:00006150       ??$_Unguarded_partition@PAU?$pair@V?$basic_string@DU?$char_traits@D@std@@V?$allocator@D@2@@std@@PAVPlugInFactory@@@std@@UFactoryPtrComparator@@@std@@YA?AU?$pair@PAU?$pair@V?$basic_string@DU?$char_traits@D@std@@V?$allocator@D@2@@std@@PAVPlugInFactory@@@std@@PAU12@@0@PAU?$pair@V?$basic_string@DU?$char_traits@D@std@@V?$allocator@D@2@@std@@PAVPlugInFactory@@@0@0UFactoryPtrComparator@@@Z 10007150 f i ModuleManager.obj
 0001:000065c0       ??$_Make_heap@PAU?$pair@V?$basic_string@DU?$char_traits@D@std@@V?$allocator@D@2@@std@@PAVPlugInFactory@@@std@@HU12@UFactoryPtrComparator@@@std@@YAXPAU?$pair@V?$basic_string@DU?$char_traits@D@std@@V?$allocator@D@2@@std@@PAVPlugInFactory@@@0@0UFactoryPtrComparator@@PAH0@Z 100075c0 f i ModuleManager.obj
 0001:00006620       ??$_Pop_heap_0@PAU?$pair@V?$basic_string@DU?$char_traits@D@std@@V?$allocator@D@2@@std@@PAVPlugInFactory@@@std@@U12@UFactoryPtrComparator@@@std@@YAXPAU?$pair@V?$basic_string@DU?$char_traits@D@std@@V?$allocator@D@2@@std@@PAVPlugInFactory@@@0@0UFactoryPtrComparator@@0@Z 10007620 f i ModuleManager.obj
 0001:00006660       ??1?$vector@U?$pair@V?$basic_string@DU?$char_traits@D@std@@V?$allocator@D@2@@std@@PAVPlugInFactory@@@std@@V?$allocator@U?$pair@V?$basic_string@DU?$char_traits@D@std@@V?$allocator@D@2@@std@@PAVPlugInFactory@@@std@@@2@@std@@QAE@XZ 10007660 f i ModuleManager.obj
 0001:00006670       ?_Insert_n@?$vector@U?$pair@V?$basic_string@DU?$char_traits@D@std@@V?$allocator@D@2@@std@@PAVPlugInFactory@@@std@@V?$allocator@U?$pair@V?$basic_string@DU?$char_traits@D@std@@V?$allocator@D@2@@std@@PAVPlugInFactory@@@std@@@2@@std@@IAEXV?$_Vector_iterator@U?$pair@V?$basic_string@DU?$char_traits@D@std@@V?$allocator@D@2@@std@@PAVPlugInFactory@@@std@@V?$allocator@U?$pair@V?$basic_string@DU?$char_traits@D@std@@V?$allocator@D@2@@std@@PAVPlugInFactory@@@std@@@2@@2@IABU?$pair@V?$basic_string@DU?$char_traits@D@std@@V?$allocator@D@2@@std@@PAVPlugInFactory@@@2@@Z 10007670 f i ModuleManager.obj
 0001:00006900       ??$make_heap@PAU?$pair@V?$basic_string@DU?$char_traits@D@std@@V?$allocator@D@2@@std@@PAVPlugInFactory@@@std@@UFactoryPtrComparator@@@std@@YAXPAU?$pair@V?$basic_string@DU?$char_traits@D@std@@V?$allocator@D@2@@std@@PAVPlugInFactory@@@0@0UFactoryPtrComparator@@@Z 10007900 f i ModuleManager.obj
 0001:00006930       ??$pop_heap@PAU?$pair@V?$basic_string@DU?$char_traits@D@std@@V?$allocator@D@2@@std@@PAVPlugInFactory@@@std@@UFactoryPtrComparator@@@std@@YAXPAU?$pair@V?$basic_string@DU?$char_traits@D@std@@V?$allocator@D@2@@std@@PAVPlugInFactory@@@0@0UFactoryPtrComparator@@@Z 10007930 f i ModuleManager.obj
 0001:00006980       ?insert@?$vector@U?$pair@V?$basic_string@DU?$char_traits@D@std@@V?$allocator@D@2@@std@@PAVPlugInFactory@@@std@@V?$allocator@U?$pair@V?$basic_string@DU?$char_traits@D@std@@V?$allocator@D@2@@std@@PAVPlugInFactory@@@std@@@2@@std@@QAE?AV?$_Vector_iterator@U?$pair@V?$basic_string@DU?$char_traits@D@std@@V?$allocator@D@2@@std@@PAVPlugInFactory@@@std@@V?$allocator@U?$pair@V?$basic_string@DU?$char_traits@D@std@@V?$allocator@D@2@@std@@PAVPlugInFactory@@@std@@@2@@2@V32@ABU?$pair@V?$basic_string@DU?$char_traits@D@std@@V?$allocator@D@2@@std@@PAVPlugInFactory@@@2@@Z 10007980 f i ModuleManager.obj
 0001:00006a10       ??$_Sort_heap@PAU?$pair@V?$basic_string@DU?$char_traits@D@std@@V?$allocator@D@2@@std@@PAVPlugInFactory@@@std@@UFactoryPtrComparator@@@std@@YAXPAU?$pair@V?$basic_string@DU?$char_traits@D@std@@V?$allocator@D@2@@std@@PAVPlugInFactory@@@0@0UFactoryPtrComparator@@@Z 10007a10 f i ModuleManager.obj
 0001:00006a80       ?factories@SpectralDataMerge@@YAAAV?$vector@U?$pair@V?$basic_string@DU?$char_traits@D@std@@V?$allocator@D@2@@std@@PAVPlugInFactory@@@std@@V?$allocator@U?$pair@V?$basic_string@DU?$char_traits@D@std@@V?$allocator@D@2@@std@@PAVPlugInFactory@@@std@@@2@@std@@XZ 10007a80 f   ModuleManager.obj
 0001:00006ae0       ?push_back@?$vector@U?$pair@V?$basic_string@DU?$char_traits@D@std@@V?$allocator@D@2@@std@@PAVPlugInFactory@@@std@@V?$allocator@U?$pair@V?$basic_string@DU?$char_traits@D@std@@V?$allocator@D@2@@std@@PAVPlugInFactory@@@std@@@2@@std@@QAEXABU?$pair@V?$basic_string@DU?$char_traits@D@std@@V?$allocator@D@2@@std@@PAVPlugInFactory@@@2@@Z 10007ae0 f i ModuleManager.obj
 0001:00006b70       ??$sort_heap@PAU?$pair@V?$basic_string@DU?$char_traits@D@std@@V?$allocator@D@2@@std@@PAVPlugInFactory@@@std@@UFactoryPtrComparator@@@std@@YAXPAU?$pair@V?$basic_string@DU?$char_traits@D@std@@V?$allocator@D@2@@std@@PAVPlugInFactory@@@0@0UFactoryPtrComparator@@@Z 10007b70 f i ModuleManager.obj
 0001:00006b80       ?addFactory@SpectralDataMerge@@YAXPAVPlugInFactory@@@Z 10007b80 f   ModuleManager.obj
 0001:00006ce0       ??$_Sort@PAU?$pair@V?$basic_string@DU?$char_traits@D@std@@V?$allocator@D@2@@std@@PAVPlugInFactory@@@std@@HUFactoryPtrComparator@@@std@@YAXPAU?$pair@V?$basic_string@DU?$char_traits@D@std@@V?$allocator@D@2@@std@@PAVPlugInFactory@@@0@0HUFactoryPtrComparator@@@Z 10007ce0 f i ModuleManager.obj
 0001:00006dd0       ??$sort@V?$_Vector_iterator@U?$pair@V?$basic_string@DU?$char_traits@D@std@@V?$allocator@D@2@@std@@PAVPlugInFactory@@@std@@V?$allocator@U?$pair@V?$basic_string@DU?$char_traits@D@std@@V?$allocator@D@2@@std@@PAVPlugInFactory@@@std@@@2@@std@@UFactoryPtrComparator@@@std@@YAXV?$_Vector_iterator@U?$pair@V?$basic_string@DU?$char_traits@D@std@@V?$allocator@D@2@@std@@PAVPlugInFactory@@@std@@V?$allocator@U?$pair@V?$basic_string@DU?$char_traits@D@std@@V?$allocator@D@2@@std@@PAVPlugInFactory@@@std@@@2@@0@0UFactoryPtrComparator@@@Z 10007dd0 f i ModuleManager.obj
 0001:00006e10       ?getPlugIn@SpectralDataMerge@@YAPAVPlugIn@@I@Z 10007e10 f   ModuleManager.obj
 0001:00006ed0       _SpectralDataMergeInstantiatePlugIn 10007ed0 f   ModuleManager.obj
 0001:00006f00       ?metaObject@DataMerge@@UBEPBUQMetaObject@@XZ 10007f00 f   moc_DataMerge.obj
 0001:00006f10       ?qt_metacast@DataMerge@@UAEPAXPBD@Z 10007f10 f   moc_DataMerge.obj
 0001:00006f90       ?qt_metacall@DataMerge@@UAEHW4Call@QMetaObject@@HPAPAX@Z 10007f90 f   moc_DataMerge.obj
 0001:00006fcc       ??1QObject@@UAE@XZ         10007fcc f   QtCore4:QtCore4.dll
 0001:00006fd2       ??0QObject@@QAE@PAV0@@Z    10007fd2 f   QtCore4:QtCore4.dll
 0001:00006fd8       ?event@QObject@@UAE_NPAVQEvent@@@Z 10007fd8 f   QtCore4:QtCore4.dll
 0001:00006fde       ?eventFilter@QObject@@UAE_NPAV1@PAVQEvent@@@Z 10007fde f   QtCore4:QtCore4.dll
 0001:00006fe4       ?timerEvent@QObject@@MAEXPAVQTimerEvent@@@Z 10007fe4 f   QtCore4:QtCore4.dll
 0001:00006fea       ?childEvent@QObject@@MAEXPAVQChildEvent@@@Z 10007fea f   QtCore4:QtCore4.dll
 0001:00006ff0       ?customEvent@QObject@@MAEXPAVQEvent@@@Z 10007ff0 f   QtCore4:QtCore4.dll
 0001:00006ff6       ?connectNotify@QObject@@MAEXPBD@Z 10007ff6 f   QtCore4:QtCore4.dll
 0001:00006ffc       ?disconnectNotify@QObject@@MAEXPBD@Z 10007ffc f   QtCore4:QtCore4.dll
 0001:00007002       ??1QString@@QAE@XZ         10008002 f   QtCore4:QtCore4.dll
 0001:00007008       ?free@QString@@CAXPAUData@1@@Z 10008008 f   QtCore4:QtCore4.dll
 0001:0000700e       ?fromAscii_helper@QString@@CAPAUData@1@PBDH@Z 1000800e f   QtCore4:QtCore4.dll
 0001:00007014       ?qt_metacast@QObject@@UAEPAXPBD@Z 10008014 f   QtCore4:QtCore4.dll
 0001:0000701a       ?qt_metacall@QObject@@UAEHW4Call@QMetaObject@@HPAPAX@Z 1000801a f   QtCore4:QtCore4.dll
 0001:00007020       ?critical@QMessageBox@@SAHPAVQWidget@@ABVQString@@1111HH@Z 10008020 f   QtGui4:QtGui4.dll
 0001:00007030       ?isValid@Slot@@QBE_NXZ     10008030 f i PlugInLib:ViewerShell.obj
 0001:00007040       ??1Slot@@QAE@XZ            10008040 f i PlugInLib:ViewerShell.obj
 0001:00007060       ??0SlotWrapper@Slot@@QAE@XZ 10008060 f i PlugInLib:ViewerShell.obj
 0001:00007070       ??1PlugInCallback@@UAE@XZ  10008070 f i PlugInLib:ViewerShell.obj
 0001:00007080       ??_GPlugInCallback@@UAEPAXI@Z 10008080 f i PlugInLib:ViewerShell.obj
 0001:00007080       ??_EPlugInCallback@@UAEPAXI@Z 10008080 f i PlugInLib:ViewerShell.obj
 0001:000070a0       ?ViewerType@PlugInManagerServices@@SA?AV?$basic_string@DU?$char_traits@D@std@@V?$allocator@D@2@@std@@XZ 100080a0 f i PlugInLib:ViewerShell.obj
 0001:000070c0       ?getInputSpecification@ViewerShell@@UAE_NAAPAVPlugInArgList@@@Z 100080c0 f   PlugInLib:ViewerShell.obj
 0001:000070d0       ?getOutputSpecification@ViewerShell@@UAE_NAAPAVPlugInArgList@@@Z 100080d0 f   PlugInLib:ViewerShell.obj
 0001:000070e0       ??0PlugInCallback@@QAE@XZ  100080e0 f i PlugInLib:ViewerShell.obj
 0001:000070f0       ?cleanupWidget@ViewerShell@@QAEXAAVSubject@@ABV?$basic_string@DU?$char_traits@D@std@@V?$allocator@D@2@@std@@ABVany@boost@@@Z 100080f0 f   PlugInLib:ViewerShell.obj
 0001:00007120       ??0?$EnumWrapper@W4PlugInCallbackTypeEnum@@@@QAE@ABW4PlugInCallbackTypeEnum@@@Z 10008120 f i PlugInLib:ViewerShell.obj
 0001:00007140       ??1?$pair@V?$basic_string@DU?$char_traits@D@std@@V?$allocator@D@2@@std@@VSlot@@@std@@QAE@XZ 10008140 f i PlugInLib:ViewerShell.obj
 0001:00007170       ?get@?$SafePtr@VApplicationServices@@@@QAEPAVApplicationServices@@XZ 10008170 f i PlugInLib:ViewerShell.obj
 0001:00007180       ?attach@?$SafePtr@VApplicationServices@@@@IAEXABV?$basic_string@DU?$char_traits@D@std@@V?$allocator@D@2@@std@@ABVSlot@@@Z 10008180 f i PlugInLib:ViewerShell.obj
 0001:000071a0       ?detach@?$SafePtr@VApplicationServices@@@@IAEXABV?$basic_string@DU?$char_traits@D@std@@V?$allocator@D@2@@std@@ABVSlot@@@Z 100081a0 f i PlugInLib:ViewerShell.obj
 0001:000071c0       ??E?$_Vector_const_iterator@U?$pair@V?$basic_string@DU?$char_traits@D@std@@V?$allocator@D@2@@std@@VSlot@@@std@@V?$allocator@U?$pair@V?$basic_string@DU?$char_traits@D@std@@V?$allocator@D@2@@std@@VSlot@@@std@@@2@@std@@QAEAAV01@XZ 100081c0 f i PlugInLib:ViewerShell.obj
 0001:000071f0       ?capacity@?$vector@U?$pair@V?$basic_string@DU?$char_traits@D@std@@V?$allocator@D@2@@std@@VSlot@@@std@@V?$allocator@U?$pair@V?$basic_string@DU?$char_traits@D@std@@V?$allocator@D@2@@std@@VSlot@@@std@@@2@@std@@QBEIXZ 100081f0 f i PlugInLib:ViewerShell.obj
 0001:00007210       ?size@?$vector@U?$pair@V?$basic_string@DU?$char_traits@D@std@@V?$allocator@D@2@@std@@VSlot@@@std@@V?$allocator@U?$pair@V?$basic_string@DU?$char_traits@D@std@@V?$allocator@D@2@@std@@VSlot@@@std@@@2@@std@@QBEIXZ 10008210 f i PlugInLib:ViewerShell.obj
 0001:00007230       ??0?$allocator@U?$pair@V?$basic_string@DU?$char_traits@D@std@@V?$allocator@D@2@@std@@VSlot@@@std@@@std@@QAE@XZ 10008230 f i PlugInLib:ViewerShell.obj
 0001:00007240       ?subjectDeleted@?$SafePtr@VApplicationServices@@@@AAEXAAVSubject@@ABV?$basic_string@DU?$char_traits@D@std@@V?$allocator@D@2@@std@@ABVany@boost@@@Z 10008240 f i PlugInLib:ViewerShell.obj
 0001:00007260       ??D?$_Vector_const_iterator@U?$pair@V?$basic_string@DU?$char_traits@D@std@@V?$allocator@D@2@@std@@VSlot@@@std@@V?$allocator@U?$pair@V?$basic_string@DU?$char_traits@D@std@@V?$allocator@D@2@@std@@VSlot@@@std@@@2@@std@@QBEABU?$pair@V?$basic_string@DU?$char_traits@D@std@@V?$allocator@D@2@@std@@VSlot@@@1@XZ 10008260 f i PlugInLib:ViewerShell.obj
 0001:00007290       ??8?$_Vector_const_iterator@U?$pair@V?$basic_string@DU?$char_traits@D@std@@V?$allocator@D@2@@std@@VSlot@@@std@@V?$allocator@U?$pair@V?$basic_string@DU?$char_traits@D@std@@V?$allocator@D@2@@std@@VSlot@@@std@@@2@@std@@QBE_NABV01@@Z 10008290 f i PlugInLib:ViewerShell.obj
 0001:000072c0       ?_Xlen@?$vector@U?$pair@V?$basic_string@DU?$char_traits@D@std@@V?$allocator@D@2@@std@@VSlot@@@std@@V?$allocator@U?$pair@V?$basic_string@DU?$char_traits@D@std@@V?$allocator@D@2@@std@@VSlot@@@std@@@2@@std@@KAXXZ 100082c0 f i PlugInLib:ViewerShell.obj
 0001:00007340       ??0?$allocator@U?$pair@V?$basic_string@DU?$char_traits@D@std@@V?$allocator@D@2@@std@@VSlot@@@std@@@std@@QAE@ABV01@@Z 10008340 f i PlugInLib:ViewerShell.obj
 0001:00007350       ?deallocate@?$allocator@U?$pair@V?$basic_string@DU?$char_traits@D@std@@V?$allocator@D@2@@std@@VSlot@@@std@@@std@@QAEXPAU?$pair@V?$basic_string@DU?$char_traits@D@std@@V?$allocator@D@2@@std@@VSlot@@@2@I@Z 10008350 f i PlugInLib:ViewerShell.obj
 0001:00007360       ??0?$_Ranit@U?$pair@V?$basic_string@DU?$char_traits@D@std@@V?$allocator@D@2@@std@@VSlot@@@std@@HPBU12@ABU12@@std@@QAE@XZ 10008360 f i PlugInLib:ViewerShell.obj
 0001:00007370       ?max_size@?$allocator@U?$pair@V?$basic_string@DU?$char_traits@D@std@@V?$allocator@D@2@@std@@VSlot@@@std@@@std@@QBEIXZ 10008370 f i PlugInLib:ViewerShell.obj
 0001:00007380       ??G?$_Vector_const_iterator@U?$pair@V?$basic_string@DU?$char_traits@D@std@@V?$allocator@D@2@@std@@VSlot@@@std@@V?$allocator@U?$pair@V?$basic_string@DU?$char_traits@D@std@@V?$allocator@D@2@@std@@VSlot@@@std@@@2@@std@@QBEHABV01@@Z 10008380 f i PlugInLib:ViewerShell.obj
 0001:000073b0       ??Y?$_Vector_const_iterator@U?$pair@V?$basic_string@DU?$char_traits@D@std@@V?$allocator@D@2@@std@@VSlot@@@std@@V?$allocator@U?$pair@V?$basic_string@DU?$char_traits@D@std@@V?$allocator@D@2@@std@@VSlot@@@std@@@2@@std@@QAEAAV01@H@Z 100083b0 f i PlugInLib:ViewerShell.obj
 0001:000073f0       ??$_Allocate@U?$pair@V?$basic_string@DU?$char_traits@D@std@@V?$allocator@D@2@@std@@VSlot@@@std@@@std@@YAPAU?$pair@V?$basic_string@DU?$char_traits@D@std@@V?$allocator@D@2@@std@@VSlot@@@0@IPAU10@@Z 100083f0 f i PlugInLib:ViewerShell.obj
 0001:00007450       ??0?$SlotValue@VViewerShell@@@Slot@@QAE@PAVViewerShell@@P82@AEXAAVSubject@@ABV?$basic_string@DU?$char_traits@D@std@@V?$allocator@D@2@@std@@ABVany@boost@@@Z@Z 10008450 f i PlugInLib:ViewerShell.obj
 0001:00007470       ?update@?$SlotValue@VViewerShell@@@Slot@@UBEXAAVSubject@@ABV?$basic_string@DU?$char_traits@D@std@@V?$allocator@D@2@@std@@ABVany@boost@@@Z 10008470 f i PlugInLib:ViewerShell.obj
 0001:000074f0       ?callAttachMethod@?$SlotValue@VViewerShell@@@Slot@@UAEXAAVSubject@@ABV?$basic_string@DU?$char_traits@D@std@@V?$allocator@D@2@@std@@ABV2@@Z 100084f0 f i PlugInLib:ViewerShell.obj
 0001:00007520       ?callDetachMethod@?$SlotValue@VViewerShell@@@Slot@@UAEXAAVSubject@@ABV?$basic_string@DU?$char_traits@D@std@@V?$allocator@D@2@@std@@ABV2@@Z 10008520 f i PlugInLib:ViewerShell.obj
 0001:00007550       ?clone@?$SlotValue@VViewerShell@@@Slot@@UBEPAVSlotWrapper@2@XZ 10008550 f i PlugInLib:ViewerShell.obj
 0001:00007580       ?getType@?$SlotValue@VViewerShell@@@Slot@@UBEABVtype_info@@XZ 10008580 f i PlugInLib:ViewerShell.obj
 0001:00007590       ?matches@?$SlotValue@VViewerShell@@@Slot@@UBE_NABVSlotWrapper@2@@Z 10008590 f i PlugInLib:ViewerShell.obj
 0001:000075f0       ??0?$SlotValue@V?$SafePtr@VApplicationServices@@@@@Slot@@QAE@PAV?$SafePtr@VApplicationServices@@@@P82@AEXAAVSubject@@ABV?$basic_string@DU?$char_traits@D@std@@V?$allocator@D@2@@std@@ABVany@boost@@@Z@Z 100085f0 f i PlugInLib:ViewerShell.obj
 0001:00007610       ?update@?$SlotValue@V?$SafePtr@VApplicationServices@@@@@Slot@@UBEXAAVSubject@@ABV?$basic_string@DU?$char_traits@D@std@@V?$allocator@D@2@@std@@ABVany@boost@@@Z 10008610 f i PlugInLib:ViewerShell.obj
 0001:00007690       ?callAttachMethod@?$SlotValue@V?$SafePtr@VApplicationServices@@@@@Slot@@UAEXAAVSubject@@ABV?$basic_string@DU?$char_traits@D@std@@V?$allocator@D@2@@std@@ABV2@@Z 10008690 f i PlugInLib:ViewerShell.obj
 0001:000076c0       ?callDetachMethod@?$SlotValue@V?$SafePtr@VApplicationServices@@@@@Slot@@UAEXAAVSubject@@ABV?$basic_string@DU?$char_traits@D@std@@V?$allocator@D@2@@std@@ABV2@@Z 100086c0 f i PlugInLib:ViewerShell.obj
 0001:000076f0       ?clone@?$SlotValue@V?$SafePtr@VApplicationServices@@@@@Slot@@UBEPAVSlotWrapper@2@XZ 100086f0 f i PlugInLib:ViewerShell.obj
 0001:00007720       ?getType@?$SlotValue@V?$SafePtr@VApplicationServices@@@@@Slot@@UBEABVtype_info@@XZ 10008720 f i PlugInLib:ViewerShell.obj
 0001:00007730       ?matches@?$SlotValue@V?$SafePtr@VApplicationServices@@@@@Slot@@UBE_NABVSlotWrapper@2@@Z 10008730 f i PlugInLib:ViewerShell.obj
 0001:00007780       ??$_Ptr_cat@PAU?$pair@V?$basic_string@DU?$char_traits@D@std@@V?$allocator@D@2@@std@@VSlot@@@std@@PAU12@@std@@YA?AU_Nonscalar_ptr_iterator_tag@0@AAPAU?$pair@V?$basic_string@DU?$char_traits@D@std@@V?$allocator@D@2@@std@@VSlot@@@0@0@Z 10008780 f i PlugInLib:ViewerShell.obj
[...]
 0001:0002cca8       __ehhandler$??$chipMetadataDimTemplate@I@?A0x92b3477e@@YA_NAAVDataVariant@@ABV?$vector@VDimensionDescriptor@@V?$allocator@VDimensionDescriptor@@@std@@@std@@@Z 1002dca8 f   PlugInUtilities:RasterUtilities.obj
 0001:0002ccc0       __unwindfunclet$??$chipMetadataDimTemplate@J@?A0x92b3477e@@YA_NAAVDataVariant@@ABV?$vector@VDimensionDescriptor@@V?$allocator@VDimensionDescriptor@@@std@@@std@@@Z$0 1002dcc0 f   PlugInUtilities:RasterUtilities.obj
 0001:0002ccc8       __ehhandler$??$chipMetadataDimTemplate@J@?A0x92b3477e@@YA_NAAVDataVariant@@ABV?$vector@VDimensionDescriptor@@V?$allocator@VDimensionDescriptor@@@std@@@std@@@Z 1002dcc8 f   PlugInUtilities:RasterUtilities.obj
 0001:0002cce0       __unwindfunclet$??$chipMetadataDimTemplate@K@?A0x92b3477e@@YA_NAAVDataVariant@@ABV?$vector@VDimensionDescriptor@@V?$allocator@VDimensionDescriptor@@@std@@@std@@@Z$0 1002dce0 f   PlugInUtilities:RasterUtilities.obj
 0001:0002cce8       __ehhandler$??$chipMetadataDimTemplate@K@?A0x92b3477e@@YA_NAAVDataVariant@@ABV?$vector@VDimensionDescriptor@@V?$allocator@VDimensionDescriptor@@@std@@@std@@@Z 1002dce8 f   PlugInUtilities:RasterUtilities.obj
 0001:0002cd00       __unwindfunclet$??$chipMetadataDimTemplate@_J@?A0x92b3477e@@YA_NAAVDataVariant@@ABV?$vector@VDimensionDescriptor@@V?$allocator@VDimensionDescriptor@@@std@@@std@@@Z$0 1002dd00 f   PlugInUtilities:RasterUtilities.obj
 0001:0002cd08       __ehhandler$??$chipMetadataDimTemplate@_J@?A0x92b3477e@@YA_NAAVDataVariant@@ABV?$vector@VDimensionDescriptor@@V?$allocator@VDimensionDescriptor@@@std@@@std@@@Z 1002dd08 f   PlugInUtilities:RasterUtilities.obj
 0001:0002cd20       __unwindfunclet$??$chipMetadataDimTemplate@_K@?A0x92b3477e@@YA_NAAVDataVariant@@ABV?$vector@VDimensionDescriptor@@V?$allocator@VDimensionDescriptor@@@std@@@std@@@Z$0 1002dd20 f   PlugInUtilities:RasterUtilities.obj
 0001:0002cd28       __ehhandler$??$chipMetadataDimTemplate@_K@?A0x92b3477e@@YA_NAAVDataVariant@@ABV?$vector@VDimensionDescriptor@@V?$allocator@VDimensionDescriptor@@@std@@@std@@@Z 1002dd28 f   PlugInUtilities:RasterUtilities.obj
 0001:0002cd40       __unwindfunclet$??$chipMetadataDimTemplate@VInt64@@@?A0x92b3477e@@YA_NAAVDataVariant@@ABV?$vector@VDimensionDescriptor@@V?$allocator@VDimensionDescriptor@@@std@@@std@@@Z$0 1002dd40 f   PlugInUtilities:RasterUtilities.obj
 0001:0002cd48       __ehhandler$??$chipMetadataDimTemplate@VInt64@@@?A0x92b3477e@@YA_NAAVDataVariant@@ABV?$vector@VDimensionDescriptor@@V?$allocator@VDimensionDescriptor@@@std@@@std@@@Z 1002dd48 f   PlugInUtilities:RasterUtilities.obj
 0001:0002cd60       __unwindfunclet$??$chipMetadataDimTemplate@VUInt64@@@?A0x92b3477e@@YA_NAAVDataVariant@@ABV?$vector@VDimensionDescriptor@@V?$allocator@VDimensionDescriptor@@@std@@@std@@@Z$0 1002dd60 f   PlugInUtilities:RasterUtilities.obj
 0001:0002cd68       __ehhandler$??$chipMetadataDimTemplate@VUInt64@@@?A0x92b3477e@@YA_NAAVDataVariant@@ABV?$vector@VDimensionDescriptor@@V?$allocator@VDimensionDescriptor@@@std@@@std@@@Z 1002dd68 f   PlugInUtilities:RasterUtilities.obj
 0001:0002cd80       __unwindfunclet$??$chipMetadataDimTemplate@M@?A0x92b3477e@@YA_NAAVDataVariant@@ABV?$vector@VDimensionDescriptor@@V?$allocator@VDimensionDescriptor@@@std@@@std@@@Z$0 1002dd80 f   PlugInUtilities:RasterUtilities.obj
 0001:0002cd88       __ehhandler$??$chipMetadataDimTemplate@M@?A0x92b3477e@@YA_NAAVDataVariant@@ABV?$vector@VDimensionDescriptor@@V?$allocator@VDimensionDescriptor@@@std@@@std@@@Z 1002dd88 f   PlugInUtilities:RasterUtilities.obj
 0001:0002cda0       __unwindfunclet$??$chipMetadataDimTemplate@N@?A0x92b3477e@@YA_NAAVDataVariant@@ABV?$vector@VDimensionDescriptor@@V?$allocator@VDimensionDescriptor@@@std@@@std@@@Z$0 1002dda0 f   PlugInUtilities:RasterUtilities.obj
 0001:0002cda8       __ehhandler$??$chipMetadataDimTemplate@N@?A0x92b3477e@@YA_NAAVDataVariant@@ABV?$vector@VDimensionDescriptor@@V?$allocator@VDimensionDescriptor@@@std@@@std@@@Z 1002dda8 f   PlugInUtilities:RasterUtilities.obj
 0001:0002cdc0       __unwindfunclet$?subsetDimensionVector@RasterUtilities@@YA?AV?$vector@VDimensionDescriptor@@V?$allocator@VDimensionDescriptor@@@std@@@std@@ABV23@ABVDimensionDescriptor@@1I@Z$0 1002ddc0 f   PlugInUtilities:RasterUtilities.obj
 0001:0002cdd9       __ehhandler$?subsetDimensionVector@RasterUtilities@@YA?AV?$vector@VDimensionDescriptor@@V?$allocator@VDimensionDescriptor@@@std@@@std@@ABV23@ABVDimensionDescriptor@@1I@Z 1002ddd9 f   PlugInUtilities:RasterUtilities.obj
 0001:0002cdf0       __unwindfunclet$?generateFileDescriptorForExport@RasterUtilities@@YAPAVFileDescriptor@@PBVDataDescriptor@@ABV?$basic_string@DU?$char_traits@D@std@@V?$allocator@D@2@@std@@ABVDimensionDescriptor@@2I22IABV?$vector@VDimensionDescriptor@@V?$allocator@VDimensionDescriptor@@@std@@@5@@Z$2 1002ddf0 f   PlugInUtilities:RasterUtilities.obj
 0001:0002cdfb       __unwindfunclet$?generateFileDescriptorForExport@RasterUtilities@@YAPAVFileDescriptor@@PBVDataDescriptor@@ABV?$basic_string@DU?$char_traits@D@std@@V?$allocator@D@2@@std@@ABVDimensionDescriptor@@2I22IABV?$vector@VDimensionDescriptor@@V?$allocator@VDimensionDescriptor@@@std@@@5@@Z$3 1002ddfb f   PlugInUtilities:RasterUtilities.obj
 0001:0002ce06       __unwindfunclet$?generateFileDescriptorForExport@RasterUtilities@@YAPAVFileDescriptor@@PBVDataDescriptor@@ABV?$basic_string@DU?$char_traits@D@std@@V?$allocator@D@2@@std@@ABVDimensionDescriptor@@2I22IABV?$vector@VDimensionDescriptor@@V?$allocator@VDimensionDescriptor@@@std@@@5@@Z$4 1002de06 f   PlugInUtilities:RasterUtilities.obj
 0001:0002ce11       __ehhandler$?generateFileDescriptorForExport@RasterUtilities@@YAPAVFileDescriptor@@PBVDataDescriptor@@ABV?$basic_string@DU?$char_traits@D@std@@V?$allocator@D@2@@std@@ABVDimensionDescriptor@@2I22IABV?$vector@VDimensionDescriptor@@V?$allocator@VDimensionDescriptor@@@std@@@5@@Z 1002de11 f   PlugInUtilities:RasterUtilities.obj
 0001:0002ce20       __unwindfunclet$?generateFileDescriptorForExport@RasterUtilities@@YAPAVFileDescriptor@@PBVDataDescriptor@@ABV?$basic_string@DU?$char_traits@D@std@@V?$allocator@D@2@@std@@ABVDimensionDescriptor@@2I22I22I@Z$0 1002de20 f   PlugInUtilities:RasterUtilities.obj
 0001:0002ce28       __ehhandler$?generateFileDescriptorForExport@RasterUtilities@@YAPAVFileDescriptor@@PBVDataDescriptor@@ABV?$basic_string@DU?$char_traits@D@std@@V?$allocator@D@2@@std@@ABVDimensionDescriptor@@2I22I22I@Z 1002de28 f   PlugInUtilities:RasterUtilities.obj
 0001:0002ce40       __unwindfunclet$?subsetDataDescriptor@RasterUtilities@@YAXPAVDataDescriptor@@ABVDimensionDescriptor@@1I11IABV?$vector@VDimensionDescriptor@@V?$allocator@VDimensionDescriptor@@@std@@@std@@@Z$0 1002de40 f   PlugInUtilities:RasterUtilities.obj
 0001:0002ce48       __unwindfunclet$?subsetDataDescriptor@RasterUtilities@@YAXPAVDataDescriptor@@ABVDimensionDescriptor@@1I11IABV?$vector@VDimensionDescriptor@@V?$allocator@VDimensionDescriptor@@@std@@@std@@@Z$1 1002de48 f   PlugInUtilities:RasterUtilities.obj
 0001:0002ce50       __unwindfunclet$?subsetDataDescriptor@RasterUtilities@@YAXPAVDataDescriptor@@ABVDimensionDescriptor@@1I11IABV?$vector@VDimensionDescriptor@@V?$allocator@VDimensionDescriptor@@@std@@@std@@@Z$2 1002de50 f   PlugInUtilities:RasterUtilities.obj
 0001:0002ce58       __ehhandler$?subsetDataDescriptor@RasterUtilities@@YAXPAVDataDescriptor@@ABVDimensionDescriptor@@1I11IABV?$vector@VDimensionDescriptor@@V?$allocator@VDimensionDescriptor@@@std@@@std@@@Z 1002de58 f   PlugInUtilities:RasterUtilities.obj
 0001:0002ce70       __unwindfunclet$?subsetDataDescriptor@RasterUtilities@@YAXPAVDataDescriptor@@ABVDimensionDescriptor@@1I11I11I@Z$0 1002de70 f   PlugInUtilities:RasterUtilities.obj
 0001:0002ce78       __ehhandler$?subsetDataDescriptor@RasterUtilities@@YAXPAVDataDescriptor@@ABVDimensionDescriptor@@1I11I11I@Z 1002de78 f   PlugInUtilities:RasterUtilities.obj
 0001:0002ce90       __unwindfunclet$?getVisibleRasterChannels@RasterUtilities@@YA?AV?$vector@V?$EnumWrapper@W4RasterChannelTypeEnum@@@@V?$allocator@V?$EnumWrapper@W4RasterChannelTypeEnum@@@@@std@@@std@@XZ$0 1002de90 f   PlugInUtilities:RasterUtilities.obj
 0001:0002cea9       __ehhandler$?getVisibleRasterChannels@RasterUtilities@@YA?AV?$vector@V?$EnumWrapper@W4RasterChannelTypeEnum@@@@V?$allocator@V?$EnumWrapper@W4RasterChannelTypeEnum@@@@@std@@@std@@XZ 1002dea9 f   PlugInUtilities:RasterUtilities.obj
 0001:0002cec0       __unwindfunclet$??$chipMetadataDimTemplate@V?$basic_string@DU?$char_traits@D@std@@V?$allocator@D@2@@std@@@?A0x92b3477e@@YA_NAAVDataVariant@@ABV?$vector@VDimensionDescriptor@@V?$allocator@VDimensionDescriptor@@@std@@@std@@@Z$0 1002dec0 f   PlugInUtilities:RasterUtilities.obj
 0001:0002cec8       __ehhandler$??$chipMetadataDimTemplate@V?$basic_string@DU?$char_traits@D@std@@V?$allocator@D@2@@std@@@?A0x92b3477e@@YA_NAAVDataVariant@@ABV?$vector@VDimensionDescriptor@@V?$allocator@VDimensionDescriptor@@@std@@@std@@@Z 1002dec8 f   PlugInUtilities:RasterUtilities.obj
 0001:0002cee0       __unwindfunclet$?generateFileDescriptorForExport@RasterUtilities@@YAPAVFileDescriptor@@PBVDataDescriptor@@ABV?$basic_string@DU?$char_traits@D@std@@V?$allocator@D@2@@std@@@Z$0 1002dee0 f   PlugInUtilities:RasterUtilities.obj
 0001:0002cee8       __ehhandler$?generateFileDescriptorForExport@RasterUtilities@@YAPAVFileDescriptor@@PBVDataDescriptor@@ABV?$basic_string@DU?$char_traits@D@std@@V?$allocator@D@2@@std@@@Z 1002dee8 f   PlugInUtilities:RasterUtilities.obj
 0001:0002cf00       __unwindfunclet$?rotate@RasterUtilities@@YA_NPAVRasterElement@@PBV2@NHV?$EnumWrapper@W4InterpolationTypeEnum@RasterUtilities@@@@PAVProgress@@PA_N@Z$1 1002df00 f   PlugInUtilities:RasterUtilities.obj
 0001:0002cf0b       __unwindfunclet$?rotate@RasterUtilities@@YA_NPAVRasterElement@@PBV2@NHV?$EnumWrapper@W4InterpolationTypeEnum@RasterUtilities@@@@PAVProgress@@PA_N@Z$3 1002df0b f   PlugInUtilities:RasterUtilities.obj
 0001:0002cf16       __unwindfunclet$?rotate@RasterUtilities@@YA_NPAVRasterElement@@PBV2@NHV?$EnumWrapper@W4InterpolationTypeEnum@RasterUtilities@@@@PAVProgress@@PA_N@Z$6 1002df16 f   PlugInUtilities:RasterUtilities.obj
 0001:0002cf21       __unwindfunclet$?rotate@RasterUtilities@@YA_NPAVRasterElement@@PBV2@NHV?$EnumWrapper@W4InterpolationTypeEnum@RasterUtilities@@@@PAVProgress@@PA_N@Z$9 1002df21 f   PlugInUtilities:RasterUtilities.obj
 0001:0002cf2c       __unwindfunclet$?rotate@RasterUtilities@@YA_NPAVRasterElement@@PBV2@NHV?$EnumWrapper@W4InterpolationTypeEnum@RasterUtilities@@@@PAVProgress@@PA_N@Z$10 1002df2c f   PlugInUtilities:RasterUtilities.obj
 0001:0002cf37       __unwindfunclet$?rotate@RasterUtilities@@YA_NPAVRasterElement@@PBV2@NHV?$EnumWrapper@W4InterpolationTypeEnum@RasterUtilities@@@@PAVProgress@@PA_N@Z$11 1002df37 f   PlugInUtilities:RasterUtilities.obj
 0001:0002cf43       __unwindfunclet$?rotate@RasterUtilities@@YA_NPAVRasterElement@@PBV2@NHV?$EnumWrapper@W4InterpolationTypeEnum@RasterUtilities@@@@PAVProgress@@PA_N@Z$12 1002df43 f   PlugInUtilities:RasterUtilities.obj
 0001:0002cf4f       __unwindfunclet$?rotate@RasterUtilities@@YA_NPAVRasterElement@@PBV2@NHV?$EnumWrapper@W4InterpolationTypeEnum@RasterUtilities@@@@PAVProgress@@PA_N@Z$14 1002df4f f   PlugInUtilities:RasterUtilities.obj
 0001:0002cf5a       __unwindfunclet$?rotate@RasterUtilities@@YA_NPAVRasterElement@@PBV2@NHV?$EnumWrapper@W4InterpolationTypeEnum@RasterUtilities@@@@PAVProgress@@PA_N@Z$15 1002df5a f   PlugInUtilities:RasterUtilities.obj
 0001:0002cf65       __unwindfunclet$?rotate@RasterUtilities@@YA_NPAVRasterElement@@PBV2@NHV?$EnumWrapper@W4InterpolationTypeEnum@RasterUtilities@@@@PAVProgress@@PA_N@Z$16 1002df65 f   PlugInUtilities:RasterUtilities.obj
 0001:0002cf70       __unwindfunclet$?rotate@RasterUtilities@@YA_NPAVRasterElement@@PBV2@NHV?$EnumWrapper@W4InterpolationTypeEnum@RasterUtilities@@@@PAVProgress@@PA_N@Z$17 1002df70 f   PlugInUtilities:RasterUtilities.obj
 0001:0002cf7b       __unwindfunclet$?rotate@RasterUtilities@@YA_NPAVRasterElement@@PBV2@NHV?$EnumWrapper@W4InterpolationTypeEnum@RasterUtilities@@@@PAVProgress@@PA_N@Z$18 1002df7b f   PlugInUtilities:RasterUtilities.obj
 0001:0002cf87       __unwindfunclet$?rotate@RasterUtilities@@YA_NPAVRasterElement@@PBV2@NHV?$EnumWrapper@W4InterpolationTypeEnum@RasterUtilities@@@@PAVProgress@@PA_N@Z$21 1002df87 f   PlugInUtilities:RasterUtilities.obj
 0001:0002cf92       __unwindfunclet$?rotate@RasterUtilities@@YA_NPAVRasterElement@@PBV2@NHV?$EnumWrapper@W4InterpolationTypeEnum@RasterUtilities@@@@PAVProgress@@PA_N@Z$19 1002df92 f   PlugInUtilities:RasterUtilities.obj
 0001:0002cf9e       __unwindfunclet$?rotate@RasterUtilities@@YA_NPAVRasterElement@@PBV2@NHV?$EnumWrapper@W4InterpolationTypeEnum@RasterUtilities@@@@PAVProgress@@PA_N@Z$20 1002df9e f   PlugInUtilities:RasterUtilities.obj
 0001:0002cfaa       __unwindfunclet$?rotate@RasterUtilities@@YA_NPAVRasterElement@@PBV2@NHV?$EnumWrapper@W4InterpolationTypeEnum@RasterUtilities@@@@PAVProgress@@PA_N@Z$24 1002dfaa f   PlugInUtilities:RasterUtilities.obj
 0001:0002cfb6       __unwindfunclet$?rotate@RasterUtilities@@YA_NPAVRasterElement@@PBV2@NHV?$EnumWrapper@W4InterpolationTypeEnum@RasterUtilities@@@@PAVProgress@@PA_N@Z$25 1002dfb6 f   PlugInUtilities:RasterUtilities.obj
 0001:0002cfc2       __unwindfunclet$?rotate@RasterUtilities@@YA_NPAVRasterElement@@PBV2@NHV?$EnumWrapper@W4InterpolationTypeEnum@RasterUtilities@@@@PAVProgress@@PA_N@Z$26 1002dfc2 f   PlugInUtilities:RasterUtilities.obj
 0001:0002cfce       __unwindfunclet$?rotate@RasterUtilities@@YA_NPAVRasterElement@@PBV2@NHV?$EnumWrapper@W4InterpolationTypeEnum@RasterUtilities@@@@PAVProgress@@PA_N@Z$13 1002dfce f   PlugInUtilities:RasterUtilities.obj
 0001:0002cfda       __unwindfunclet$?rotate@RasterUtilities@@YA_NPAVRasterElement@@PBV2@NHV?$EnumWrapper@W4InterpolationTypeEnum@RasterUtilities@@@@PAVProgress@@PA_N@Z$2 1002dfda f   PlugInUtilities:RasterUtilities.obj
 0001:0002cfe6       __unwindfunclet$?rotate@RasterUtilities@@YA_NPAVRasterElement@@PBV2@NHV?$EnumWrapper@W4InterpolationTypeEnum@RasterUtilities@@@@PAVProgress@@PA_N@Z$0 1002dfe6 f   PlugInUtilities:RasterUtilities.obj
 0001:0002cff2       __ehhandler$?rotate@RasterUtilities@@YA_NPAVRasterElement@@PBV2@NHV?$EnumWrapper@W4InterpolationTypeEnum@RasterUtilities@@@@PAVProgress@@PA_N@Z 1002dff2 f   PlugInUtilities:RasterUtilities.obj
 0001:0002d000       __unwindfunclet$??$chipMetadataDimTemplate@_N@?A0x92b3477e@@YA_NAAVDataVariant@@ABV?$vector@VDimensionDescriptor@@V?$allocator@VDimensionDescriptor@@@std@@@std@@@Z$0 1002e000 f   PlugInUtilities:RasterUtilities.obj
 0001:0002d008       __ehhandler$??$chipMetadataDimTemplate@_N@?A0x92b3477e@@YA_NAAVDataVariant@@ABV?$vector@VDimensionDescriptor@@V?$allocator@VDimensionDescriptor@@@std@@@std@@@Z 1002e008 f   PlugInUtilities:RasterUtilities.obj
 0001:0002d020       __unwindfunclet$?chipMetadataDim@?A0x92b3477e@@YAXPAVDynamicObject@@ABV?$vector@VDimensionDescriptor@@V?$allocator@VDimensionDescriptor@@@std@@@std@@@Z$0 1002e020 f   PlugInUtilities:RasterUtilities.obj
 0001:0002d028       __unwindfunclet$?chipMetadataDim@?A0x92b3477e@@YAXPAVDynamicObject@@ABV?$vector@VDimensionDescriptor@@V?$allocator@VDimensionDescriptor@@@std@@@std@@@Z$1 1002e028 f   PlugInUtilities:RasterUtilities.obj
 0001:0002d031       __ehhandler$?chipMetadataDim@?A0x92b3477e@@YAXPAVDynamicObject@@ABV?$vector@VDimensionDescriptor@@V?$allocator@VDimensionDescriptor@@@std@@@std@@@Z 1002e031 f   PlugInUtilities:RasterUtilities.obj
 0001:0002d040       __unwindfunclet$?chipMetadata@RasterUtilities@@YA_NPAVDynamicObject@@ABV?$vector@VDimensionDescriptor@@V?$allocator@VDimensionDescriptor@@@std@@@std@@11@Z$0 1002e040 f   PlugInUtilities:RasterUtilities.obj
 0001:0002d049       __unwindfunclet$?chipMetadata@RasterUtilities@@YA_NPAVDynamicObject@@ABV?$vector@VDimensionDescriptor@@V?$allocator@VDimensionDescriptor@@@std@@@std@@11@Z$1 1002e049 f   PlugInUtilities:RasterUtilities.obj
 0001:0002d052       __unwindfunclet$?chipMetadata@RasterUtilities@@YA_NPAVDynamicObject@@ABV?$vector@VDimensionDescriptor@@V?$allocator@VDimensionDescriptor@@@std@@@std@@11@Z$2 1002e052 f   PlugInUtilities:RasterUtilities.obj
 0001:0002d05b       __unwindfunclet$?chipMetadata@RasterUtilities@@YA_NPAVDynamicObject@@ABV?$vector@VDimensionDescriptor@@V?$allocator@VDimensionDescriptor@@@std@@@std@@11@Z$3 1002e05b f   PlugInUtilities:RasterUtilities.obj
 0001:0002d064       __ehhandler$?chipMetadata@RasterUtilities@@YA_NPAVDynamicObject@@ABV?$vector@VDimensionDescriptor@@V?$allocator@VDimensionDescriptor@@@std@@@std@@11@Z 1002e064 f   PlugInUtilities:RasterUtilities.obj
 0001:0002d070       __unwindfunclet$?LogVerificationErrorProc@@YAXPBD0I0@Z$0 1002e070 f   PlugInUtilities:AppVerify.obj
 0001:0002d07c       __unwindfunclet$?LogVerificationErrorProc@@YAXPBD0I0@Z$1 1002e07c f   PlugInUtilities:AppVerify.obj
 0001:0002d088       __unwindfunclet$?LogVerificationErrorProc@@YAXPBD0I0@Z$2 1002e088 f   PlugInUtilities:AppVerify.obj
 0001:0002d094       __unwindfunclet$?LogVerificationErrorProc@@YAXPBD0I0@Z$3 1002e094 f   PlugInUtilities:AppVerify.obj
 0001:0002d0a0       __unwindfunclet$?LogVerificationErrorProc@@YAXPBD0I0@Z$4 1002e0a0 f   PlugInUtilities:AppVerify.obj
 0001:0002d0ac       __unwindfunclet$?LogVerificationErrorProc@@YAXPBD0I0@Z$5 1002e0ac f   PlugInUtilities:AppVerify.obj
 0001:0002d0b8       __unwindfunclet$?LogVerificationErrorProc@@YAXPBD0I0@Z$6 1002e0b8 f   PlugInUtilities:AppVerify.obj
 0001:0002d0c4       __unwindfunclet$?LogVerificationErrorProc@@YAXPBD0I0@Z$7 1002e0c4 f   PlugInUtilities:AppVerify.obj
 0001:0002d0d0       __unwindfunclet$?LogVerificationErrorProc@@YAXPBD0I0@Z$8 1002e0d0 f   PlugInUtilities:AppVerify.obj
 0001:0002d0dc       __unwindfunclet$?LogVerificationErrorProc@@YAXPBD0I0@Z$9 1002e0dc f   PlugInUtilities:AppVerify.obj
 0001:0002d0e8       __unwindfunclet$?LogVerificationErrorProc@@YAXPBD0I0@Z$10 1002e0e8 f   PlugInUtilities:AppVerify.obj
 0001:0002d0f4       __unwindfunclet$?LogVerificationErrorProc@@YAXPBD0I0@Z$11 1002e0f4 f   PlugInUtilities:AppVerify.obj
 0001:0002d100       __unwindfunclet$?LogVerificationErrorProc@@YAXPBD0I0@Z$12 1002e100 f   PlugInUtilities:AppVerify.obj
 0001:0002d10c       __unwindfunclet$?LogVerificationErrorProc@@YAXPBD0I0@Z$13 1002e10c f   PlugInUtilities:AppVerify.obj
 0001:0002d118       __unwindfunclet$?LogVerificationErrorProc@@YAXPBD0I0@Z$14 1002e118 f   PlugInUtilities:AppVerify.obj
 0001:0002d124       __unwindfunclet$?LogVerificationErrorProc@@YAXPBD0I0@Z$15 1002e124 f   PlugInUtilities:AppVerify.obj
 0001:0002d130       __ehhandler$?LogVerificationErrorProc@@YAXPBD0I0@Z 1002e130 f   PlugInUtilities:AppVerify.obj
 0001:0002d140       __unwindfunclet$?createWrapper@DataVariant@@ABEPAVDataValueWrapper@@PBXPBD_N@Z$0 1002e140 f   PlugInUtilities:DataVariant.obj
 0001:0002d149       __ehhandler$?createWrapper@DataVariant@@ABEPAVDataValueWrapper@@PBXPBD_N@Z 1002e149 f   PlugInUtilities:DataVariant.obj
 0001:0002d160       ??__EDataMergepluginFactory@SpectralDataMerge@@YAXXZ 1002e160 f   DataMerge.obj
 0001:0002d1f0       ??__E?staticMetaObject@DataMerge@@2UQMetaObject@@B@@YAXXZ 1002e1f0 f   moc_DataMerge.obj
 0001:0002d200       ??__FDataMergepluginFactory@SpectralDataMerge@@YAXXZ 1002e200 f   DataMerge.obj
 0001:0002d210       ??__FsFactories@?1??factories@SpectralDataMerge@@YAAAV?$vector@U?$pair@V?$basic_string@DU?$char_traits@D@std@@V?$allocator@D@2@@std@@PAVPlugInFactory@@@std@@V?$allocator@U?$pair@V?$basic_string@DU?$char_traits@D@std@@V?$allocator@D@2@@std@@PAVPlugInFactory@@@std@@@2@@std@@XZ@YAXXZ 1002e210 f   ModuleManager.obj

 Exports

  ordinal    name

        1    _SpectralDataMergeInstantiatePlugIn
               exported name: SpectralDataMergeInstantiatePlugIn
        2    _opticks_get_module_descriptor
               exported name: opticks_get_module_descriptor
