 DataMerge

 Timestamp is 4c56ae52 (Mon Aug 02 19:38:58 2010)

 Preferred load address is 10000000

 Start         Length     Name                   Class
 0001:00000000 0002ea72H .text                   CODE
 0001:0002ea80 000023a3H .text$x                 CODE
 0001:00030e30 000000abH .text$yc                CODE
 0001:00030ee0 0000003bH .text$yd                CODE
 0002:00000000 0000051cH .idata$5                DATA
 0002:0000051c 00000004H .CRT$XCA                DATA
 0002:00000520 0000000cH .CRT$XCU                DATA
 0002:0000052c 00000004H .CRT$XCZ                DATA
 0002:00000530 00000004H .CRT$XIA                DATA
 0002:00000534 00000004H .CRT$XIAA               DATA
 0002:00000538 00000004H .CRT$XIC                DATA
 0002:0000053c 00000004H .CRT$XIZ                DATA
 0002:00000540 00002868H .rdata                  DATA
 0002:00002da8 00000055H .rdata$debug            DATA
 0002:00002e00 00001334H .rdata$r                DATA
 0002:00004140 00000330H .rdata$sxdata           DATA
 0002:00004470 00000004H .rtc$IAA                DATA
 0002:00004474 00000004H .rtc$IZZ                DATA
 0002:00004478 00000004H .rtc$TAA                DATA
 0002:0000447c 00000004H .rtc$TZZ                DATA
 0002:00004480 0000370cH .xdata$x                DATA
 0002:00007b8c 00000064H .idata$2                DATA
 0002:00007bf0 00000014H .idata$3                DATA
 0002:00007c04 0000051cH .idata$4                DATA
 0002:00008120 00003bfcH .idata$6                DATA
 0002:0000bd20 0000008bH .edata                  DATA
 0003:00000000 00000ee0H .data                   DATA
 0003:00000ee0 000003d8H .bss                    DATA

  Address         Publics by Value              Rva+Base       Lib:Object

 0000:00000000       __except_list              00000000     <absolute>
 0000:000000cc       ___safe_se_handler_count   000000cc     <absolute>
 0000:00009876       __fltused                  00009876     <absolute>
 0000:00009876       __ldused                   00009876     <absolute>
 0000:00000000       ___ImageBase               10000000     <linker-defined>
 0001:00000000       ??0bad_alloc@std@@QAE@PBD@Z 10001000 f i DataMerge.obj
 0001:00000020       ??1bad_alloc@std@@UAE@XZ   10001020 f i DataMerge.obj
 0001:00000030       ??_Ebad_alloc@std@@UAEPAXI@Z 10001030 f i DataMerge.obj
 0001:00000030       ??_Gbad_alloc@std@@UAEPAXI@Z 10001030 f i DataMerge.obj
 0001:00000060       ??2@YAPAXIPAX@Z            10001060 f i DataMerge.obj
 0001:00000070       ??3@YAXPAX0@Z              10001070 f i DataMerge.obj
 0001:00000080       ??0_Iterator_base@std@@QAE@XZ 10001080 f i DataMerge.obj
 0001:00000090       ??0logic_error@std@@QAE@ABV?$basic_string@DU?$char_traits@D@std@@V?$allocator@D@2@@1@@Z 10001090 f i DataMerge.obj
 0001:000000f0       ??1logic_error@std@@UAE@XZ 100010f0 f i DataMerge.obj
 0001:00000110       ?what@logic_error@std@@UBEPBDXZ 10001110 f i DataMerge.obj
 0001:00000120       ??_Elogic_error@std@@UAEPAXI@Z 10001120 f i DataMerge.obj
 0001:00000120       ??_Glogic_error@std@@UAEPAXI@Z 10001120 f i DataMerge.obj
 0001:00000150       ??0length_error@std@@QAE@ABV?$basic_string@DU?$char_traits@D@std@@V?$allocator@D@2@@1@@Z 10001150 f i DataMerge.obj
 0001:00000170       ??1length_error@std@@UAE@XZ 10001170 f i DataMerge.obj
 0001:00000190       ??_Glength_error@std@@UAEPAXI@Z 10001190 f i DataMerge.obj
 0001:00000190       ??_Elength_error@std@@UAEPAXI@Z 10001190 f i DataMerge.obj
 0001:000001c0       ??0out_of_range@std@@QAE@ABV?$basic_string@DU?$char_traits@D@std@@V?$allocator@D@2@@1@@Z 100011c0 f i DataMerge.obj
 0001:000001e0       ??1out_of_range@std@@UAE@XZ 100011e0 f i DataMerge.obj
 0001:00000200       ??_Eout_of_range@std@@UAEPAXI@Z 10001200 f i DataMerge.obj
 0001:00000200       ??_Gout_of_range@std@@UAEPAXI@Z 10001200 f i DataMerge.obj
 0001:00000230       ??1Args@MessageObject@@QAE@XZ 10001230 f i DataMerge.obj
 0001:000002b0       ??0PlugInFactory@@QAE@XZ   100012b0 f i DataMerge.obj
 0001:000002c0       ??0DataMerge@@QAE@XZ       100012c0 f   DataMerge.obj
 0001:000004b0       ??1DataMerge@@UAE@XZ       100014b0 f   DataMerge.obj
 0001:00000520       ?getWidget@DataMerge@@UBEPAVQWidget@@XZ 10001520 f   DataMerge.obj
 0001:00000530       ?dialogClosed@DataMerge@@QAEXXZ 10001530 f   DataMerge.obj
 0001:00000540       ?serialize@DataMerge@@UBE_NAAVSessionItemSerializer@@@Z 10001540 f   DataMerge.obj
 0001:00000560       ??C?$Service@VModelServices@@@@QBEPAVModelServices@@XZ 10001560 f i DataMerge.obj
 0001:00000570       ??0?$EnumWrapper@W4ResultEnum@Message@@@@QAE@ABW4ResultEnum@Message@@@Z 10001570 f i DataMerge.obj
 0001:00000590       ??C?$Service@VSessionManager@@@@QBEPAVSessionManager@@XZ 10001590 f i DataMerge.obj
 0001:000005a0       ??C?$Service@VMessageLogMgr@@@@QBEPAVMessageLogMgr@@XZ 100015a0 f i DataMerge.obj
 0001:000005b0       ?size@?$vector@PAVDataElement@@V?$allocator@PAVDataElement@@@std@@@std@@QBEIXZ 100015b0 f i DataMerge.obj
 0001:000005d0       ??C?$Service@VDesktopServices@@@@QBEPAVDesktopServices@@XZ 100015d0 f i DataMerge.obj
 0001:000005e0       ??0Args@MessageObject@@QAE@ABU01@@Z 100015e0 f i DataMerge.obj
 0001:00000680       ??1?$pair@$$CBV?$basic_string@DU?$char_traits@D@std@@V?$allocator@D@2@@std@@PAVRasterElement@@@std@@QAE@XZ 10001680 f i DataMerge.obj
 0001:00000690       ?capacity@?$vector@V?$basic_string@DU?$char_traits@D@std@@V?$allocator@D@2@@std@@V?$allocator@V?$basic_string@DU?$char_traits@D@std@@V?$allocator@D@2@@std@@@2@@std@@QBEIXZ 10001690 f i DataMerge.obj
 0001:000006c0       ?size@?$vector@V?$basic_string@DU?$char_traits@D@std@@V?$allocator@D@2@@std@@V?$allocator@V?$basic_string@DU?$char_traits@D@std@@V?$allocator@D@2@@std@@@2@@std@@QBEIXZ 100016c0 f i DataMerge.obj
 0001:000006f0       ??0?$allocator@V?$basic_string@DU?$char_traits@D@std@@V?$allocator@D@2@@std@@@std@@QAE@XZ 100016f0 f i DataMerge.obj
 0001:00000700       ??0?$allocator@V?$basic_string@DU?$char_traits@D@std@@V?$allocator@D@2@@std@@@std@@QAE@ABV01@@Z 10001700 f i DataMerge.obj
 0001:00000710       ?deallocate@?$allocator@V?$basic_string@DU?$char_traits@D@std@@V?$allocator@D@2@@std@@@std@@QAEXPAV?$basic_string@DU?$char_traits@D@std@@V?$allocator@D@2@@2@I@Z 10001710 f i DataMerge.obj
 0001:00000720       ?get@?$Resource@VStep@@VMessageObject@@@@QAEPAVStep@@XZ 10001720 f i DataMerge.obj
 0001:00000730       ??R?$less@V?$basic_string@DU?$char_traits@D@std@@V?$allocator@D@2@@std@@@std@@QBE_NABV?$basic_string@DU?$char_traits@D@std@@V?$allocator@D@2@@1@0@Z 10001730 f i DataMerge.obj
 0001:00000750       ?key_comp@?$_Tree@V?$_Tmap_traits@V?$basic_string@DU?$char_traits@D@std@@V?$allocator@D@2@@std@@PAVRasterElement@@U?$less@V?$basic_string@DU?$char_traits@D@std@@V?$allocator@D@2@@std@@@2@V?$allocator@U?$pair@$$CBV?$basic_string@DU?$char_traits@D@std@@V?$allocator@D@2@@std@@PAVRasterElement@@@std@@@2@$0A@@std@@@std@@QBE?AU?$less@V?$basic_string@DU?$char_traits@D@std@@V?$allocator@D@2@@std@@@2@XZ 10001750 f i DataMerge.obj
 0001:00000760       ??0?$allocator@U?$pair@$$CBV?$basic_string@DU?$char_traits@D@std@@V?$allocator@D@2@@std@@PAVRasterElement@@@std@@@std@@QAE@XZ 10001760 f i DataMerge.obj
 0001:00000770       ??D?$_Vector_const_iterator@PAVDataElement@@V?$allocator@PAVDataElement@@@std@@@std@@QBEABQAVDataElement@@XZ 10001770 f i DataMerge.obj
 0001:000007a0       ??E?$_Vector_const_iterator@PAVDataElement@@V?$allocator@PAVDataElement@@@std@@@std@@QAEAAV01@XZ 100017a0 f i DataMerge.obj
 0001:000007d0       ??8?$_Vector_const_iterator@PAVDataElement@@V?$allocator@PAVDataElement@@@std@@@std@@QBE_NABV01@@Z 100017d0 f i DataMerge.obj
 0001:00000800       ??8const_iterator@?$_Tree@V?$_Tmap_traits@V?$basic_string@DU?$char_traits@D@std@@V?$allocator@D@2@@std@@PAVRasterElement@@U?$less@V?$basic_string@DU?$char_traits@D@std@@V?$allocator@D@2@@std@@@2@V?$allocator@U?$pair@$$CBV?$basic_string@DU?$char_traits@D@std@@V?$allocator@D@2@@std@@PAVRasterElement@@@std@@@2@$0A@@std@@@std@@QBE_NABV012@@Z 10001800 f i DataMerge.obj
 0001:00000830       ?_Mynode@const_iterator@?$_Tree@V?$_Tmap_traits@V?$basic_string@DU?$char_traits@D@std@@V?$allocator@D@2@@std@@PAVRasterElement@@U?$less@V?$basic_string@DU?$char_traits@D@std@@V?$allocator@D@2@@std@@@2@V?$allocator@U?$pair@$$CBV?$basic_string@DU?$char_traits@D@std@@V?$allocator@D@2@@std@@PAVRasterElement@@@std@@@2@$0A@@std@@@std@@QBEPAU_Node@?$_Tree_nod@V?$_Tmap_traits@V?$basic_string@DU?$char_traits@D@std@@V?$allocator@D@2@@std@@PAVRasterElement@@U?$less@V?$basic_string@DU?$char_traits@D@std@@V?$allocator@D@2@@std@@@2@V?$allocator@U?$pair@$$CBV?$basic_string@DU?$char_traits@D@std@@V?$allocator@D@2@@std@@PAVRasterElement@@@std@@@2@$0A@@std@@@3@XZ 10001830 f i DataMerge.obj
 0001:00000840       ??0?$pair@$$CBV?$basic_string@DU?$char_traits@D@std@@V?$allocator@D@2@@std@@PAVRasterElement@@@std@@QAE@ABV?$basic_string@DU?$char_traits@D@std@@V?$allocator@D@2@@1@ABQAVRasterElement@@@Z 10001840 f i DataMerge.obj
 0001:00000860       ?_Xlen@?$vector@V?$basic_string@DU?$char_traits@D@std@@V?$allocator@D@2@@std@@V?$allocator@V?$basic_string@DU?$char_traits@D@std@@V?$allocator@D@2@@std@@@2@@std@@KAXXZ 10001860 f i DataMerge.obj
 0001:000008e0       ??0logic_error@std@@QAE@ABV01@@Z 100018e0 f i DataMerge.obj
 0001:00000940       ??0length_error@std@@QAE@ABV01@@Z 10001940 f i DataMerge.obj
 0001:00000960       ?_Isnil@?$_Tree@V?$_Tmap_traits@V?$basic_string@DU?$char_traits@D@std@@V?$allocator@D@2@@std@@PAVRasterElement@@U?$less@V?$basic_string@DU?$char_traits@D@std@@V?$allocator@D@2@@std@@@2@V?$allocator@U?$pair@$$CBV?$basic_string@DU?$char_traits@D@std@@V?$allocator@D@2@@std@@PAVRasterElement@@@std@@@2@$0A@@std@@@std@@KAAADPAU_Node@?$_Tree_nod@V?$_Tmap_traits@V?$basic_string@DU?$char_traits@D@std@@V?$allocator@D@2@@std@@PAVRasterElement@@U?$less@V?$basic_string@DU?$char_traits@D@std@@V?$allocator@D@2@@std@@@2@V?$allocator@U?$pair@$$CBV?$basic_string@DU?$char_traits@D@std@@V?$allocator@D@2@@std@@PAVRasterElement@@@std@@@2@$0A@@std@@@2@@Z 10001960 f i DataMerge.obj
 0001:00000970       ?_Left@?$_Tree@V?$_Tmap_traits@V?$basic_string@DU?$char_traits@D@std@@V?$allocator@D@2@@std@@PAVRasterElement@@U?$less@V?$basic_string@DU?$char_traits@D@std@@V?$allocator@D@2@@std@@@2@V?$allocator@U?$pair@$$CBV?$basic_string@DU?$char_traits@D@std@@V?$allocator@D@2@@std@@PAVRasterElement@@@std@@@2@$0A@@std@@@std@@KAAAPAU_Node@?$_Tree_nod@V?$_Tmap_traits@V?$basic_string@DU?$char_traits@D@std@@V?$allocator@D@2@@std@@PAVRasterElement@@U?$less@V?$basic_string@DU?$char_traits@D@std@@V?$allocator@D@2@@std@@@2@V?$allocator@U?$pair@$$CBV?$basic_string@DU?$char_traits@D@std@@V?$allocator@D@2@@std@@PAVRasterElement@@@std@@@2@$0A@@std@@@2@PAU342@@Z 10001970 f i DataMerge.obj
 0001:00000980       ?_Parent@?$_Tree@V?$_Tmap_traits@V?$basic_string@DU?$char_traits@D@std@@V?$allocator@D@2@@std@@PAVRasterElement@@U?$less@V?$basic_string@DU?$char_traits@D@std@@V?$allocator@D@2@@std@@@2@V?$allocator@U?$pair@$$CBV?$basic_string@DU?$char_traits@D@std@@V?$allocator@D@2@@std@@PAVRasterElement@@@std@@@2@$0A@@std@@@std@@KAAAPAU_Node@?$_Tree_nod@V?$_Tmap_traits@V?$basic_string@DU?$char_traits@D@std@@V?$allocator@D@2@@std@@PAVRasterElement@@U?$less@V?$basic_string@DU?$char_traits@D@std@@V?$allocator@D@2@@std@@@2@V?$allocator@U?$pair@$$CBV?$basic_string@DU?$char_traits@D@std@@V?$allocator@D@2@@std@@PAVRasterElement@@@std@@@2@$0A@@std@@@2@PAU342@@Z 10001980 f i DataMerge.obj
 0001:00000990       ?_Right@?$_Tree@V?$_Tmap_traits@V?$basic_string@DU?$char_traits@D@std@@V?$allocator@D@2@@std@@PAVRasterElement@@U?$less@V?$basic_string@DU?$char_traits@D@std@@V?$allocator@D@2@@std@@@2@V?$allocator@U?$pair@$$CBV?$basic_string@DU?$char_traits@D@std@@V?$allocator@D@2@@std@@PAVRasterElement@@@std@@@2@$0A@@std@@@std@@KAAAPAU_Node@?$_Tree_nod@V?$_Tmap_traits@V?$basic_string@DU?$char_traits@D@std@@V?$allocator@D@2@@std@@PAVRasterElement@@U?$less@V?$basic_string@DU?$char_traits@D@std@@V?$allocator@D@2@@std@@@2@V?$allocator@U?$pair@$$CBV?$basic_string@DU?$char_traits@D@std@@V?$allocator@D@2@@std@@PAVRasterElement@@@std@@@2@$0A@@std@@@2@PAU342@@Z 10001990 f i DataMerge.obj
 0001:000009a0       ?_Myval@?$_Tree@V?$_Tmap_traits@V?$basic_string@DU?$char_traits@D@std@@V?$allocator@D@2@@std@@PAVRasterElement@@U?$less@V?$basic_string@DU?$char_traits@D@std@@V?$allocator@D@2@@std@@@2@V?$allocator@U?$pair@$$CBV?$basic_string@DU?$char_traits@D@std@@V?$allocator@D@2@@std@@PAVRasterElement@@@std@@@2@$0A@@std@@@std@@KAAAU?$pair@$$CBV?$basic_string@DU?$char_traits@D@std@@V?$allocator@D@2@@std@@PAVRasterElement@@@2@PAU_Node@?$_Tree_nod@V?$_Tmap_traits@V?$basic_string@DU?$char_traits@D@std@@V?$allocator@D@2@@std@@PAVRasterElement@@U?$less@V?$basic_string@DU?$char_traits@D@std@@V?$allocator@D@2@@std@@@2@V?$allocator@U?$pair@$$CBV?$basic_string@DU?$char_traits@D@std@@V?$allocator@D@2@@std@@PAVRasterElement@@@std@@@2@$0A@@std@@@2@@Z 100019a0 f i DataMerge.obj
 0001:000009b0       ?size@?$_Tree@V?$_Tmap_traits@V?$basic_string@DU?$char_traits@D@std@@V?$allocator@D@2@@std@@PAVRasterElement@@U?$less@V?$basic_string@DU?$char_traits@D@std@@V?$allocator@D@2@@std@@@2@V?$allocator@U?$pair@$$CBV?$basic_string@DU?$char_traits@D@std@@V?$allocator@D@2@@std@@PAVRasterElement@@@std@@@2@$0A@@std@@@std@@QBEIXZ 100019b0 f i DataMerge.obj
 0001:000009c0       ?_Lmost@?$_Tree@V?$_Tmap_traits@V?$basic_string@DU?$char_traits@D@std@@V?$allocator@D@2@@std@@PAVRasterElement@@U?$less@V?$basic_string@DU?$char_traits@D@std@@V?$allocator@D@2@@std@@@2@V?$allocator@U?$pair@$$CBV?$basic_string@DU?$char_traits@D@std@@V?$allocator@D@2@@std@@PAVRasterElement@@@std@@@2@$0A@@std@@@std@@IBEAAPAU_Node@?$_Tree_nod@V?$_Tmap_traits@V?$basic_string@DU?$char_traits@D@std@@V?$allocator@D@2@@std@@PAVRasterElement@@U?$less@V?$basic_string@DU?$char_traits@D@std@@V?$allocator@D@2@@std@@@2@V?$allocator@U?$pair@$$CBV?$basic_string@DU?$char_traits@D@std@@V?$allocator@D@2@@std@@PAVRasterElement@@@std@@@2@$0A@@std@@@2@XZ 100019c0 f i DataMerge.obj
 0001:000009d0       ?_Max@?$_Tree@V?$_Tmap_traits@V?$basic_string@DU?$char_traits@D@std@@V?$allocator@D@2@@std@@PAVRasterElement@@U?$less@V?$basic_string@DU?$char_traits@D@std@@V?$allocator@D@2@@std@@@2@V?$allocator@U?$pair@$$CBV?$basic_string@DU?$char_traits@D@std@@V?$allocator@D@2@@std@@PAVRasterElement@@@std@@@2@$0A@@std@@@std@@KAPAU_Node@?$_Tree_nod@V?$_Tmap_traits@V?$basic_string@DU?$char_traits@D@std@@V?$allocator@D@2@@std@@PAVRasterElement@@U?$less@V?$basic_string@DU?$char_traits@D@std@@V?$allocator@D@2@@std@@@2@V?$allocator@U?$pair@$$CBV?$basic_string@DU?$char_traits@D@std@@V?$allocator@D@2@@std@@PAVRasterElement@@@std@@@2@$0A@@std@@@2@PAU342@@Z 100019d0 f i DataMerge.obj
 0001:000009f0       ?_Min@?$_Tree@V?$_Tmap_traits@V?$basic_string@DU?$char_traits@D@std@@V?$allocator@D@2@@std@@PAVRasterElement@@U?$less@V?$basic_string@DU?$char_traits@D@std@@V?$allocator@D@2@@std@@@2@V?$allocator@U?$pair@$$CBV?$basic_string@DU?$char_traits@D@std@@V?$allocator@D@2@@std@@PAVRasterElement@@@std@@@2@$0A@@std@@@std@@KAPAU_Node@?$_Tree_nod@V?$_Tmap_traits@V?$basic_string@DU?$char_traits@D@std@@V?$allocator@D@2@@std@@PAVRasterElement@@U?$less@V?$basic_string@DU?$char_traits@D@std@@V?$allocator@D@2@@std@@@2@V?$allocator@U?$pair@$$CBV?$basic_string@DU?$char_traits@D@std@@V?$allocator@D@2@@std@@PAVRasterElement@@@std@@@2@$0A@@std@@@2@PAU342@@Z 100019f0 f i DataMerge.obj
 0001:00000a10       ?_Rmost@?$_Tree@V?$_Tmap_traits@V?$basic_string@DU?$char_traits@D@std@@V?$allocator@D@2@@std@@PAVRasterElement@@U?$less@V?$basic_string@DU?$char_traits@D@std@@V?$allocator@D@2@@std@@@2@V?$allocator@U?$pair@$$CBV?$basic_string@DU?$char_traits@D@std@@V?$allocator@D@2@@std@@PAVRasterElement@@@std@@@2@$0A@@std@@@std@@IBEAAPAU_Node@?$_Tree_nod@V?$_Tmap_traits@V?$basic_string@DU?$char_traits@D@std@@V?$allocator@D@2@@std@@PAVRasterElement@@U?$less@V?$basic_string@DU?$char_traits@D@std@@V?$allocator@D@2@@std@@@2@V?$allocator@U?$pair@$$CBV?$basic_string@DU?$char_traits@D@std@@V?$allocator@D@2@@std@@PAVRasterElement@@@std@@@2@$0A@@std@@@2@XZ 10001a10 f i DataMerge.obj
 0001:00000a20       ?_Root@?$_Tree@V?$_Tmap_traits@V?$basic_string@DU?$char_traits@D@std@@V?$allocator@D@2@@std@@PAVRasterElement@@U?$less@V?$basic_string@DU?$char_traits@D@std@@V?$allocator@D@2@@std@@@2@V?$allocator@U?$pair@$$CBV?$basic_string@DU?$char_traits@D@std@@V?$allocator@D@2@@std@@PAVRasterElement@@@std@@@2@$0A@@std@@@std@@IBEAAPAU_Node@?$_Tree_nod@V?$_Tmap_traits@V?$basic_string@DU?$char_traits@D@std@@V?$allocator@D@2@@std@@PAVRasterElement@@U?$less@V?$basic_string@DU?$char_traits@D@std@@V?$allocator@D@2@@std@@@2@V?$allocator@U?$pair@$$CBV?$basic_string@DU?$char_traits@D@std@@V?$allocator@D@2@@std@@PAVRasterElement@@@std@@@2@$0A@@std@@@2@XZ 10001a20 f i DataMerge.obj
 0001:00000a30       ?_Kfn@?$_Tmap_traits@V?$basic_string@DU?$char_traits@D@std@@V?$allocator@D@2@@std@@PAVRasterElement@@U?$less@V?$basic_string@DU?$char_traits@D@std@@V?$allocator@D@2@@std@@@2@V?$allocator@U?$pair@$$CBV?$basic_string@DU?$char_traits@D@std@@V?$allocator@D@2@@std@@PAVRasterElement@@@std@@@2@$0A@@std@@SAABV?$basic_string@DU?$char_traits@D@std@@V?$allocator@D@2@@2@ABU?$pair@$$CBV?$basic_string@DU?$char_traits@D@std@@V?$allocator@D@2@@std@@PAVRasterElement@@@2@@Z 10001a30 f i DataMerge.obj
 0001:00000a40       ??0?$allocator@U?$pair@$$CBV?$basic_string@DU?$char_traits@D@std@@V?$allocator@D@2@@std@@PAVRasterElement@@@std@@@std@@QAE@ABV01@@Z 10001a40 f i DataMerge.obj
 0001:00000a50       ?deallocate@?$allocator@U_Node@?$_Tree_nod@V?$_Tmap_traits@V?$basic_string@DU?$char_traits@D@std@@V?$allocator@D@2@@std@@PAVRasterElement@@U?$less@V?$basic_string@DU?$char_traits@D@std@@V?$allocator@D@2@@std@@@2@V?$allocator@U?$pair@$$CBV?$basic_string@DU?$char_traits@D@std@@V?$allocator@D@2@@std@@PAVRasterElement@@@std@@@2@$0A@@std@@@std@@@std@@QAEXPAU_Node@?$_Tree_nod@V?$_Tmap_traits@V?$basic_string@DU?$char_traits@D@std@@V?$allocator@D@2@@std@@PAVRasterElement@@U?$less@V?$basic_string@DU?$char_traits@D@std@@V?$allocator@D@2@@std@@@2@V?$allocator@U?$pair@$$CBV?$basic_string@DU?$char_traits@D@std@@V?$allocator@D@2@@std@@PAVRasterElement@@@std@@@2@$0A@@std@@@2@I@Z 10001a50 f i DataMerge.obj
 0001:00000a60       ?deallocate@?$allocator@PAVDataElement@@@std@@QAEXPAPAVDataElement@@I@Z 10001a60 f i DataMerge.obj
 0001:00000a70       ??Dconst_iterator@?$_Tree@V?$_Tmap_traits@V?$basic_string@DU?$char_traits@D@std@@V?$allocator@D@2@@std@@PAVRasterElement@@U?$less@V?$basic_string@DU?$char_traits@D@std@@V?$allocator@D@2@@std@@@2@V?$allocator@U?$pair@$$CBV?$basic_string@DU?$char_traits@D@std@@V?$allocator@D@2@@std@@PAVRasterElement@@@std@@@2@$0A@@std@@@std@@QBEABU?$pair@$$CBV?$basic_string@DU?$char_traits@D@std@@V?$allocator@D@2@@std@@PAVRasterElement@@@2@XZ 10001a70 f i DataMerge.obj
 0001:00000aa0       ??0?$_Ranit@PAVDataElement@@HPBQAV1@ABQAV1@@std@@QAE@XZ 10001aa0 f i DataMerge.obj
 0001:00000ab0       ??0?$_Ranit@V?$basic_string@DU?$char_traits@D@std@@V?$allocator@D@2@@std@@HPBV12@ABV12@@std@@QAE@XZ 10001ab0 f i DataMerge.obj
 0001:00000ac0       ?max_size@?$allocator@V?$basic_string@DU?$char_traits@D@std@@V?$allocator@D@2@@std@@@std@@QBEIXZ 10001ac0 f i DataMerge.obj
 0001:00000ad0       ?_Color@?$_Tree@V?$_Tmap_traits@V?$basic_string@DU?$char_traits@D@std@@V?$allocator@D@2@@std@@PAVRasterElement@@U?$less@V?$basic_string@DU?$char_traits@D@std@@V?$allocator@D@2@@std@@@2@V?$allocator@U?$pair@$$CBV?$basic_string@DU?$char_traits@D@std@@V?$allocator@D@2@@std@@PAVRasterElement@@@std@@@2@$0A@@std@@@std@@KAAADPAU_Node@?$_Tree_nod@V?$_Tmap_traits@V?$basic_string@DU?$char_traits@D@std@@V?$allocator@D@2@@std@@PAVRasterElement@@U?$less@V?$basic_string@DU?$char_traits@D@std@@V?$allocator@D@2@@std@@@2@V?$allocator@U?$pair@$$CBV?$basic_string@DU?$char_traits@D@std@@V?$allocator@D@2@@std@@PAVRasterElement@@@std@@@2@$0A@@std@@@2@@Z 10001ad0 f i DataMerge.obj
 0001:00000ae0       ?_Lrotate@?$_Tree@V?$_Tmap_traits@V?$basic_string@DU?$char_traits@D@std@@V?$allocator@D@2@@std@@PAVRasterElement@@U?$less@V?$basic_string@DU?$char_traits@D@std@@V?$allocator@D@2@@std@@@2@V?$allocator@U?$pair@$$CBV?$basic_string@DU?$char_traits@D@std@@V?$allocator@D@2@@std@@PAVRasterElement@@@std@@@2@$0A@@std@@@std@@IAEXPAU_Node@?$_Tree_nod@V?$_Tmap_traits@V?$basic_string@DU?$char_traits@D@std@@V?$allocator@D@2@@std@@PAVRasterElement@@U?$less@V?$basic_string@DU?$char_traits@D@std@@V?$allocator@D@2@@std@@@2@V?$allocator@U?$pair@$$CBV?$basic_string@DU?$char_traits@D@std@@V?$allocator@D@2@@std@@PAVRasterElement@@@std@@@2@$0A@@std@@@2@@Z 10001ae0 f i DataMerge.obj
 0001:00000b30       ?_Rrotate@?$_Tree@V?$_Tmap_traits@V?$basic_string@DU?$char_traits@D@std@@V?$allocator@D@2@@std@@PAVRasterElement@@U?$less@V?$basic_string@DU?$char_traits@D@std@@V?$allocator@D@2@@std@@@2@V?$allocator@U?$pair@$$CBV?$basic_string@DU?$char_traits@D@std@@V?$allocator@D@2@@std@@PAVRasterElement@@@std@@@2@$0A@@std@@@std@@IAEXPAU_Node@?$_Tree_nod@V?$_Tmap_traits@V?$basic_string@DU?$char_traits@D@std@@V?$allocator@D@2@@std@@PAVRasterElement@@U?$less@V?$basic_string@DU?$char_traits@D@std@@V?$allocator@D@2@@std@@@2@V?$allocator@U?$pair@$$CBV?$basic_string@DU?$char_traits@D@std@@V?$allocator@D@2@@std@@PAVRasterElement@@@std@@@2@$0A@@std@@@2@@Z 10001b30 f i DataMerge.obj
 0001:00000b90       ??G?$_Vector_const_iterator@V?$basic_string@DU?$char_traits@D@std@@V?$allocator@D@2@@std@@V?$allocator@V?$basic_string@DU?$char_traits@D@std@@V?$allocator@D@2@@std@@@2@@std@@QBEHABV01@@Z 10001b90 f i DataMerge.obj
 0001:00000bd0       ??9const_iterator@?$_Tree@V?$_Tmap_traits@V?$basic_string@DU?$char_traits@D@std@@V?$allocator@D@2@@std@@PAVRasterElement@@U?$less@V?$basic_string@DU?$char_traits@D@std@@V?$allocator@D@2@@std@@@2@V?$allocator@U?$pair@$$CBV?$basic_string@DU?$char_traits@D@std@@V?$allocator@D@2@@std@@PAVRasterElement@@@std@@@2@$0A@@std@@@std@@QBE_NABV012@@Z 10001bd0 f i DataMerge.obj
 0001:00000c00       ??0?$pair@Viterator@?$_Tree@V?$_Tmap_traits@V?$basic_string@DU?$char_traits@D@std@@V?$allocator@D@2@@std@@PAVRasterElement@@U?$less@V?$basic_string@DU?$char_traits@D@std@@V?$allocator@D@2@@std@@@2@V?$allocator@U?$pair@$$CBV?$basic_string@DU?$char_traits@D@std@@V?$allocator@D@2@@std@@PAVRasterElement@@@std@@@2@$0A@@std@@@std@@_N@std@@QAE@ABViterator@?$_Tree@V?$_Tmap_traits@V?$basic_string@DU?$char_traits@D@std@@V?$allocator@D@2@@std@@PAVRasterElement@@U?$less@V?$basic_string@DU?$char_traits@D@std@@V?$allocator@D@2@@std@@@2@V?$allocator@U?$pair@$$CBV?$basic_string@DU?$char_traits@D@std@@V?$allocator@D@2@@std@@PAVRasterElement@@@std@@@2@$0A@@std@@@1@AB_N@Z 10001c00 f i DataMerge.obj
 0001:00000c20       ??0?$_Bidit@U?$pair@$$CBV?$basic_string@DU?$char_traits@D@std@@V?$allocator@D@2@@std@@PAVRasterElement@@@std@@HPBU12@ABU12@@std@@QAE@XZ 10001c20 f i DataMerge.obj
 0001:00000c30       ??0?$_Tmap_traits@V?$basic_string@DU?$char_traits@D@std@@V?$allocator@D@2@@std@@PAVRasterElement@@U?$less@V?$basic_string@DU?$char_traits@D@std@@V?$allocator@D@2@@std@@@2@V?$allocator@U?$pair@$$CBV?$basic_string@DU?$char_traits@D@std@@V?$allocator@D@2@@std@@PAVRasterElement@@@std@@@2@$0A@@std@@QAE@U?$less@V?$basic_string@DU?$char_traits@D@std@@V?$allocator@D@2@@std@@@1@@Z 10001c30 f i DataMerge.obj
 0001:00000c40       ?max_size@?$allocator@U?$pair@$$CBV?$basic_string@DU?$char_traits@D@std@@V?$allocator@D@2@@std@@PAVRasterElement@@@std@@@std@@QBEIXZ 10001c40 f i DataMerge.obj
 0001:00000c50       ??Y?$_Vector_const_iterator@V?$basic_string@DU?$char_traits@D@std@@V?$allocator@D@2@@std@@V?$allocator@V?$basic_string@DU?$char_traits@D@std@@V?$allocator@D@2@@std@@@2@@std@@QAEAAV01@H@Z 10001c50 f i DataMerge.obj
 0001:00000ca0       ?_Dec@const_iterator@?$_Tree@V?$_Tmap_traits@V?$basic_string@DU?$char_traits@D@std@@V?$allocator@D@2@@std@@PAVRasterElement@@U?$less@V?$basic_string@DU?$char_traits@D@std@@V?$allocator@D@2@@std@@@2@V?$allocator@U?$pair@$$CBV?$basic_string@DU?$char_traits@D@std@@V?$allocator@D@2@@std@@PAVRasterElement@@@std@@@2@$0A@@std@@@std@@QAEXXZ 10001ca0 f i DataMerge.obj
 0001:00000d30       ?_Inc@const_iterator@?$_Tree@V?$_Tmap_traits@V?$basic_string@DU?$char_traits@D@std@@V?$allocator@D@2@@std@@PAVRasterElement@@U?$less@V?$basic_string@DU?$char_traits@D@std@@V?$allocator@D@2@@std@@@2@V?$allocator@U?$pair@$$CBV?$basic_string@DU?$char_traits@D@std@@V?$allocator@D@2@@std@@PAVRasterElement@@@std@@@2@$0A@@std@@@std@@QAEXXZ 10001d30 f i DataMerge.obj
 0001:00000da0       ??0?$pair@$$CBV?$basic_string@DU?$char_traits@D@std@@V?$allocator@D@2@@std@@PAVRasterElement@@@std@@QAE@ABU01@@Z 10001da0 f i DataMerge.obj
 0001:00000dc0       ??$model_cast@PAVRasterElement@@PAVDataElement@@@@YAPAVRasterElement@@PAVDataElement@@@Z 10001dc0 f i DataMerge.obj
 0001:00000e30       ??$_Allocate@V?$basic_string@DU?$char_traits@D@std@@V?$allocator@D@2@@std@@@std@@YAPAV?$basic_string@DU?$char_traits@D@std@@V?$allocator@D@2@@0@IPAV10@@Z 10001e30 f i DataMerge.obj
 0001:00000ea0       ??$?0U?$pair@$$CBV?$basic_string@DU?$char_traits@D@std@@V?$allocator@D@2@@std@@PAVRasterElement@@@std@@@?$allocator@PAU_Node@?$_Tree_nod@V?$_Tmap_traits@V?$basic_string@DU?$char_traits@D@std@@V?$allocator@D@2@@std@@PAVRasterElement@@U?$less@V?$basic_string@DU?$char_traits@D@std@@V?$allocator@D@2@@std@@@2@V?$allocator@U?$pair@$$CBV?$basic_string@DU?$char_traits@D@std@@V?$allocator@D@2@@std@@PAVRasterElement@@@std@@@2@$0A@@std@@@std@@@std@@QAE@ABV?$allocator@U?$pair@$$CBV?$basic_string@DU?$char_traits@D@std@@V?$allocator@D@2@@std@@PAVRasterElement@@@std@@@1@@Z 10001ea0 f i DataMerge.obj
 0001:00000eb0       ??$_Destroy@PAU_Node@?$_Tree_nod@V?$_Tmap_traits@V?$basic_string@DU?$char_traits@D@std@@V?$allocator@D@2@@std@@PAVRasterElement@@U?$less@V?$basic_string@DU?$char_traits@D@std@@V?$allocator@D@2@@std@@@2@V?$allocator@U?$pair@$$CBV?$basic_string@DU?$char_traits@D@std@@V?$allocator@D@2@@std@@PAVRasterElement@@@std@@@2@$0A@@std@@@std@@@std@@YAXPAPAU_Node@?$_Tree_nod@V?$_Tmap_traits@V?$basic_string@DU?$char_traits@D@std@@V?$allocator@D@2@@std@@PAVRasterElement@@U?$less@V?$basic_string@DU?$char_traits@D@std@@V?$allocator@D@2@@std@@@2@V?$allocator@U?$pair@$$CBV?$basic_string@DU?$char_traits@D@std@@V?$allocator@D@2@@std@@PAVRasterElement@@@std@@@2@$0A@@std@@@0@@Z 10001eb0 f i DataMerge.obj
 0001:00000ec0       ??$swap@D@std@@YAXAAD0@Z   10001ec0 f i DataMerge.obj
 0001:00000ee0       ??$?0U?$pair@$$CBV?$basic_string@DU?$char_traits@D@std@@V?$allocator@D@2@@std@@PAVRasterElement@@@std@@@?$allocator@U_Node@?$_Tree_nod@V?$_Tmap_traits@V?$basic_string@DU?$char_traits@D@std@@V?$allocator@D@2@@std@@PAVRasterElement@@U?$less@V?$basic_string@DU?$char_traits@D@std@@V?$allocator@D@2@@std@@@2@V?$allocator@U?$pair@$$CBV?$basic_string@DU?$char_traits@D@std@@V?$allocator@D@2@@std@@PAVRasterElement@@@std@@@2@$0A@@std@@@std@@@std@@QAE@ABV?$allocator@U?$pair@$$CBV?$basic_string@DU?$char_traits@D@std@@V?$allocator@D@2@@std@@PAVRasterElement@@@std@@@1@@Z 10001ee0 f i DataMerge.obj
 0001:00000ef0       ??$_Allocate@U_Node@?$_Tree_nod@V?$_Tmap_traits@V?$basic_string@DU?$char_traits@D@std@@V?$allocator@D@2@@std@@PAVRasterElement@@U?$less@V?$basic_string@DU?$char_traits@D@std@@V?$allocator@D@2@@std@@@2@V?$allocator@U?$pair@$$CBV?$basic_string@DU?$char_traits@D@std@@V?$allocator@D@2@@std@@PAVRasterElement@@@std@@@2@$0A@@std@@@std@@@std@@YAPAU_Node@?$_Tree_nod@V?$_Tmap_traits@V?$basic_string@DU?$char_traits@D@std@@V?$allocator@D@2@@std@@PAVRasterElement@@U?$less@V?$basic_string@DU?$char_traits@D@std@@V?$allocator@D@2@@std@@@2@V?$allocator@U?$pair@$$CBV?$basic_string@DU?$char_traits@D@std@@V?$allocator@D@2@@std@@PAVRasterElement@@@std@@@2@$0A@@std@@@0@IPAU120@@Z 10001ef0 f i DataMerge.obj
 0001:00000f50       ??$_Construct@PAU_Node@?$_Tree_nod@V?$_Tmap_traits@V?$basic_string@DU?$char_traits@D@std@@V?$allocator@D@2@@std@@PAVRasterElement@@U?$less@V?$basic_string@DU?$char_traits@D@std@@V?$allocator@D@2@@std@@@2@V?$allocator@U?$pair@$$CBV?$basic_string@DU?$char_traits@D@std@@V?$allocator@D@2@@std@@PAVRasterElement@@@std@@@2@$0A@@std@@@std@@PAU123@@std@@YAXPAPAU_Node@?$_Tree_nod@V?$_Tmap_traits@V?$basic_string@DU?$char_traits@D@std@@V?$allocator@D@2@@std@@PAVRasterElement@@U?$less@V?$basic_string@DU?$char_traits@D@std@@V?$allocator@D@2@@std@@@2@V?$allocator@U?$pair@$$CBV?$basic_string@DU?$char_traits@D@std@@V?$allocator@D@2@@std@@PAVRasterElement@@@std@@@2@$0A@@std@@@0@ABQAU120@@Z 10001f50 f i DataMerge.obj
 0001:00000f70       ??0bad_alloc@std@@QAE@ABV01@@Z 10001f70 f i DataMerge.obj
 0001:00000f90       ??1_Node@?$_Tree_nod@V?$_Tmap_traits@V?$basic_string@DU?$char_traits@D@std@@V?$allocator@D@2@@std@@PAVRasterElement@@U?$less@V?$basic_string@DU?$char_traits@D@std@@V?$allocator@D@2@@std@@@2@V?$allocator@U?$pair@$$CBV?$basic_string@DU?$char_traits@D@std@@V?$allocator@D@2@@std@@PAVRasterElement@@@std@@@2@$0A@@std@@@std@@QAE@XZ 10001f90 f i DataMerge.obj
 0001:00000fa0       ??$_Iter_random@PAV?$basic_string@DU?$char_traits@D@std@@V?$allocator@D@2@@std@@PAV12@@std@@YA?AUrandom_access_iterator_tag@0@ABQAV?$basic_string@DU?$char_traits@D@std@@V?$allocator@D@2@@0@0@Z 10001fa0 f i DataMerge.obj
 0001:00000fb0       ??$_Ptr_cat@PAV?$basic_string@DU?$char_traits@D@std@@V?$allocator@D@2@@std@@PAV12@@std@@YA?AU_Nonscalar_ptr_iterator_tag@0@AAPAV?$basic_string@DU?$char_traits@D@std@@V?$allocator@D@2@@0@0@Z 10001fb0 f i DataMerge.obj
 0001:00000fc0       ??$_Fill@PAV?$basic_string@DU?$char_traits@D@std@@V?$allocator@D@2@@std@@V12@@std@@YAXPAV?$basic_string@DU?$char_traits@D@std@@V?$allocator@D@2@@0@0ABV10@@Z 10001fc0 f i DataMerge.obj
 0001:00000ff0       ??$_Move_cat@PAV?$basic_string@DU?$char_traits@D@std@@V?$allocator@D@2@@std@@@std@@YA?AU_Swap_move_tag@0@ABQAV?$basic_string@DU?$char_traits@D@std@@V?$allocator@D@2@@0@@Z 10001ff0 f i DataMerge.obj
 0001:00001000       ??$_Ptr_cat@PAPAVDataElement@@PAPAV1@@std@@YA?AU_Scalar_ptr_iterator_tag@0@AAPAPAVDataElement@@0@Z 10002000 f i DataMerge.obj
 0001:00001010       ??$_Destroy_range@PAVDataElement@@V?$allocator@PAVDataElement@@@std@@@std@@YAXPAPAVDataElement@@0AAV?$allocator@PAVDataElement@@@0@U_Scalar_ptr_iterator_tag@0@@Z 10002010 f i DataMerge.obj
 0001:00001020       ??$_Checked_base@PAV?$basic_string@DU?$char_traits@D@std@@V?$allocator@D@2@@std@@@std@@YAPAV?$basic_string@DU?$char_traits@D@std@@V?$allocator@D@2@@0@AAPAV10@U_Unchanged_checked_iterator_base_type_tag@0@@Z 10002020 f i DataMerge.obj
 0001:00001030       ??$_Construct@V?$basic_string@DU?$char_traits@D@std@@V?$allocator@D@2@@std@@V12@@std@@YAXPAV?$basic_string@DU?$char_traits@D@std@@V?$allocator@D@2@@0@ABV10@@Z 10002030 f i DataMerge.obj
 0001:00001080       ??_G?$basic_string@DU?$char_traits@D@std@@V?$allocator@D@2@@std@@QAEPAXI@Z 10002080 f i DataMerge.obj
 0001:000010a0       ??$swap@DU?$char_traits@D@std@@V?$allocator@D@2@@std@@YAXAAV?$basic_string@DU?$char_traits@D@std@@V?$allocator@D@2@@0@0@Z 100020a0 f i DataMerge.obj
 0001:000010b0       ??_EDataMerge@@WM@AEPAXI@Z 100020b0 f i DataMerge.obj
 0001:000010c0       ??_EDataMerge@@WBA@AEPAXI@Z 100020c0 f i DataMerge.obj
 0001:000010d0       ??_EDataMerge@@W7AEPAXI@Z  100020d0 f i DataMerge.obj
 0001:000010e0       ??0Args@MessageObject@@QAE@V?$basic_string@DU?$char_traits@D@std@@V?$allocator@D@2@@std@@0000_N@Z 100020e0 f i DataMerge.obj
 0001:00001230       ?obtainResource@MessageObject@@QBEPAVMessage@@ABUArgs@1@@Z 10002230 f i DataMerge.obj
 0001:000012a0       ?releaseResource@MessageObject@@QBEXABUArgs@1@PAVMessage@@@Z 100022a0 f i DataMerge.obj
 0001:000012e0       ??_EDataMerge@@UAEPAXI@Z   100022e0 f i DataMerge.obj
 0001:000012e0       ??_GDataMerge@@UAEPAXI@Z   100022e0 f i DataMerge.obj
 0001:00001300       ??0?$Resource@VStep@@VMessageObject@@@@QAE@ABUArgs@MessageObject@@@Z 10002300 f i DataMerge.obj
 0001:00001370       ??C?$Resource@VStep@@VMessageObject@@@@QAEPAVStep@@XZ 10002370 f i DataMerge.obj
 0001:00001380       ??D?$_Vector_iterator@PAVDataElement@@V?$allocator@PAVDataElement@@@std@@@std@@QBEAAPAVDataElement@@XZ 10002380 f i DataMerge.obj
 0001:000013b0       ??E?$_Vector_iterator@PAVDataElement@@V?$allocator@PAVDataElement@@@std@@@std@@QAEAAV01@XZ 100023b0 f i DataMerge.obj
 0001:000013e0       ??9?$_Vector_const_iterator@PAVDataElement@@V?$allocator@PAVDataElement@@@std@@@std@@QBE_NABV01@@Z 100023e0 f i DataMerge.obj
 0001:00001410       ??0?$_Vector_val@V?$basic_string@DU?$char_traits@D@std@@V?$allocator@D@2@@std@@V?$allocator@V?$basic_string@DU?$char_traits@D@std@@V?$allocator@D@2@@std@@@2@@std@@IAE@V?$allocator@V?$basic_string@DU?$char_traits@D@std@@V?$allocator@D@2@@std@@@1@@Z 10002410 f i DataMerge.obj
 0001:00001420       ?destroyIfOwned@?$Resource@VStep@@VMessageObject@@@@IAEXXZ 10002420 f i DataMerge.obj
 0001:00001470       ?_Key@?$_Tree@V?$_Tmap_traits@V?$basic_string@DU?$char_traits@D@std@@V?$allocator@D@2@@std@@PAVRasterElement@@U?$less@V?$basic_string@DU?$char_traits@D@std@@V?$allocator@D@2@@std@@@2@V?$allocator@U?$pair@$$CBV?$basic_string@DU?$char_traits@D@std@@V?$allocator@D@2@@std@@PAVRasterElement@@@std@@@2@$0A@@std@@@std@@KAABV?$basic_string@DU?$char_traits@D@std@@V?$allocator@D@2@@2@PAU_Node@?$_Tree_nod@V?$_Tmap_traits@V?$basic_string@DU?$char_traits@D@std@@V?$allocator@D@2@@std@@PAVRasterElement@@U?$less@V?$basic_string@DU?$char_traits@D@std@@V?$allocator@D@2@@std@@@2@V?$allocator@U?$pair@$$CBV?$basic_string@DU?$char_traits@D@std@@V?$allocator@D@2@@std@@PAVRasterElement@@@std@@@2@$0A@@std@@@2@@Z 10002470 f i DataMerge.obj
 0001:00001480       ?get_allocator@?$_Tree@V?$_Tmap_traits@V?$basic_string@DU?$char_traits@D@std@@V?$allocator@D@2@@std@@PAVRasterElement@@U?$less@V?$basic_string@DU?$char_traits@D@std@@V?$allocator@D@2@@std@@@2@V?$allocator@U?$pair@$$CBV?$basic_string@DU?$char_traits@D@std@@V?$allocator@D@2@@std@@PAVRasterElement@@@std@@@2@$0A@@std@@@std@@QBE?AV?$allocator@U?$pair@$$CBV?$basic_string@DU?$char_traits@D@std@@V?$allocator@D@2@@std@@PAVRasterElement@@@std@@@2@XZ 10002480 f i DataMerge.obj
 0001:00001490       ??Diterator@?$_Tree@V?$_Tmap_traits@V?$basic_string@DU?$char_traits@D@std@@V?$allocator@D@2@@std@@PAVRasterElement@@U?$less@V?$basic_string@DU?$char_traits@D@std@@V?$allocator@D@2@@std@@@2@V?$allocator@U?$pair@$$CBV?$basic_string@DU?$char_traits@D@std@@V?$allocator@D@2@@std@@PAVRasterElement@@@std@@@2@$0A@@std@@@std@@QBEAAU?$pair@$$CBV?$basic_string@DU?$char_traits@D@std@@V?$allocator@D@2@@std@@PAVRasterElement@@@2@XZ 10002490 f i DataMerge.obj
 0001:000014c0       ?max_size@?$vector@V?$basic_string@DU?$char_traits@D@std@@V?$allocator@D@2@@std@@V?$allocator@V?$basic_string@DU?$char_traits@D@std@@V?$allocator@D@2@@std@@@2@@std@@QBEIXZ 100024c0 f i DataMerge.obj
 0001:000014d0       ?allocate@?$allocator@V?$basic_string@DU?$char_traits@D@std@@V?$allocator@D@2@@std@@@std@@QAEPAV?$basic_string@DU?$char_traits@D@std@@V?$allocator@D@2@@2@I@Z 100024d0 f i DataMerge.obj
 0001:000014f0       ?_Lbound@?$_Tree@V?$_Tmap_traits@V?$basic_string@DU?$char_traits@D@std@@V?$allocator@D@2@@std@@PAVRasterElement@@U?$less@V?$basic_string@DU?$char_traits@D@std@@V?$allocator@D@2@@std@@@2@V?$allocator@U?$pair@$$CBV?$basic_string@DU?$char_traits@D@std@@V?$allocator@D@2@@std@@PAVRasterElement@@@std@@@2@$0A@@std@@@std@@IBEPAU_Node@?$_Tree_nod@V?$_Tmap_traits@V?$basic_string@DU?$char_traits@D@std@@V?$allocator@D@2@@std@@PAVRasterElement@@U?$less@V?$basic_string@DU?$char_traits@D@std@@V?$allocator@D@2@@std@@@2@V?$allocator@U?$pair@$$CBV?$basic_string@DU?$char_traits@D@std@@V?$allocator@D@2@@std@@PAVRasterElement@@@std@@@2@$0A@@std@@@2@ABV?$basic_string@DU?$char_traits@D@std@@V?$allocator@D@2@@2@@Z 100024f0 f i DataMerge.obj
 0001:00001540       ?destroy@?$allocator@PAU_Node@?$_Tree_nod@V?$_Tmap_traits@V?$basic_string@DU?$char_traits@D@std@@V?$allocator@D@2@@std@@PAVRasterElement@@U?$less@V?$basic_string@DU?$char_traits@D@std@@V?$allocator@D@2@@std@@@2@V?$allocator@U?$pair@$$CBV?$basic_string@DU?$char_traits@D@std@@V?$allocator@D@2@@std@@PAVRasterElement@@@std@@@2@$0A@@std@@@std@@@std@@QAEXPAPAU_Node@?$_Tree_nod@V?$_Tmap_traits@V?$basic_string@DU?$char_traits@D@std@@V?$allocator@D@2@@std@@PAVRasterElement@@U?$less@V?$basic_string@DU?$char_traits@D@std@@V?$allocator@D@2@@std@@@2@V?$allocator@U?$pair@$$CBV?$basic_string@DU?$char_traits@D@std@@V?$allocator@D@2@@std@@PAVRasterElement@@@std@@@2@$0A@@std@@@2@@Z 10002540 f i DataMerge.obj
 0001:00001550       ??0?$_Vector_const_iterator@PAVDataElement@@V?$allocator@PAVDataElement@@@std@@@std@@QAE@PAPAVDataElement@@PBU_Container_base@1@@Z 10002550 f i DataMerge.obj
 0001:00001590       ??0?$_Vector_const_iterator@V?$basic_string@DU?$char_traits@D@std@@V?$allocator@D@2@@std@@V?$allocator@V?$basic_string@DU?$char_traits@D@std@@V?$allocator@D@2@@std@@@2@@std@@QAE@PAV?$basic_string@DU?$char_traits@D@std@@V?$allocator@D@2@@1@PBU_Container_base@1@@Z 10002590 f i DataMerge.obj
 0001:000015d0       ??0?$_Vector_iterator@V?$basic_string@DU?$char_traits@D@std@@V?$allocator@D@2@@std@@V?$allocator@V?$basic_string@DU?$char_traits@D@std@@V?$allocator@D@2@@std@@@2@@std@@QAE@PAV?$basic_string@DU?$char_traits@D@std@@V?$allocator@D@2@@1@PBU_Container_base@1@@Z 100025d0 f i DataMerge.obj
 0001:00001610       ??G?$_Vector_iterator@V?$basic_string@DU?$char_traits@D@std@@V?$allocator@D@2@@std@@V?$allocator@V?$basic_string@DU?$char_traits@D@std@@V?$allocator@D@2@@std@@@2@@std@@QBEHABV?$_Vector_const_iterator@V?$basic_string@DU?$char_traits@D@std@@V?$allocator@D@2@@std@@V?$allocator@V?$basic_string@DU?$char_traits@D@std@@V?$allocator@D@2@@std@@@2@@1@@Z 10002610 f i DataMerge.obj
 0001:00001650       ?max_size@?$_Tree@V?$_Tmap_traits@V?$basic_string@DU?$char_traits@D@std@@V?$allocator@D@2@@std@@PAVRasterElement@@U?$less@V?$basic_string@DU?$char_traits@D@std@@V?$allocator@D@2@@std@@@2@V?$allocator@U?$pair@$$CBV?$basic_string@DU?$char_traits@D@std@@V?$allocator@D@2@@std@@PAVRasterElement@@@std@@@2@$0A@@std@@@std@@QBEIXZ 10002650 f i DataMerge.obj
 0001:00001660       ??0?$_Tree_nod@V?$_Tmap_traits@V?$basic_string@DU?$char_traits@D@std@@V?$allocator@D@2@@std@@PAVRasterElement@@U?$less@V?$basic_string@DU?$char_traits@D@std@@V?$allocator@D@2@@std@@@2@V?$allocator@U?$pair@$$CBV?$basic_string@DU?$char_traits@D@std@@V?$allocator@D@2@@std@@PAVRasterElement@@@std@@@2@$0A@@std@@@std@@IAE@ABU?$less@V?$basic_string@DU?$char_traits@D@std@@V?$allocator@D@2@@std@@@1@V?$allocator@U?$pair@$$CBV?$basic_string@DU?$char_traits@D@std@@V?$allocator@D@2@@std@@PAVRasterElement@@@std@@@1@@Z 10002660 f i DataMerge.obj
 0001:00001670       ?allocate@?$allocator@U_Node@?$_Tree_nod@V?$_Tmap_traits@V?$basic_string@DU?$char_traits@D@std@@V?$allocator@D@2@@std@@PAVRasterElement@@U?$less@V?$basic_string@DU?$char_traits@D@std@@V?$allocator@D@2@@std@@@2@V?$allocator@U?$pair@$$CBV?$basic_string@DU?$char_traits@D@std@@V?$allocator@D@2@@std@@PAVRasterElement@@@std@@@2@$0A@@std@@@std@@@std@@QAEPAU_Node@?$_Tree_nod@V?$_Tmap_traits@V?$basic_string@DU?$char_traits@D@std@@V?$allocator@D@2@@std@@PAVRasterElement@@U?$less@V?$basic_string@DU?$char_traits@D@std@@V?$allocator@D@2@@std@@@2@V?$allocator@U?$pair@$$CBV?$basic_string@DU?$char_traits@D@std@@V?$allocator@D@2@@std@@PAVRasterElement@@@std@@@2@$0A@@std@@@2@I@Z 10002670 f i DataMerge.obj
 0001:00001690       ?construct@?$allocator@PAU_Node@?$_Tree_nod@V?$_Tmap_traits@V?$basic_string@DU?$char_traits@D@std@@V?$allocator@D@2@@std@@PAVRasterElement@@U?$less@V?$basic_string@DU?$char_traits@D@std@@V?$allocator@D@2@@std@@@2@V?$allocator@U?$pair@$$CBV?$basic_string@DU?$char_traits@D@std@@V?$allocator@D@2@@std@@PAVRasterElement@@@std@@@2@$0A@@std@@@std@@@std@@QAEXPAPAU_Node@?$_Tree_nod@V?$_Tmap_traits@V?$basic_string@DU?$char_traits@D@std@@V?$allocator@D@2@@std@@PAVRasterElement@@U?$less@V?$basic_string@DU?$char_traits@D@std@@V?$allocator@D@2@@std@@@2@V?$allocator@U?$pair@$$CBV?$basic_string@DU?$char_traits@D@std@@V?$allocator@D@2@@std@@PAVRasterElement@@@std@@@2@$0A@@std@@@2@ABQAU342@@Z 10002690 f i DataMerge.obj
 0001:000016b0       ??Y?$_Vector_iterator@V?$basic_string@DU?$char_traits@D@std@@V?$allocator@D@2@@std@@V?$allocator@V?$basic_string@DU?$char_traits@D@std@@V?$allocator@D@2@@std@@@2@@std@@QAEAAV01@H@Z 100026b0 f i DataMerge.obj
 0001:00001700       ??0const_iterator@?$_Tree@V?$_Tmap_traits@V?$basic_string@DU?$char_traits@D@std@@V?$allocator@D@2@@std@@PAVRasterElement@@U?$less@V?$basic_string@DU?$char_traits@D@std@@V?$allocator@D@2@@std@@@2@V?$allocator@U?$pair@$$CBV?$basic_string@DU?$char_traits@D@std@@V?$allocator@D@2@@std@@PAVRasterElement@@@std@@@2@$0A@@std@@@std@@QAE@XZ 10002700 f i DataMerge.obj
 0001:00001710       ??0const_iterator@?$_Tree@V?$_Tmap_traits@V?$basic_string@DU?$char_traits@D@std@@V?$allocator@D@2@@std@@PAVRasterElement@@U?$less@V?$basic_string@DU?$char_traits@D@std@@V?$allocator@D@2@@std@@@2@V?$allocator@U?$pair@$$CBV?$basic_string@DU?$char_traits@D@std@@V?$allocator@D@2@@std@@PAVRasterElement@@@std@@@2@$0A@@std@@@std@@QAE@PAU_Node@?$_Tree_nod@V?$_Tmap_traits@V?$basic_string@DU?$char_traits@D@std@@V?$allocator@D@2@@std@@PAVRasterElement@@U?$less@V?$basic_string@DU?$char_traits@D@std@@V?$allocator@D@2@@std@@@2@V?$allocator@U?$pair@$$CBV?$basic_string@DU?$char_traits@D@std@@V?$allocator@D@2@@std@@PAVRasterElement@@@std@@@2@$0A@@std@@@2@PBV12@@Z 10002710 f i DataMerge.obj
 0001:00001740       ??Econst_iterator@?$_Tree@V?$_Tmap_traits@V?$basic_string@DU?$char_traits@D@std@@V?$allocator@D@2@@std@@PAVRasterElement@@U?$less@V?$basic_string@DU?$char_traits@D@std@@V?$allocator@D@2@@std@@@2@V?$allocator@U?$pair@$$CBV?$basic_string@DU?$char_traits@D@std@@V?$allocator@D@2@@std@@PAVRasterElement@@@std@@@2@$0A@@std@@@std@@QAEAAV012@XZ 10002740 f i DataMerge.obj
 0001:00001750       ??Fconst_iterator@?$_Tree@V?$_Tmap_traits@V?$basic_string@DU?$char_traits@D@std@@V?$allocator@D@2@@std@@PAVRasterElement@@U?$less@V?$basic_string@DU?$char_traits@D@std@@V?$allocator@D@2@@std@@@2@V?$allocator@U?$pair@$$CBV?$basic_string@DU?$char_traits@D@std@@V?$allocator@D@2@@std@@PAVRasterElement@@@std@@@2@$0A@@std@@@std@@QAEAAV012@XZ 10002750 f i DataMerge.obj
 0001:00001760       ??0_Node@?$_Tree_nod@V?$_Tmap_traits@V?$basic_string@DU?$char_traits@D@std@@V?$allocator@D@2@@std@@PAVRasterElement@@U?$less@V?$basic_string@DU?$char_traits@D@std@@V?$allocator@D@2@@std@@@2@V?$allocator@U?$pair@$$CBV?$basic_string@DU?$char_traits@D@std@@V?$allocator@D@2@@std@@PAVRasterElement@@@std@@@2@$0A@@std@@@std@@QAE@PAU012@00ABU?$pair@$$CBV?$basic_string@DU?$char_traits@D@std@@V?$allocator@D@2@@std@@PAVRasterElement@@@2@D@Z 10002760 f i DataMerge.obj
 0001:000017b0       ??$_Destroy_range@PAVDataElement@@V?$allocator@PAVDataElement@@@std@@@std@@YAXPAPAVDataElement@@0AAV?$allocator@PAVDataElement@@@0@@Z 100027b0 f i DataMerge.obj
 0001:000017c0       ??_G_Node@?$_Tree_nod@V?$_Tmap_traits@V?$basic_string@DU?$char_traits@D@std@@V?$allocator@D@2@@std@@PAVRasterElement@@U?$less@V?$basic_string@DU?$char_traits@D@std@@V?$allocator@D@2@@std@@@2@V?$allocator@U?$pair@$$CBV?$basic_string@DU?$char_traits@D@std@@V?$allocator@D@2@@std@@PAVRasterElement@@@std@@@2@$0A@@std@@@std@@QAEPAXI@Z 100027c0 f i DataMerge.obj
 0001:000017f0       ??$_Checked_base@PAV?$basic_string@DU?$char_traits@D@std@@V?$allocator@D@2@@std@@@std@@YAPAV?$basic_string@DU?$char_traits@D@std@@V?$allocator@D@2@@0@AAPAV10@@Z 100027f0 f i DataMerge.obj
 0001:00001800       ?construct@?$allocator@V?$basic_string@DU?$char_traits@D@std@@V?$allocator@D@2@@std@@@std@@QAEXPAV?$basic_string@DU?$char_traits@D@std@@V?$allocator@D@2@@2@ABV32@@Z 10002800 f i DataMerge.obj
 0001:00001850       ??$_Move_backward_opt@PAV?$basic_string@DU?$char_traits@D@std@@V?$allocator@D@2@@std@@PAV12@Uforward_iterator_tag@2@@std@@YAPAV?$basic_string@DU?$char_traits@D@std@@V?$allocator@D@2@@0@PAV10@00Uforward_iterator_tag@0@U_Swap_move_tag@0@U_Range_checked_iterator_tag@0@@Z 10002850 f i DataMerge.obj
 0001:00001890       ??$_Destroy@V?$basic_string@DU?$char_traits@D@std@@V?$allocator@D@2@@std@@@std@@YAXPAV?$basic_string@DU?$char_traits@D@std@@V?$allocator@D@2@@0@@Z 10002890 f i DataMerge.obj
 0001:000018a0       ??1?$Resource@VStep@@VMessageObject@@@@UAE@XZ 100028a0 f i DataMerge.obj
 0001:000018f0       ??_E?$Resource@VStep@@VMessageObject@@@@UAEPAXI@Z 100028f0 f i DataMerge.obj
 0001:000018f0       ??_G?$Resource@VStep@@VMessageObject@@@@UAEPAXI@Z 100028f0 f i DataMerge.obj
 0001:00001910       ?end@?$vector@V?$basic_string@DU?$char_traits@D@std@@V?$allocator@D@2@@std@@V?$allocator@V?$basic_string@DU?$char_traits@D@std@@V?$allocator@D@2@@std@@@2@@std@@QAE?AV?$_Vector_iterator@V?$basic_string@DU?$char_traits@D@std@@V?$allocator@D@2@@std@@V?$allocator@V?$basic_string@DU?$char_traits@D@std@@V?$allocator@D@2@@std@@@2@@2@XZ 10002910 f i DataMerge.obj
 0001:00001940       ?_Buy@?$vector@V?$basic_string@DU?$char_traits@D@std@@V?$allocator@D@2@@std@@V?$allocator@V?$basic_string@DU?$char_traits@D@std@@V?$allocator@D@2@@std@@@2@@std@@IAE_NI@Z 10002940 f i DataMerge.obj
 0001:000019a0       ??0?$_Vector_iterator@PAVDataElement@@V?$allocator@PAVDataElement@@@std@@@std@@QAE@PAPAVDataElement@@PBU_Container_base@1@@Z 100029a0 f i DataMerge.obj
 0001:000019e0       ?begin@?$vector@V?$basic_string@DU?$char_traits@D@std@@V?$allocator@D@2@@std@@V?$allocator@V?$basic_string@DU?$char_traits@D@std@@V?$allocator@D@2@@std@@@2@@std@@QAE?AV?$_Vector_iterator@V?$basic_string@DU?$char_traits@D@std@@V?$allocator@D@2@@std@@V?$allocator@V?$basic_string@DU?$char_traits@D@std@@V?$allocator@D@2@@std@@@2@@2@XZ 100029e0 f i DataMerge.obj
 0001:00001a10       ?_Buynode@?$_Tree@V?$_Tmap_traits@V?$basic_string@DU?$char_traits@D@std@@V?$allocator@D@2@@std@@PAVRasterElement@@U?$less@V?$basic_string@DU?$char_traits@D@std@@V?$allocator@D@2@@std@@@2@V?$allocator@U?$pair@$$CBV?$basic_string@DU?$char_traits@D@std@@V?$allocator@D@2@@std@@PAVRasterElement@@@std@@@2@$0A@@std@@@std@@IAEPAU_Node@?$_Tree_nod@V?$_Tmap_traits@V?$basic_string@DU?$char_traits@D@std@@V?$allocator@D@2@@std@@PAVRasterElement@@U?$less@V?$basic_string@DU?$char_traits@D@std@@V?$allocator@D@2@@std@@@2@V?$allocator@U?$pair@$$CBV?$basic_string@DU?$char_traits@D@std@@V?$allocator@D@2@@std@@PAVRasterElement@@@std@@@2@$0A@@std@@@2@XZ 10002a10 f i DataMerge.obj
 0001:00001a50       ??0?$_Tree_ptr@V?$_Tmap_traits@V?$basic_string@DU?$char_traits@D@std@@V?$allocator@D@2@@std@@PAVRasterElement@@U?$less@V?$basic_string@DU?$char_traits@D@std@@V?$allocator@D@2@@std@@@2@V?$allocator@U?$pair@$$CBV?$basic_string@DU?$char_traits@D@std@@V?$allocator@D@2@@std@@PAVRasterElement@@@std@@@2@$0A@@std@@@std@@IAE@ABU?$less@V?$basic_string@DU?$char_traits@D@std@@V?$allocator@D@2@@std@@@1@V?$allocator@U?$pair@$$CBV?$basic_string@DU?$char_traits@D@std@@V?$allocator@D@2@@std@@PAVRasterElement@@@std@@@1@@Z 10002a50 f i DataMerge.obj
 0001:00001a60       ?_Destroy@?$vector@PAVDataElement@@V?$allocator@PAVDataElement@@@std@@@std@@IAEXPAPAVDataElement@@0@Z 10002a60 f i DataMerge.obj
 0001:00001a70       ??H?$_Vector_iterator@V?$basic_string@DU?$char_traits@D@std@@V?$allocator@D@2@@std@@V?$allocator@V?$basic_string@DU?$char_traits@D@std@@V?$allocator@D@2@@std@@@2@@std@@QBE?AV01@H@Z 10002a70 f i DataMerge.obj
 0001:00001ab0       ??0iterator@?$_Tree@V?$_Tmap_traits@V?$basic_string@DU?$char_traits@D@std@@V?$allocator@D@2@@std@@PAVRasterElement@@U?$less@V?$basic_string@DU?$char_traits@D@std@@V?$allocator@D@2@@std@@@2@V?$allocator@U?$pair@$$CBV?$basic_string@DU?$char_traits@D@std@@V?$allocator@D@2@@std@@PAVRasterElement@@@std@@@2@$0A@@std@@@std@@QAE@XZ 10002ab0 f i DataMerge.obj
 0001:00001ac0       ??0iterator@?$_Tree@V?$_Tmap_traits@V?$basic_string@DU?$char_traits@D@std@@V?$allocator@D@2@@std@@PAVRasterElement@@U?$less@V?$basic_string@DU?$char_traits@D@std@@V?$allocator@D@2@@std@@@2@V?$allocator@U?$pair@$$CBV?$basic_string@DU?$char_traits@D@std@@V?$allocator@D@2@@std@@PAVRasterElement@@@std@@@2@$0A@@std@@@std@@QAE@PAU_Node@?$_Tree_nod@V?$_Tmap_traits@V?$basic_string@DU?$char_traits@D@std@@V?$allocator@D@2@@std@@PAVRasterElement@@U?$less@V?$basic_string@DU?$char_traits@D@std@@V?$allocator@D@2@@std@@@2@V?$allocator@U?$pair@$$CBV?$basic_string@DU?$char_traits@D@std@@V?$allocator@D@2@@std@@PAVRasterElement@@@std@@@2@$0A@@std@@@2@PBV12@@Z 10002ac0 f i DataMerge.obj
 0001:00001af0       ??Eiterator@?$_Tree@V?$_Tmap_traits@V?$basic_string@DU?$char_traits@D@std@@V?$allocator@D@2@@std@@PAVRasterElement@@U?$less@V?$basic_string@DU?$char_traits@D@std@@V?$allocator@D@2@@std@@@2@V?$allocator@U?$pair@$$CBV?$basic_string@DU?$char_traits@D@std@@V?$allocator@D@2@@std@@PAVRasterElement@@@std@@@2@$0A@@std@@@std@@QAEAAV012@XZ 10002af0 f i DataMerge.obj
 0001:00001b00       ??Fiterator@?$_Tree@V?$_Tmap_traits@V?$basic_string@DU?$char_traits@D@std@@V?$allocator@D@2@@std@@PAVRasterElement@@U?$less@V?$basic_string@DU?$char_traits@D@std@@V?$allocator@D@2@@std@@@2@V?$allocator@U?$pair@$$CBV?$basic_string@DU?$char_traits@D@std@@V?$allocator@D@2@@std@@PAVRasterElement@@@std@@@2@$0A@@std@@@std@@QAEAAV012@XZ 10002b00 f i DataMerge.obj
 0001:00001b10       ?_Buynode@?$_Tree@V?$_Tmap_traits@V?$basic_string@DU?$char_traits@D@std@@V?$allocator@D@2@@std@@PAVRasterElement@@U?$less@V?$basic_string@DU?$char_traits@D@std@@V?$allocator@D@2@@std@@@2@V?$allocator@U?$pair@$$CBV?$basic_string@DU?$char_traits@D@std@@V?$allocator@D@2@@std@@PAVRasterElement@@@std@@@2@$0A@@std@@@std@@IAEPAU_Node@?$_Tree_nod@V?$_Tmap_traits@V?$basic_string@DU?$char_traits@D@std@@V?$allocator@D@2@@std@@PAVRasterElement@@U?$less@V?$basic_string@DU?$char_traits@D@std@@V?$allocator@D@2@@std@@@2@V?$allocator@U?$pair@$$CBV?$basic_string@DU?$char_traits@D@std@@V?$allocator@D@2@@std@@PAVRasterElement@@@std@@@2@$0A@@std@@@2@PAU342@00ABU?$pair@$$CBV?$basic_string@DU?$char_traits@D@std@@V?$allocator@D@2@@std@@PAVRasterElement@@@2@D@Z 10002b10 f i DataMerge.obj
 0001:00001bb0       ??Eiterator@?$_Tree@V?$_Tmap_traits@V?$basic_string@DU?$char_traits@D@std@@V?$allocator@D@2@@std@@PAVRasterElement@@U?$less@V?$basic_string@DU?$char_traits@D@std@@V?$allocator@D@2@@std@@@2@V?$allocator@U?$pair@$$CBV?$basic_string@DU?$char_traits@D@std@@V?$allocator@D@2@@std@@PAVRasterElement@@@std@@@2@$0A@@std@@@std@@QAE?AV012@H@Z 10002bb0 f i DataMerge.obj
 0001:00001bd0       ??$fill@PAV?$basic_string@DU?$char_traits@D@std@@V?$allocator@D@2@@std@@V12@@std@@YAXPAV?$basic_string@DU?$char_traits@D@std@@V?$allocator@D@2@@0@0ABV10@@Z 10002bd0 f i DataMerge.obj
 0001:00001c00       ??$_Destroy@U_Node@?$_Tree_nod@V?$_Tmap_traits@V?$basic_string@DU?$char_traits@D@std@@V?$allocator@D@2@@std@@PAVRasterElement@@U?$less@V?$basic_string@DU?$char_traits@D@std@@V?$allocator@D@2@@std@@@2@V?$allocator@U?$pair@$$CBV?$basic_string@DU?$char_traits@D@std@@V?$allocator@D@2@@std@@PAVRasterElement@@@std@@@2@$0A@@std@@@std@@@std@@YAXPAU_Node@?$_Tree_nod@V?$_Tmap_traits@V?$basic_string@DU?$char_traits@D@std@@V?$allocator@D@2@@std@@PAVRasterElement@@U?$less@V?$basic_string@DU?$char_traits@D@std@@V?$allocator@D@2@@std@@@2@V?$allocator@U?$pair@$$CBV?$basic_string@DU?$char_traits@D@std@@V?$allocator@D@2@@std@@PAVRasterElement@@@std@@@2@$0A@@std@@@0@@Z 10002c00 f i DataMerge.obj
 0001:00001c10       ??$_Move_backward_opt@PAV?$basic_string@DU?$char_traits@D@std@@V?$allocator@D@2@@std@@PAV12@@std@@YAPAV?$basic_string@DU?$char_traits@D@std@@V?$allocator@D@2@@0@PAV10@00Urandom_access_iterator_tag@0@U_Swap_move_tag@0@U_Range_checked_iterator_tag@0@@Z 10002c10 f i DataMerge.obj
 0001:00001c70       ?destroy@?$allocator@V?$basic_string@DU?$char_traits@D@std@@V?$allocator@D@2@@std@@@std@@QAEXPAV?$basic_string@DU?$char_traits@D@std@@V?$allocator@D@2@@2@@Z 10002c70 f i DataMerge.obj
 0001:00001c80       ??$_Uninit_move@PAV?$basic_string@DU?$char_traits@D@std@@V?$allocator@D@2@@std@@PAV12@V?$allocator@V?$basic_string@DU?$char_traits@D@std@@V?$allocator@D@2@@std@@@2@@std@@YAPAV?$basic_string@DU?$char_traits@D@std@@V?$allocator@D@2@@0@PAV10@00AAV?$allocator@V?$basic_string@DU?$char_traits@D@std@@V?$allocator@D@2@@std@@@0@U_Swap_move_tag@0@U_Range_checked_iterator_tag@0@@Z 10002c80 f i DataMerge.obj
 0001:00001d40       ??0StepResource@@QAE@V?$basic_string@DU?$char_traits@D@std@@V?$allocator@D@2@@std@@0000@Z 10002d40 f i DataMerge.obj
 0001:00001ed0       ??1StepResource@@UAE@XZ    10002ed0 f i DataMerge.obj
 0001:00001ee0       ??0?$vector@V?$basic_string@DU?$char_traits@D@std@@V?$allocator@D@2@@std@@V?$allocator@V?$basic_string@DU?$char_traits@D@std@@V?$allocator@D@2@@std@@@2@@std@@QAE@XZ 10002ee0 f i DataMerge.obj
 0001:00001ef0       ?begin@?$vector@PAVDataElement@@V?$allocator@PAVDataElement@@@std@@@std@@QAE?AV?$_Vector_iterator@PAVDataElement@@V?$allocator@PAVDataElement@@@std@@@2@XZ 10002ef0 f i DataMerge.obj
 0001:00001f20       ?end@?$vector@PAVDataElement@@V?$allocator@PAVDataElement@@@std@@@std@@QAE?AV?$_Vector_iterator@PAVDataElement@@V?$allocator@PAVDataElement@@@std@@@2@XZ 10002f20 f i DataMerge.obj
 0001:00001f50       ?end@?$_Tree@V?$_Tmap_traits@V?$basic_string@DU?$char_traits@D@std@@V?$allocator@D@2@@std@@PAVRasterElement@@U?$less@V?$basic_string@DU?$char_traits@D@std@@V?$allocator@D@2@@std@@@2@V?$allocator@U?$pair@$$CBV?$basic_string@DU?$char_traits@D@std@@V?$allocator@D@2@@std@@PAVRasterElement@@@std@@@2@$0A@@std@@@std@@QAE?AViterator@12@XZ 10002f50 f i DataMerge.obj
 0001:00001f60       ?lower_bound@?$_Tree@V?$_Tmap_traits@V?$basic_string@DU?$char_traits@D@std@@V?$allocator@D@2@@std@@PAVRasterElement@@U?$less@V?$basic_string@DU?$char_traits@D@std@@V?$allocator@D@2@@std@@@2@V?$allocator@U?$pair@$$CBV?$basic_string@DU?$char_traits@D@std@@V?$allocator@D@2@@std@@PAVRasterElement@@@std@@@2@$0A@@std@@@std@@QAE?AViterator@12@ABV?$basic_string@DU?$char_traits@D@std@@V?$allocator@D@2@@2@@Z 10002f60 f i DataMerge.obj
 0001:00001f90       ?_Init@?$_Tree@V?$_Tmap_traits@V?$basic_string@DU?$char_traits@D@std@@V?$allocator@D@2@@std@@PAVRasterElement@@U?$less@V?$basic_string@DU?$char_traits@D@std@@V?$allocator@D@2@@std@@@2@V?$allocator@U?$pair@$$CBV?$basic_string@DU?$char_traits@D@std@@V?$allocator@D@2@@std@@PAVRasterElement@@@std@@@2@$0A@@std@@@std@@IAEXXZ 10002f90 f i DataMerge.obj
 0001:00001fc0       ??0?$_Tree_val@V?$_Tmap_traits@V?$basic_string@DU?$char_traits@D@std@@V?$allocator@D@2@@std@@PAVRasterElement@@U?$less@V?$basic_string@DU?$char_traits@D@std@@V?$allocator@D@2@@std@@@2@V?$allocator@U?$pair@$$CBV?$basic_string@DU?$char_traits@D@std@@V?$allocator@D@2@@std@@PAVRasterElement@@@std@@@2@$0A@@std@@@std@@IAE@ABU?$less@V?$basic_string@DU?$char_traits@D@std@@V?$allocator@D@2@@std@@@1@V?$allocator@U?$pair@$$CBV?$basic_string@DU?$char_traits@D@std@@V?$allocator@D@2@@std@@PAVRasterElement@@@std@@@1@@Z 10002fc0 f i DataMerge.obj
 0001:00001fd0       ?_Tidy@?$vector@PAVDataElement@@V?$allocator@PAVDataElement@@@std@@@std@@IAEXXZ 10002fd0 f i DataMerge.obj
 0001:00002000       ?begin@?$_Tree@V?$_Tmap_traits@V?$basic_string@DU?$char_traits@D@std@@V?$allocator@D@2@@std@@PAVRasterElement@@U?$less@V?$basic_string@DU?$char_traits@D@std@@V?$allocator@D@2@@std@@@2@V?$allocator@U?$pair@$$CBV?$basic_string@DU?$char_traits@D@std@@V?$allocator@D@2@@std@@PAVRasterElement@@@std@@@2@$0A@@std@@@std@@QAE?AViterator@12@XZ 10003000 f i DataMerge.obj
 0001:00002020       ?_Insert@?$_Tree@V?$_Tmap_traits@V?$basic_string@DU?$char_traits@D@std@@V?$allocator@D@2@@std@@PAVRasterElement@@U?$less@V?$basic_string@DU?$char_traits@D@std@@V?$allocator@D@2@@std@@@2@V?$allocator@U?$pair@$$CBV?$basic_string@DU?$char_traits@D@std@@V?$allocator@D@2@@std@@PAVRasterElement@@@std@@@2@$0A@@std@@@std@@IAE?AViterator@12@_NPAU_Node@?$_Tree_nod@V?$_Tmap_traits@V?$basic_string@DU?$char_traits@D@std@@V?$allocator@D@2@@std@@PAVRasterElement@@U?$less@V?$basic_string@DU?$char_traits@D@std@@V?$allocator@D@2@@std@@@2@V?$allocator@U?$pair@$$CBV?$basic_string@DU?$char_traits@D@std@@V?$allocator@D@2@@std@@PAVRasterElement@@@std@@@2@$0A@@std@@@2@ABU?$pair@$$CBV?$basic_string@DU?$char_traits@D@std@@V?$allocator@D@2@@std@@PAVRasterElement@@@2@@Z 10003020 f i DataMerge.obj
 0001:00002220       ?destroy@?$allocator@U_Node@?$_Tree_nod@V?$_Tmap_traits@V?$basic_string@DU?$char_traits@D@std@@V?$allocator@D@2@@std@@PAVRasterElement@@U?$less@V?$basic_string@DU?$char_traits@D@std@@V?$allocator@D@2@@std@@@2@V?$allocator@U?$pair@$$CBV?$basic_string@DU?$char_traits@D@std@@V?$allocator@D@2@@std@@PAVRasterElement@@@std@@@2@$0A@@std@@@std@@@std@@QAEXPAU_Node@?$_Tree_nod@V?$_Tmap_traits@V?$basic_string@DU?$char_traits@D@std@@V?$allocator@D@2@@std@@PAVRasterElement@@U?$less@V?$basic_string@DU?$char_traits@D@std@@V?$allocator@D@2@@std@@@2@V?$allocator@U?$pair@$$CBV?$basic_string@DU?$char_traits@D@std@@V?$allocator@D@2@@std@@PAVRasterElement@@@std@@@2@$0A@@std@@@2@@Z 10003220 f i DataMerge.obj
 0001:00002230       ??$_Unchecked_move_backward@PAV?$basic_string@DU?$char_traits@D@std@@V?$allocator@D@2@@std@@PAV12@@stdext@@YAPAV?$basic_string@DU?$char_traits@D@std@@V?$allocator@D@2@@std@@PAV12@00@Z 10003230 f i DataMerge.obj
 0001:00002260       ??$_Destroy_range@V?$basic_string@DU?$char_traits@D@std@@V?$allocator@D@2@@std@@V?$allocator@V?$basic_string@DU?$char_traits@D@std@@V?$allocator@D@2@@std@@@2@@std@@YAXPAV?$basic_string@DU?$char_traits@D@std@@V?$allocator@D@2@@0@0AAV?$allocator@V?$basic_string@DU?$char_traits@D@std@@V?$allocator@D@2@@std@@@0@U_Nonscalar_ptr_iterator_tag@0@@Z 10003260 f i DataMerge.obj
 0001:00002290       ??$_Uninit_fill_n@PAV?$basic_string@DU?$char_traits@D@std@@V?$allocator@D@2@@std@@IV12@V?$allocator@V?$basic_string@DU?$char_traits@D@std@@V?$allocator@D@2@@std@@@2@@std@@YAXPAV?$basic_string@DU?$char_traits@D@std@@V?$allocator@D@2@@0@IABV10@AAV?$allocator@V?$basic_string@DU?$char_traits@D@std@@V?$allocator@D@2@@std@@@0@U_Nonscalar_ptr_iterator_tag@0@U_Range_checked_iterator_tag@0@@Z 10003290 f i DataMerge.obj
 0001:00002320       ??$_Unchecked_uninitialized_move@PAV?$basic_string@DU?$char_traits@D@std@@V?$allocator@D@2@@std@@PAV12@V?$allocator@V?$basic_string@DU?$char_traits@D@std@@V?$allocator@D@2@@std@@@2@@stdext@@YAPAV?$basic_string@DU?$char_traits@D@std@@V?$allocator@D@2@@std@@PAV12@00AAV?$allocator@V?$basic_string@DU?$char_traits@D@std@@V?$allocator@D@2@@std@@@2@@Z 10003320 f i DataMerge.obj
 0001:00002350       ??_EStepResource@@UAEPAXI@Z 10003350 f i DataMerge.obj
 0001:00002350       ??_GStepResource@@UAEPAXI@Z 10003350 f i DataMerge.obj
 0001:00002370       ??1?$vector@PAVDataElement@@V?$allocator@PAVDataElement@@@std@@@std@@QAE@XZ 10003370 f i DataMerge.obj
 0001:000023a0       ??0?$_Tree@V?$_Tmap_traits@V?$basic_string@DU?$char_traits@D@std@@V?$allocator@D@2@@std@@PAVRasterElement@@U?$less@V?$basic_string@DU?$char_traits@D@std@@V?$allocator@D@2@@std@@@2@V?$allocator@U?$pair@$$CBV?$basic_string@DU?$char_traits@D@std@@V?$allocator@D@2@@std@@PAVRasterElement@@@std@@@2@$0A@@std@@@std@@QAE@ABU?$less@V?$basic_string@DU?$char_traits@D@std@@V?$allocator@D@2@@std@@@1@ABV?$allocator@U?$pair@$$CBV?$basic_string@DU?$char_traits@D@std@@V?$allocator@D@2@@std@@PAVRasterElement@@@std@@@1@@Z 100033a0 f i DataMerge.obj
 0001:000023d0       ?insert@?$_Tree@V?$_Tmap_traits@V?$basic_string@DU?$char_traits@D@std@@V?$allocator@D@2@@std@@PAVRasterElement@@U?$less@V?$basic_string@DU?$char_traits@D@std@@V?$allocator@D@2@@std@@@2@V?$allocator@U?$pair@$$CBV?$basic_string@DU?$char_traits@D@std@@V?$allocator@D@2@@std@@PAVRasterElement@@@std@@@2@$0A@@std@@@std@@QAE?AU?$pair@Viterator@?$_Tree@V?$_Tmap_traits@V?$basic_string@DU?$char_traits@D@std@@V?$allocator@D@2@@std@@PAVRasterElement@@U?$less@V?$basic_string@DU?$char_traits@D@std@@V?$allocator@D@2@@std@@@2@V?$allocator@U?$pair@$$CBV?$basic_string@DU?$char_traits@D@std@@V?$allocator@D@2@@std@@PAVRasterElement@@@std@@@2@$0A@@std@@@std@@_N@2@ABU?$pair@$$CBV?$basic_string@DU?$char_traits@D@std@@V?$allocator@D@2@@std@@PAVRasterElement@@@2@@Z 100033d0 f i DataMerge.obj
 0001:000024d0       ?erase@?$_Tree@V?$_Tmap_traits@V?$basic_string@DU?$char_traits@D@std@@V?$allocator@D@2@@std@@PAVRasterElement@@U?$less@V?$basic_string@DU?$char_traits@D@std@@V?$allocator@D@2@@std@@@2@V?$allocator@U?$pair@$$CBV?$basic_string@DU?$char_traits@D@std@@V?$allocator@D@2@@std@@PAVRasterElement@@@std@@@2@$0A@@std@@@std@@QAE?AViterator@12@V312@@Z 100034d0 f i DataMerge.obj
 0001:000027a0       ??0out_of_range@std@@QAE@ABV01@@Z 100037a0 f i DataMerge.obj
 0001:000027c0       ?_Erase@?$_Tree@V?$_Tmap_traits@V?$basic_string@DU?$char_traits@D@std@@V?$allocator@D@2@@std@@PAVRasterElement@@U?$less@V?$basic_string@DU?$char_traits@D@std@@V?$allocator@D@2@@std@@@2@V?$allocator@U?$pair@$$CBV?$basic_string@DU?$char_traits@D@std@@V?$allocator@D@2@@std@@PAVRasterElement@@@std@@@2@$0A@@std@@@std@@IAEXPAU_Node@?$_Tree_nod@V?$_Tmap_traits@V?$basic_string@DU?$char_traits@D@std@@V?$allocator@D@2@@std@@PAVRasterElement@@U?$less@V?$basic_string@DU?$char_traits@D@std@@V?$allocator@D@2@@std@@@2@V?$allocator@U?$pair@$$CBV?$basic_string@DU?$char_traits@D@std@@V?$allocator@D@2@@std@@PAVRasterElement@@@std@@@2@$0A@@std@@@2@@Z 100037c0 f i DataMerge.obj
 0001:00002800       ??$_Destroy_range@V?$basic_string@DU?$char_traits@D@std@@V?$allocator@D@2@@std@@V?$allocator@V?$basic_string@DU?$char_traits@D@std@@V?$allocator@D@2@@std@@@2@@std@@YAXPAV?$basic_string@DU?$char_traits@D@std@@V?$allocator@D@2@@0@0AAV?$allocator@V?$basic_string@DU?$char_traits@D@std@@V?$allocator@D@2@@std@@@0@@Z 10003800 f i DataMerge.obj
 0001:00002830       ??$unchecked_uninitialized_fill_n@PAV?$basic_string@DU?$char_traits@D@std@@V?$allocator@D@2@@std@@IV12@V?$allocator@V?$basic_string@DU?$char_traits@D@std@@V?$allocator@D@2@@std@@@2@@stdext@@YAXPAV?$basic_string@DU?$char_traits@D@std@@V?$allocator@D@2@@std@@IABV12@AAV?$allocator@V?$basic_string@DU?$char_traits@D@std@@V?$allocator@D@2@@std@@@2@@Z 10003830 f i DataMerge.obj
 0001:00002860       ??$_Umove@PAV?$basic_string@DU?$char_traits@D@std@@V?$allocator@D@2@@std@@@?$vector@V?$basic_string@DU?$char_traits@D@std@@V?$allocator@D@2@@std@@V?$allocator@V?$basic_string@DU?$char_traits@D@std@@V?$allocator@D@2@@std@@@2@@std@@IAEPAV?$basic_string@DU?$char_traits@D@std@@V?$allocator@D@2@@1@PAV21@00@Z 10003860 f i DataMerge.obj
 0001:00002890       ?_Destroy@?$vector@V?$basic_string@DU?$char_traits@D@std@@V?$allocator@D@2@@std@@V?$allocator@V?$basic_string@DU?$char_traits@D@std@@V?$allocator@D@2@@std@@@2@@std@@IAEXPAV?$basic_string@DU?$char_traits@D@std@@V?$allocator@D@2@@2@0@Z 10003890 f i DataMerge.obj
 0001:000028c0       ?_Tidy@?$vector@V?$basic_string@DU?$char_traits@D@std@@V?$allocator@D@2@@std@@V?$allocator@V?$basic_string@DU?$char_traits@D@std@@V?$allocator@D@2@@std@@@2@@std@@IAEXXZ 100038c0 f i DataMerge.obj
 0001:00002910       ?_Ufill@?$vector@V?$basic_string@DU?$char_traits@D@std@@V?$allocator@D@2@@std@@V?$allocator@V?$basic_string@DU?$char_traits@D@std@@V?$allocator@D@2@@std@@@2@@std@@IAEPAV?$basic_string@DU?$char_traits@D@std@@V?$allocator@D@2@@2@PAV32@IABV32@@Z 10003910 f i DataMerge.obj
 0001:00002950       ?insert@?$_Tree@V?$_Tmap_traits@V?$basic_string@DU?$char_traits@D@std@@V?$allocator@D@2@@std@@PAVRasterElement@@U?$less@V?$basic_string@DU?$char_traits@D@std@@V?$allocator@D@2@@std@@@2@V?$allocator@U?$pair@$$CBV?$basic_string@DU?$char_traits@D@std@@V?$allocator@D@2@@std@@PAVRasterElement@@@std@@@2@$0A@@std@@@std@@QAE?AViterator@12@V312@ABU?$pair@$$CBV?$basic_string@DU?$char_traits@D@std@@V?$allocator@D@2@@std@@PAVRasterElement@@@2@@Z 10003950 f i DataMerge.obj
 0001:00002b60       ?_Insert_n@?$vector@V?$basic_string@DU?$char_traits@D@std@@V?$allocator@D@2@@std@@V?$allocator@V?$basic_string@DU?$char_traits@D@std@@V?$allocator@D@2@@std@@@2@@std@@IAEXV?$_Vector_iterator@V?$basic_string@DU?$char_traits@D@std@@V?$allocator@D@2@@std@@V?$allocator@V?$basic_string@DU?$char_traits@D@std@@V?$allocator@D@2@@std@@@2@@2@IABV?$basic_string@DU?$char_traits@D@std@@V?$allocator@D@2@@2@@Z 10003b60 f i DataMerge.obj
 0001:00002e80       ?_Copy@?$_Tree@V?$_Tmap_traits@V?$basic_string@DU?$char_traits@D@std@@V?$allocator@D@2@@std@@PAVRasterElement@@U?$less@V?$basic_string@DU?$char_traits@D@std@@V?$allocator@D@2@@std@@@2@V?$allocator@U?$pair@$$CBV?$basic_string@DU?$char_traits@D@std@@V?$allocator@D@2@@std@@PAVRasterElement@@@std@@@2@$0A@@std@@@std@@IAEPAU_Node@?$_Tree_nod@V?$_Tmap_traits@V?$basic_string@DU?$char_traits@D@std@@V?$allocator@D@2@@std@@PAVRasterElement@@U?$less@V?$basic_string@DU?$char_traits@D@std@@V?$allocator@D@2@@std@@@2@V?$allocator@U?$pair@$$CBV?$basic_string@DU?$char_traits@D@std@@V?$allocator@D@2@@std@@PAVRasterElement@@@std@@@2@$0A@@std@@@2@PAU342@0@Z 10003e80 f i DataMerge.obj
 0001:00002f30       ?clear@?$_Tree@V?$_Tmap_traits@V?$basic_string@DU?$char_traits@D@std@@V?$allocator@D@2@@std@@PAVRasterElement@@U?$less@V?$basic_string@DU?$char_traits@D@std@@V?$allocator@D@2@@std@@@2@V?$allocator@U?$pair@$$CBV?$basic_string@DU?$char_traits@D@std@@V?$allocator@D@2@@std@@PAVRasterElement@@@std@@@2@$0A@@std@@@std@@QAEXXZ 10003f30 f i DataMerge.obj
 0001:00002f60       ??1?$vector@V?$basic_string@DU?$char_traits@D@std@@V?$allocator@D@2@@std@@V?$allocator@V?$basic_string@DU?$char_traits@D@std@@V?$allocator@D@2@@std@@@2@@std@@QAE@XZ 10003f60 f i DataMerge.obj
 0001:00002f70       ??A?$map@V?$basic_string@DU?$char_traits@D@std@@V?$allocator@D@2@@std@@PAVRasterElement@@U?$less@V?$basic_string@DU?$char_traits@D@std@@V?$allocator@D@2@@std@@@2@V?$allocator@U?$pair@$$CBV?$basic_string@DU?$char_traits@D@std@@V?$allocator@D@2@@std@@PAVRasterElement@@@std@@@2@@std@@QAEAAPAVRasterElement@@ABV?$basic_string@DU?$char_traits@D@std@@V?$allocator@D@2@@1@@Z 10003f70 f i DataMerge.obj
 0001:00003030       ?insert@?$vector@V?$basic_string@DU?$char_traits@D@std@@V?$allocator@D@2@@std@@V?$allocator@V?$basic_string@DU?$char_traits@D@std@@V?$allocator@D@2@@std@@@2@@std@@QAE?AV?$_Vector_iterator@V?$basic_string@DU?$char_traits@D@std@@V?$allocator@D@2@@std@@V?$allocator@V?$basic_string@DU?$char_traits@D@std@@V?$allocator@D@2@@std@@@2@@2@V32@ABV?$basic_string@DU?$char_traits@D@std@@V?$allocator@D@2@@2@@Z 10004030 f i DataMerge.obj
 0001:000030f0       ?_Copy@?$_Tree@V?$_Tmap_traits@V?$basic_string@DU?$char_traits@D@std@@V?$allocator@D@2@@std@@PAVRasterElement@@U?$less@V?$basic_string@DU?$char_traits@D@std@@V?$allocator@D@2@@std@@@2@V?$allocator@U?$pair@$$CBV?$basic_string@DU?$char_traits@D@std@@V?$allocator@D@2@@std@@PAVRasterElement@@@std@@@2@$0A@@std@@@std@@IAEXABV12@@Z 100040f0 f i DataMerge.obj
 0001:00003170       ?erase@?$_Tree@V?$_Tmap_traits@V?$basic_string@DU?$char_traits@D@std@@V?$allocator@D@2@@std@@PAVRasterElement@@U?$less@V?$basic_string@DU?$char_traits@D@std@@V?$allocator@D@2@@std@@@2@V?$allocator@U?$pair@$$CBV?$basic_string@DU?$char_traits@D@std@@V?$allocator@D@2@@std@@PAVRasterElement@@@std@@@2@$0A@@std@@@std@@QAE?AViterator@12@V312@0@Z 10004170 f i DataMerge.obj
 0001:00003240       ??1BasicPlugInFactory@@QAE@XZ 10004240 f i DataMerge.obj
 0001:00003250       ??1DataMergePlugInFactory@SpectralDataMerge@@QAE@XZ 10004250 f i DataMerge.obj
 0001:00003260       ?push_back@?$vector@V?$basic_string@DU?$char_traits@D@std@@V?$allocator@D@2@@std@@V?$allocator@V?$basic_string@DU?$char_traits@D@std@@V?$allocator@D@2@@std@@@2@@std@@QAEXABV?$basic_string@DU?$char_traits@D@std@@V?$allocator@D@2@@2@@Z 10004260 f i DataMerge.obj
 0001:00003310       ?_Tidy@?$_Tree@V?$_Tmap_traits@V?$basic_string@DU?$char_traits@D@std@@V?$allocator@D@2@@std@@PAVRasterElement@@U?$less@V?$basic_string@DU?$char_traits@D@std@@V?$allocator@D@2@@std@@@2@V?$allocator@U?$pair@$$CBV?$basic_string@DU?$char_traits@D@std@@V?$allocator@D@2@@std@@PAVRasterElement@@@std@@@2@$0A@@std@@@std@@IAEXXZ 10004310 f i DataMerge.obj
 0001:00003350       ?addPlugInName@BasicPlugInFactory@@AAEXV?$basic_string@DU?$char_traits@D@std@@V?$allocator@D@2@@std@@@Z 10004350 f i DataMerge.obj
 0001:000033a0       ??0?$_Tree@V?$_Tmap_traits@V?$basic_string@DU?$char_traits@D@std@@V?$allocator@D@2@@std@@PAVRasterElement@@U?$less@V?$basic_string@DU?$char_traits@D@std@@V?$allocator@D@2@@std@@@2@V?$allocator@U?$pair@$$CBV?$basic_string@DU?$char_traits@D@std@@V?$allocator@D@2@@std@@PAVRasterElement@@@std@@@2@$0A@@std@@@std@@QAE@ABV01@@Z 100043a0 f i DataMerge.obj
 0001:00003430       ??1?$_Tree@V?$_Tmap_traits@V?$basic_string@DU?$char_traits@D@std@@V?$allocator@D@2@@std@@PAVRasterElement@@U?$less@V?$basic_string@DU?$char_traits@D@std@@V?$allocator@D@2@@std@@@2@V?$allocator@U?$pair@$$CBV?$basic_string@DU?$char_traits@D@std@@V?$allocator@D@2@@std@@PAVRasterElement@@@std@@@2@$0A@@std@@@std@@QAE@XZ 10004430 f i DataMerge.obj
 0001:00003470       ??0BasicPlugInFactory@@QAE@ABV?$basic_string@DU?$char_traits@D@std@@V?$allocator@D@2@@std@@@Z 10004470 f i DataMerge.obj
 0001:000034f0       ??$_Ptr_cat@V?$_Vector_const_iterator@V?$basic_string@DU?$char_traits@D@std@@V?$allocator@D@2@@std@@V?$allocator@V?$basic_string@DU?$char_traits@D@std@@V?$allocator@D@2@@std@@@2@@std@@PAV?$basic_string@DU?$char_traits@D@std@@V?$allocator@D@2@@2@@std@@YA?AU_Nonscalar_ptr_iterator_tag@0@AAV?$_Vector_const_iterator@V?$basic_string@DU?$char_traits@D@std@@V?$allocator@D@2@@std@@V?$allocator@V?$basic_string@DU?$char_traits@D@std@@V?$allocator@D@2@@std@@@2@@0@AAPAV?$basic_string@DU?$char_traits@D@std@@V?$allocator@D@2@@0@@Z 100044f0 f i DataMerge.obj
 0001:00003500       ?_Checked_iterator_base@?$_Vector_const_iterator@V?$basic_string@DU?$char_traits@D@std@@V?$allocator@D@2@@std@@V?$allocator@V?$basic_string@DU?$char_traits@D@std@@V?$allocator@D@2@@std@@@2@@std@@QBEPBV?$basic_string@DU?$char_traits@D@std@@V?$allocator@D@2@@2@XZ 10004500 f i DataMerge.obj
 0001:00003510       ??$_Checked_base@V?$_Vector_const_iterator@V?$basic_string@DU?$char_traits@D@std@@V?$allocator@D@2@@std@@V?$allocator@V?$basic_string@DU?$char_traits@D@std@@V?$allocator@D@2@@std@@@2@@std@@U_Different_checked_iterator_base_type_tag@2@@std@@YAPBV?$basic_string@DU?$char_traits@D@std@@V?$allocator@D@2@@0@AAV?$_Vector_const_iterator@V?$basic_string@DU?$char_traits@D@std@@V?$allocator@D@2@@std@@V?$allocator@V?$basic_string@DU?$char_traits@D@std@@V?$allocator@D@2@@std@@@2@@0@U_Different_checked_iterator_base_type_tag@0@@Z 10004510 f i DataMerge.obj
 0001:00003520       ?begin@?$vector@V?$basic_string@DU?$char_traits@D@std@@V?$allocator@D@2@@std@@V?$allocator@V?$basic_string@DU?$char_traits@D@std@@V?$allocator@D@2@@std@@@2@@std@@QBE?AV?$_Vector_const_iterator@V?$basic_string@DU?$char_traits@D@std@@V?$allocator@D@2@@std@@V?$allocator@V?$basic_string@DU?$char_traits@D@std@@V?$allocator@D@2@@std@@@2@@2@XZ 10004520 f i DataMerge.obj
 0001:00003550       ?end@?$vector@V?$basic_string@DU?$char_traits@D@std@@V?$allocator@D@2@@std@@V?$allocator@V?$basic_string@DU?$char_traits@D@std@@V?$allocator@D@2@@std@@@2@@std@@QBE?AV?$_Vector_const_iterator@V?$basic_string@DU?$char_traits@D@std@@V?$allocator@D@2@@std@@V?$allocator@V?$basic_string@DU?$char_traits@D@std@@V?$allocator@D@2@@std@@@2@@2@XZ 10004550 f i DataMerge.obj
 0001:00003580       ??$_Checked_base@V?$_Vector_const_iterator@V?$basic_string@DU?$char_traits@D@std@@V?$allocator@D@2@@std@@V?$allocator@V?$basic_string@DU?$char_traits@D@std@@V?$allocator@D@2@@std@@@2@@std@@@std@@YAPBV?$basic_string@DU?$char_traits@D@std@@V?$allocator@D@2@@0@AAV?$_Vector_const_iterator@V?$basic_string@DU?$char_traits@D@std@@V?$allocator@D@2@@std@@V?$allocator@V?$basic_string@DU?$char_traits@D@std@@V?$allocator@D@2@@std@@@2@@0@@Z 10004580 f i DataMerge.obj
 0001:00003590       ??$_Uninit_copy@PBV?$basic_string@DU?$char_traits@D@std@@V?$allocator@D@2@@std@@PAV12@V?$allocator@V?$basic_string@DU?$char_traits@D@std@@V?$allocator@D@2@@std@@@2@@std@@YAPAV?$basic_string@DU?$char_traits@D@std@@V?$allocator@D@2@@0@PBV10@0PAV10@AAV?$allocator@V?$basic_string@DU?$char_traits@D@std@@V?$allocator@D@2@@std@@@0@U_Nonscalar_ptr_iterator_tag@0@U_Range_checked_iterator_tag@0@@Z 10004590 f i DataMerge.obj
 0001:00003620       ??$unchecked_uninitialized_copy@V?$_Vector_const_iterator@V?$basic_string@DU?$char_traits@D@std@@V?$allocator@D@2@@std@@V?$allocator@V?$basic_string@DU?$char_traits@D@std@@V?$allocator@D@2@@std@@@2@@std@@PAV?$basic_string@DU?$char_traits@D@std@@V?$allocator@D@2@@2@V?$allocator@V?$basic_string@DU?$char_traits@D@std@@V?$allocator@D@2@@std@@@2@@stdext@@YAPAV?$basic_string@DU?$char_traits@D@std@@V?$allocator@D@2@@std@@V?$_Vector_const_iterator@V?$basic_string@DU?$char_traits@D@std@@V?$allocator@D@2@@std@@V?$allocator@V?$basic_string@DU?$char_traits@D@std@@V?$allocator@D@2@@std@@@2@@2@0PAV12@AAV?$allocator@V?$basic_string@DU?$char_traits@D@std@@V?$allocator@D@2@@std@@@2@@Z 10004620 f i DataMerge.obj
 0001:00003650       ??$_Ucopy@V?$_Vector_const_iterator@V?$basic_string@DU?$char_traits@D@std@@V?$allocator@D@2@@std@@V?$allocator@V?$basic_string@DU?$char_traits@D@std@@V?$allocator@D@2@@std@@@2@@std@@@?$vector@V?$basic_string@DU?$char_traits@D@std@@V?$allocator@D@2@@std@@V?$allocator@V?$basic_string@DU?$char_traits@D@std@@V?$allocator@D@2@@std@@@2@@std@@IAEPAV?$basic_string@DU?$char_traits@D@std@@V?$allocator@D@2@@1@V?$_Vector_const_iterator@V?$basic_string@DU?$char_traits@D@std@@V?$allocator@D@2@@std@@V?$allocator@V?$basic_string@DU?$char_traits@D@std@@V?$allocator@D@2@@std@@@2@@1@0PAV21@@Z 10004650 f i DataMerge.obj
 0001:00003680       ??0?$vector@V?$basic_string@DU?$char_traits@D@std@@V?$allocator@D@2@@std@@V?$allocator@V?$basic_string@DU?$char_traits@D@std@@V?$allocator@D@2@@std@@@2@@std@@QAE@ABV01@@Z 10004680 f i DataMerge.obj
 0001:00003750       ?getPlugInNames@BasicPlugInFactory@@UAE?AV?$vector@V?$basic_string@DU?$char_traits@D@std@@V?$allocator@D@2@@std@@V?$allocator@V?$basic_string@DU?$char_traits@D@std@@V?$allocator@D@2@@std@@@2@@std@@XZ 10004750 f i DataMerge.obj
 0001:00003770       ??0DataMergePlugInFactory@SpectralDataMerge@@QAE@ABV?$basic_string@DU?$char_traits@D@std@@V?$allocator@D@2@@std@@@Z 10004770 f i DataMerge.obj
 0001:000037d0       ?createPlugIn@DataMergePlugInFactory@SpectralDataMerge@@UAEPAVPlugIn@@ABV?$basic_string@DU?$char_traits@D@std@@V?$allocator@D@2@@std@@@Z 100047d0 f i DataMerge.obj
 0001:00003840       ??1?$map@V?$basic_string@DU?$char_traits@D@std@@V?$allocator@D@2@@std@@PAVRasterElement@@U?$less@V?$basic_string@DU?$char_traits@D@std@@V?$allocator@D@2@@std@@@2@V?$allocator@U?$pair@$$CBV?$basic_string@DU?$char_traits@D@std@@V?$allocator@D@2@@std@@PAVRasterElement@@@std@@@2@@std@@QAE@XZ 10004840 f i DataMerge.obj
 0001:00003880       ??0?$map@V?$basic_string@DU?$char_traits@D@std@@V?$allocator@D@2@@std@@PAVRasterElement@@U?$less@V?$basic_string@DU?$char_traits@D@std@@V?$allocator@D@2@@std@@@2@V?$allocator@U?$pair@$$CBV?$basic_string@DU?$char_traits@D@std@@V?$allocator@D@2@@std@@PAVRasterElement@@@std@@@2@@std@@QAE@ABV01@@Z 10004880 f i DataMerge.obj
 0001:000038a0       ??0?$map@V?$basic_string@DU?$char_traits@D@std@@V?$allocator@D@2@@std@@PAVRasterElement@@U?$less@V?$basic_string@DU?$char_traits@D@std@@V?$allocator@D@2@@std@@@2@V?$allocator@U?$pair@$$CBV?$basic_string@DU?$char_traits@D@std@@V?$allocator@D@2@@std@@PAVRasterElement@@@std@@@2@@std@@QAE@XZ 100048a0 f i DataMerge.obj
 0001:000038d0       ?showGui@DataMerge@@AAE_NXZ 100048d0 f   DataMerge.obj
 0001:00003f70       ?execute@DataMerge@@UAE_NPAVPlugInArgList@@0@Z 10004f70 f   DataMerge.obj
 0001:00003f80       ?deserialize@DataMerge@@UAE_NAAVSessionItemDeserializer@@@Z 10004f80 f   DataMerge.obj
 0001:00003f90       ?tr@DataMergeGui@@SA?AVQString@@PBD0@Z 10004f90 f i DataMergeGui.obj
 0001:00003fc0       ??CDataAccessor@@QAEPAVDataAccessorImpl@@XZ 10004fc0 f i DataMergeGui.obj
 0001:00003fd0       ??0Args@FactoryAllocator@@QAE@PBD@Z 10004fd0 f i DataMergeGui.obj
 0001:00003ff0       ?getColumn@DataAccessorImpl@@QAEPAXXZ 10004ff0 f i DataMergeGui.obj
 0001:00004000       ?updateIfNeeded@DataAccessorImpl@@AAEXXZ 10005000 f i DataMergeGui.obj
 0001:00004090       ??0?$QFlags@W4WindowType@Qt@@@@QAE@PAPAX@Z 10005090 f i DataMergeGui.obj
 0001:000040a0       ??0?$QFlags@W4AlignmentFlag@Qt@@@@QAE@PAPAX@Z 100050a0 f i DataMergeGui.obj
 0001:000040b0       ??C?$Service@VApplicationServices@@@@QBEPAVApplicationServices@@XZ 100050b0 f i DataMergeGui.obj
 0001:000040c0       ?get@?$Resource@VDataRequest@@VFactoryObject@@@@QAEPAVDataRequest@@XZ 100050c0 f i DataMergeGui.obj
 0001:000040d0       ??C?$Resource@VDataRequest@@VFactoryObject@@@@QAEPAVDataRequest@@XZ 100050d0 f i DataMergeGui.obj
 0001:000040e0       ?release@?$Resource@VDataRequest@@VFactoryObject@@@@QAEPAVDataRequest@@XZ 100050e0 f i DataMergeGui.obj
 0001:000040f0       ??0?$EnumWrapper@W4InterleaveFormatTypeEnum@@@@QAE@ABW4InterleaveFormatTypeEnum@@@Z 100050f0 f i DataMergeGui.obj
 0001:00004110       ??B?$EnumWrapper@W4EncodingTypeEnum@@@@QBE?AW4EncodingTypeEnum@@XZ 10005110 f i DataMergeGui.obj
 0001:00004120       ??0?$EnumWrapper@W4WindowTypeEnum@@@@QAE@ABW4WindowTypeEnum@@@Z 10005120 f i DataMergeGui.obj
 0001:00004140       ??0?$EnumWrapper@W4LayerTypeEnum@@@@QAE@ABW4LayerTypeEnum@@@Z 10005140 f i DataMergeGui.obj
 0001:00004160       ??1Args@FactoryAllocator@@QAE@XZ 10005160 f i DataMergeGui.obj
 0001:00004170       ?capacity@?$vector@PAVRasterElement@@V?$allocator@PAVRasterElement@@@std@@@std@@QBEIXZ 10005170 f i DataMergeGui.obj
 0001:00004190       ?size@?$vector@PAVRasterElement@@V?$allocator@PAVRasterElement@@@std@@@std@@QBEIXZ 10005190 f i DataMergeGui.obj
 0001:000041b0       ??0?$allocator@PAVRasterElement@@@std@@QAE@XZ 100051b0 f i DataMergeGui.obj
 0001:000041c0       ?capacity@?$vector@PAVDataElement@@V?$allocator@PAVDataElement@@@std@@@std@@QBEIXZ 100051c0 f i DataMergeGui.obj
 0001:000041e0       ??0?$allocator@PAVDataElement@@@std@@QAE@XZ 100051e0 f i DataMergeGui.obj
 0001:000041f0       ??D?$_Vector_const_iterator@PAVRasterElement@@V?$allocator@PAVRasterElement@@@std@@@std@@QBEABQAVRasterElement@@XZ 100051f0 f i DataMergeGui.obj
 0001:00004220       ??E?$_Vector_const_iterator@PAVRasterElement@@V?$allocator@PAVRasterElement@@@std@@@std@@QAEAAV01@XZ 10005220 f i DataMergeGui.obj
 0001:00004250       ??8?$_Vector_const_iterator@PAVRasterElement@@V?$allocator@PAVRasterElement@@@std@@@std@@QBE_NABV01@@Z 10005250 f i DataMergeGui.obj
 0001:00004280       ??E?$_Vector_const_iterator@V?$basic_string@DU?$char_traits@D@std@@V?$allocator@D@2@@std@@V?$allocator@V?$basic_string@DU?$char_traits@D@std@@V?$allocator@D@2@@std@@@2@@std@@QAEAAV01@XZ 10005280 f i DataMergeGui.obj
 0001:000042b0       ??8?$_Vector_const_iterator@V?$basic_string@DU?$char_traits@D@std@@V?$allocator@D@2@@std@@V?$allocator@V?$basic_string@DU?$char_traits@D@std@@V?$allocator@D@2@@std@@@2@@std@@QBE_NABV01@@Z 100052b0 f i DataMergeGui.obj
 0001:000042e0       ??0Args@FactoryAllocator@@QAE@ABV01@@Z 100052e0 f i DataMergeGui.obj
 0001:00004300       ??0?$_Ranit@PAVRasterElement@@HPBQAV1@ABQAV1@@std@@QAE@XZ 10005300 f i DataMergeGui.obj
 0001:00004310       ?_Xlen@?$vector@PAVRasterElement@@V?$allocator@PAVRasterElement@@@std@@@std@@KAXXZ 10005310 f i DataMergeGui.obj
 0001:00004390       ??0?$allocator@PAVRasterElement@@@std@@QAE@ABV01@@Z 10005390 f i DataMergeGui.obj
 0001:000043a0       ?deallocate@?$allocator@PAVRasterElement@@@std@@QAEXPAPAVRasterElement@@I@Z 100053a0 f i DataMergeGui.obj
 0001:000043b0       ?_Xlen@?$vector@PAVDataElement@@V?$allocator@PAVDataElement@@@std@@@std@@KAXXZ 100053b0 f i DataMergeGui.obj
 0001:00004430       ??0?$allocator@PAVDataElement@@@std@@QAE@ABV01@@Z 10005430 f i DataMergeGui.obj
 0001:00004440       ??0?$_Vector_const_iterator@PAVRasterElement@@V?$allocator@PAVRasterElement@@@std@@@std@@QAE@PAPAVRasterElement@@PBU_Container_base@1@@Z 10005440 f i DataMergeGui.obj
 0001:00004480       ??D?$_Vector_const_iterator@V?$basic_string@DU?$char_traits@D@std@@V?$allocator@D@2@@std@@V?$allocator@V?$basic_string@DU?$char_traits@D@std@@V?$allocator@D@2@@std@@@2@@std@@QBEABV?$basic_string@DU?$char_traits@D@std@@V?$allocator@D@2@@1@XZ 10005480 f i DataMergeGui.obj
 0001:000044b0       ?max_size@?$allocator@PAVRasterElement@@@std@@QBEIXZ 100054b0 f i DataMergeGui.obj
 0001:000044c0       ?max_size@?$allocator@PAVDataElement@@@std@@QBEIXZ 100054c0 f i DataMergeGui.obj
 0001:000044d0       ??G?$_Vector_const_iterator@PAVRasterElement@@V?$allocator@PAVRasterElement@@@std@@@std@@QBEHABV01@@Z 100054d0 f i DataMergeGui.obj
[...]
 0001:00030978       __ehhandler$??$chipMetadataDimTemplate@I@?A0x92b3477e@@YA_NAAVDataVariant@@ABV?$vector@VDimensionDescriptor@@V?$allocator@VDimensionDescriptor@@@std@@@std@@@Z 10031978 f   PlugInUtilities:RasterUtilities.obj
 0001:00030990       __unwindfunclet$??$chipMetadataDimTemplate@J@?A0x92b3477e@@YA_NAAVDataVariant@@ABV?$vector@VDimensionDescriptor@@V?$allocator@VDimensionDescriptor@@@std@@@std@@@Z$0 10031990 f   PlugInUtilities:RasterUtilities.obj
 0001:00030998       __ehhandler$??$chipMetadataDimTemplate@J@?A0x92b3477e@@YA_NAAVDataVariant@@ABV?$vector@VDimensionDescriptor@@V?$allocator@VDimensionDescriptor@@@std@@@std@@@Z 10031998 f   PlugInUtilities:RasterUtilities.obj
 0001:000309b0       __unwindfunclet$??$chipMetadataDimTemplate@K@?A0x92b3477e@@YA_NAAVDataVariant@@ABV?$vector@VDimensionDescriptor@@V?$allocator@VDimensionDescriptor@@@std@@@std@@@Z$0 100319b0 f   PlugInUtilities:RasterUtilities.obj
 0001:000309b8       __ehhandler$??$chipMetadataDimTemplate@K@?A0x92b3477e@@YA_NAAVDataVariant@@ABV?$vector@VDimensionDescriptor@@V?$allocator@VDimensionDescriptor@@@std@@@std@@@Z 100319b8 f   PlugInUtilities:RasterUtilities.obj
 0001:000309d0       __unwindfunclet$??$chipMetadataDimTemplate@_J@?A0x92b3477e@@YA_NAAVDataVariant@@ABV?$vector@VDimensionDescriptor@@V?$allocator@VDimensionDescriptor@@@std@@@std@@@Z$0 100319d0 f   PlugInUtilities:RasterUtilities.obj
 0001:000309d8       __ehhandler$??$chipMetadataDimTemplate@_J@?A0x92b3477e@@YA_NAAVDataVariant@@ABV?$vector@VDimensionDescriptor@@V?$allocator@VDimensionDescriptor@@@std@@@std@@@Z 100319d8 f   PlugInUtilities:RasterUtilities.obj
 0001:000309f0       __unwindfunclet$??$chipMetadataDimTemplate@_K@?A0x92b3477e@@YA_NAAVDataVariant@@ABV?$vector@VDimensionDescriptor@@V?$allocator@VDimensionDescriptor@@@std@@@std@@@Z$0 100319f0 f   PlugInUtilities:RasterUtilities.obj
 0001:000309f8       __ehhandler$??$chipMetadataDimTemplate@_K@?A0x92b3477e@@YA_NAAVDataVariant@@ABV?$vector@VDimensionDescriptor@@V?$allocator@VDimensionDescriptor@@@std@@@std@@@Z 100319f8 f   PlugInUtilities:RasterUtilities.obj
 0001:00030a10       __unwindfunclet$??$chipMetadataDimTemplate@VInt64@@@?A0x92b3477e@@YA_NAAVDataVariant@@ABV?$vector@VDimensionDescriptor@@V?$allocator@VDimensionDescriptor@@@std@@@std@@@Z$0 10031a10 f   PlugInUtilities:RasterUtilities.obj
 0001:00030a18       __ehhandler$??$chipMetadataDimTemplate@VInt64@@@?A0x92b3477e@@YA_NAAVDataVariant@@ABV?$vector@VDimensionDescriptor@@V?$allocator@VDimensionDescriptor@@@std@@@std@@@Z 10031a18 f   PlugInUtilities:RasterUtilities.obj
 0001:00030a30       __unwindfunclet$??$chipMetadataDimTemplate@VUInt64@@@?A0x92b3477e@@YA_NAAVDataVariant@@ABV?$vector@VDimensionDescriptor@@V?$allocator@VDimensionDescriptor@@@std@@@std@@@Z$0 10031a30 f   PlugInUtilities:RasterUtilities.obj
 0001:00030a38       __ehhandler$??$chipMetadataDimTemplate@VUInt64@@@?A0x92b3477e@@YA_NAAVDataVariant@@ABV?$vector@VDimensionDescriptor@@V?$allocator@VDimensionDescriptor@@@std@@@std@@@Z 10031a38 f   PlugInUtilities:RasterUtilities.obj
 0001:00030a50       __unwindfunclet$??$chipMetadataDimTemplate@M@?A0x92b3477e@@YA_NAAVDataVariant@@ABV?$vector@VDimensionDescriptor@@V?$allocator@VDimensionDescriptor@@@std@@@std@@@Z$0 10031a50 f   PlugInUtilities:RasterUtilities.obj
 0001:00030a58       __ehhandler$??$chipMetadataDimTemplate@M@?A0x92b3477e@@YA_NAAVDataVariant@@ABV?$vector@VDimensionDescriptor@@V?$allocator@VDimensionDescriptor@@@std@@@std@@@Z 10031a58 f   PlugInUtilities:RasterUtilities.obj
 0001:00030a70       __unwindfunclet$??$chipMetadataDimTemplate@N@?A0x92b3477e@@YA_NAAVDataVariant@@ABV?$vector@VDimensionDescriptor@@V?$allocator@VDimensionDescriptor@@@std@@@std@@@Z$0 10031a70 f   PlugInUtilities:RasterUtilities.obj
 0001:00030a78       __ehhandler$??$chipMetadataDimTemplate@N@?A0x92b3477e@@YA_NAAVDataVariant@@ABV?$vector@VDimensionDescriptor@@V?$allocator@VDimensionDescriptor@@@std@@@std@@@Z 10031a78 f   PlugInUtilities:RasterUtilities.obj
 0001:00030a90       __unwindfunclet$?subsetDimensionVector@RasterUtilities@@YA?AV?$vector@VDimensionDescriptor@@V?$allocator@VDimensionDescriptor@@@std@@@std@@ABV23@ABVDimensionDescriptor@@1I@Z$0 10031a90 f   PlugInUtilities:RasterUtilities.obj
 0001:00030aa9       __ehhandler$?subsetDimensionVector@RasterUtilities@@YA?AV?$vector@VDimensionDescriptor@@V?$allocator@VDimensionDescriptor@@@std@@@std@@ABV23@ABVDimensionDescriptor@@1I@Z 10031aa9 f   PlugInUtilities:RasterUtilities.obj
 0001:00030ac0       __unwindfunclet$?generateFileDescriptorForExport@RasterUtilities@@YAPAVFileDescriptor@@PBVDataDescriptor@@ABV?$basic_string@DU?$char_traits@D@std@@V?$allocator@D@2@@std@@ABVDimensionDescriptor@@2I22IABV?$vector@VDimensionDescriptor@@V?$allocator@VDimensionDescriptor@@@std@@@5@@Z$2 10031ac0 f   PlugInUtilities:RasterUtilities.obj
 0001:00030acb       __unwindfunclet$?generateFileDescriptorForExport@RasterUtilities@@YAPAVFileDescriptor@@PBVDataDescriptor@@ABV?$basic_string@DU?$char_traits@D@std@@V?$allocator@D@2@@std@@ABVDimensionDescriptor@@2I22IABV?$vector@VDimensionDescriptor@@V?$allocator@VDimensionDescriptor@@@std@@@5@@Z$3 10031acb f   PlugInUtilities:RasterUtilities.obj
 0001:00030ad6       __unwindfunclet$?generateFileDescriptorForExport@RasterUtilities@@YAPAVFileDescriptor@@PBVDataDescriptor@@ABV?$basic_string@DU?$char_traits@D@std@@V?$allocator@D@2@@std@@ABVDimensionDescriptor@@2I22IABV?$vector@VDimensionDescriptor@@V?$allocator@VDimensionDescriptor@@@std@@@5@@Z$4 10031ad6 f   PlugInUtilities:RasterUtilities.obj
 0001:00030ae1       __ehhandler$?generateFileDescriptorForExport@RasterUtilities@@YAPAVFileDescriptor@@PBVDataDescriptor@@ABV?$basic_string@DU?$char_traits@D@std@@V?$allocator@D@2@@std@@ABVDimensionDescriptor@@2I22IABV?$vector@VDimensionDescriptor@@V?$allocator@VDimensionDescriptor@@@std@@@5@@Z 10031ae1 f   PlugInUtilities:RasterUtilities.obj
 0001:00030af0       __unwindfunclet$?generateFileDescriptorForExport@RasterUtilities@@YAPAVFileDescriptor@@PBVDataDescriptor@@ABV?$basic_string@DU?$char_traits@D@std@@V?$allocator@D@2@@std@@ABVDimensionDescriptor@@2I22I22I@Z$0 10031af0 f   PlugInUtilities:RasterUtilities.obj
 0001:00030af8       __ehhandler$?generateFileDescriptorForExport@RasterUtilities@@YAPAVFileDescriptor@@PBVDataDescriptor@@ABV?$basic_string@DU?$char_traits@D@std@@V?$allocator@D@2@@std@@ABVDimensionDescriptor@@2I22I22I@Z 10031af8 f   PlugInUtilities:RasterUtilities.obj
 0001:00030b10       __unwindfunclet$?subsetDataDescriptor@RasterUtilities@@YAXPAVDataDescriptor@@ABVDimensionDescriptor@@1I11IABV?$vector@VDimensionDescriptor@@V?$allocator@VDimensionDescriptor@@@std@@@std@@@Z$0 10031b10 f   PlugInUtilities:RasterUtilities.obj
 0001:00030b18       __unwindfunclet$?subsetDataDescriptor@RasterUtilities@@YAXPAVDataDescriptor@@ABVDimensionDescriptor@@1I11IABV?$vector@VDimensionDescriptor@@V?$allocator@VDimensionDescriptor@@@std@@@std@@@Z$1 10031b18 f   PlugInUtilities:RasterUtilities.obj
 0001:00030b20       __unwindfunclet$?subsetDataDescriptor@RasterUtilities@@YAXPAVDataDescriptor@@ABVDimensionDescriptor@@1I11IABV?$vector@VDimensionDescriptor@@V?$allocator@VDimensionDescriptor@@@std@@@std@@@Z$2 10031b20 f   PlugInUtilities:RasterUtilities.obj
 0001:00030b28       __ehhandler$?subsetDataDescriptor@RasterUtilities@@YAXPAVDataDescriptor@@ABVDimensionDescriptor@@1I11IABV?$vector@VDimensionDescriptor@@V?$allocator@VDimensionDescriptor@@@std@@@std@@@Z 10031b28 f   PlugInUtilities:RasterUtilities.obj
 0001:00030b40       __unwindfunclet$?subsetDataDescriptor@RasterUtilities@@YAXPAVDataDescriptor@@ABVDimensionDescriptor@@1I11I11I@Z$0 10031b40 f   PlugInUtilities:RasterUtilities.obj
 0001:00030b48       __ehhandler$?subsetDataDescriptor@RasterUtilities@@YAXPAVDataDescriptor@@ABVDimensionDescriptor@@1I11I11I@Z 10031b48 f   PlugInUtilities:RasterUtilities.obj
 0001:00030b60       __unwindfunclet$?getVisibleRasterChannels@RasterUtilities@@YA?AV?$vector@V?$EnumWrapper@W4RasterChannelTypeEnum@@@@V?$allocator@V?$EnumWrapper@W4RasterChannelTypeEnum@@@@@std@@@std@@XZ$0 10031b60 f   PlugInUtilities:RasterUtilities.obj
 0001:00030b79       __ehhandler$?getVisibleRasterChannels@RasterUtilities@@YA?AV?$vector@V?$EnumWrapper@W4RasterChannelTypeEnum@@@@V?$allocator@V?$EnumWrapper@W4RasterChannelTypeEnum@@@@@std@@@std@@XZ 10031b79 f   PlugInUtilities:RasterUtilities.obj
 0001:00030b90       __unwindfunclet$??$chipMetadataDimTemplate@V?$basic_string@DU?$char_traits@D@std@@V?$allocator@D@2@@std@@@?A0x92b3477e@@YA_NAAVDataVariant@@ABV?$vector@VDimensionDescriptor@@V?$allocator@VDimensionDescriptor@@@std@@@std@@@Z$0 10031b90 f   PlugInUtilities:RasterUtilities.obj
 0001:00030b98       __ehhandler$??$chipMetadataDimTemplate@V?$basic_string@DU?$char_traits@D@std@@V?$allocator@D@2@@std@@@?A0x92b3477e@@YA_NAAVDataVariant@@ABV?$vector@VDimensionDescriptor@@V?$allocator@VDimensionDescriptor@@@std@@@std@@@Z 10031b98 f   PlugInUtilities:RasterUtilities.obj
 0001:00030bb0       __unwindfunclet$?generateFileDescriptorForExport@RasterUtilities@@YAPAVFileDescriptor@@PBVDataDescriptor@@ABV?$basic_string@DU?$char_traits@D@std@@V?$allocator@D@2@@std@@@Z$0 10031bb0 f   PlugInUtilities:RasterUtilities.obj
 0001:00030bb8       __ehhandler$?generateFileDescriptorForExport@RasterUtilities@@YAPAVFileDescriptor@@PBVDataDescriptor@@ABV?$basic_string@DU?$char_traits@D@std@@V?$allocator@D@2@@std@@@Z 10031bb8 f   PlugInUtilities:RasterUtilities.obj
 0001:00030bd0       __unwindfunclet$?rotate@RasterUtilities@@YA_NPAVRasterElement@@PBV2@NHV?$EnumWrapper@W4InterpolationTypeEnum@RasterUtilities@@@@PAVProgress@@PA_N@Z$1 10031bd0 f   PlugInUtilities:RasterUtilities.obj
 0001:00030bdb       __unwindfunclet$?rotate@RasterUtilities@@YA_NPAVRasterElement@@PBV2@NHV?$EnumWrapper@W4InterpolationTypeEnum@RasterUtilities@@@@PAVProgress@@PA_N@Z$3 10031bdb f   PlugInUtilities:RasterUtilities.obj
 0001:00030be6       __unwindfunclet$?rotate@RasterUtilities@@YA_NPAVRasterElement@@PBV2@NHV?$EnumWrapper@W4InterpolationTypeEnum@RasterUtilities@@@@PAVProgress@@PA_N@Z$6 10031be6 f   PlugInUtilities:RasterUtilities.obj
 0001:00030bf1       __unwindfunclet$?rotate@RasterUtilities@@YA_NPAVRasterElement@@PBV2@NHV?$EnumWrapper@W4InterpolationTypeEnum@RasterUtilities@@@@PAVProgress@@PA_N@Z$9 10031bf1 f   PlugInUtilities:RasterUtilities.obj
 0001:00030bfc       __unwindfunclet$?rotate@RasterUtilities@@YA_NPAVRasterElement@@PBV2@NHV?$EnumWrapper@W4InterpolationTypeEnum@RasterUtilities@@@@PAVProgress@@PA_N@Z$10 10031bfc f   PlugInUtilities:RasterUtilities.obj
 0001:00030c07       __unwindfunclet$?rotate@RasterUtilities@@YA_NPAVRasterElement@@PBV2@NHV?$EnumWrapper@W4InterpolationTypeEnum@RasterUtilities@@@@PAVProgress@@PA_N@Z$11 10031c07 f   PlugInUtilities:RasterUtilities.obj
 0001:00030c13       __unwindfunclet$?rotate@RasterUtilities@@YA_NPAVRasterElement@@PBV2@NHV?$EnumWrapper@W4InterpolationTypeEnum@RasterUtilities@@@@PAVProgress@@PA_N@Z$12 10031c13 f   PlugInUtilities:RasterUtilities.obj
 0001:00030c1f       __unwindfunclet$?rotate@RasterUtilities@@YA_NPAVRasterElement@@PBV2@NHV?$EnumWrapper@W4InterpolationTypeEnum@RasterUtilities@@@@PAVProgress@@PA_N@Z$14 10031c1f f   PlugInUtilities:RasterUtilities.obj
 0001:00030c2a       __unwindfunclet$?rotate@RasterUtilities@@YA_NPAVRasterElement@@PBV2@NHV?$EnumWrapper@W4InterpolationTypeEnum@RasterUtilities@@@@PAVProgress@@PA_N@Z$15 10031c2a f   PlugInUtilities:RasterUtilities.obj
 0001:00030c35       __unwindfunclet$?rotate@RasterUtilities@@YA_NPAVRasterElement@@PBV2@NHV?$EnumWrapper@W4InterpolationTypeEnum@RasterUtilities@@@@PAVProgress@@PA_N@Z$16 10031c35 f   PlugInUtilities:RasterUtilities.obj
 0001:00030c40       __unwindfunclet$?rotate@RasterUtilities@@YA_NPAVRasterElement@@PBV2@NHV?$EnumWrapper@W4InterpolationTypeEnum@RasterUtilities@@@@PAVProgress@@PA_N@Z$17 10031c40 f   PlugInUtilities:RasterUtilities.obj
 0001:00030c4b       __unwindfunclet$?rotate@RasterUtilities@@YA_NPAVRasterElement@@PBV2@NHV?$EnumWrapper@W4InterpolationTypeEnum@RasterUtilities@@@@PAVProgress@@PA_N@Z$18 10031c4b f   PlugInUtilities:RasterUtilities.obj
 0001:00030c57       __unwindfunclet$?rotate@RasterUtilities@@YA_NPAVRasterElement@@PBV2@NHV?$EnumWrapper@W4InterpolationTypeEnum@RasterUtilities@@@@PAVProgress@@PA_N@Z$21 10031c57 f   PlugInUtilities:RasterUtilities.obj
 0001:00030c62       __unwindfunclet$?rotate@RasterUtilities@@YA_NPAVRasterElement@@PBV2@NHV?$EnumWrapper@W4InterpolationTypeEnum@RasterUtilities@@@@PAVProgress@@PA_N@Z$19 10031c62 f   PlugInUtilities:RasterUtilities.obj
 0001:00030c6e       __unwindfunclet$?rotate@RasterUtilities@@YA_NPAVRasterElement@@PBV2@NHV?$EnumWrapper@W4InterpolationTypeEnum@RasterUtilities@@@@PAVProgress@@PA_N@Z$20 10031c6e f   PlugInUtilities:RasterUtilities.obj
 0001:00030c7a       __unwindfunclet$?rotate@RasterUtilities@@YA_NPAVRasterElement@@PBV2@NHV?$EnumWrapper@W4InterpolationTypeEnum@RasterUtilities@@@@PAVProgress@@PA_N@Z$24 10031c7a f   PlugInUtilities:RasterUtilities.obj
 0001:00030c86       __unwindfunclet$?rotate@RasterUtilities@@YA_NPAVRasterElement@@PBV2@NHV?$EnumWrapper@W4InterpolationTypeEnum@RasterUtilities@@@@PAVProgress@@PA_N@Z$25 10031c86 f   PlugInUtilities:RasterUtilities.obj
 0001:00030c92       __unwindfunclet$?rotate@RasterUtilities@@YA_NPAVRasterElement@@PBV2@NHV?$EnumWrapper@W4InterpolationTypeEnum@RasterUtilities@@@@PAVProgress@@PA_N@Z$26 10031c92 f   PlugInUtilities:RasterUtilities.obj
 0001:00030c9e       __unwindfunclet$?rotate@RasterUtilities@@YA_NPAVRasterElement@@PBV2@NHV?$EnumWrapper@W4InterpolationTypeEnum@RasterUtilities@@@@PAVProgress@@PA_N@Z$13 10031c9e f   PlugInUtilities:RasterUtilities.obj
 0001:00030caa       __unwindfunclet$?rotate@RasterUtilities@@YA_NPAVRasterElement@@PBV2@NHV?$EnumWrapper@W4InterpolationTypeEnum@RasterUtilities@@@@PAVProgress@@PA_N@Z$2 10031caa f   PlugInUtilities:RasterUtilities.obj
 0001:00030cb6       __unwindfunclet$?rotate@RasterUtilities@@YA_NPAVRasterElement@@PBV2@NHV?$EnumWrapper@W4InterpolationTypeEnum@RasterUtilities@@@@PAVProgress@@PA_N@Z$0 10031cb6 f   PlugInUtilities:RasterUtilities.obj
 0001:00030cc2       __ehhandler$?rotate@RasterUtilities@@YA_NPAVRasterElement@@PBV2@NHV?$EnumWrapper@W4InterpolationTypeEnum@RasterUtilities@@@@PAVProgress@@PA_N@Z 10031cc2 f   PlugInUtilities:RasterUtilities.obj
 0001:00030cd0       __unwindfunclet$??$chipMetadataDimTemplate@_N@?A0x92b3477e@@YA_NAAVDataVariant@@ABV?$vector@VDimensionDescriptor@@V?$allocator@VDimensionDescriptor@@@std@@@std@@@Z$0 10031cd0 f   PlugInUtilities:RasterUtilities.obj
 0001:00030cd8       __ehhandler$??$chipMetadataDimTemplate@_N@?A0x92b3477e@@YA_NAAVDataVariant@@ABV?$vector@VDimensionDescriptor@@V?$allocator@VDimensionDescriptor@@@std@@@std@@@Z 10031cd8 f   PlugInUtilities:RasterUtilities.obj
 0001:00030cf0       __unwindfunclet$?chipMetadataDim@?A0x92b3477e@@YAXPAVDynamicObject@@ABV?$vector@VDimensionDescriptor@@V?$allocator@VDimensionDescriptor@@@std@@@std@@@Z$0 10031cf0 f   PlugInUtilities:RasterUtilities.obj
 0001:00030cf8       __unwindfunclet$?chipMetadataDim@?A0x92b3477e@@YAXPAVDynamicObject@@ABV?$vector@VDimensionDescriptor@@V?$allocator@VDimensionDescriptor@@@std@@@std@@@Z$1 10031cf8 f   PlugInUtilities:RasterUtilities.obj
 0001:00030d01       __ehhandler$?chipMetadataDim@?A0x92b3477e@@YAXPAVDynamicObject@@ABV?$vector@VDimensionDescriptor@@V?$allocator@VDimensionDescriptor@@@std@@@std@@@Z 10031d01 f   PlugInUtilities:RasterUtilities.obj
 0001:00030d10       __unwindfunclet$?chipMetadata@RasterUtilities@@YA_NPAVDynamicObject@@ABV?$vector@VDimensionDescriptor@@V?$allocator@VDimensionDescriptor@@@std@@@std@@11@Z$0 10031d10 f   PlugInUtilities:RasterUtilities.obj
 0001:00030d19       __unwindfunclet$?chipMetadata@RasterUtilities@@YA_NPAVDynamicObject@@ABV?$vector@VDimensionDescriptor@@V?$allocator@VDimensionDescriptor@@@std@@@std@@11@Z$1 10031d19 f   PlugInUtilities:RasterUtilities.obj
 0001:00030d22       __unwindfunclet$?chipMetadata@RasterUtilities@@YA_NPAVDynamicObject@@ABV?$vector@VDimensionDescriptor@@V?$allocator@VDimensionDescriptor@@@std@@@std@@11@Z$2 10031d22 f   PlugInUtilities:RasterUtilities.obj
 0001:00030d2b       __unwindfunclet$?chipMetadata@RasterUtilities@@YA_NPAVDynamicObject@@ABV?$vector@VDimensionDescriptor@@V?$allocator@VDimensionDescriptor@@@std@@@std@@11@Z$3 10031d2b f   PlugInUtilities:RasterUtilities.obj
 0001:00030d34       __ehhandler$?chipMetadata@RasterUtilities@@YA_NPAVDynamicObject@@ABV?$vector@VDimensionDescriptor@@V?$allocator@VDimensionDescriptor@@@std@@@std@@11@Z 10031d34 f   PlugInUtilities:RasterUtilities.obj
 0001:00030d40       __unwindfunclet$?LogVerificationErrorProc@@YAXPBD0I0@Z$0 10031d40 f   PlugInUtilities:AppVerify.obj
 0001:00030d4c       __unwindfunclet$?LogVerificationErrorProc@@YAXPBD0I0@Z$1 10031d4c f   PlugInUtilities:AppVerify.obj
 0001:00030d58       __unwindfunclet$?LogVerificationErrorProc@@YAXPBD0I0@Z$2 10031d58 f   PlugInUtilities:AppVerify.obj
 0001:00030d64       __unwindfunclet$?LogVerificationErrorProc@@YAXPBD0I0@Z$3 10031d64 f   PlugInUtilities:AppVerify.obj
 0001:00030d70       __unwindfunclet$?LogVerificationErrorProc@@YAXPBD0I0@Z$4 10031d70 f   PlugInUtilities:AppVerify.obj
 0001:00030d7c       __unwindfunclet$?LogVerificationErrorProc@@YAXPBD0I0@Z$5 10031d7c f   PlugInUtilities:AppVerify.obj
 0001:00030d88       __unwindfunclet$?LogVerificationErrorProc@@YAXPBD0I0@Z$6 10031d88 f   PlugInUtilities:AppVerify.obj
 0001:00030d94       __unwindfunclet$?LogVerificationErrorProc@@YAXPBD0I0@Z$7 10031d94 f   PlugInUtilities:AppVerify.obj
 0001:00030da0       __unwindfunclet$?LogVerificationErrorProc@@YAXPBD0I0@Z$8 10031da0 f   PlugInUtilities:AppVerify.obj
 0001:00030dac       __unwindfunclet$?LogVerificationErrorProc@@YAXPBD0I0@Z$9 10031dac f   PlugInUtilities:AppVerify.obj
 0001:00030db8       __unwindfunclet$?LogVerificationErrorProc@@YAXPBD0I0@Z$10 10031db8 f   PlugInUtilities:AppVerify.obj
 0001:00030dc4       __unwindfunclet$?LogVerificationErrorProc@@YAXPBD0I0@Z$11 10031dc4 f   PlugInUtilities:AppVerify.obj
 0001:00030dd0       __unwindfunclet$?LogVerificationErrorProc@@YAXPBD0I0@Z$12 10031dd0 f   PlugInUtilities:AppVerify.obj
 0001:00030ddc       __unwindfunclet$?LogVerificationErrorProc@@YAXPBD0I0@Z$13 10031ddc f   PlugInUtilities:AppVerify.obj
 0001:00030de8       __unwindfunclet$?LogVerificationErrorProc@@YAXPBD0I0@Z$14 10031de8 f   PlugInUtilities:AppVerify.obj
 0001:00030df4       __unwindfunclet$?LogVerificationErrorProc@@YAXPBD0I0@Z$15 10031df4 f   PlugInUtilities:AppVerify.obj
 0001:00030e00       __ehhandler$?LogVerificationErrorProc@@YAXPBD0I0@Z 10031e00 f   PlugInUtilities:AppVerify.obj
 0001:00030e10       __unwindfunclet$?createWrapper@DataVariant@@ABEPAVDataValueWrapper@@PBXPBD_N@Z$0 10031e10 f   PlugInUtilities:DataVariant.obj
 0001:00030e19       __ehhandler$?createWrapper@DataVariant@@ABEPAVDataValueWrapper@@PBXPBD_N@Z 10031e19 f   PlugInUtilities:DataVariant.obj
 0001:00030e30       ??__EDataMergepluginFactory@SpectralDataMerge@@YAXXZ 10031e30 f   DataMerge.obj
 0001:00030ec0       ??__E?staticMetaObject@DataMerge@@2UQMetaObject@@B@@YAXXZ 10031ec0 f   moc_DataMerge.obj
 0001:00030ed0       ??__E?staticMetaObject@DataMergeGui@@2UQMetaObject@@B@@YAXXZ 10031ed0 f   moc_DataMergeGui.obj
 0001:00030ee0       ??__FDataMergepluginFactory@SpectralDataMerge@@YAXXZ 10031ee0 f   DataMerge.obj
 0001:00030ef0       ??__FsFactories@?1??factories@SpectralDataMerge@@YAAAV?$vector@U?$pair@V?$basic_string@DU?$char_traits@D@std@@V?$allocator@D@2@@std@@PAVPlugInFactory@@@std@@V?$allocator@U?$pair@V?$basic_string@DU?$char_traits@D@std@@V?$allocator@D@2@@std@@PAVPlugInFactory@@@std@@@2@@std@@XZ@YAXXZ 10031ef0 f   ModuleManager.obj

 Exports

  ordinal    name

        1    _SpectralDataMergeInstantiatePlugIn
               exported name: SpectralDataMergeInstantiatePlugIn
        2    _opticks_get_module_descriptor
               exported name: opticks_get_module_descriptor
