 DataMerge

 Timestamp is 4c39c973 (Sun Jul 11 21:38:59 2010)

 Preferred load address is 10000000

 Start         Length     Name                   Class
 0001:00000000 0000f414H .text                   CODE
 0001:0000f420 0000139aH .text$x                 CODE
 0001:000107c0 000000abH .text$yc                CODE
 0001:00010870 0000003bH .text$yd                CODE
 0002:00000000 000004b4H .idata$5                DATA
 0002:000004b4 00000004H .CRT$XCA                DATA
 0002:000004b8 0000000cH .CRT$XCU                DATA
 0002:000004c4 00000004H .CRT$XCZ                DATA
 0002:000004c8 00000004H .CRT$XIA                DATA
 0002:000004cc 00000004H .CRT$XIAA               DATA
 0002:000004d0 00000004H .CRT$XIZ                DATA
 0002:000004e0 00002490H .rdata                  DATA
 0002:00002970 00000069H .rdata$debug            DATA
 0002:000029dc 00000fb4H .rdata$r                DATA
 0002:00003990 000001b0H .rdata$sxdata           DATA
 0002:00003b40 00000004H .rtc$IAA                DATA
 0002:00003b44 00000004H .rtc$IZZ                DATA
 0002:00003b48 00000004H .rtc$TAA                DATA
 0002:00003b4c 00000004H .rtc$TZZ                DATA
 0002:00003b50 00001d9cH .xdata$x                DATA
 0002:000058ec 00000064H .idata$2                DATA
 0002:00005950 00000014H .idata$3                DATA
 0002:00005964 000004b4H .idata$4                DATA
 0002:00005e18 000034d2H .idata$6                DATA
 0002:000092f0 0000008bH .edata                  DATA
 0003:00000000 000007e0H .data                   DATA
 0003:000007e0 000003d4H .bss                    DATA

  Address         Publics by Value              Rva+Base       Lib:Object

 0000:00000000       __except_list              00000000     <absolute>
 0000:0000006c       ___safe_se_handler_count   0000006c     <absolute>
 0000:00009876       __fltused                  00009876     <absolute>
 0000:00009876       __ldused                   00009876     <absolute>
 0000:00000000       ___ImageBase               10000000     <linker-defined>
 0001:00000000       ??CDataAccessor@@QAEPAVDataAccessorImpl@@XZ 10001000 f i DataMerge.obj
 0001:00000010       ??0bad_alloc@std@@QAE@PBD@Z 10001010 f i DataMerge.obj
 0001:00000030       ??1bad_alloc@std@@UAE@XZ   10001030 f i DataMerge.obj
 0001:00000040       ??_Ebad_alloc@std@@UAEPAXI@Z 10001040 f i DataMerge.obj
 0001:00000040       ??_Gbad_alloc@std@@UAEPAXI@Z 10001040 f i DataMerge.obj
 0001:00000070       ??2@YAPAXIPAX@Z            10001070 f i DataMerge.obj
 0001:00000080       ??3@YAXPAX0@Z              10001080 f i DataMerge.obj
 0001:00000090       ??0_Iterator_base@std@@QAE@XZ 10001090 f i DataMerge.obj
 0001:000000a0       ??0logic_error@std@@QAE@ABV?$basic_string@DU?$char_traits@D@std@@V?$allocator@D@2@@1@@Z 100010a0 f i DataMerge.obj
 0001:00000100       ??1logic_error@std@@UAE@XZ 10001100 f i DataMerge.obj
 0001:00000120       ?what@logic_error@std@@UBEPBDXZ 10001120 f i DataMerge.obj
 0001:00000130       ??_Elogic_error@std@@UAEPAXI@Z 10001130 f i DataMerge.obj
 0001:00000130       ??_Glogic_error@std@@UAEPAXI@Z 10001130 f i DataMerge.obj
 0001:00000160       ??0length_error@std@@QAE@ABV?$basic_string@DU?$char_traits@D@std@@V?$allocator@D@2@@1@@Z 10001160 f i DataMerge.obj
 0001:00000180       ??1length_error@std@@UAE@XZ 10001180 f i DataMerge.obj
 0001:000001a0       ??_Glength_error@std@@UAEPAXI@Z 100011a0 f i DataMerge.obj
 0001:000001a0       ??_Elength_error@std@@UAEPAXI@Z 100011a0 f i DataMerge.obj
 0001:000001d0       ??0Args@FactoryAllocator@@QAE@PBD@Z 100011d0 f i DataMerge.obj
 0001:000001f0       ?getColumn@DataAccessorImpl@@QAEPAXXZ 100011f0 f i DataMerge.obj
 0001:00000200       ?updateIfNeeded@DataAccessorImpl@@AAEXXZ 10001200 f i DataMerge.obj
 0001:00000290       ??0logic_error@std@@QAE@ABV01@@Z 10001290 f i DataMerge.obj
 0001:000002f0       ??1Args@MessageObject@@QAE@XZ 100012f0 f i DataMerge.obj
 0001:00000370       ??0PlugInFactory@@QAE@XZ   10001370 f i DataMerge.obj
 0001:00000380       ??0DataMerge@@QAE@XZ       10001380 f   DataMerge.obj
 0001:00000570       ??1DataMerge@@UAE@XZ       10001570 f   DataMerge.obj
 0001:000005e0       ?getWidget@DataMerge@@UBEPAVQWidget@@XZ 100015e0 f   DataMerge.obj
 0001:000005f0       ?dialogClosed@DataMerge@@QAEXXZ 100015f0 f   DataMerge.obj
 0001:00000600       ?serialize@DataMerge@@UBE_NAAVSessionItemSerializer@@@Z 10001600 f   DataMerge.obj
 0001:00000620       ??C?$Service@VApplicationServices@@@@QBEPAVApplicationServices@@XZ 10001620 f i DataMerge.obj
 0001:00000630       ??C?$Service@VModelServices@@@@QBEPAVModelServices@@XZ 10001630 f i DataMerge.obj
 0001:00000640       ?get@?$Resource@VDataRequest@@VFactoryObject@@@@QAEPAVDataRequest@@XZ 10001640 f i DataMerge.obj
 0001:00000650       ?release@?$Resource@VDataRequest@@VFactoryObject@@@@QAEPAVDataRequest@@XZ 10001650 f i DataMerge.obj
 0001:00000660       ??0?$EnumWrapper@W4ResultEnum@Message@@@@QAE@ABW4ResultEnum@Message@@@Z 10001660 f i DataMerge.obj
 0001:00000680       ??C?$Service@VSessionManager@@@@QBEPAVSessionManager@@XZ 10001680 f i DataMerge.obj
 0001:00000690       ??C?$Service@VMessageLogMgr@@@@QBEPAVMessageLogMgr@@XZ 10001690 f i DataMerge.obj
 0001:000006a0       ??B?$EnumWrapper@W4EncodingTypeEnum@@@@QBE?AW4EncodingTypeEnum@@XZ 100016a0 f i DataMerge.obj
 0001:000006b0       ?size@?$vector@PAVDataElement@@V?$allocator@PAVDataElement@@@std@@@std@@QBEIXZ 100016b0 f i DataMerge.obj
 0001:000006d0       ??1Args@FactoryAllocator@@QAE@XZ 100016d0 f i DataMerge.obj
 0001:000006e0       ??0Args@MessageObject@@QAE@ABU01@@Z 100016e0 f i DataMerge.obj
 0001:00000780       ?capacity@?$vector@V?$basic_string@DU?$char_traits@D@std@@V?$allocator@D@2@@std@@V?$allocator@V?$basic_string@DU?$char_traits@D@std@@V?$allocator@D@2@@std@@@2@@std@@QBEIXZ 10001780 f i DataMerge.obj
 0001:000007b0       ?size@?$vector@V?$basic_string@DU?$char_traits@D@std@@V?$allocator@D@2@@std@@V?$allocator@V?$basic_string@DU?$char_traits@D@std@@V?$allocator@D@2@@std@@@2@@std@@QBEIXZ 100017b0 f i DataMerge.obj
 0001:000007e0       ??0?$allocator@V?$basic_string@DU?$char_traits@D@std@@V?$allocator@D@2@@std@@@std@@QAE@XZ 100017e0 f i DataMerge.obj
 0001:000007f0       ??0?$allocator@V?$basic_string@DU?$char_traits@D@std@@V?$allocator@D@2@@std@@@std@@QAE@ABV01@@Z 100017f0 f i DataMerge.obj
 0001:00000800       ?deallocate@?$allocator@V?$basic_string@DU?$char_traits@D@std@@V?$allocator@D@2@@std@@@std@@QAEXPAV?$basic_string@DU?$char_traits@D@std@@V?$allocator@D@2@@2@I@Z 10001800 f i DataMerge.obj
 0001:00000810       ?get@?$Resource@VStep@@VMessageObject@@@@QAEPAVStep@@XZ 10001810 f i DataMerge.obj
 0001:00000820       ??D?$_Vector_const_iterator@PAVDataElement@@V?$allocator@PAVDataElement@@@std@@@std@@QBEABQAVDataElement@@XZ 10001820 f i DataMerge.obj
 0001:00000850       ??E?$_Vector_const_iterator@PAVDataElement@@V?$allocator@PAVDataElement@@@std@@@std@@QAEAAV01@XZ 10001850 f i DataMerge.obj
 0001:00000880       ??8?$_Vector_const_iterator@PAVDataElement@@V?$allocator@PAVDataElement@@@std@@@std@@QBE_NABV01@@Z 10001880 f i DataMerge.obj
 0001:000008b0       ??Bsentry@?$basic_ostream@DU?$char_traits@D@std@@@std@@QBE_NXZ 100018b0 f i DataMerge.obj
 0001:000008c0       ??0Args@FactoryAllocator@@QAE@ABV01@@Z 100018c0 f i DataMerge.obj
 0001:000008e0       ?_Xlen@?$vector@V?$basic_string@DU?$char_traits@D@std@@V?$allocator@D@2@@std@@V?$allocator@V?$basic_string@DU?$char_traits@D@std@@V?$allocator@D@2@@std@@@2@@std@@KAXXZ 100018e0 f i DataMerge.obj
 0001:00000960       ??0length_error@std@@QAE@ABV01@@Z 10001960 f i DataMerge.obj
 0001:00000980       ?deallocate@?$allocator@PAVDataElement@@@std@@QAEXPAPAVDataElement@@I@Z 10001980 f i DataMerge.obj
 0001:00000990       ??0_Sentry_base@?$basic_ostream@DU?$char_traits@D@std@@@std@@QAE@AAV12@@Z 10001990 f i DataMerge.obj
 0001:000009c0       ??1_Sentry_base@?$basic_ostream@DU?$char_traits@D@std@@@std@@QAE@XZ 100019c0 f i DataMerge.obj
 0001:000009e0       ??0?$_Ranit@PAVDataElement@@HPBQAV1@ABQAV1@@std@@QAE@XZ 100019e0 f i DataMerge.obj
 0001:000009f0       ??0?$_Ranit@V?$basic_string@DU?$char_traits@D@std@@V?$allocator@D@2@@std@@HPBV12@ABV12@@std@@QAE@XZ 100019f0 f i DataMerge.obj
 0001:00000a00       ?max_size@?$allocator@V?$basic_string@DU?$char_traits@D@std@@V?$allocator@D@2@@std@@@std@@QBEIXZ 10001a00 f i DataMerge.obj
 0001:00000a10       ??G?$_Vector_const_iterator@V?$basic_string@DU?$char_traits@D@std@@V?$allocator@D@2@@std@@V?$allocator@V?$basic_string@DU?$char_traits@D@std@@V?$allocator@D@2@@std@@@2@@std@@QBEHABV01@@Z 10001a10 f i DataMerge.obj
 0001:00000a50       ??Y?$_Vector_const_iterator@V?$basic_string@DU?$char_traits@D@std@@V?$allocator@D@2@@std@@V?$allocator@V?$basic_string@DU?$char_traits@D@std@@V?$allocator@D@2@@std@@@2@@std@@QAEAAV01@H@Z 10001a50 f i DataMerge.obj
 0001:00000aa0       ??$model_cast@PAVRasterElement@@PAVDataElement@@@@YAPAVRasterElement@@PAVDataElement@@@Z 10001aa0 f i DataMerge.obj
 0001:00000b10       ??$_Allocate@V?$basic_string@DU?$char_traits@D@std@@V?$allocator@D@2@@std@@@std@@YAPAV?$basic_string@DU?$char_traits@D@std@@V?$allocator@D@2@@0@IPAV10@@Z 10001b10 f i DataMerge.obj
 0001:00000b80       ??0bad_alloc@std@@QAE@ABV01@@Z 10001b80 f i DataMerge.obj
 0001:00000ba0       ??$_Iter_random@PAV?$basic_string@DU?$char_traits@D@std@@V?$allocator@D@2@@std@@PAV12@@std@@YA?AUrandom_access_iterator_tag@0@ABQAV?$basic_string@DU?$char_traits@D@std@@V?$allocator@D@2@@0@0@Z 10001ba0 f i DataMerge.obj
 0001:00000bb0       ??$_Ptr_cat@PAV?$basic_string@DU?$char_traits@D@std@@V?$allocator@D@2@@std@@PAV12@@std@@YA?AU_Nonscalar_ptr_iterator_tag@0@AAPAV?$basic_string@DU?$char_traits@D@std@@V?$allocator@D@2@@0@0@Z 10001bb0 f i DataMerge.obj
 0001:00000bc0       ??$_Fill@PAV?$basic_string@DU?$char_traits@D@std@@V?$allocator@D@2@@std@@V12@@std@@YAXPAV?$basic_string@DU?$char_traits@D@std@@V?$allocator@D@2@@0@0ABV10@@Z 10001bc0 f i DataMerge.obj
 0001:00000bf0       ??$_Move_cat@PAV?$basic_string@DU?$char_traits@D@std@@V?$allocator@D@2@@std@@@std@@YA?AU_Swap_move_tag@0@ABQAV?$basic_string@DU?$char_traits@D@std@@V?$allocator@D@2@@0@@Z 10001bf0 f i DataMerge.obj
 0001:00000c00       ??$_Ptr_cat@PAPAVDataElement@@PAPAV1@@std@@YA?AU_Scalar_ptr_iterator_tag@0@AAPAPAVDataElement@@0@Z 10001c00 f i DataMerge.obj
 0001:00000c10       ??$_Destroy_range@PAVDataElement@@V?$allocator@PAVDataElement@@@std@@@std@@YAXPAPAVDataElement@@0AAV?$allocator@PAVDataElement@@@0@U_Scalar_ptr_iterator_tag@0@@Z 10001c10 f i DataMerge.obj
 0001:00000c20       ??$_Checked_base@PAV?$basic_string@DU?$char_traits@D@std@@V?$allocator@D@2@@std@@@std@@YAPAV?$basic_string@DU?$char_traits@D@std@@V?$allocator@D@2@@0@AAPAV10@U_Unchanged_checked_iterator_base_type_tag@0@@Z 10001c20 f i DataMerge.obj
 0001:00000c30       ??$_Construct@V?$basic_string@DU?$char_traits@D@std@@V?$allocator@D@2@@std@@V12@@std@@YAXPAV?$basic_string@DU?$char_traits@D@std@@V?$allocator@D@2@@0@ABV10@@Z 10001c30 f i DataMerge.obj
 0001:00000c80       ??_G?$basic_string@DU?$char_traits@D@std@@V?$allocator@D@2@@std@@QAEPAXI@Z 10001c80 f i DataMerge.obj
 0001:00000ca0       ??$swap@DU?$char_traits@D@std@@V?$allocator@D@2@@std@@YAXAAV?$basic_string@DU?$char_traits@D@std@@V?$allocator@D@2@@0@0@Z 10001ca0 f i DataMerge.obj
 0001:00000cb0       ??_EDataMerge@@WM@AEPAXI@Z 10001cb0 f i DataMerge.obj
 0001:00000cc0       ??_EDataMerge@@WBA@AEPAXI@Z 10001cc0 f i DataMerge.obj
 0001:00000cd0       ??_EDataMerge@@W7AEPAXI@Z  10001cd0 f i DataMerge.obj
 0001:00000ce0       ?getFactory@FactoryAllocator@@IBEPAVObjectFactory@@XZ 10001ce0 f i DataMerge.obj
 0001:00000d00       ?obtainResource@FactoryObject@@QBEPAXABVArgs@FactoryAllocator@@@Z 10001d00 f i DataMerge.obj
 0001:00000d90       ?releaseResource@FactoryObject@@QBEXABVArgs@FactoryAllocator@@PAX@Z 10001d90 f i DataMerge.obj
 0001:00000e20       ?toPixel@DataAccessorImpl@@QAEXHH@Z 10001e20 f i DataMerge.obj
 0001:00000e50       ??0Args@MessageObject@@QAE@V?$basic_string@DU?$char_traits@D@std@@V?$allocator@D@2@@std@@0000_N@Z 10001e50 f i DataMerge.obj
 0001:00000fa0       ?obtainResource@MessageObject@@QBEPAVMessage@@ABUArgs@1@@Z 10001fa0 f i DataMerge.obj
 0001:00001010       ?releaseResource@MessageObject@@QBEXABUArgs@1@PAVMessage@@@Z 10002010 f i DataMerge.obj
 0001:00001050       ??_EDataMerge@@UAEPAXI@Z   10002050 f i DataMerge.obj
 0001:00001050       ??_GDataMerge@@UAEPAXI@Z   10002050 f i DataMerge.obj
 0001:00001070       ??0?$Resource@VStep@@VMessageObject@@@@QAE@ABUArgs@MessageObject@@@Z 10002070 f i DataMerge.obj
 0001:000010e0       ??C?$Resource@VStep@@VMessageObject@@@@QAEPAVStep@@XZ 100020e0 f i DataMerge.obj
 0001:000010f0       ??D?$_Vector_iterator@PAVDataElement@@V?$allocator@PAVDataElement@@@std@@@std@@QBEAAPAVDataElement@@XZ 100020f0 f i DataMerge.obj
 0001:00001120       ??E?$_Vector_iterator@PAVDataElement@@V?$allocator@PAVDataElement@@@std@@@std@@QAEAAV01@XZ 10002120 f i DataMerge.obj
 0001:00001150       ??9?$_Vector_const_iterator@PAVDataElement@@V?$allocator@PAVDataElement@@@std@@@std@@QBE_NABV01@@Z 10002150 f i DataMerge.obj
 0001:00001180       ??0?$_Vector_val@V?$basic_string@DU?$char_traits@D@std@@V?$allocator@D@2@@std@@V?$allocator@V?$basic_string@DU?$char_traits@D@std@@V?$allocator@D@2@@std@@@2@@std@@IAE@V?$allocator@V?$basic_string@DU?$char_traits@D@std@@V?$allocator@D@2@@std@@@1@@Z 10002180 f i DataMerge.obj
 0001:00001190       ??0?$Resource@VDataRequest@@VFactoryObject@@@@QAE@ABVArgs@FactoryAllocator@@@Z 10002190 f i DataMerge.obj
 0001:000011f0       ?destroyIfOwned@?$Resource@VDataRequest@@VFactoryObject@@@@IAEXXZ 100021f0 f i DataMerge.obj
 0001:00001220       ?destroyIfOwned@?$Resource@VStep@@VMessageObject@@@@IAEXXZ 10002220 f i DataMerge.obj
 0001:00001270       ??0sentry@?$basic_ostream@DU?$char_traits@D@std@@@std@@QAE@AAV12@@Z 10002270 f i DataMerge.obj
 0001:00001300       ??1sentry@?$basic_ostream@DU?$char_traits@D@std@@@std@@QAE@XZ 10002300 f i DataMerge.obj
 0001:00001370       ?max_size@?$vector@V?$basic_string@DU?$char_traits@D@std@@V?$allocator@D@2@@std@@V?$allocator@V?$basic_string@DU?$char_traits@D@std@@V?$allocator@D@2@@std@@@2@@std@@QBEIXZ 10002370 f i DataMerge.obj
 0001:00001380       ?allocate@?$allocator@V?$basic_string@DU?$char_traits@D@std@@V?$allocator@D@2@@std@@@std@@QAEPAV?$basic_string@DU?$char_traits@D@std@@V?$allocator@D@2@@2@I@Z 10002380 f i DataMerge.obj
 0001:000013a0       ??0?$_Vector_const_iterator@PAVDataElement@@V?$allocator@PAVDataElement@@@std@@@std@@QAE@PAPAVDataElement@@PBU_Container_base@1@@Z 100023a0 f i DataMerge.obj
 0001:000013e0       ??0?$_Vector_const_iterator@V?$basic_string@DU?$char_traits@D@std@@V?$allocator@D@2@@std@@V?$allocator@V?$basic_string@DU?$char_traits@D@std@@V?$allocator@D@2@@std@@@2@@std@@QAE@PAV?$basic_string@DU?$char_traits@D@std@@V?$allocator@D@2@@1@PBU_Container_base@1@@Z 100023e0 f i DataMerge.obj
 0001:00001420       ??0?$_Vector_iterator@V?$basic_string@DU?$char_traits@D@std@@V?$allocator@D@2@@std@@V?$allocator@V?$basic_string@DU?$char_traits@D@std@@V?$allocator@D@2@@std@@@2@@std@@QAE@PAV?$basic_string@DU?$char_traits@D@std@@V?$allocator@D@2@@1@PBU_Container_base@1@@Z 10002420 f i DataMerge.obj
 0001:00001460       ??G?$_Vector_iterator@V?$basic_string@DU?$char_traits@D@std@@V?$allocator@D@2@@std@@V?$allocator@V?$basic_string@DU?$char_traits@D@std@@V?$allocator@D@2@@std@@@2@@std@@QBEHABV?$_Vector_const_iterator@V?$basic_string@DU?$char_traits@D@std@@V?$allocator@D@2@@std@@V?$allocator@V?$basic_string@DU?$char_traits@D@std@@V?$allocator@D@2@@std@@@2@@1@@Z 10002460 f i DataMerge.obj
 0001:000014a0       ??Y?$_Vector_iterator@V?$basic_string@DU?$char_traits@D@std@@V?$allocator@D@2@@std@@V?$allocator@V?$basic_string@DU?$char_traits@D@std@@V?$allocator@D@2@@std@@@2@@std@@QAEAAV01@H@Z 100024a0 f i DataMerge.obj
 0001:000014f0       ??$_Destroy_range@PAVDataElement@@V?$allocator@PAVDataElement@@@std@@@std@@YAXPAPAVDataElement@@0AAV?$allocator@PAVDataElement@@@0@@Z 100024f0 f i DataMerge.obj
 0001:00001500       ??$?6U?$char_traits@D@std@@@std@@YAAAV?$basic_ostream@DU?$char_traits@D@std@@@0@AAV10@PBD@Z 10002500 f i DataMerge.obj
 0001:000016c0       ??$_Checked_base@PAV?$basic_string@DU?$char_traits@D@std@@V?$allocator@D@2@@std@@@std@@YAPAV?$basic_string@DU?$char_traits@D@std@@V?$allocator@D@2@@0@AAPAV10@@Z 100026c0 f i DataMerge.obj
 0001:000016d0       ?construct@?$allocator@V?$basic_string@DU?$char_traits@D@std@@V?$allocator@D@2@@std@@@std@@QAEXPAV?$basic_string@DU?$char_traits@D@std@@V?$allocator@D@2@@2@ABV32@@Z 100026d0 f i DataMerge.obj
 0001:00001720       ??$?6U?$char_traits@D@std@@@std@@YAAAV?$basic_ostream@DU?$char_traits@D@std@@@0@AAV10@D@Z 10002720 f i DataMerge.obj
 0001:000018c0       ??$_Move_backward_opt@PAV?$basic_string@DU?$char_traits@D@std@@V?$allocator@D@2@@std@@PAV12@Uforward_iterator_tag@2@@std@@YAPAV?$basic_string@DU?$char_traits@D@std@@V?$allocator@D@2@@0@PAV10@00Uforward_iterator_tag@0@U_Swap_move_tag@0@U_Range_checked_iterator_tag@0@@Z 100028c0 f i DataMerge.obj
 0001:00001900       ??$_Destroy@V?$basic_string@DU?$char_traits@D@std@@V?$allocator@D@2@@std@@@std@@YAXPAV?$basic_string@DU?$char_traits@D@std@@V?$allocator@D@2@@0@@Z 10002900 f i DataMerge.obj
 0001:00001910       ??1?$Resource@VDataRequest@@VFactoryObject@@@@UAE@XZ 10002910 f i DataMerge.obj
 0001:00001990       ??1?$Resource@VStep@@VMessageObject@@@@UAE@XZ 10002990 f i DataMerge.obj
 0001:000019e0       ??_G?$Resource@VDataRequest@@VFactoryObject@@@@UAEPAXI@Z 100029e0 f i DataMerge.obj
 0001:000019e0       ??_E?$Resource@VDataRequest@@VFactoryObject@@@@UAEPAXI@Z 100029e0 f i DataMerge.obj
 0001:00001a00       ??_G?$Resource@VStep@@VMessageObject@@@@UAEPAXI@Z 10002a00 f i DataMerge.obj
 0001:00001a00       ??_E?$Resource@VStep@@VMessageObject@@@@UAEPAXI@Z 10002a00 f i DataMerge.obj
 0001:00001a20       ?end@?$vector@V?$basic_string@DU?$char_traits@D@std@@V?$allocator@D@2@@std@@V?$allocator@V?$basic_string@DU?$char_traits@D@std@@V?$allocator@D@2@@std@@@2@@std@@QAE?AV?$_Vector_iterator@V?$basic_string@DU?$char_traits@D@std@@V?$allocator@D@2@@std@@V?$allocator@V?$basic_string@DU?$char_traits@D@std@@V?$allocator@D@2@@std@@@2@@2@XZ 10002a20 f i DataMerge.obj
 0001:00001a50       ?_Buy@?$vector@V?$basic_string@DU?$char_traits@D@std@@V?$allocator@D@2@@std@@V?$allocator@V?$basic_string@DU?$char_traits@D@std@@V?$allocator@D@2@@std@@@2@@std@@IAE_NI@Z 10002a50 f i DataMerge.obj
 0001:00001ab0       ??0?$_Vector_iterator@PAVDataElement@@V?$allocator@PAVDataElement@@@std@@@std@@QAE@PAPAVDataElement@@PBU_Container_base@1@@Z 10002ab0 f i DataMerge.obj
 0001:00001af0       ?begin@?$vector@V?$basic_string@DU?$char_traits@D@std@@V?$allocator@D@2@@std@@V?$allocator@V?$basic_string@DU?$char_traits@D@std@@V?$allocator@D@2@@std@@@2@@std@@QAE?AV?$_Vector_iterator@V?$basic_string@DU?$char_traits@D@std@@V?$allocator@D@2@@std@@V?$allocator@V?$basic_string@DU?$char_traits@D@std@@V?$allocator@D@2@@std@@@2@@2@XZ 10002af0 f i DataMerge.obj
 0001:00001b20       ?_Destroy@?$vector@PAVDataElement@@V?$allocator@PAVDataElement@@@std@@@std@@IAEXPAPAVDataElement@@0@Z 10002b20 f i DataMerge.obj
 0001:00001b30       ??H?$_Vector_iterator@V?$basic_string@DU?$char_traits@D@std@@V?$allocator@D@2@@std@@V?$allocator@V?$basic_string@DU?$char_traits@D@std@@V?$allocator@D@2@@std@@@2@@std@@QBE?AV01@H@Z 10002b30 f i DataMerge.obj
 0001:00001b70       ??$mergeElement@G@?A0x2f705ce9@@YAXPAGHHVDataAccessor@@H@Z 10002b70 f i DataMerge.obj
 0001:00001cd0       ??$mergeElement@F@?A0x2f705ce9@@YAXPAFHHVDataAccessor@@H@Z 10002cd0 f i DataMerge.obj
 0001:00001e30       ??$mergeElement@I@?A0x2f705ce9@@YAXPAIHHVDataAccessor@@H@Z 10002e30 f i DataMerge.obj
 0001:00001f80       ??$mergeElement@H@?A0x2f705ce9@@YAXPAHHHVDataAccessor@@H@Z 10002f80 f i DataMerge.obj
 0001:000020d0       ??$mergeElement@M@?A0x2f705ce9@@YAXPAMHHVDataAccessor@@H@Z 100030d0 f i DataMerge.obj
 0001:00002230       ??$mergeElement@N@?A0x2f705ce9@@YAXPANHHVDataAccessor@@H@Z 10003230 f i DataMerge.obj
 0001:00002390       ??$fill@PAV?$basic_string@DU?$char_traits@D@std@@V?$allocator@D@2@@std@@V12@@std@@YAXPAV?$basic_string@DU?$char_traits@D@std@@V?$allocator@D@2@@0@0ABV10@@Z 10003390 f i DataMerge.obj
 0001:000023c0       ??$?6U?$char_traits@D@std@@@std@@YAAAV?$basic_ostream@DU?$char_traits@D@std@@@0@AAV10@E@Z 100033c0 f i DataMerge.obj
 0001:000023d0       ??$?6U?$char_traits@D@std@@@std@@YAAAV?$basic_ostream@DU?$char_traits@D@std@@@0@AAV10@C@Z 100033d0 f i DataMerge.obj
 0001:000023e0       ??$_Move_backward_opt@PAV?$basic_string@DU?$char_traits@D@std@@V?$allocator@D@2@@std@@PAV12@@std@@YAPAV?$basic_string@DU?$char_traits@D@std@@V?$allocator@D@2@@0@PAV10@00Urandom_access_iterator_tag@0@U_Swap_move_tag@0@U_Range_checked_iterator_tag@0@@Z 100033e0 f i DataMerge.obj
 0001:00002440       ?destroy@?$allocator@V?$basic_string@DU?$char_traits@D@std@@V?$allocator@D@2@@std@@@std@@QAEXPAV?$basic_string@DU?$char_traits@D@std@@V?$allocator@D@2@@2@@Z 10003440 f i DataMerge.obj
 0001:00002450       ??$_Uninit_move@PAV?$basic_string@DU?$char_traits@D@std@@V?$allocator@D@2@@std@@PAV12@V?$allocator@V?$basic_string@DU?$char_traits@D@std@@V?$allocator@D@2@@std@@@2@@std@@YAPAV?$basic_string@DU?$char_traits@D@std@@V?$allocator@D@2@@0@PAV10@00AAV?$allocator@V?$basic_string@DU?$char_traits@D@std@@V?$allocator@D@2@@std@@@0@U_Swap_move_tag@0@U_Range_checked_iterator_tag@0@@Z 10003450 f i DataMerge.obj
 0001:00002510       ??1?$FactoryResource@VDataRequest@@@@UAE@XZ 10003510 f i DataMerge.obj
 0001:00002520       ??0StepResource@@QAE@V?$basic_string@DU?$char_traits@D@std@@V?$allocator@D@2@@std@@0000@Z 10003520 f i DataMerge.obj
 0001:000026b0       ??1StepResource@@UAE@XZ    100036b0 f i DataMerge.obj
 0001:000026c0       ??0?$vector@V?$basic_string@DU?$char_traits@D@std@@V?$allocator@D@2@@std@@V?$allocator@V?$basic_string@DU?$char_traits@D@std@@V?$allocator@D@2@@std@@@2@@std@@QAE@XZ 100036c0 f i DataMerge.obj
 0001:000026d0       ??0?$FactoryResource@VDataRequest@@@@QAE@XZ 100036d0 f i DataMerge.obj
 0001:00002740       ?begin@?$vector@PAVDataElement@@V?$allocator@PAVDataElement@@@std@@@std@@QAE?AV?$_Vector_iterator@PAVDataElement@@V?$allocator@PAVDataElement@@@std@@@2@XZ 10003740 f i DataMerge.obj
 0001:00002770       ?end@?$vector@PAVDataElement@@V?$allocator@PAVDataElement@@@std@@@std@@QAE?AV?$_Vector_iterator@PAVDataElement@@V?$allocator@PAVDataElement@@@std@@@2@XZ 10003770 f i DataMerge.obj
 0001:000027a0       ??_E?$FactoryResource@VDataRequest@@@@UAEPAXI@Z 100037a0 f i DataMerge.obj
 0001:000027a0       ??_G?$FactoryResource@VDataRequest@@@@UAEPAXI@Z 100037a0 f i DataMerge.obj
 0001:000027c0       ?_Tidy@?$vector@PAVDataElement@@V?$allocator@PAVDataElement@@@std@@@std@@IAEXXZ 100037c0 f i DataMerge.obj
 0001:000027f0       ??$mergeElement@E@?A0x2f705ce9@@YAXPAEHHVDataAccessor@@H@Z 100037f0 f i DataMerge.obj
 0001:00002950       ??$mergeElement@C@?A0x2f705ce9@@YAXPACHHVDataAccessor@@H@Z 10003950 f i DataMerge.obj
 0001:00002ab0       ??$_Unchecked_move_backward@PAV?$basic_string@DU?$char_traits@D@std@@V?$allocator@D@2@@std@@PAV12@@stdext@@YAPAV?$basic_string@DU?$char_traits@D@std@@V?$allocator@D@2@@std@@PAV12@00@Z 10003ab0 f i DataMerge.obj
 0001:00002ae0       ??$_Destroy_range@V?$basic_string@DU?$char_traits@D@std@@V?$allocator@D@2@@std@@V?$allocator@V?$basic_string@DU?$char_traits@D@std@@V?$allocator@D@2@@std@@@2@@std@@YAXPAV?$basic_string@DU?$char_traits@D@std@@V?$allocator@D@2@@0@0AAV?$allocator@V?$basic_string@DU?$char_traits@D@std@@V?$allocator@D@2@@std@@@0@U_Nonscalar_ptr_iterator_tag@0@@Z 10003ae0 f i DataMerge.obj
 0001:00002b10       ??$_Uninit_fill_n@PAV?$basic_string@DU?$char_traits@D@std@@V?$allocator@D@2@@std@@IV12@V?$allocator@V?$basic_string@DU?$char_traits@D@std@@V?$allocator@D@2@@std@@@2@@std@@YAXPAV?$basic_string@DU?$char_traits@D@std@@V?$allocator@D@2@@0@IABV10@AAV?$allocator@V?$basic_string@DU?$char_traits@D@std@@V?$allocator@D@2@@std@@@0@U_Nonscalar_ptr_iterator_tag@0@U_Range_checked_iterator_tag@0@@Z 10003b10 f i DataMerge.obj
 0001:00002ba0       ??$_Unchecked_uninitialized_move@PAV?$basic_string@DU?$char_traits@D@std@@V?$allocator@D@2@@std@@PAV12@V?$allocator@V?$basic_string@DU?$char_traits@D@std@@V?$allocator@D@2@@std@@@2@@stdext@@YAPAV?$basic_string@DU?$char_traits@D@std@@V?$allocator@D@2@@std@@PAV12@00AAV?$allocator@V?$basic_string@DU?$char_traits@D@std@@V?$allocator@D@2@@std@@@2@@Z 10003ba0 f i DataMerge.obj
 0001:00002bd0       ??_EStepResource@@UAEPAXI@Z 10003bd0 f i DataMerge.obj
 0001:00002bd0       ??_GStepResource@@UAEPAXI@Z 10003bd0 f i DataMerge.obj
 0001:00002bf0       ??1?$vector@PAVDataElement@@V?$allocator@PAVDataElement@@@std@@@std@@QAE@XZ 10003bf0 f i DataMerge.obj
 0001:00002c20       ??$_Destroy_range@V?$basic_string@DU?$char_traits@D@std@@V?$allocator@D@2@@std@@V?$allocator@V?$basic_string@DU?$char_traits@D@std@@V?$allocator@D@2@@std@@@2@@std@@YAXPAV?$basic_string@DU?$char_traits@D@std@@V?$allocator@D@2@@0@0AAV?$allocator@V?$basic_string@DU?$char_traits@D@std@@V?$allocator@D@2@@std@@@0@@Z 10003c20 f i DataMerge.obj
 0001:00002c50       ??$unchecked_uninitialized_fill_n@PAV?$basic_string@DU?$char_traits@D@std@@V?$allocator@D@2@@std@@IV12@V?$allocator@V?$basic_string@DU?$char_traits@D@std@@V?$allocator@D@2@@std@@@2@@stdext@@YAXPAV?$basic_string@DU?$char_traits@D@std@@V?$allocator@D@2@@std@@IABV12@AAV?$allocator@V?$basic_string@DU?$char_traits@D@std@@V?$allocator@D@2@@std@@@2@@Z 10003c50 f i DataMerge.obj
 0001:00002c80       ??$_Umove@PAV?$basic_string@DU?$char_traits@D@std@@V?$allocator@D@2@@std@@@?$vector@V?$basic_string@DU?$char_traits@D@std@@V?$allocator@D@2@@std@@V?$allocator@V?$basic_string@DU?$char_traits@D@std@@V?$allocator@D@2@@std@@@2@@std@@IAEPAV?$basic_string@DU?$char_traits@D@std@@V?$allocator@D@2@@1@PAV21@00@Z 10003c80 f i DataMerge.obj
 0001:00002cb0       ?showGui@DataMerge@@AAE_NXZ 10003cb0 f   DataMerge.obj
 0001:000032a0       ?execute@DataMerge@@UAE_NPAVPlugInArgList@@0@Z 100042a0 f   DataMerge.obj
 0001:000032b0       ?deserialize@DataMerge@@UAE_NAAVSessionItemDeserializer@@@Z 100042b0 f   DataMerge.obj
 0001:000032c0       ?_Destroy@?$vector@V?$basic_string@DU?$char_traits@D@std@@V?$allocator@D@2@@std@@V?$allocator@V?$basic_string@DU?$char_traits@D@std@@V?$allocator@D@2@@std@@@2@@std@@IAEXPAV?$basic_string@DU?$char_traits@D@std@@V?$allocator@D@2@@2@0@Z 100042c0 f i DataMerge.obj
 0001:000032f0       ?_Tidy@?$vector@V?$basic_string@DU?$char_traits@D@std@@V?$allocator@D@2@@std@@V?$allocator@V?$basic_string@DU?$char_traits@D@std@@V?$allocator@D@2@@std@@@2@@std@@IAEXXZ 100042f0 f i DataMerge.obj
 0001:00003340       ?_Ufill@?$vector@V?$basic_string@DU?$char_traits@D@std@@V?$allocator@D@2@@std@@V?$allocator@V?$basic_string@DU?$char_traits@D@std@@V?$allocator@D@2@@std@@@2@@std@@IAEPAV?$basic_string@DU?$char_traits@D@std@@V?$allocator@D@2@@2@PAV32@IABV32@@Z 10004340 f i DataMerge.obj
 0001:00003380       ?_Insert_n@?$vector@V?$basic_string@DU?$char_traits@D@std@@V?$allocator@D@2@@std@@V?$allocator@V?$basic_string@DU?$char_traits@D@std@@V?$allocator@D@2@@std@@@2@@std@@IAEXV?$_Vector_iterator@V?$basic_string@DU?$char_traits@D@std@@V?$allocator@D@2@@std@@V?$allocator@V?$basic_string@DU?$char_traits@D@std@@V?$allocator@D@2@@std@@@2@@2@IABV?$basic_string@DU?$char_traits@D@std@@V?$allocator@D@2@@2@@Z 10004380 f i DataMerge.obj
 0001:000036a0       ??1?$vector@V?$basic_string@DU?$char_traits@D@std@@V?$allocator@D@2@@std@@V?$allocator@V?$basic_string@DU?$char_traits@D@std@@V?$allocator@D@2@@std@@@2@@std@@QAE@XZ 100046a0 f i DataMerge.obj
 0001:000036b0       ?insert@?$vector@V?$basic_string@DU?$char_traits@D@std@@V?$allocator@D@2@@std@@V?$allocator@V?$basic_string@DU?$char_traits@D@std@@V?$allocator@D@2@@std@@@2@@std@@QAE?AV?$_Vector_iterator@V?$basic_string@DU?$char_traits@D@std@@V?$allocator@D@2@@std@@V?$allocator@V?$basic_string@DU?$char_traits@D@std@@V?$allocator@D@2@@std@@@2@@2@V32@ABV?$basic_string@DU?$char_traits@D@std@@V?$allocator@D@2@@2@@Z 100046b0 f i DataMerge.obj
 0001:00003770       ??1BasicPlugInFactory@@QAE@XZ 10004770 f i DataMerge.obj
 0001:00003780       ??1DataMergePlugInFactory@SpectralDataMerge@@QAE@XZ 10004780 f i DataMerge.obj
 0001:00003790       ?push_back@?$vector@V?$basic_string@DU?$char_traits@D@std@@V?$allocator@D@2@@std@@V?$allocator@V?$basic_string@DU?$char_traits@D@std@@V?$allocator@D@2@@std@@@2@@std@@QAEXABV?$basic_string@DU?$char_traits@D@std@@V?$allocator@D@2@@2@@Z 10004790 f i DataMerge.obj
 0001:00003840       ?addPlugInName@BasicPlugInFactory@@AAEXV?$basic_string@DU?$char_traits@D@std@@V?$allocator@D@2@@std@@@Z 10004840 f i DataMerge.obj
 0001:00003890       ??0BasicPlugInFactory@@QAE@ABV?$basic_string@DU?$char_traits@D@std@@V?$allocator@D@2@@std@@@Z 10004890 f i DataMerge.obj
 0001:00003910       ??$_Ptr_cat@V?$_Vector_const_iterator@V?$basic_string@DU?$char_traits@D@std@@V?$allocator@D@2@@std@@V?$allocator@V?$basic_string@DU?$char_traits@D@std@@V?$allocator@D@2@@std@@@2@@std@@PAV?$basic_string@DU?$char_traits@D@std@@V?$allocator@D@2@@2@@std@@YA?AU_Nonscalar_ptr_iterator_tag@0@AAV?$_Vector_const_iterator@V?$basic_string@DU?$char_traits@D@std@@V?$allocator@D@2@@std@@V?$allocator@V?$basic_string@DU?$char_traits@D@std@@V?$allocator@D@2@@std@@@2@@0@AAPAV?$basic_string@DU?$char_traits@D@std@@V?$allocator@D@2@@0@@Z 10004910 f i DataMerge.obj
 0001:00003920       ?_Checked_iterator_base@?$_Vector_const_iterator@V?$basic_string@DU?$char_traits@D@std@@V?$allocator@D@2@@std@@V?$allocator@V?$basic_string@DU?$char_traits@D@std@@V?$allocator@D@2@@std@@@2@@std@@QBEPBV?$basic_string@DU?$char_traits@D@std@@V?$allocator@D@2@@2@XZ 10004920 f i DataMerge.obj
 0001:00003930       ??$_Checked_base@V?$_Vector_const_iterator@V?$basic_string@DU?$char_traits@D@std@@V?$allocator@D@2@@std@@V?$allocator@V?$basic_string@DU?$char_traits@D@std@@V?$allocator@D@2@@std@@@2@@std@@U_Different_checked_iterator_base_type_tag@2@@std@@YAPBV?$basic_string@DU?$char_traits@D@std@@V?$allocator@D@2@@0@AAV?$_Vector_const_iterator@V?$basic_string@DU?$char_traits@D@std@@V?$allocator@D@2@@std@@V?$allocator@V?$basic_string@DU?$char_traits@D@std@@V?$allocator@D@2@@std@@@2@@0@U_Different_checked_iterator_base_type_tag@0@@Z 10004930 f i DataMerge.obj
 0001:00003940       ?begin@?$vector@V?$basic_string@DU?$char_traits@D@std@@V?$allocator@D@2@@std@@V?$allocator@V?$basic_string@DU?$char_traits@D@std@@V?$allocator@D@2@@std@@@2@@std@@QBE?AV?$_Vector_const_iterator@V?$basic_string@DU?$char_traits@D@std@@V?$allocator@D@2@@std@@V?$allocator@V?$basic_string@DU?$char_traits@D@std@@V?$allocator@D@2@@std@@@2@@2@XZ 10004940 f i DataMerge.obj
 0001:00003970       ?end@?$vector@V?$basic_string@DU?$char_traits@D@std@@V?$allocator@D@2@@std@@V?$allocator@V?$basic_string@DU?$char_traits@D@std@@V?$allocator@D@2@@std@@@2@@std@@QBE?AV?$_Vector_const_iterator@V?$basic_string@DU?$char_traits@D@std@@V?$allocator@D@2@@std@@V?$allocator@V?$basic_string@DU?$char_traits@D@std@@V?$allocator@D@2@@std@@@2@@2@XZ 10004970 f i DataMerge.obj
 0001:000039a0       ??$_Checked_base@V?$_Vector_const_iterator@V?$basic_string@DU?$char_traits@D@std@@V?$allocator@D@2@@std@@V?$allocator@V?$basic_string@DU?$char_traits@D@std@@V?$allocator@D@2@@std@@@2@@std@@@std@@YAPBV?$basic_string@DU?$char_traits@D@std@@V?$allocator@D@2@@0@AAV?$_Vector_const_iterator@V?$basic_string@DU?$char_traits@D@std@@V?$allocator@D@2@@std@@V?$allocator@V?$basic_string@DU?$char_traits@D@std@@V?$allocator@D@2@@std@@@2@@0@@Z 100049a0 f i DataMerge.obj
 0001:000039b0       ??$_Uninit_copy@PBV?$basic_string@DU?$char_traits@D@std@@V?$allocator@D@2@@std@@PAV12@V?$allocator@V?$basic_string@DU?$char_traits@D@std@@V?$allocator@D@2@@std@@@2@@std@@YAPAV?$basic_string@DU?$char_traits@D@std@@V?$allocator@D@2@@0@PBV10@0PAV10@AAV?$allocator@V?$basic_string@DU?$char_traits@D@std@@V?$allocator@D@2@@std@@@0@U_Nonscalar_ptr_iterator_tag@0@U_Range_checked_iterator_tag@0@@Z 100049b0 f i DataMerge.obj
 0001:00003a40       ??$unchecked_uninitialized_copy@V?$_Vector_const_iterator@V?$basic_string@DU?$char_traits@D@std@@V?$allocator@D@2@@std@@V?$allocator@V?$basic_string@DU?$char_traits@D@std@@V?$allocator@D@2@@std@@@2@@std@@PAV?$basic_string@DU?$char_traits@D@std@@V?$allocator@D@2@@2@V?$allocator@V?$basic_string@DU?$char_traits@D@std@@V?$allocator@D@2@@std@@@2@@stdext@@YAPAV?$basic_string@DU?$char_traits@D@std@@V?$allocator@D@2@@std@@V?$_Vector_const_iterator@V?$basic_string@DU?$char_traits@D@std@@V?$allocator@D@2@@std@@V?$allocator@V?$basic_string@DU?$char_traits@D@std@@V?$allocator@D@2@@std@@@2@@2@0PAV12@AAV?$allocator@V?$basic_string@DU?$char_traits@D@std@@V?$allocator@D@2@@std@@@2@@Z 10004a40 f i DataMerge.obj
 0001:00003a70       ??$_Ucopy@V?$_Vector_const_iterator@V?$basic_string@DU?$char_traits@D@std@@V?$allocator@D@2@@std@@V?$allocator@V?$basic_string@DU?$char_traits@D@std@@V?$allocator@D@2@@std@@@2@@std@@@?$vector@V?$basic_string@DU?$char_traits@D@std@@V?$allocator@D@2@@std@@V?$allocator@V?$basic_string@DU?$char_traits@D@std@@V?$allocator@D@2@@std@@@2@@std@@IAEPAV?$basic_string@DU?$char_traits@D@std@@V?$allocator@D@2@@1@V?$_Vector_const_iterator@V?$basic_string@DU?$char_traits@D@std@@V?$allocator@D@2@@std@@V?$allocator@V?$basic_string@DU?$char_traits@D@std@@V?$allocator@D@2@@std@@@2@@1@0PAV21@@Z 10004a70 f i DataMerge.obj
 0001:00003aa0       ??0?$vector@V?$basic_string@DU?$char_traits@D@std@@V?$allocator@D@2@@std@@V?$allocator@V?$basic_string@DU?$char_traits@D@std@@V?$allocator@D@2@@std@@@2@@std@@QAE@ABV01@@Z 10004aa0 f i DataMerge.obj
 0001:00003b70       ?getPlugInNames@BasicPlugInFactory@@UAE?AV?$vector@V?$basic_string@DU?$char_traits@D@std@@V?$allocator@D@2@@std@@V?$allocator@V?$basic_string@DU?$char_traits@D@std@@V?$allocator@D@2@@std@@@2@@std@@XZ 10004b70 f i DataMerge.obj
 0001:00003b90       ??0DataMergePlugInFactory@SpectralDataMerge@@QAE@ABV?$basic_string@DU?$char_traits@D@std@@V?$allocator@D@2@@std@@@Z 10004b90 f i DataMerge.obj
 0001:00003bf0       ?createPlugIn@DataMergePlugInFactory@SpectralDataMerge@@UAEPAVPlugIn@@ABV?$basic_string@DU?$char_traits@D@std@@V?$allocator@D@2@@std@@@Z 10004bf0 f i DataMerge.obj
 0001:00003c60       ??0out_of_range@std@@QAE@ABV?$basic_string@DU?$char_traits@D@std@@V?$allocator@D@2@@1@@Z 10004c60 f i DataMergeGui.obj
 0001:00003c80       ??1out_of_range@std@@UAE@XZ 10004c80 f i DataMergeGui.obj
 0001:00003ca0       ??_Gout_of_range@std@@UAEPAXI@Z 10004ca0 f i DataMergeGui.obj
 0001:00003ca0       ??_Eout_of_range@std@@UAEPAXI@Z 10004ca0 f i DataMergeGui.obj
 0001:00003cd0       ??0?$QFlags@W4WindowType@Qt@@@@QAE@PAPAX@Z 10004cd0 f i DataMergeGui.obj
 0001:00003ce0       ??0?$QFlags@W4AlignmentFlag@Qt@@@@QAE@PAPAX@Z 10004ce0 f i DataMergeGui.obj
 0001:00003cf0       ??A?$vector@V?$basic_string@DU?$char_traits@D@std@@V?$allocator@D@2@@std@@V?$allocator@V?$basic_string@DU?$char_traits@D@std@@V?$allocator@D@2@@std@@@2@@std@@QAEAAV?$basic_string@DU?$char_traits@D@std@@V?$allocator@D@2@@1@I@Z 10004cf0 f i DataMergeGui.obj
 0001:00003d40       ??C?$Service@VDesktopServices@@@@QBEPAVDesktopServices@@XZ 10004d40 f i DataMergeGui.obj
 0001:00003d50       ??0?$EnumWrapper@W4WindowTypeEnum@@@@QAE@ABW4WindowTypeEnum@@@Z 10004d50 f i DataMergeGui.obj
 0001:00003d70       ??0?$EnumWrapper@W4LayerTypeEnum@@@@QAE@ABW4LayerTypeEnum@@@Z 10004d70 f i DataMergeGui.obj
 0001:00003d90       ?_Xran@?$vector@V?$basic_string@DU?$char_traits@D@std@@V?$allocator@D@2@@std@@V?$allocator@V?$basic_string@DU?$char_traits@D@std@@V?$allocator@D@2@@std@@@2@@std@@KAXXZ 10004d90 f i DataMergeGui.obj
 0001:00003e10       ??D?$_Vector_const_iterator@V?$basic_string@DU?$char_traits@D@std@@V?$allocator@D@2@@std@@V?$allocator@V?$basic_string@DU?$char_traits@D@std@@V?$allocator@D@2@@std@@@2@@std@@QBEABV?$basic_string@DU?$char_traits@D@std@@V?$allocator@D@2@@1@XZ 10004e10 f i DataMergeGui.obj
 0001:00003e40       ??8?$_Vector_const_iterator@V?$basic_string@DU?$char_traits@D@std@@V?$allocator@D@2@@std@@V?$allocator@V?$basic_string@DU?$char_traits@D@std@@V?$allocator@D@2@@std@@@2@@std@@QBE_NABV01@@Z 10004e40 f i DataMergeGui.obj
 0001:00003e70       ??$_Copy_opt@PAV?$basic_string@DU?$char_traits@D@std@@V?$allocator@D@2@@std@@PAV12@Uforward_iterator_tag@2@@std@@YAPAV?$basic_string@DU?$char_traits@D@std@@V?$allocator@D@2@@0@PAV10@00Uforward_iterator_tag@0@U_Nonscalar_ptr_iterator_tag@0@U_Range_checked_iterator_tag@0@@Z 10004e70 f i DataMergeGui.obj
 0001:00003eb0       ??0out_of_range@std@@QAE@ABV01@@Z 10004eb0 f i DataMergeGui.obj
 0001:00003ed0       ?applyScale@DataMergeGui@@QAEXXZ 10004ed0 f   DataMergeGui.obj
 0001:00003fb0       ??D?$_Vector_iterator@V?$basic_string@DU?$char_traits@D@std@@V?$allocator@D@2@@std@@V?$allocator@V?$basic_string@DU?$char_traits@D@std@@V?$allocator@D@2@@std@@@2@@std@@QBEAAV?$basic_string@DU?$char_traits@D@std@@V?$allocator@D@2@@1@XZ 10004fb0 f i DataMergeGui.obj
 0001:00003fe0       ??9?$_Vector_const_iterator@V?$basic_string@DU?$char_traits@D@std@@V?$allocator@D@2@@std@@V?$allocator@V?$basic_string@DU?$char_traits@D@std@@V?$allocator@D@2@@std@@@2@@std@@QBE_NABV01@@Z 10004fe0 f i DataMergeGui.obj
 0001:00004010       ??$_Copy_opt@PAV?$basic_string@DU?$char_traits@D@std@@V?$allocator@D@2@@std@@PAV12@@std@@YAPAV?$basic_string@DU?$char_traits@D@std@@V?$allocator@D@2@@0@PAV10@00Urandom_access_iterator_tag@0@U_Nonscalar_ptr_iterator_tag@0@U_Range_checked_iterator_tag@0@@Z 10005010 f i DataMergeGui.obj
 0001:00004070       ??$unchecked_copy@PAV?$basic_string@DU?$char_traits@D@std@@V?$allocator@D@2@@std@@PAV12@@stdext@@YAPAV?$basic_string@DU?$char_traits@D@std@@V?$allocator@D@2@@std@@PAV12@00@Z 10005070 f i DataMergeGui.obj
 0001:000040a0       ??$_Uninit_copy@PAV?$basic_string@DU?$char_traits@D@std@@V?$allocator@D@2@@std@@PAV12@V?$allocator@V?$basic_string@DU?$char_traits@D@std@@V?$allocator@D@2@@std@@@2@@std@@YAPAV?$basic_string@DU?$char_traits@D@std@@V?$allocator@D@2@@0@PAV10@00AAV?$allocator@V?$basic_string@DU?$char_traits@D@std@@V?$allocator@D@2@@std@@@0@U_Nonscalar_ptr_iterator_tag@0@U_Range_checked_iterator_tag@0@@Z 100050a0 f i DataMergeGui.obj
 0001:00004130       ??$unchecked_uninitialized_copy@PAV?$basic_string@DU?$char_traits@D@std@@V?$allocator@D@2@@std@@PAV12@V?$allocator@V?$basic_string@DU?$char_traits@D@std@@V?$allocator@D@2@@std@@@2@@stdext@@YAPAV?$basic_string@DU?$char_traits@D@std@@V?$allocator@D@2@@std@@PAV12@00AAV?$allocator@V?$basic_string@DU?$char_traits@D@std@@V?$allocator@D@2@@std@@@2@@Z 10005130 f i DataMergeGui.obj
 0001:00004160       ?at@?$vector@V?$basic_string@DU?$char_traits@D@std@@V?$allocator@D@2@@std@@V?$allocator@V?$basic_string@DU?$char_traits@D@std@@V?$allocator@D@2@@std@@@2@@std@@QAEAAV?$basic_string@DU?$char_traits@D@std@@V?$allocator@D@2@@2@I@Z 10005160 f i DataMergeGui.obj
 0001:000041e0       ??$_Ucopy@PAV?$basic_string@DU?$char_traits@D@std@@V?$allocator@D@2@@std@@@?$vector@V?$basic_string@DU?$char_traits@D@std@@V?$allocator@D@2@@std@@V?$allocator@V?$basic_string@DU?$char_traits@D@std@@V?$allocator@D@2@@std@@@2@@std@@IAEPAV?$basic_string@DU?$char_traits@D@std@@V?$allocator@D@2@@1@PAV21@00@Z 100051e0 f i DataMergeGui.obj
 0001:00004210       ?generateNewView@DataMergeGui@@QAEXXZ 10005210 f   DataMergeGui.obj
 0001:00004410       ?erase@?$vector@V?$basic_string@DU?$char_traits@D@std@@V?$allocator@D@2@@std@@V?$allocator@V?$basic_string@DU?$char_traits@D@std@@V?$allocator@D@2@@std@@@2@@std@@QAE?AV?$_Vector_iterator@V?$basic_string@DU?$char_traits@D@std@@V?$allocator@D@2@@std@@V?$allocator@V?$basic_string@DU?$char_traits@D@std@@V?$allocator@D@2@@std@@@2@@2@V32@0@Z 10005410 f i DataMergeGui.obj
 0001:00004490       ?clear@?$vector@V?$basic_string@DU?$char_traits@D@std@@V?$allocator@D@2@@std@@V?$allocator@V?$basic_string@DU?$char_traits@D@std@@V?$allocator@D@2@@std@@@2@@std@@QAEXXZ 10005490 f i DataMergeGui.obj
 0001:000044d0       ??1DataMergeGui@@UAE@XZ    100054d0 f   DataMergeGui.obj
 0001:00004720       ??_EDataMergeGui@@W7AEPAXI@Z 10005720 f i DataMergeGui.obj
 0001:00004730       ??4?$vector@V?$basic_string@DU?$char_traits@D@std@@V?$allocator@D@2@@std@@V?$allocator@V?$basic_string@DU?$char_traits@D@std@@V?$allocator@D@2@@std@@@2@@std@@QAEAAV01@ABV01@@Z 10005730 f i DataMergeGui.obj
 0001:000048c0       ??_GDataMergeGui@@UAEPAXI@Z 100058c0 f i DataMergeGui.obj
 0001:000048c0       ??_EDataMergeGui@@UAEPAXI@Z 100058c0 f i DataMergeGui.obj
 0001:000048e0       ?init@DataMergeGui@@AAEXXZ 100058e0 f   DataMergeGui.obj
 0001:00004ad0       ??0DataMergeGui@@QAE@PAVQWidget@@PBD_N@Z 10005ad0 f   DataMergeGui.obj
 0001:000051b0       ??_EQGridLayout@@UAEPAXI@Z 100061b0 f i DataMergeGui.obj
 0001:000051b0       ??_GQGridLayout@@UAEPAXI@Z 100061b0 f i DataMergeGui.obj
 0001:000051d0       ??_EQPushButton@@UAEPAXI@Z 100061d0 f i DataMergeGui.obj
 0001:000051d0       ??_GQPushButton@@UAEPAXI@Z 100061d0 f i DataMergeGui.obj
 0001:000051f0       ??_GQComboBox@@UAEPAXI@Z   100061f0 f i DataMergeGui.obj
 0001:000051f0       ??_EQComboBox@@UAEPAXI@Z   100061f0 f i DataMergeGui.obj
 0001:00005210       ??_EQDoubleSpinBox@@UAEPAXI@Z 10006210 f i DataMergeGui.obj
 0001:00005210       ??_GQDoubleSpinBox@@UAEPAXI@Z 10006210 f i DataMergeGui.obj
 0001:00005230       ??_EQLabel@@UAEPAXI@Z      10006230 f i DataMergeGui.obj
 0001:00005230       ??_GQLabel@@UAEPAXI@Z      10006230 f i DataMergeGui.obj
 0001:00005250       ??_EQLabel@@W7AEPAXI@Z     10006250 f i DataMergeGui.obj
 0001:00005260       ??_EQGridLayout@@W7AEPAXI@Z 10006260 f i DataMergeGui.obj
 0001:00005270       ??_EQDoubleSpinBox@@W7AEPAXI@Z 10006270 f i DataMergeGui.obj
 0001:00005280       ??_EQComboBox@@W7AEPAXI@Z  10006280 f i DataMergeGui.obj
 0001:00005290       ??_EQPushButton@@W7AEPAXI@Z 10006290 f i DataMergeGui.obj
 0001:000052a0       ??1?$pair@V?$basic_string@DU?$char_traits@D@std@@V?$allocator@D@2@@std@@PAVPlugInFactory@@@std@@QAE@XZ 100062a0 f i ModuleManager.obj
 0001:000052b0       ?setService@ModuleManager@@QAEXPAVExternal@@@Z 100062b0 f i ModuleManager.obj
 0001:000052c0       _opticks_get_module_descriptor 100062c0 f   ModuleManager.obj
 0001:000052d0       ?getTotalPlugIns@ModuleManager@@SAIXZ 100062d0 f   ModuleManager.obj
 0001:000052e0       ?getPlugIn@ModuleManager@@QAEPAVPlugIn@@I@Z 100062e0 f   ModuleManager.obj
 0001:000052f0       ?size@?$vector@U?$pair@V?$basic_string@DU?$char_traits@D@std@@V?$allocator@D@2@@std@@PAVPlugInFactory@@@std@@V?$allocator@U?$pair@V?$basic_string@DU?$char_traits@D@std@@V?$allocator@D@2@@std@@PAVPlugInFactory@@@std@@@2@@std@@QBEIXZ 100062f0 f i ModuleManager.obj
 0001:00005310       ??A?$vector@U?$pair@V?$basic_string@DU?$char_traits@D@std@@V?$allocator@D@2@@std@@PAVPlugInFactory@@@std@@V?$allocator@U?$pair@V?$basic_string@DU?$char_traits@D@std@@V?$allocator@D@2@@std@@PAVPlugInFactory@@@std@@@2@@std@@QAEAAU?$pair@V?$basic_string@DU?$char_traits@D@std@@V?$allocator@D@2@@std@@PAVPlugInFactory@@@1@I@Z 10006310 f i ModuleManager.obj
 0001:00005340       ?capacity@?$vector@U?$pair@V?$basic_string@DU?$char_traits@D@std@@V?$allocator@D@2@@std@@PAVPlugInFactory@@@std@@V?$allocator@U?$pair@V?$basic_string@DU?$char_traits@D@std@@V?$allocator@D@2@@std@@PAVPlugInFactory@@@std@@@2@@std@@QBEIXZ 10006340 f i ModuleManager.obj
 0001:00005360       ??0?$allocator@U?$pair@V?$basic_string@DU?$char_traits@D@std@@V?$allocator@D@2@@std@@PAVPlugInFactory@@@std@@@std@@QAE@XZ 10006360 f i ModuleManager.obj
 0001:00005370       ??E?$_Vector_const_iterator@V?$basic_string@DU?$char_traits@D@std@@V?$allocator@D@2@@std@@V?$allocator@V?$basic_string@DU?$char_traits@D@std@@V?$allocator@D@2@@std@@@2@@std@@QAEAAV01@XZ 10006370 f i ModuleManager.obj
 0001:000053a0       ?_Xlen@?$vector@U?$pair@V?$basic_string@DU?$char_traits@D@std@@V?$allocator@D@2@@std@@PAVPlugInFactory@@@std@@V?$allocator@U?$pair@V?$basic_string@DU?$char_traits@D@std@@V?$allocator@D@2@@std@@PAVPlugInFactory@@@std@@@2@@std@@KAXXZ 100063a0 f i ModuleManager.obj
 0001:00005420       ??0?$allocator@U?$pair@V?$basic_string@DU?$char_traits@D@std@@V?$allocator@D@2@@std@@PAVPlugInFactory@@@std@@@std@@QAE@ABV01@@Z 10006420 f i ModuleManager.obj
 0001:00005430       ?deallocate@?$allocator@U?$pair@V?$basic_string@DU?$char_traits@D@std@@V?$allocator@D@2@@std@@PAVPlugInFactory@@@std@@@std@@QAEXPAU?$pair@V?$basic_string@DU?$char_traits@D@std@@V?$allocator@D@2@@std@@PAVPlugInFactory@@@2@I@Z 10006430 f i ModuleManager.obj
 0001:00005440       ??0?$pair@V?$basic_string@DU?$char_traits@D@std@@V?$allocator@D@2@@std@@PAVPlugInFactory@@@std@@QAE@ABU01@@Z 10006440 f i ModuleManager.obj
 0001:00005460       ??0?$_Ranit@U?$pair@V?$basic_string@DU?$char_traits@D@std@@V?$allocator@D@2@@std@@PAVPlugInFactory@@@std@@HPBU12@ABU12@@std@@QAE@XZ 10006460 f i ModuleManager.obj
 0001:00005470       ?max_size@?$allocator@U?$pair@V?$basic_string@DU?$char_traits@D@std@@V?$allocator@D@2@@std@@PAVPlugInFactory@@@std@@@std@@QBEIXZ 10006470 f i ModuleManager.obj
 0001:00005480       ??G?$_Vector_const_iterator@U?$pair@V?$basic_string@DU?$char_traits@D@std@@V?$allocator@D@2@@std@@PAVPlugInFactory@@@std@@V?$allocator@U?$pair@V?$basic_string@DU?$char_traits@D@std@@V?$allocator@D@2@@std@@PAVPlugInFactory@@@std@@@2@@std@@QBEHABV01@@Z 10006480 f i ModuleManager.obj
 0001:000054b0       ??Y?$_Vector_const_iterator@U?$pair@V?$basic_string@DU?$char_traits@D@std@@V?$allocator@D@2@@std@@PAVPlugInFactory@@@std@@V?$allocator@U?$pair@V?$basic_string@DU?$char_traits@D@std@@V?$allocator@D@2@@std@@PAVPlugInFactory@@@std@@@2@@std@@QAEAAV01@H@Z 100064b0 f i ModuleManager.obj
 0001:000054f0       ??$_Allocate@U?$pair@V?$basic_string@DU?$char_traits@D@std@@V?$allocator@D@2@@std@@PAVPlugInFactory@@@std@@@std@@YAPAU?$pair@V?$basic_string@DU?$char_traits@D@std@@V?$allocator@D@2@@std@@PAVPlugInFactory@@@0@IPAU10@@Z 100064f0 f i ModuleManager.obj
 0001:00005550       ??0?$pair@V?$basic_string@DU?$char_traits@D@std@@V?$allocator@D@2@@std@@PAVPlugInFactory@@@std@@QAE@ABV?$basic_string@DU?$char_traits@D@std@@V?$allocator@D@2@@1@ABQAVPlugInFactory@@@Z 10006550 f i ModuleManager.obj
 0001:00005570       ??$_Count@PADD@std@@YAHPAD0ABD@Z 10006570 f i ModuleManager.obj
 0001:000055a0       ??$_Ptr_cat@PAU?$pair@V?$basic_string@DU?$char_traits@D@std@@V?$allocator@D@2@@std@@PAVPlugInFactory@@@std@@PAU12@@std@@YA?AU_Nonscalar_ptr_iterator_tag@0@AAPAU?$pair@V?$basic_string@DU?$char_traits@D@std@@V?$allocator@D@2@@std@@PAVPlugInFactory@@@0@0@Z 100065a0 f i ModuleManager.obj
 0001:000055b0       ??$_Iter_random@PAU?$pair@V?$basic_string@DU?$char_traits@D@std@@V?$allocator@D@2@@std@@PAVPlugInFactory@@@std@@PAU12@@std@@YA?AUrandom_access_iterator_tag@0@ABQAU?$pair@V?$basic_string@DU?$char_traits@D@std@@V?$allocator@D@2@@std@@PAVPlugInFactory@@@0@0@Z 100065b0 f i ModuleManager.obj
 0001:000055c0       ??$_Move_cat@PAU?$pair@V?$basic_string@DU?$char_traits@D@std@@V?$allocator@D@2@@std@@PAVPlugInFactory@@@std@@@std@@YA?AU_Undefined_move_tag@0@ABQAU?$pair@V?$basic_string@DU?$char_traits@D@std@@V?$allocator@D@2@@std@@PAVPlugInFactory@@@0@@Z 100065c0 f i ModuleManager.obj
 0001:000055d0       ??4?$pair@V?$basic_string@DU?$char_traits@D@std@@V?$allocator@D@2@@std@@PAVPlugInFactory@@@std@@QAEAAU01@ABU01@@Z 100065d0 f i ModuleManager.obj
 0001:000055f0       ??$_Checked_base@PAU?$pair@V?$basic_string@DU?$char_traits@D@std@@V?$allocator@D@2@@std@@PAVPlugInFactory@@@std@@@std@@YAPAU?$pair@V?$basic_string@DU?$char_traits@D@std@@V?$allocator@D@2@@std@@PAVPlugInFactory@@@0@AAPAU10@U_Unchanged_checked_iterator_base_type_tag@0@@Z 100065f0 f i ModuleManager.obj
 0001:00005600       ??$_Construct@U?$pair@V?$basic_string@DU?$char_traits@D@std@@V?$allocator@D@2@@std@@PAVPlugInFactory@@@std@@U12@@std@@YAXPAU?$pair@V?$basic_string@DU?$char_traits@D@std@@V?$allocator@D@2@@std@@PAVPlugInFactory@@@0@ABU10@@Z 10006600 f i ModuleManager.obj
 0001:00005660       ??_G?$pair@V?$basic_string@DU?$char_traits@D@std@@V?$allocator@D@2@@std@@PAVPlugInFactory@@@std@@QAEPAXI@Z 10006660 f i ModuleManager.obj
 0001:00005680       ?_Checked_iterator_base@?$_String_iterator@DU?$char_traits@D@std@@V?$allocator@D@2@@std@@QBEPADXZ 10006680 f i ModuleManager.obj
 0001:00005690       ?_Checked_iterator_base@?$_Vector_iterator@U?$pair@V?$basic_string@DU?$char_traits@D@std@@V?$allocator@D@2@@std@@PAVPlugInFactory@@@std@@V?$allocator@U?$pair@V?$basic_string@DU?$char_traits@D@std@@V?$allocator@D@2@@std@@PAVPlugInFactory@@@std@@@2@@std@@QBEPAU?$pair@V?$basic_string@DU?$char_traits@D@std@@V?$allocator@D@2@@std@@PAVPlugInFactory@@@2@XZ 10006690 f i ModuleManager.obj
 0001:000056a0       ??0?$pair@PAU?$pair@V?$basic_string@DU?$char_traits@D@std@@V?$allocator@D@2@@std@@PAVPlugInFactory@@@std@@PAU12@@std@@QAE@ABQAU?$pair@V?$basic_string@DU?$char_traits@D@std@@V?$allocator@D@2@@std@@PAVPlugInFactory@@@1@0@Z 100066a0 f i ModuleManager.obj
 0001:000056c0       ??$_Dist_type@PAU?$pair@V?$basic_string@DU?$char_traits@D@std@@V?$allocator@D@2@@std@@PAVPlugInFactory@@@std@@@std@@YAPAHPAU?$pair@V?$basic_string@DU?$char_traits@D@std@@V?$allocator@D@2@@std@@PAVPlugInFactory@@@0@@Z 100066c0 f i ModuleManager.obj
 0001:000056d0       ??$_Val_type@PAU?$pair@V?$basic_string@DU?$char_traits@D@std@@V?$allocator@D@2@@std@@PAVPlugInFactory@@@std@@@std@@YAPAU?$pair@V?$basic_string@DU?$char_traits@D@std@@V?$allocator@D@2@@std@@PAVPlugInFactory@@@0@PAU10@@Z 100066d0 f i ModuleManager.obj
 0001:000056e0       ??$_Copy_backward_opt@PAU?$pair@V?$basic_string@DU?$char_traits@D@std@@V?$allocator@D@2@@std@@PAVPlugInFactory@@@std@@PAU12@Uforward_iterator_tag@2@@std@@YAPAU?$pair@V?$basic_string@DU?$char_traits@D@std@@V?$allocator@D@2@@std@@PAVPlugInFactory@@@0@PAU10@00Uforward_iterator_tag@0@U_Nonscalar_ptr_iterator_tag@0@U_Range_checked_iterator_tag@0@@Z 100066e0 f i ModuleManager.obj
 0001:00005720       ??$_Iter_cat@PAU?$pair@V?$basic_string@DU?$char_traits@D@std@@V?$allocator@D@2@@std@@PAVPlugInFactory@@@std@@@std@@YA?AUrandom_access_iterator_tag@0@ABQAU?$pair@V?$basic_string@DU?$char_traits@D@std@@V?$allocator@D@2@@std@@PAVPlugInFactory@@@0@@Z 10006720 f i ModuleManager.obj
 0001:00005730       ??$_Rotate@PAU?$pair@V?$basic_string@DU?$char_traits@D@std@@V?$allocator@D@2@@std@@PAVPlugInFactory@@@std@@HU12@@std@@YAXPAU?$pair@V?$basic_string@DU?$char_traits@D@std@@V?$allocator@D@2@@std@@PAVPlugInFactory@@@0@00PAH0@Z 10006730 f i ModuleManager.obj
 0001:00005870       ??$swap@PAVPlugInFactory@@@std@@YAXAAPAVPlugInFactory@@0@Z 10006870 f i ModuleManager.obj
 0001:00005890       ??E?$_Vector_iterator@V?$basic_string@DU?$char_traits@D@std@@V?$allocator@D@2@@std@@V?$allocator@V?$basic_string@DU?$char_traits@D@std@@V?$allocator@D@2@@std@@@2@@std@@QAEAAV01@XZ 10006890 f i ModuleManager.obj
 0001:000058c0       ??0?$_Vector_val@U?$pair@V?$basic_string@DU?$char_traits@D@std@@V?$allocator@D@2@@std@@PAVPlugInFactory@@@std@@V?$allocator@U?$pair@V?$basic_string@DU?$char_traits@D@std@@V?$allocator@D@2@@std@@PAVPlugInFactory@@@std@@@2@@std@@IAE@V?$allocator@U?$pair@V?$basic_string@DU?$char_traits@D@std@@V?$allocator@D@2@@std@@PAVPlugInFactory@@@std@@@1@@Z 100068c0 f i ModuleManager.obj
 0001:000058d0       ?max_size@?$vector@U?$pair@V?$basic_string@DU?$char_traits@D@std@@V?$allocator@D@2@@std@@PAVPlugInFactory@@@std@@V?$allocator@U?$pair@V?$basic_string@DU?$char_traits@D@std@@V?$allocator@D@2@@std@@PAVPlugInFactory@@@std@@@2@@std@@QBEIXZ 100068d0 f i ModuleManager.obj
 0001:000058e0       ?allocate@?$allocator@U?$pair@V?$basic_string@DU?$char_traits@D@std@@V?$allocator@D@2@@std@@PAVPlugInFactory@@@std@@@std@@QAEPAU?$pair@V?$basic_string@DU?$char_traits@D@std@@V?$allocator@D@2@@std@@PAVPlugInFactory@@@2@I@Z 100068e0 f i ModuleManager.obj
 0001:00005900       ??G?$_Vector_iterator@U?$pair@V?$basic_string@DU?$char_traits@D@std@@V?$allocator@D@2@@std@@PAVPlugInFactory@@@std@@V?$allocator@U?$pair@V?$basic_string@DU?$char_traits@D@std@@V?$allocator@D@2@@std@@PAVPlugInFactory@@@std@@@2@@std@@QBEHABV?$_Vector_const_iterator@U?$pair@V?$basic_string@DU?$char_traits@D@std@@V?$allocator@D@2@@std@@PAVPlugInFactory@@@std@@V?$allocator@U?$pair@V?$basic_string@DU?$char_traits@D@std@@V?$allocator@D@2@@std@@PAVPlugInFactory@@@std@@@2@@1@@Z 10006900 f i ModuleManager.obj
 0001:00005930       ??0?$_Vector_const_iterator@U?$pair@V?$basic_string@DU?$char_traits@D@std@@V?$allocator@D@2@@std@@PAVPlugInFactory@@@std@@V?$allocator@U?$pair@V?$basic_string@DU?$char_traits@D@std@@V?$allocator@D@2@@std@@PAVPlugInFactory@@@std@@@2@@std@@QAE@PAU?$pair@V?$basic_string@DU?$char_traits@D@std@@V?$allocator@D@2@@std@@PAVPlugInFactory@@@1@PBU_Container_base@1@@Z 10006930 f i ModuleManager.obj
 0001:00005970       ??Y?$_Vector_iterator@U?$pair@V?$basic_string@DU?$char_traits@D@std@@V?$allocator@D@2@@std@@PAVPlugInFactory@@@std@@V?$allocator@U?$pair@V?$basic_string@DU?$char_traits@D@std@@V?$allocator@D@2@@std@@PAVPlugInFactory@@@std@@@2@@std@@QAEAAV01@H@Z 10006970 f i ModuleManager.obj
 0001:000059b0       ??$make_pair@V?$basic_string@DU?$char_traits@D@std@@V?$allocator@D@2@@std@@PAVPlugInFactory@@@std@@YA?AU?$pair@V?$basic_string@DU?$char_traits@D@std@@V?$allocator@D@2@@std@@PAVPlugInFactory@@@0@V?$basic_string@DU?$char_traits@D@std@@V?$allocator@D@2@@0@PAVPlugInFactory@@@Z 100069b0 f i ModuleManager.obj
 0001:00005a20       ??$_Checked_base@PAU?$pair@V?$basic_string@DU?$char_traits@D@std@@V?$allocator@D@2@@std@@PAVPlugInFactory@@@std@@@std@@YAPAU?$pair@V?$basic_string@DU?$char_traits@D@std@@V?$allocator@D@2@@std@@PAVPlugInFactory@@@0@AAPAU10@@Z 10006a20 f i ModuleManager.obj
 0001:00005a30       ??$_Fill@PAU?$pair@V?$basic_string@DU?$char_traits@D@std@@V?$allocator@D@2@@std@@PAVPlugInFactory@@@std@@U12@@std@@YAXPAU?$pair@V?$basic_string@DU?$char_traits@D@std@@V?$allocator@D@2@@std@@PAVPlugInFactory@@@0@0ABU10@@Z 10006a30 f i ModuleManager.obj
 0001:00005a60       ?construct@?$allocator@U?$pair@V?$basic_string@DU?$char_traits@D@std@@V?$allocator@D@2@@std@@PAVPlugInFactory@@@std@@@std@@QAEXPAU?$pair@V?$basic_string@DU?$char_traits@D@std@@V?$allocator@D@2@@std@@PAVPlugInFactory@@@2@ABU32@@Z 10006a60 f i ModuleManager.obj
 0001:00005a80       ??$_Checked_base@V?$_String_iterator@DU?$char_traits@D@std@@V?$allocator@D@2@@std@@U_Different_checked_iterator_base_type_tag@2@@std@@YAPADAAV?$_String_iterator@DU?$char_traits@D@std@@V?$allocator@D@2@@0@U_Different_checked_iterator_base_type_tag@0@@Z 10006a80 f i ModuleManager.obj
 0001:00005a90       ??$_Checked_base@V?$_Vector_iterator@U?$pair@V?$basic_string@DU?$char_traits@D@std@@V?$allocator@D@2@@std@@PAVPlugInFactory@@@std@@V?$allocator@U?$pair@V?$basic_string@DU?$char_traits@D@std@@V?$allocator@D@2@@std@@PAVPlugInFactory@@@std@@@2@@std@@U_Different_checked_iterator_base_type_tag@2@@std@@YAPAU?$pair@V?$basic_string@DU?$char_traits@D@std@@V?$allocator@D@2@@std@@PAVPlugInFactory@@@0@AAV?$_Vector_iterator@U?$pair@V?$basic_string@DU?$char_traits@D@std@@V?$allocator@D@2@@std@@PAVPlugInFactory@@@std@@V?$allocator@U?$pair@V?$basic_string@DU?$char_traits@D@std@@V?$allocator@D@2@@std@@PAVPlugInFactory@@@std@@@2@@0@U_Different_checked_iterator_base_type_tag@0@@Z 10006a90 f i ModuleManager.obj
 0001:00005aa0       ??$_Copy_backward_opt@PAU?$pair@V?$basic_string@DU?$char_traits@D@std@@V?$allocator@D@2@@std@@PAVPlugInFactory@@@std@@PAU12@@std@@YAPAU?$pair@V?$basic_string@DU?$char_traits@D@std@@V?$allocator@D@2@@std@@PAVPlugInFactory@@@0@PAU10@00Urandom_access_iterator_tag@0@U_Nonscalar_ptr_iterator_tag@0@U_Range_checked_iterator_tag@0@@Z 10006aa0 f i ModuleManager.obj
 0001:00005af0       ??$_Destroy@U?$pair@V?$basic_string@DU?$char_traits@D@std@@V?$allocator@D@2@@std@@PAVPlugInFactory@@@std@@@std@@YAXPAU?$pair@V?$basic_string@DU?$char_traits@D@std@@V?$allocator@D@2@@std@@PAVPlugInFactory@@@0@@Z 10006af0 f i ModuleManager.obj
 0001:00005b00       ??$_Rotate@PAU?$pair@V?$basic_string@DU?$char_traits@D@std@@V?$allocator@D@2@@std@@PAVPlugInFactory@@@std@@@std@@YAXPAU?$pair@V?$basic_string@DU?$char_traits@D@std@@V?$allocator@D@2@@std@@PAVPlugInFactory@@@0@00Urandom_access_iterator_tag@0@@Z 10006b00 f i ModuleManager.obj
 0001:00005b20       ?swap@?$pair@V?$basic_string@DU?$char_traits@D@std@@V?$allocator@D@2@@std@@PAVPlugInFactory@@@std@@QAEXAAU12@@Z 10006b20 f i ModuleManager.obj
 0001:00005b40       ?_Buy@?$vector@U?$pair@V?$basic_string@DU?$char_traits@D@std@@V?$allocator@D@2@@std@@PAVPlugInFactory@@@std@@V?$allocator@U?$pair@V?$basic_string@DU?$char_traits@D@std@@V?$allocator@D@2@@std@@PAVPlugInFactory@@@std@@@2@@std@@IAE_NI@Z 10006b40 f i ModuleManager.obj
 0001:00005b90       ??0?$_Vector_iterator@U?$pair@V?$basic_string@DU?$char_traits@D@std@@V?$allocator@D@2@@std@@PAVPlugInFactory@@@std@@V?$allocator@U?$pair@V?$basic_string@DU?$char_traits@D@std@@V?$allocator@D@2@@std@@PAVPlugInFactory@@@std@@@2@@std@@QAE@PAU?$pair@V?$basic_string@DU?$char_traits@D@std@@V?$allocator@D@2@@std@@PAVPlugInFactory@@@1@PBU_Container_base@1@@Z 10006b90 f i ModuleManager.obj
 0001:00005bd0       ??H?$_Vector_iterator@U?$pair@V?$basic_string@DU?$char_traits@D@std@@V?$allocator@D@2@@std@@PAVPlugInFactory@@@std@@V?$allocator@U?$pair@V?$basic_string@DU?$char_traits@D@std@@V?$allocator@D@2@@std@@PAVPlugInFactory@@@std@@@2@@std@@QBE?AV01@H@Z 10006bd0 f i ModuleManager.obj
 0001:00005c10       ??$fill@PAU?$pair@V?$basic_string@DU?$char_traits@D@std@@V?$allocator@D@2@@std@@PAVPlugInFactory@@@std@@U12@@std@@YAXPAU?$pair@V?$basic_string@DU?$char_traits@D@std@@V?$allocator@D@2@@std@@PAVPlugInFactory@@@0@0ABU10@@Z 10006c10 f i ModuleManager.obj
 0001:00005c40       ??$_Checked_base@V?$_String_iterator@DU?$char_traits@D@std@@V?$allocator@D@2@@std@@@std@@YAPADAAV?$_String_iterator@DU?$char_traits@D@std@@V?$allocator@D@2@@0@@Z 10006c40 f i ModuleManager.obj
 0001:00005c50       ??$_Checked_base@V?$_Vector_iterator@U?$pair@V?$basic_string@DU?$char_traits@D@std@@V?$allocator@D@2@@std@@PAVPlugInFactory@@@std@@V?$allocator@U?$pair@V?$basic_string@DU?$char_traits@D@std@@V?$allocator@D@2@@std@@PAVPlugInFactory@@@std@@@2@@std@@@std@@YAPAU?$pair@V?$basic_string@DU?$char_traits@D@std@@V?$allocator@D@2@@std@@PAVPlugInFactory@@@0@AAV?$_Vector_iterator@U?$pair@V?$basic_string@DU?$char_traits@D@std@@V?$allocator@D@2@@std@@PAVPlugInFactory@@@std@@V?$allocator@U?$pair@V?$basic_string@DU?$char_traits@D@std@@V?$allocator@D@2@@std@@PAVPlugInFactory@@@std@@@2@@0@@Z 10006c50 f i ModuleManager.obj
 0001:00005c60       ??$_Move_backward_opt@PAU?$pair@V?$basic_string@DU?$char_traits@D@std@@V?$allocator@D@2@@std@@PAVPlugInFactory@@@std@@PAU12@Urandom_access_iterator_tag@2@U_Undefined_move_tag@2@@std@@YAPAU?$pair@V?$basic_string@DU?$char_traits@D@std@@V?$allocator@D@2@@std@@PAVPlugInFactory@@@0@PAU10@00Urandom_access_iterator_tag@0@U_Undefined_move_tag@0@U_Range_checked_iterator_tag@0@@Z 10006c60 f i ModuleManager.obj
 0001:00005cb0       ?destroy@?$allocator@U?$pair@V?$basic_string@DU?$char_traits@D@std@@V?$allocator@D@2@@std@@PAVPlugInFactory@@@std@@@std@@QAEXPAU?$pair@V?$basic_string@DU?$char_traits@D@std@@V?$allocator@D@2@@std@@PAVPlugInFactory@@@2@@Z 10006cb0 f i ModuleManager.obj
 0001:00005cc0       ??$rotate@PAU?$pair@V?$basic_string@DU?$char_traits@D@std@@V?$allocator@D@2@@std@@PAVPlugInFactory@@@std@@@std@@YAXPAU?$pair@V?$basic_string@DU?$char_traits@D@std@@V?$allocator@D@2@@std@@PAVPlugInFactory@@@0@00@Z 10006cc0 f i ModuleManager.obj
 0001:00005cf0       ??$swap@V?$basic_string@DU?$char_traits@D@std@@V?$allocator@D@2@@std@@PAVPlugInFactory@@@std@@YAXAAU?$pair@V?$basic_string@DU?$char_traits@D@std@@V?$allocator@D@2@@std@@PAVPlugInFactory@@@0@0@Z 10006cf0 f i ModuleManager.obj
 0001:00005d20       ??$_Uninit_copy@PAU?$pair@V?$basic_string@DU?$char_traits@D@std@@V?$allocator@D@2@@std@@PAVPlugInFactory@@@std@@PAU12@V?$allocator@U?$pair@V?$basic_string@DU?$char_traits@D@std@@V?$allocator@D@2@@std@@PAVPlugInFactory@@@std@@@2@@std@@YAPAU?$pair@V?$basic_string@DU?$char_traits@D@std@@V?$allocator@D@2@@std@@PAVPlugInFactory@@@0@PAU10@00AAV?$allocator@U?$pair@V?$basic_string@DU?$char_traits@D@std@@V?$allocator@D@2@@std@@PAVPlugInFactory@@@std@@@0@U_Nonscalar_ptr_iterator_tag@0@U_Range_checked_iterator_tag@0@@Z 10006d20 f i ModuleManager.obj
 0001:00005dc0       ??0?$vector@U?$pair@V?$basic_string@DU?$char_traits@D@std@@V?$allocator@D@2@@std@@PAVPlugInFactory@@@std@@V?$allocator@U?$pair@V?$basic_string@DU?$char_traits@D@std@@V?$allocator@D@2@@std@@PAVPlugInFactory@@@std@@@2@@std@@QAE@XZ 10006dc0 f i ModuleManager.obj
 0001:00005dd0       ?begin@?$vector@U?$pair@V?$basic_string@DU?$char_traits@D@std@@V?$allocator@D@2@@std@@PAVPlugInFactory@@@std@@V?$allocator@U?$pair@V?$basic_string@DU?$char_traits@D@std@@V?$allocator@D@2@@std@@PAVPlugInFactory@@@std@@@2@@std@@QAE?AV?$_Vector_iterator@U?$pair@V?$basic_string@DU?$char_traits@D@std@@V?$allocator@D@2@@std@@PAVPlugInFactory@@@std@@V?$allocator@U?$pair@V?$basic_string@DU?$char_traits@D@std@@V?$allocator@D@2@@std@@PAVPlugInFactory@@@std@@@2@@2@XZ 10006dd0 f i ModuleManager.obj
 0001:00005e00       ?end@?$vector@U?$pair@V?$basic_string@DU?$char_traits@D@std@@V?$allocator@D@2@@std@@PAVPlugInFactory@@@std@@V?$allocator@U?$pair@V?$basic_string@DU?$char_traits@D@std@@V?$allocator@D@2@@std@@PAVPlugInFactory@@@std@@@2@@std@@QAE?AV?$_Vector_iterator@U?$pair@V?$basic_string@DU?$char_traits@D@std@@V?$allocator@D@2@@std@@PAVPlugInFactory@@@std@@V?$allocator@U?$pair@V?$basic_string@DU?$char_traits@D@std@@V?$allocator@D@2@@std@@PAVPlugInFactory@@@std@@@2@@2@XZ 10006e00 f i ModuleManager.obj
 0001:00005e30       ??$count@V?$_String_iterator@DU?$char_traits@D@std@@V?$allocator@D@2@@std@@D@std@@YAHV?$_String_iterator@DU?$char_traits@D@std@@V?$allocator@D@2@@0@0ABD@Z 10006e30 f i ModuleManager.obj
 0001:00005e60       ??$_Unchecked_move_backward@PAU?$pair@V?$basic_string@DU?$char_traits@D@std@@V?$allocator@D@2@@std@@PAVPlugInFactory@@@std@@PAU12@@stdext@@YAPAU?$pair@V?$basic_string@DU?$char_traits@D@std@@V?$allocator@D@2@@std@@PAVPlugInFactory@@@std@@PAU12@00@Z 10006e60 f i ModuleManager.obj
 0001:00005eb0       ??$_Uninit_fill_n@PAU?$pair@V?$basic_string@DU?$char_traits@D@std@@V?$allocator@D@2@@std@@PAVPlugInFactory@@@std@@IU12@V?$allocator@U?$pair@V?$basic_string@DU?$char_traits@D@std@@V?$allocator@D@2@@std@@PAVPlugInFactory@@@std@@@2@@std@@YAXPAU?$pair@V?$basic_string@DU?$char_traits@D@std@@V?$allocator@D@2@@std@@PAVPlugInFactory@@@0@IABU10@AAV?$allocator@U?$pair@V?$basic_string@DU?$char_traits@D@std@@V?$allocator@D@2@@std@@PAVPlugInFactory@@@std@@@0@U_Nonscalar_ptr_iterator_tag@0@U_Range_checked_iterator_tag@0@@Z 10006eb0 f i ModuleManager.obj
 0001:00005f50       ??$_Destroy_range@U?$pair@V?$basic_string@DU?$char_traits@D@std@@V?$allocator@D@2@@std@@PAVPlugInFactory@@@std@@V?$allocator@U?$pair@V?$basic_string@DU?$char_traits@D@std@@V?$allocator@D@2@@std@@PAVPlugInFactory@@@std@@@2@@std@@YAXPAU?$pair@V?$basic_string@DU?$char_traits@D@std@@V?$allocator@D@2@@std@@PAVPlugInFactory@@@0@0AAV?$allocator@U?$pair@V?$basic_string@DU?$char_traits@D@std@@V?$allocator@D@2@@std@@PAVPlugInFactory@@@std@@@0@U_Nonscalar_ptr_iterator_tag@0@@Z 10006f50 f i ModuleManager.obj
 0001:00005f80       ??$iter_swap@PAU?$pair@V?$basic_string@DU?$char_traits@D@std@@V?$allocator@D@2@@std@@PAVPlugInFactory@@@std@@PAU12@@std@@YAXPAU?$pair@V?$basic_string@DU?$char_traits@D@std@@V?$allocator@D@2@@std@@PAVPlugInFactory@@@0@0@Z 10006f80 f i ModuleManager.obj
 0001:00005fb0       ??$unchecked_uninitialized_copy@PAU?$pair@V?$basic_string@DU?$char_traits@D@std@@V?$allocator@D@2@@std@@PAVPlugInFactory@@@std@@PAU12@V?$allocator@U?$pair@V?$basic_string@DU?$char_traits@D@std@@V?$allocator@D@2@@std@@PAVPlugInFactory@@@std@@@2@@stdext@@YAPAU?$pair@V?$basic_string@DU?$char_traits@D@std@@V?$allocator@D@2@@std@@PAVPlugInFactory@@@std@@PAU12@00AAV?$allocator@U?$pair@V?$basic_string@DU?$char_traits@D@std@@V?$allocator@D@2@@std@@PAVPlugInFactory@@@std@@@2@@Z 10006fb0 f i ModuleManager.obj
 0001:00005fe0       ??RFactoryPtrComparator@@QAE_NU?$pair@V?$basic_string@DU?$char_traits@D@std@@V?$allocator@D@2@@std@@PAVPlugInFactory@@@std@@0@Z 10006fe0 f i ModuleManager.obj
 0001:00006130       ??$unchecked_uninitialized_fill_n@PAU?$pair@V?$basic_string@DU?$char_traits@D@std@@V?$allocator@D@2@@std@@PAVPlugInFactory@@@std@@IU12@V?$allocator@U?$pair@V?$basic_string@DU?$char_traits@D@std@@V?$allocator@D@2@@std@@PAVPlugInFactory@@@std@@@2@@stdext@@YAXPAU?$pair@V?$basic_string@DU?$char_traits@D@std@@V?$allocator@D@2@@std@@PAVPlugInFactory@@@std@@IABU12@AAV?$allocator@U?$pair@V?$basic_string@DU?$char_traits@D@std@@V?$allocator@D@2@@std@@PAVPlugInFactory@@@std@@@2@@Z 10007130 f i ModuleManager.obj
 0001:00006160       ??$_Destroy_range@U?$pair@V?$basic_string@DU?$char_traits@D@std@@V?$allocator@D@2@@std@@PAVPlugInFactory@@@std@@V?$allocator@U?$pair@V?$basic_string@DU?$char_traits@D@std@@V?$allocator@D@2@@std@@PAVPlugInFactory@@@std@@@2@@std@@YAXPAU?$pair@V?$basic_string@DU?$char_traits@D@std@@V?$allocator@D@2@@std@@PAVPlugInFactory@@@0@0AAV?$allocator@U?$pair@V?$basic_string@DU?$char_traits@D@std@@V?$allocator@D@2@@std@@PAVPlugInFactory@@@std@@@0@@Z 10007160 f i ModuleManager.obj
 0001:00006190       ??$_Insertion_sort@PAU?$pair@V?$basic_string@DU?$char_traits@D@std@@V?$allocator@D@2@@std@@PAVPlugInFactory@@@std@@UFactoryPtrComparator@@@std@@YAXPAU?$pair@V?$basic_string@DU?$char_traits@D@std@@V?$allocator@D@2@@std@@PAVPlugInFactory@@@0@0UFactoryPtrComparator@@@Z 10007190 f i ModuleManager.obj
 0001:000062e0       ??$_Uninit_move@PAU?$pair@V?$basic_string@DU?$char_traits@D@std@@V?$allocator@D@2@@std@@PAVPlugInFactory@@@std@@PAU12@V?$allocator@U?$pair@V?$basic_string@DU?$char_traits@D@std@@V?$allocator@D@2@@std@@PAVPlugInFactory@@@std@@@2@U_Undefined_move_tag@2@@std@@YAPAU?$pair@V?$basic_string@DU?$char_traits@D@std@@V?$allocator@D@2@@std@@PAVPlugInFactory@@@0@PAU10@00AAV?$allocator@U?$pair@V?$basic_string@DU?$char_traits@D@std@@V?$allocator@D@2@@std@@PAVPlugInFactory@@@std@@@0@U_Undefined_move_tag@0@U_Range_checked_iterator_tag@0@@Z 100072e0 f i ModuleManager.obj
 0001:00006300       ??$_Med3@PAU?$pair@V?$basic_string@DU?$char_traits@D@std@@V?$allocator@D@2@@std@@PAVPlugInFactory@@@std@@UFactoryPtrComparator@@@std@@YAXPAU?$pair@V?$basic_string@DU?$char_traits@D@std@@V?$allocator@D@2@@std@@PAVPlugInFactory@@@0@00UFactoryPtrComparator@@@Z 10007300 f i ModuleManager.obj
 0001:00006460       ??$_Push_heap@PAU?$pair@V?$basic_string@DU?$char_traits@D@std@@V?$allocator@D@2@@std@@PAVPlugInFactory@@@std@@HU12@UFactoryPtrComparator@@@std@@YAXPAU?$pair@V?$basic_string@DU?$char_traits@D@std@@V?$allocator@D@2@@std@@PAVPlugInFactory@@@0@HHU10@UFactoryPtrComparator@@@Z 10007460 f i ModuleManager.obj
 0001:00006570       ?_Ufill@?$vector@U?$pair@V?$basic_string@DU?$char_traits@D@std@@V?$allocator@D@2@@std@@PAVPlugInFactory@@@std@@V?$allocator@U?$pair@V?$basic_string@DU?$char_traits@D@std@@V?$allocator@D@2@@std@@PAVPlugInFactory@@@std@@@2@@std@@IAEPAU?$pair@V?$basic_string@DU?$char_traits@D@std@@V?$allocator@D@2@@std@@PAVPlugInFactory@@@2@PAU32@IABU32@@Z 10007570 f i ModuleManager.obj
 0001:000065b0       ?_Destroy@?$vector@U?$pair@V?$basic_string@DU?$char_traits@D@std@@V?$allocator@D@2@@std@@PAVPlugInFactory@@@std@@V?$allocator@U?$pair@V?$basic_string@DU?$char_traits@D@std@@V?$allocator@D@2@@std@@PAVPlugInFactory@@@std@@@2@@std@@IAEXPAU?$pair@V?$basic_string@DU?$char_traits@D@std@@V?$allocator@D@2@@std@@PAVPlugInFactory@@@2@0@Z 100075b0 f i ModuleManager.obj
 0001:000065e0       ??$_Unchecked_uninitialized_move@PAU?$pair@V?$basic_string@DU?$char_traits@D@std@@V?$allocator@D@2@@std@@PAVPlugInFactory@@@std@@PAU12@V?$allocator@U?$pair@V?$basic_string@DU?$char_traits@D@std@@V?$allocator@D@2@@std@@PAVPlugInFactory@@@std@@@2@@stdext@@YAPAU?$pair@V?$basic_string@DU?$char_traits@D@std@@V?$allocator@D@2@@std@@PAVPlugInFactory@@@std@@PAU12@00AAV?$allocator@U?$pair@V?$basic_string@DU?$char_traits@D@std@@V?$allocator@D@2@@std@@PAVPlugInFactory@@@std@@@2@@Z 100075e0 f i ModuleManager.obj
 0001:00006610       ??$_Median@PAU?$pair@V?$basic_string@DU?$char_traits@D@std@@V?$allocator@D@2@@std@@PAVPlugInFactory@@@std@@UFactoryPtrComparator@@@std@@YAXPAU?$pair@V?$basic_string@DU?$char_traits@D@std@@V?$allocator@D@2@@std@@PAVPlugInFactory@@@0@00UFactoryPtrComparator@@@Z 10007610 f i ModuleManager.obj
 0001:000066c0       ??$_Adjust_heap@PAU?$pair@V?$basic_string@DU?$char_traits@D@std@@V?$allocator@D@2@@std@@PAVPlugInFactory@@@std@@HU12@UFactoryPtrComparator@@@std@@YAXPAU?$pair@V?$basic_string@DU?$char_traits@D@std@@V?$allocator@D@2@@std@@PAVPlugInFactory@@@0@HHU10@UFactoryPtrComparator@@@Z 100076c0 f i ModuleManager.obj
 0001:00006830       ??$_Pop_heap@PAU?$pair@V?$basic_string@DU?$char_traits@D@std@@V?$allocator@D@2@@std@@PAVPlugInFactory@@@std@@HU12@UFactoryPtrComparator@@@std@@YAXPAU?$pair@V?$basic_string@DU?$char_traits@D@std@@V?$allocator@D@2@@std@@PAVPlugInFactory@@@0@00U10@UFactoryPtrComparator@@PAH@Z 10007830 f i ModuleManager.obj
 0001:000068c0       ?_Tidy@?$vector@U?$pair@V?$basic_string@DU?$char_traits@D@std@@V?$allocator@D@2@@std@@PAVPlugInFactory@@@std@@V?$allocator@U?$pair@V?$basic_string@DU?$char_traits@D@std@@V?$allocator@D@2@@std@@PAVPlugInFactory@@@std@@@2@@std@@IAEXXZ 100078c0 f i ModuleManager.obj
 0001:00006910       ??$_Umove@PAU?$pair@V?$basic_string@DU?$char_traits@D@std@@V?$allocator@D@2@@std@@PAVPlugInFactory@@@std@@@?$vector@U?$pair@V?$basic_string@DU?$char_traits@D@std@@V?$allocator@D@2@@std@@PAVPlugInFactory@@@std@@V?$allocator@U?$pair@V?$basic_string@DU?$char_traits@D@std@@V?$allocator@D@2@@std@@PAVPlugInFactory@@@std@@@2@@std@@IAEPAU?$pair@V?$basic_string@DU?$char_traits@D@std@@V?$allocator@D@2@@std@@PAVPlugInFactory@@@1@PAU21@00@Z 10007910 f i ModuleManager.obj
 0001:00006940       ??$_Unguarded_partition@PAU?$pair@V?$basic_string@DU?$char_traits@D@std@@V?$allocator@D@2@@std@@PAVPlugInFactory@@@std@@UFactoryPtrComparator@@@std@@YA?AU?$pair@PAU?$pair@V?$basic_string@DU?$char_traits@D@std@@V?$allocator@D@2@@std@@PAVPlugInFactory@@@std@@PAU12@@0@PAU?$pair@V?$basic_string@DU?$char_traits@D@std@@V?$allocator@D@2@@std@@PAVPlugInFactory@@@0@0UFactoryPtrComparator@@@Z 10007940 f i ModuleManager.obj
 0001:00006db0       ??$_Make_heap@PAU?$pair@V?$basic_string@DU?$char_traits@D@std@@V?$allocator@D@2@@std@@PAVPlugInFactory@@@std@@HU12@UFactoryPtrComparator@@@std@@YAXPAU?$pair@V?$basic_string@DU?$char_traits@D@std@@V?$allocator@D@2@@std@@PAVPlugInFactory@@@0@0UFactoryPtrComparator@@PAH0@Z 10007db0 f i ModuleManager.obj
 0001:00006e10       ??$_Pop_heap_0@PAU?$pair@V?$basic_string@DU?$char_traits@D@std@@V?$allocator@D@2@@std@@PAVPlugInFactory@@@std@@U12@UFactoryPtrComparator@@@std@@YAXPAU?$pair@V?$basic_string@DU?$char_traits@D@std@@V?$allocator@D@2@@std@@PAVPlugInFactory@@@0@0UFactoryPtrComparator@@0@Z 10007e10 f i ModuleManager.obj
 0001:00006e50       ??1?$vector@U?$pair@V?$basic_string@DU?$char_traits@D@std@@V?$allocator@D@2@@std@@PAVPlugInFactory@@@std@@V?$allocator@U?$pair@V?$basic_string@DU?$char_traits@D@std@@V?$allocator@D@2@@std@@PAVPlugInFactory@@@std@@@2@@std@@QAE@XZ 10007e50 f i ModuleManager.obj
 0001:00006e60       ?_Insert_n@?$vector@U?$pair@V?$basic_string@DU?$char_traits@D@std@@V?$allocator@D@2@@std@@PAVPlugInFactory@@@std@@V?$allocator@U?$pair@V?$basic_string@DU?$char_traits@D@std@@V?$allocator@D@2@@std@@PAVPlugInFactory@@@std@@@2@@std@@IAEXV?$_Vector_iterator@U?$pair@V?$basic_string@DU?$char_traits@D@std@@V?$allocator@D@2@@std@@PAVPlugInFactory@@@std@@V?$allocator@U?$pair@V?$basic_string@DU?$char_traits@D@std@@V?$allocator@D@2@@std@@PAVPlugInFactory@@@std@@@2@@2@IABU?$pair@V?$basic_string@DU?$char_traits@D@std@@V?$allocator@D@2@@std@@PAVPlugInFactory@@@2@@Z 10007e60 f i ModuleManager.obj
 0001:000070f0       ??$make_heap@PAU?$pair@V?$basic_string@DU?$char_traits@D@std@@V?$allocator@D@2@@std@@PAVPlugInFactory@@@std@@UFactoryPtrComparator@@@std@@YAXPAU?$pair@V?$basic_string@DU?$char_traits@D@std@@V?$allocator@D@2@@std@@PAVPlugInFactory@@@0@0UFactoryPtrComparator@@@Z 100080f0 f i ModuleManager.obj
 0001:00007120       ??$pop_heap@PAU?$pair@V?$basic_string@DU?$char_traits@D@std@@V?$allocator@D@2@@std@@PAVPlugInFactory@@@std@@UFactoryPtrComparator@@@std@@YAXPAU?$pair@V?$basic_string@DU?$char_traits@D@std@@V?$allocator@D@2@@std@@PAVPlugInFactory@@@0@0UFactoryPtrComparator@@@Z 10008120 f i ModuleManager.obj
 0001:00007170       ?insert@?$vector@U?$pair@V?$basic_string@DU?$char_traits@D@std@@V?$allocator@D@2@@std@@PAVPlugInFactory@@@std@@V?$allocator@U?$pair@V?$basic_string@DU?$char_traits@D@std@@V?$allocator@D@2@@std@@PAVPlugInFactory@@@std@@@2@@std@@QAE?AV?$_Vector_iterator@U?$pair@V?$basic_string@DU?$char_traits@D@std@@V?$allocator@D@2@@std@@PAVPlugInFactory@@@std@@V?$allocator@U?$pair@V?$basic_string@DU?$char_traits@D@std@@V?$allocator@D@2@@std@@PAVPlugInFactory@@@std@@@2@@2@V32@ABU?$pair@V?$basic_string@DU?$char_traits@D@std@@V?$allocator@D@2@@std@@PAVPlugInFactory@@@2@@Z 10008170 f i ModuleManager.obj
 0001:00007200       ??$_Sort_heap@PAU?$pair@V?$basic_string@DU?$char_traits@D@std@@V?$allocator@D@2@@std@@PAVPlugInFactory@@@std@@UFactoryPtrComparator@@@std@@YAXPAU?$pair@V?$basic_string@DU?$char_traits@D@std@@V?$allocator@D@2@@std@@PAVPlugInFactory@@@0@0UFactoryPtrComparator@@@Z 10008200 f i ModuleManager.obj
 0001:00007270       ?factories@SpectralDataMerge@@YAAAV?$vector@U?$pair@V?$basic_string@DU?$char_traits@D@std@@V?$allocator@D@2@@std@@PAVPlugInFactory@@@std@@V?$allocator@U?$pair@V?$basic_string@DU?$char_traits@D@std@@V?$allocator@D@2@@std@@PAVPlugInFactory@@@std@@@2@@std@@XZ 10008270 f   ModuleManager.obj
 0001:000072d0       ?push_back@?$vector@U?$pair@V?$basic_string@DU?$char_traits@D@std@@V?$allocator@D@2@@std@@PAVPlugInFactory@@@std@@V?$allocator@U?$pair@V?$basic_string@DU?$char_traits@D@std@@V?$allocator@D@2@@std@@PAVPlugInFactory@@@std@@@2@@std@@QAEXABU?$pair@V?$basic_string@DU?$char_traits@D@std@@V?$allocator@D@2@@std@@PAVPlugInFactory@@@2@@Z 100082d0 f i ModuleManager.obj
 0001:00007360       ??$sort_heap@PAU?$pair@V?$basic_string@DU?$char_traits@D@std@@V?$allocator@D@2@@std@@PAVPlugInFactory@@@std@@UFactoryPtrComparator@@@std@@YAXPAU?$pair@V?$basic_string@DU?$char_traits@D@std@@V?$allocator@D@2@@std@@PAVPlugInFactory@@@0@0UFactoryPtrComparator@@@Z 10008360 f i ModuleManager.obj
 0001:00007370       ?addFactory@SpectralDataMerge@@YAXPAVPlugInFactory@@@Z 10008370 f   ModuleManager.obj
 0001:000074d0       ??$_Sort@PAU?$pair@V?$basic_string@DU?$char_traits@D@std@@V?$allocator@D@2@@std@@PAVPlugInFactory@@@std@@HUFactoryPtrComparator@@@std@@YAXPAU?$pair@V?$basic_string@DU?$char_traits@D@std@@V?$allocator@D@2@@std@@PAVPlugInFactory@@@0@0HUFactoryPtrComparator@@@Z 100084d0 f i ModuleManager.obj
 0001:000075c0       ??$sort@V?$_Vector_iterator@U?$pair@V?$basic_string@DU?$char_traits@D@std@@V?$allocator@D@2@@std@@PAVPlugInFactory@@@std@@V?$allocator@U?$pair@V?$basic_string@DU?$char_traits@D@std@@V?$allocator@D@2@@std@@PAVPlugInFactory@@@std@@@2@@std@@UFactoryPtrComparator@@@std@@YAXV?$_Vector_iterator@U?$pair@V?$basic_string@DU?$char_traits@D@std@@V?$allocator@D@2@@std@@PAVPlugInFactory@@@std@@V?$allocator@U?$pair@V?$basic_string@DU?$char_traits@D@std@@V?$allocator@D@2@@std@@PAVPlugInFactory@@@std@@@2@@0@0UFactoryPtrComparator@@@Z 100085c0 f i ModuleManager.obj
 0001:00007600       ?getPlugIn@SpectralDataMerge@@YAPAVPlugIn@@I@Z 10008600 f   ModuleManager.obj
 0001:000076c0       _SpectralDataMergeInstantiatePlugIn 100086c0 f   ModuleManager.obj
 0001:000076f0       ?metaObject@DataMerge@@UBEPBUQMetaObject@@XZ 100086f0 f   moc_DataMerge.obj
 0001:00007700       ?qt_metacast@DataMerge@@UAEPAXPBD@Z 10008700 f   moc_DataMerge.obj
 0001:00007780       ?qt_metacall@DataMerge@@UAEHW4Call@QMetaObject@@HPAPAX@Z 10008780 f   moc_DataMerge.obj
 0001:000077c0       ?metaObject@DataMergeGui@@UBEPBUQMetaObject@@XZ 100087c0 f   moc_DataMergeGui.obj
 0001:000077d0       ?qt_metacast@DataMergeGui@@UAEPAXPBD@Z 100087d0 f   moc_DataMergeGui.obj
 0001:00007830       ?qt_metacall@DataMergeGui@@UAEHW4Call@QMetaObject@@HPAPAX@Z 10008830 f   moc_DataMergeGui.obj
 0001:00007884       ??1QObject@@UAE@XZ         10008884 f   QtCore4:QtCore4.dll
 0001:0000788a       ??0QObject@@QAE@PAV0@@Z    1000888a f   QtCore4:QtCore4.dll
 0001:00007890       ?event@QObject@@UAE_NPAVQEvent@@@Z 10008890 f   QtCore4:QtCore4.dll
 0001:00007896       ?eventFilter@QObject@@UAE_NPAV1@PAVQEvent@@@Z 10008896 f   QtCore4:QtCore4.dll
 0001:0000789c       ?timerEvent@QObject@@MAEXPAVQTimerEvent@@@Z 1000889c f   QtCore4:QtCore4.dll
 0001:000078a2       ?childEvent@QObject@@MAEXPAVQChildEvent@@@Z 100088a2 f   QtCore4:QtCore4.dll
 0001:000078a8       ?customEvent@QObject@@MAEXPAVQEvent@@@Z 100088a8 f   QtCore4:QtCore4.dll
 0001:000078ae       ?connectNotify@QObject@@MAEXPBD@Z 100088ae f   QtCore4:QtCore4.dll
 0001:000078b4       ?disconnectNotify@QObject@@MAEXPBD@Z 100088b4 f   QtCore4:QtCore4.dll
 0001:000078ba       ??1QString@@QAE@XZ         100088ba f   QtCore4:QtCore4.dll
 0001:000078c0       ?free@QString@@CAXPAUData@1@@Z 100088c0 f   QtCore4:QtCore4.dll
 0001:000078c6       ?fromAscii_helper@QString@@CAPAUData@1@PBDH@Z 100088c6 f   QtCore4:QtCore4.dll
 0001:000078cc       ??1QVariant@@QAE@XZ        100088cc f   QtCore4:QtCore4.dll
 0001:000078d2       ?fromStdString@QString@@SA?AV1@ABV?$basic_string@DU?$char_traits@D@std@@V?$allocator@D@2@@std@@@Z 100088d2 f   QtCore4:QtCore4.dll
 0001:000078d8       ??0QVariant@@QAE@XZ        100088d8 f   QtCore4:QtCore4.dll
 0001:000078de       ?connect@QObject@@SA_NPBV1@PBD01W4ConnectionType@Qt@@@Z 100088de f   QtCore4:QtCore4.dll
 0001:000078e4       ?qFlagLocation@@YAPBDPBD@Z 100088e4 f   QtCore4:QtCore4.dll
 0001:000078ea       ?expandedTo@QSize@@QBE?AV1@ABV1@@Z 100088ea f   QtCore4:QtCore4.dll
 0001:000078f0       ?setObjectName@QObject@@QAEXABVQString@@@Z 100088f0 f   QtCore4:QtCore4.dll
 0001:000078f6       ?qt_metacast@QObject@@UAEPAXPBD@Z 100088f6 f   QtCore4:QtCore4.dll
 0001:000078fc       ?qt_metacall@QObject@@UAEHW4Call@QMetaObject@@HPAPAX@Z 100088fc f   QtCore4:QtCore4.dll
 0001:00007902       ?critical@QMessageBox@@SAHPAVQWidget@@ABVQString@@1111HH@Z 10008902 f   QtGui4:QtGui4.dll
 0001:00007908       ?value@QDoubleSpinBox@@QBENXZ 10008908 f   QtGui4:QtGui4.dll
 0001:0000790e       ?setEnabled@QWidget@@QAEX_N@Z 1000890e f   QtGui4:QtGui4.dll
 0001:00007914       ?currentIndex@QComboBox@@QBEHXZ 10008914 f   QtGui4:QtGui4.dll
 0001:0000791a       ??1QDialog@@UAE@XZ         1000891a f   QtGui4:QtGui4.dll
 0001:00007920       ?event@QWidget@@MAE_NPAVQEvent@@@Z 10008920 f   QtGui4:QtGui4.dll
 0001:00007926       ?eventFilter@QDialog@@MAE_NPAVQObject@@PAVQEvent@@@Z 10008926 f   QtGui4:QtGui4.dll
 0001:0000792c       ?setVisible@QDialog@@UAEX_N@Z 1000892c f   QtGui4:QtGui4.dll
 0001:00007932       ?sizeHint@QDialog@@UBE?AVQSize@@XZ 10008932 f   QtGui4:QtGui4.dll
 0001:00007938       ?minimumSizeHint@QDialog@@UBE?AVQSize@@XZ 10008938 f   QtGui4:QtGui4.dll
 0001:0000793e       ?heightForWidth@QWidget@@UBEHH@Z 1000893e f   QtGui4:QtGui4.dll
 0001:00007944       ?mousePressEvent@QWidget@@MAEXPAVQMouseEvent@@@Z 10008944 f   QtGui4:QtGui4.dll
 0001:0000794a       ?mouseReleaseEvent@QWidget@@MAEXPAVQMouseEvent@@@Z 1000894a f   QtGui4:QtGui4.dll
 0001:00007950       ?mouseDoubleClickEvent@QWidget@@MAEXPAVQMouseEvent@@@Z 10008950 f   QtGui4:QtGui4.dll
 0001:00007956       ?mouseMoveEvent@QWidget@@MAEXPAVQMouseEvent@@@Z 10008956 f   QtGui4:QtGui4.dll
 0001:0000795c       ?wheelEvent@QWidget@@MAEXPAVQWheelEvent@@@Z 1000895c f   QtGui4:QtGui4.dll
 0001:00007962       ?keyPressEvent@QDialog@@MAEXPAVQKeyEvent@@@Z 10008962 f   QtGui4:QtGui4.dll
 0001:00007968       ?keyReleaseEvent@QWidget@@MAEXPAVQKeyEvent@@@Z 10008968 f   QtGui4:QtGui4.dll
 0001:0000796e       ?focusInEvent@QWidget@@MAEXPAVQFocusEvent@@@Z 1000896e f   QtGui4:QtGui4.dll
 0001:00007974       ?focusOutEvent@QWidget@@MAEXPAVQFocusEvent@@@Z 10008974 f   QtGui4:QtGui4.dll
 0001:0000797a       ?enterEvent@QWidget@@MAEXPAVQEvent@@@Z 1000897a f   QtGui4:QtGui4.dll
 0001:00007980       ?leaveEvent@QWidget@@MAEXPAVQEvent@@@Z 10008980 f   QtGui4:QtGui4.dll
 0001:00007986       ?paintEvent@QWidget@@MAEXPAVQPaintEvent@@@Z 10008986 f   QtGui4:QtGui4.dll
 0001:0000798c       ?moveEvent@QWidget@@MAEXPAVQMoveEvent@@@Z 1000898c f   QtGui4:QtGui4.dll
 0001:00007992       ?resizeEvent@QDialog@@MAEXPAVQResizeEvent@@@Z 10008992 f   QtGui4:QtGui4.dll
 0001:00007998       ?closeEvent@QDialog@@MAEXPAVQCloseEvent@@@Z 10008998 f   QtGui4:QtGui4.dll
[...]
 0001:00010288       __ehhandler$??0?$AttachmentPtr@VApplicationServices@@@@QAE@XZ 10011288 f   PlugInLib:ViewerShell.obj
 0001:000102a0       __unwindfunclet$??1?$AttachmentPtr@VApplicationServices@@@@UAE@XZ$0 100112a0 f   PlugInLib:ViewerShell.obj
 0001:000102a8       __unwindfunclet$??1?$AttachmentPtr@VApplicationServices@@@@UAE@XZ$1 100112a8 f   PlugInLib:ViewerShell.obj
 0001:000102b3       __ehhandler$??1?$AttachmentPtr@VApplicationServices@@@@UAE@XZ 100112b3 f   PlugInLib:ViewerShell.obj
 0001:000102c0       __unwindfunclet$??1ViewerShell@@UAE@XZ$0 100112c0 f   PlugInLib:ViewerShell.obj
 0001:000102c8       __ehhandler$??1ViewerShell@@UAE@XZ 100112c8 f   PlugInLib:ViewerShell.obj
 0001:000102e0       __unwindfunclet$?addSignal@?$AttachmentPtr@VApplicationServices@@@@QAEXABV?$basic_string@DU?$char_traits@D@std@@V?$allocator@D@2@@std@@ABVSlot@@@Z$0 100112e0 f   PlugInLib:ViewerShell.obj
 0001:000102e8       __unwindfunclet$?addSignal@?$AttachmentPtr@VApplicationServices@@@@QAEXABV?$basic_string@DU?$char_traits@D@std@@V?$allocator@D@2@@std@@ABVSlot@@@Z$2 100112e8 f   PlugInLib:ViewerShell.obj
 0001:000102f0       __ehhandler$?addSignal@?$AttachmentPtr@VApplicationServices@@@@QAEXABV?$basic_string@DU?$char_traits@D@std@@V?$allocator@D@2@@std@@ABVSlot@@@Z 100112f0 f   PlugInLib:ViewerShell.obj
 0001:00010300       __unwindfunclet$??0ViewerShell@@QAE@XZ$0 10011300 f   PlugInLib:ViewerShell.obj
 0001:00010308       __unwindfunclet$??0ViewerShell@@QAE@XZ$4 10011308 f   PlugInLib:ViewerShell.obj
 0001:00010310       __unwindfunclet$??0ViewerShell@@QAE@XZ$1 10011310 f   PlugInLib:ViewerShell.obj
 0001:0001031e       __unwindfunclet$??0ViewerShell@@QAE@XZ$2 1001131e f   PlugInLib:ViewerShell.obj
 0001:00010327       __unwindfunclet$??0ViewerShell@@QAE@XZ$3 10011327 f   PlugInLib:ViewerShell.obj
 0001:0001032f       __ehhandler$??0ViewerShell@@QAE@XZ 1001132f f   PlugInLib:ViewerShell.obj
 0001:00010340       __unwindfunclet$??0ExecutableShell@@QAE@XZ$0 10011340 f   PlugInLib:ExecutableShell.obj
 0001:00010348       __unwindfunclet$??0ExecutableShell@@QAE@XZ$1 10011348 f   PlugInLib:ExecutableShell.obj
 0001:00010353       __ehhandler$??0ExecutableShell@@QAE@XZ 10011353 f   PlugInLib:ExecutableShell.obj
 0001:00010360       __unwindfunclet$??1ExecutableShell@@UAE@XZ$0 10011360 f   PlugInLib:ExecutableShell.obj
 0001:00010368       __unwindfunclet$??1ExecutableShell@@UAE@XZ$1 10011368 f   PlugInLib:ExecutableShell.obj
 0001:0001038f       __ehhandler$??1ExecutableShell@@UAE@XZ 1001138f f   PlugInLib:ExecutableShell.obj
 0001:000103a0       __unwindfunclet$??1?$pair@$$CBV?$basic_string@DU?$char_traits@D@std@@V?$allocator@D@2@@std@@V12@@std@@QAE@XZ$0 100113a0 f   PlugInLib:PlugInShell.obj
 0001:000103a9       __ehhandler$??1?$pair@$$CBV?$basic_string@DU?$char_traits@D@std@@V?$allocator@D@2@@std@@V12@@std@@QAE@XZ 100113a9 f   PlugInLib:PlugInShell.obj
 0001:000103c0       __unwindfunclet$??0?$pair@$$CBV?$basic_string@DU?$char_traits@D@std@@V?$allocator@D@2@@std@@V12@@std@@QAE@ABV?$basic_string@DU?$char_traits@D@std@@V?$allocator@D@2@@1@0@Z$0 100113c0 f   PlugInLib:PlugInShell.obj
 0001:000103c9       __ehhandler$??0?$pair@$$CBV?$basic_string@DU?$char_traits@D@std@@V?$allocator@D@2@@std@@V12@@std@@QAE@ABV?$basic_string@DU?$char_traits@D@std@@V?$allocator@D@2@@1@0@Z 100113c9 f   PlugInLib:PlugInShell.obj
 0001:000103e0       __unwindfunclet$??0?$pair@$$CBV?$basic_string@DU?$char_traits@D@std@@V?$allocator@D@2@@std@@V12@@std@@QAE@ABU01@@Z$0 100113e0 f   PlugInLib:PlugInShell.obj
 0001:000103e9       __ehhandler$??0?$pair@$$CBV?$basic_string@DU?$char_traits@D@std@@V?$allocator@D@2@@std@@V12@@std@@QAE@ABU01@@Z 100113e9 f   PlugInLib:PlugInShell.obj
 0001:00010400       __unwindfunclet$??1ContextMenuAction@@QAE@XZ$0 10011400 f   PlugInLib:PlugInShell.obj
 0001:0001040c       __ehhandler$??1ContextMenuAction@@QAE@XZ 1001140c f   PlugInLib:PlugInShell.obj
 0001:00010420       __unwindfunclet$??0?$Resource@VSettableSessionItem@@VFactoryObject@@@@QAE@ABVArgs@FactoryAllocator@@@Z$0 10011420 f   PlugInLib:PlugInShell.obj
 0001:0001042b       __ehhandler$??0?$Resource@VSettableSessionItem@@VFactoryObject@@@@QAE@ABVArgs@FactoryAllocator@@@Z 1001142b f   PlugInLib:PlugInShell.obj
 0001:00010440       __unwindfunclet$??1?$Resource@VSettableSessionItem@@VFactoryObject@@@@UAE@XZ$0 10011440 f   PlugInLib:PlugInShell.obj
 0001:0001044b       __ehhandler$??1?$Resource@VSettableSessionItem@@VFactoryObject@@@@UAE@XZ 1001144b f   PlugInLib:PlugInShell.obj
 0001:00010460       __unwindfunclet$?_Buynode@?$_Tree@V?$_Tmap_traits@V?$basic_string@DU?$char_traits@D@std@@V?$allocator@D@2@@std@@V12@U?$less@V?$basic_string@DU?$char_traits@D@std@@V?$allocator@D@2@@std@@@2@V?$allocator@U?$pair@$$CBV?$basic_string@DU?$char_traits@D@std@@V?$allocator@D@2@@std@@V12@@std@@@2@$0A@@std@@@std@@IAEPAU_Node@?$_Tree_nod@V?$_Tmap_traits@V?$basic_string@DU?$char_traits@D@std@@V?$allocator@D@2@@std@@V12@U?$less@V?$basic_string@DU?$char_traits@D@std@@V?$allocator@D@2@@std@@@2@V?$allocator@U?$pair@$$CBV?$basic_string@DU?$char_traits@D@std@@V?$allocator@D@2@@std@@V12@@std@@@2@$0A@@std@@@2@PAU342@00ABU?$pair@$$CBV?$basic_string@DU?$char_traits@D@std@@V?$allocator@D@2@@std@@V12@@2@D@Z$2 10011460 f   PlugInLib:PlugInShell.obj
 0001:00010471       __ehhandler$?_Buynode@?$_Tree@V?$_Tmap_traits@V?$basic_string@DU?$char_traits@D@std@@V?$allocator@D@2@@std@@V12@U?$less@V?$basic_string@DU?$char_traits@D@std@@V?$allocator@D@2@@std@@@2@V?$allocator@U?$pair@$$CBV?$basic_string@DU?$char_traits@D@std@@V?$allocator@D@2@@std@@V12@@std@@@2@$0A@@std@@@std@@IAEPAU_Node@?$_Tree_nod@V?$_Tmap_traits@V?$basic_string@DU?$char_traits@D@std@@V?$allocator@D@2@@std@@V12@U?$less@V?$basic_string@DU?$char_traits@D@std@@V?$allocator@D@2@@std@@@2@V?$allocator@U?$pair@$$CBV?$basic_string@DU?$char_traits@D@std@@V?$allocator@D@2@@std@@V12@@std@@@2@$0A@@std@@@2@PAU342@00ABU?$pair@$$CBV?$basic_string@DU?$char_traits@D@std@@V?$allocator@D@2@@std@@V12@@2@D@Z 10011471 f   PlugInLib:PlugInShell.obj
 0001:00010480       __unwindfunclet$??0?$FactoryResource@VSettableSessionItem@@@@QAE@XZ$0 10011480 f   PlugInLib:PlugInShell.obj
 0001:00010488       __unwindfunclet$??0?$FactoryResource@VSettableSessionItem@@@@QAE@XZ$1 10011488 f   PlugInLib:PlugInShell.obj
 0001:00010490       __ehhandler$??0?$FactoryResource@VSettableSessionItem@@@@QAE@XZ 10011490 f   PlugInLib:PlugInShell.obj
 0001:000104a0       __unwindfunclet$?_Insert@?$_Tree@V?$_Tmap_traits@V?$basic_string@DU?$char_traits@D@std@@V?$allocator@D@2@@std@@V12@U?$less@V?$basic_string@DU?$char_traits@D@std@@V?$allocator@D@2@@std@@@2@V?$allocator@U?$pair@$$CBV?$basic_string@DU?$char_traits@D@std@@V?$allocator@D@2@@std@@V12@@std@@@2@$0A@@std@@@std@@IAE?AViterator@12@_NPAU_Node@?$_Tree_nod@V?$_Tmap_traits@V?$basic_string@DU?$char_traits@D@std@@V?$allocator@D@2@@std@@V12@U?$less@V?$basic_string@DU?$char_traits@D@std@@V?$allocator@D@2@@std@@@2@V?$allocator@U?$pair@$$CBV?$basic_string@DU?$char_traits@D@std@@V?$allocator@D@2@@std@@V12@@std@@@2@$0A@@std@@@2@ABU?$pair@$$CBV?$basic_string@DU?$char_traits@D@std@@V?$allocator@D@2@@std@@V12@@2@@Z$0 100114a0 f   PlugInLib:PlugInShell.obj
 0001:000104a9       __unwindfunclet$?_Insert@?$_Tree@V?$_Tmap_traits@V?$basic_string@DU?$char_traits@D@std@@V?$allocator@D@2@@std@@V12@U?$less@V?$basic_string@DU?$char_traits@D@std@@V?$allocator@D@2@@std@@@2@V?$allocator@U?$pair@$$CBV?$basic_string@DU?$char_traits@D@std@@V?$allocator@D@2@@std@@V12@@std@@@2@$0A@@std@@@std@@IAE?AViterator@12@_NPAU_Node@?$_Tree_nod@V?$_Tmap_traits@V?$basic_string@DU?$char_traits@D@std@@V?$allocator@D@2@@std@@V12@U?$less@V?$basic_string@DU?$char_traits@D@std@@V?$allocator@D@2@@std@@@2@V?$allocator@U?$pair@$$CBV?$basic_string@DU?$char_traits@D@std@@V?$allocator@D@2@@std@@V12@@std@@@2@$0A@@std@@@2@ABU?$pair@$$CBV?$basic_string@DU?$char_traits@D@std@@V?$allocator@D@2@@std@@V12@@2@@Z$2 100114a9 f   PlugInLib:PlugInShell.obj
 0001:000104b2       __ehhandler$?_Insert@?$_Tree@V?$_Tmap_traits@V?$basic_string@DU?$char_traits@D@std@@V?$allocator@D@2@@std@@V12@U?$less@V?$basic_string@DU?$char_traits@D@std@@V?$allocator@D@2@@std@@@2@V?$allocator@U?$pair@$$CBV?$basic_string@DU?$char_traits@D@std@@V?$allocator@D@2@@std@@V12@@std@@@2@$0A@@std@@@std@@IAE?AViterator@12@_NPAU_Node@?$_Tree_nod@V?$_Tmap_traits@V?$basic_string@DU?$char_traits@D@std@@V?$allocator@D@2@@std@@V12@U?$less@V?$basic_string@DU?$char_traits@D@std@@V?$allocator@D@2@@std@@@2@V?$allocator@U?$pair@$$CBV?$basic_string@DU?$char_traits@D@std@@V?$allocator@D@2@@std@@V12@@std@@@2@$0A@@std@@@2@ABU?$pair@$$CBV?$basic_string@DU?$char_traits@D@std@@V?$allocator@D@2@@std@@V12@@2@@Z 100114b2 f   PlugInLib:PlugInShell.obj
 0001:000104c0       __unwindfunclet$?_Erase@?$_Tree@V?$_Tmap_traits@V?$basic_string@DU?$char_traits@D@std@@V?$allocator@D@2@@std@@V12@U?$less@V?$basic_string@DU?$char_traits@D@std@@V?$allocator@D@2@@std@@@2@V?$allocator@U?$pair@$$CBV?$basic_string@DU?$char_traits@D@std@@V?$allocator@D@2@@std@@V12@@std@@@2@$0A@@std@@@std@@IAEXPAU_Node@?$_Tree_nod@V?$_Tmap_traits@V?$basic_string@DU?$char_traits@D@std@@V?$allocator@D@2@@std@@V12@U?$less@V?$basic_string@DU?$char_traits@D@std@@V?$allocator@D@2@@std@@@2@V?$allocator@U?$pair@$$CBV?$basic_string@DU?$char_traits@D@std@@V?$allocator@D@2@@std@@V12@@std@@@2@$0A@@std@@@2@@Z$1 100114c0 f   PlugInLib:PlugInShell.obj
 0001:000104c9       __ehhandler$?_Erase@?$_Tree@V?$_Tmap_traits@V?$basic_string@DU?$char_traits@D@std@@V?$allocator@D@2@@std@@V12@U?$less@V?$basic_string@DU?$char_traits@D@std@@V?$allocator@D@2@@std@@@2@V?$allocator@U?$pair@$$CBV?$basic_string@DU?$char_traits@D@std@@V?$allocator@D@2@@std@@V12@@std@@@2@$0A@@std@@@std@@IAEXPAU_Node@?$_Tree_nod@V?$_Tmap_traits@V?$basic_string@DU?$char_traits@D@std@@V?$allocator@D@2@@std@@V12@U?$less@V?$basic_string@DU?$char_traits@D@std@@V?$allocator@D@2@@std@@@2@V?$allocator@U?$pair@$$CBV?$basic_string@DU?$char_traits@D@std@@V?$allocator@D@2@@std@@V12@@std@@@2@$0A@@std@@@2@@Z 100114c9 f   PlugInLib:PlugInShell.obj
 0001:000104e0       __unwindfunclet$?erase@?$_Tree@V?$_Tmap_traits@V?$basic_string@DU?$char_traits@D@std@@V?$allocator@D@2@@std@@V12@U?$less@V?$basic_string@DU?$char_traits@D@std@@V?$allocator@D@2@@std@@@2@V?$allocator@U?$pair@$$CBV?$basic_string@DU?$char_traits@D@std@@V?$allocator@D@2@@std@@V12@@std@@@2@$0A@@std@@@std@@QAE?AViterator@12@V312@@Z$0 100114e0 f   PlugInLib:PlugInShell.obj
 0001:000104e9       __unwindfunclet$?erase@?$_Tree@V?$_Tmap_traits@V?$basic_string@DU?$char_traits@D@std@@V?$allocator@D@2@@std@@V12@U?$less@V?$basic_string@DU?$char_traits@D@std@@V?$allocator@D@2@@std@@@2@V?$allocator@U?$pair@$$CBV?$basic_string@DU?$char_traits@D@std@@V?$allocator@D@2@@std@@V12@@std@@@2@$0A@@std@@@std@@QAE?AViterator@12@V312@@Z$2 100114e9 f   PlugInLib:PlugInShell.obj
 0001:000104f2       __unwindfunclet$?erase@?$_Tree@V?$_Tmap_traits@V?$basic_string@DU?$char_traits@D@std@@V?$allocator@D@2@@std@@V12@U?$less@V?$basic_string@DU?$char_traits@D@std@@V?$allocator@D@2@@std@@@2@V?$allocator@U?$pair@$$CBV?$basic_string@DU?$char_traits@D@std@@V?$allocator@D@2@@std@@V12@@std@@@2@$0A@@std@@@std@@QAE?AViterator@12@V312@@Z$5 100114f2 f   PlugInLib:PlugInShell.obj
 0001:000104fb       __ehhandler$?erase@?$_Tree@V?$_Tmap_traits@V?$basic_string@DU?$char_traits@D@std@@V?$allocator@D@2@@std@@V12@U?$less@V?$basic_string@DU?$char_traits@D@std@@V?$allocator@D@2@@std@@@2@V?$allocator@U?$pair@$$CBV?$basic_string@DU?$char_traits@D@std@@V?$allocator@D@2@@std@@V12@@std@@@2@$0A@@std@@@std@@QAE?AViterator@12@V312@@Z 100114fb f   PlugInLib:PlugInShell.obj
 0001:00010510       __ehhandler$?_Copy@?$_Tree@V?$_Tmap_traits@V?$basic_string@DU?$char_traits@D@std@@V?$allocator@D@2@@std@@V12@U?$less@V?$basic_string@DU?$char_traits@D@std@@V?$allocator@D@2@@std@@@2@V?$allocator@U?$pair@$$CBV?$basic_string@DU?$char_traits@D@std@@V?$allocator@D@2@@std@@V12@@std@@@2@$0A@@std@@@std@@IAEPAU_Node@?$_Tree_nod@V?$_Tmap_traits@V?$basic_string@DU?$char_traits@D@std@@V?$allocator@D@2@@std@@V12@U?$less@V?$basic_string@DU?$char_traits@D@std@@V?$allocator@D@2@@std@@@2@V?$allocator@U?$pair@$$CBV?$basic_string@DU?$char_traits@D@std@@V?$allocator@D@2@@std@@V12@@std@@@2@$0A@@std@@@2@PAU342@0@Z 10011510 f   PlugInLib:PlugInShell.obj
 0001:00010520       __unwindfunclet$?clear@?$list@UContextMenuAction@@V?$allocator@UContextMenuAction@@@std@@@std@@QAEXXZ$1 10011520 f   PlugInLib:PlugInShell.obj
 0001:0001052c       __ehhandler$?clear@?$list@UContextMenuAction@@V?$allocator@UContextMenuAction@@@std@@@std@@QAEXXZ 1001152c f   PlugInLib:PlugInShell.obj
 0001:00010540       __unwindfunclet$??A?$map@V?$basic_string@DU?$char_traits@D@std@@V?$allocator@D@2@@std@@V12@U?$less@V?$basic_string@DU?$char_traits@D@std@@V?$allocator@D@2@@std@@@2@V?$allocator@U?$pair@$$CBV?$basic_string@DU?$char_traits@D@std@@V?$allocator@D@2@@std@@V12@@std@@@2@@std@@QAEAAV?$basic_string@DU?$char_traits@D@std@@V?$allocator@D@2@@1@ABV21@@Z$0 10011540 f   PlugInLib:PlugInShell.obj
 0001:00010549       __unwindfunclet$??A?$map@V?$basic_string@DU?$char_traits@D@std@@V?$allocator@D@2@@std@@V12@U?$less@V?$basic_string@DU?$char_traits@D@std@@V?$allocator@D@2@@std@@@2@V?$allocator@U?$pair@$$CBV?$basic_string@DU?$char_traits@D@std@@V?$allocator@D@2@@std@@V12@@std@@@2@@std@@QAEAAV?$basic_string@DU?$char_traits@D@std@@V?$allocator@D@2@@1@ABV21@@Z$1 10011549 f   PlugInLib:PlugInShell.obj
 0001:00010551       __ehhandler$??A?$map@V?$basic_string@DU?$char_traits@D@std@@V?$allocator@D@2@@std@@V12@U?$less@V?$basic_string@DU?$char_traits@D@std@@V?$allocator@D@2@@std@@@2@V?$allocator@U?$pair@$$CBV?$basic_string@DU?$char_traits@D@std@@V?$allocator@D@2@@std@@V12@@std@@@2@@std@@QAEAAV?$basic_string@DU?$char_traits@D@std@@V?$allocator@D@2@@1@ABV21@@Z 10011551 f   PlugInLib:PlugInShell.obj
 0001:00010560       __ehhandler$??0?$_Tree@V?$_Tmap_traits@V?$basic_string@DU?$char_traits@D@std@@V?$allocator@D@2@@std@@V12@U?$less@V?$basic_string@DU?$char_traits@D@std@@V?$allocator@D@2@@std@@@2@V?$allocator@U?$pair@$$CBV?$basic_string@DU?$char_traits@D@std@@V?$allocator@D@2@@std@@V12@@std@@@2@$0A@@std@@@std@@QAE@ABV01@@Z 10011560 f   PlugInLib:PlugInShell.obj
 0001:00010570       __unwindfunclet$??1PlugInShell@@UAE@XZ$0 10011570 f   PlugInLib:PlugInShell.obj
 0001:00010578       __unwindfunclet$??1PlugInShell@@UAE@XZ$1 10011578 f   PlugInLib:PlugInShell.obj
 0001:0001059f       __unwindfunclet$??1PlugInShell@@UAE@XZ$2 1001159f f   PlugInLib:PlugInShell.obj
 0001:000105aa       __unwindfunclet$??1PlugInShell@@UAE@XZ$3 100115aa f   PlugInLib:PlugInShell.obj
 0001:000105b6       __unwindfunclet$??1PlugInShell@@UAE@XZ$4 100115b6 f   PlugInLib:PlugInShell.obj
 0001:000105c2       __unwindfunclet$??1PlugInShell@@UAE@XZ$5 100115c2 f   PlugInLib:PlugInShell.obj
 0001:000105ce       __unwindfunclet$??1PlugInShell@@UAE@XZ$6 100115ce f   PlugInLib:PlugInShell.obj
 0001:000105dc       __unwindfunclet$??1PlugInShell@@UAE@XZ$7 100115dc f   PlugInLib:PlugInShell.obj
 0001:000105eb       __unwindfunclet$??1PlugInShell@@UAE@XZ$8 100115eb f   PlugInLib:PlugInShell.obj
 0001:000105fa       __unwindfunclet$??1PlugInShell@@UAE@XZ$9 100115fa f   PlugInLib:PlugInShell.obj
 0001:00010609       __unwindfunclet$??1PlugInShell@@UAE@XZ$10 10011609 f   PlugInLib:PlugInShell.obj
 0001:00010618       __ehhandler$??1PlugInShell@@UAE@XZ 10011618 f   PlugInLib:PlugInShell.obj
 0001:00010630       __unwindfunclet$??0PlugInShell@@QAE@XZ$0 10011630 f   PlugInLib:PlugInShell.obj
 0001:00010638       __unwindfunclet$??0PlugInShell@@QAE@XZ$1 10011638 f   PlugInLib:PlugInShell.obj
 0001:00010643       __unwindfunclet$??0PlugInShell@@QAE@XZ$2 10011643 f   PlugInLib:PlugInShell.obj
 0001:0001064e       __unwindfunclet$??0PlugInShell@@QAE@XZ$3 1001164e f   PlugInLib:PlugInShell.obj
 0001:0001065a       __unwindfunclet$??0PlugInShell@@QAE@XZ$4 1001165a f   PlugInLib:PlugInShell.obj
 0001:00010666       __unwindfunclet$??0PlugInShell@@QAE@XZ$5 10011666 f   PlugInLib:PlugInShell.obj
 0001:00010672       __unwindfunclet$??0PlugInShell@@QAE@XZ$6 10011672 f   PlugInLib:PlugInShell.obj
 0001:00010680       __unwindfunclet$??0PlugInShell@@QAE@XZ$7 10011680 f   PlugInLib:PlugInShell.obj
 0001:0001068f       __unwindfunclet$??0PlugInShell@@QAE@XZ$8 1001168f f   PlugInLib:PlugInShell.obj
 0001:0001069e       __unwindfunclet$??0PlugInShell@@QAE@XZ$9 1001169e f   PlugInLib:PlugInShell.obj
 0001:000106ad       __unwindfunclet$??0PlugInShell@@QAE@XZ$10 100116ad f   PlugInLib:PlugInShell.obj
 0001:000106bc       __ehhandler$??0PlugInShell@@QAE@XZ 100116bc f   PlugInLib:PlugInShell.obj
 0001:000106d0       __unwindfunclet$?get@?$Service@VSessionExplorer@@@@QBEPAVSessionExplorer@@XZ$0 100116d0 f   PlugInUtilities:Service.obj
 0001:000106d9       __unwindfunclet$?get@?$Service@VSessionExplorer@@@@QBEPAVSessionExplorer@@XZ$1 100116d9 f   PlugInUtilities:Service.obj
 0001:000106e2       __ehhandler$?get@?$Service@VSessionExplorer@@@@QBEPAVSessionExplorer@@XZ 100116e2 f   PlugInUtilities:Service.obj
 0001:000106f0       __unwindfunclet$?LogVerificationErrorProc@@YAXPBD0I0@Z$0 100116f0 f   PlugInUtilities:AppVerify.obj
 0001:000106fc       __unwindfunclet$?LogVerificationErrorProc@@YAXPBD0I0@Z$1 100116fc f   PlugInUtilities:AppVerify.obj
 0001:00010708       __unwindfunclet$?LogVerificationErrorProc@@YAXPBD0I0@Z$2 10011708 f   PlugInUtilities:AppVerify.obj
 0001:00010714       __unwindfunclet$?LogVerificationErrorProc@@YAXPBD0I0@Z$3 10011714 f   PlugInUtilities:AppVerify.obj
 0001:00010720       __unwindfunclet$?LogVerificationErrorProc@@YAXPBD0I0@Z$4 10011720 f   PlugInUtilities:AppVerify.obj
 0001:0001072c       __unwindfunclet$?LogVerificationErrorProc@@YAXPBD0I0@Z$5 1001172c f   PlugInUtilities:AppVerify.obj
 0001:00010738       __unwindfunclet$?LogVerificationErrorProc@@YAXPBD0I0@Z$6 10011738 f   PlugInUtilities:AppVerify.obj
 0001:00010744       __unwindfunclet$?LogVerificationErrorProc@@YAXPBD0I0@Z$7 10011744 f   PlugInUtilities:AppVerify.obj
 0001:00010750       __unwindfunclet$?LogVerificationErrorProc@@YAXPBD0I0@Z$8 10011750 f   PlugInUtilities:AppVerify.obj
 0001:0001075c       __unwindfunclet$?LogVerificationErrorProc@@YAXPBD0I0@Z$9 1001175c f   PlugInUtilities:AppVerify.obj
 0001:00010768       __unwindfunclet$?LogVerificationErrorProc@@YAXPBD0I0@Z$10 10011768 f   PlugInUtilities:AppVerify.obj
 0001:00010774       __unwindfunclet$?LogVerificationErrorProc@@YAXPBD0I0@Z$11 10011774 f   PlugInUtilities:AppVerify.obj
 0001:00010780       __unwindfunclet$?LogVerificationErrorProc@@YAXPBD0I0@Z$12 10011780 f   PlugInUtilities:AppVerify.obj
 0001:0001078c       __unwindfunclet$?LogVerificationErrorProc@@YAXPBD0I0@Z$13 1001178c f   PlugInUtilities:AppVerify.obj
 0001:00010798       __unwindfunclet$?LogVerificationErrorProc@@YAXPBD0I0@Z$14 10011798 f   PlugInUtilities:AppVerify.obj
 0001:000107a4       __unwindfunclet$?LogVerificationErrorProc@@YAXPBD0I0@Z$15 100117a4 f   PlugInUtilities:AppVerify.obj
 0001:000107b0       __ehhandler$?LogVerificationErrorProc@@YAXPBD0I0@Z 100117b0 f   PlugInUtilities:AppVerify.obj
 0001:000107c0       ??__EDataMergepluginFactory@SpectralDataMerge@@YAXXZ 100117c0 f   DataMerge.obj
 0001:00010850       ??__E?staticMetaObject@DataMerge@@2UQMetaObject@@B@@YAXXZ 10011850 f   moc_DataMerge.obj
 0001:00010860       ??__E?staticMetaObject@DataMergeGui@@2UQMetaObject@@B@@YAXXZ 10011860 f   moc_DataMergeGui.obj
 0001:00010870       ??__FDataMergepluginFactory@SpectralDataMerge@@YAXXZ 10011870 f   DataMerge.obj
 0001:00010880       ??__FsFactories@?1??factories@SpectralDataMerge@@YAAAV?$vector@U?$pair@V?$basic_string@DU?$char_traits@D@std@@V?$allocator@D@2@@std@@PAVPlugInFactory@@@std@@V?$allocator@U?$pair@V?$basic_string@DU?$char_traits@D@std@@V?$allocator@D@2@@std@@PAVPlugInFactory@@@std@@@2@@std@@XZ@YAXXZ 10011880 f   ModuleManager.obj

 Exports

  ordinal    name

        1    _SpectralDataMergeInstantiatePlugIn
               exported name: SpectralDataMergeInstantiatePlugIn
        2    _opticks_get_module_descriptor
               exported name: opticks_get_module_descriptor
