 DataMerge

 Timestamp is 4c3c63c1 (Tue Jul 13 21:01:53 2010)

 Preferred load address is 10000000

 Start         Length     Name                   Class
 0001:00000000 0000db74H .text                   CODE
 0001:0000db80 0000110aH .text$x                 CODE
 0001:0000ec90 0000009bH .text$yc                CODE
 0001:0000ed30 0000003bH .text$yd                CODE
 0002:00000000 00000198H .idata$5                DATA
 0002:00000198 00000004H .CRT$XCA                DATA
 0002:0000019c 00000008H .CRT$XCU                DATA
 0002:000001a4 00000004H .CRT$XCZ                DATA
 0002:000001a8 00000004H .CRT$XIA                DATA
 0002:000001ac 00000004H .CRT$XIAA               DATA
 0002:000001b0 00000004H .CRT$XIZ                DATA
 0002:000001c0 00001cc8H .rdata                  DATA
 0002:00001e88 00000055H .rdata$debug            DATA
 0002:00001ee0 00000b1cH .rdata$r                DATA
 0002:00002a00 00000194H .rdata$sxdata           DATA
 0002:00002b94 00000004H .rtc$IAA                DATA
 0002:00002b98 00000004H .rtc$IZZ                DATA
 0002:00002b9c 00000004H .rtc$TAA                DATA
 0002:00002ba0 00000004H .rtc$TZZ                DATA
 0002:00002ba8 00001af4H .xdata$x                DATA
 0002:0000469c 00000064H .idata$2                DATA
 0002:00004700 00000014H .idata$3                DATA
 0002:00004714 00000198H .idata$4                DATA
 0002:000048ac 00001060H .idata$6                DATA
 0002:00005910 0000008bH .edata                  DATA
 0003:00000000 000005f0H .data                   DATA
 0003:000005f0 000003d4H .bss                    DATA

  Address         Publics by Value              Rva+Base       Lib:Object

 0000:00000000       __except_list              00000000     <absolute>
 0000:00000065       ___safe_se_handler_count   00000065     <absolute>
 0000:00009876       __fltused                  00009876     <absolute>
 0000:00009876       __ldused                   00009876     <absolute>
 0000:00000000       ___ImageBase               10000000     <linker-defined>
 0001:00000000       ??CDataAccessor@@QAEPAVDataAccessorImpl@@XZ 10001000 f i DataMerge.obj
 0001:00000010       ??0bad_alloc@std@@QAE@PBD@Z 10001010 f i DataMerge.obj
 0001:00000030       ??1bad_alloc@std@@UAE@XZ   10001030 f i DataMerge.obj
 0001:00000040       ??_Ebad_alloc@std@@UAEPAXI@Z 10001040 f i DataMerge.obj
 0001:00000040       ??_Gbad_alloc@std@@UAEPAXI@Z 10001040 f i DataMerge.obj
 0001:00000070       ??2@YAPAXIPAX@Z            10001070 f i DataMerge.obj
 0001:00000080       ??3@YAXPAX0@Z              10001080 f i DataMerge.obj
 0001:00000090       ??0_Iterator_base@std@@QAE@XZ 10001090 f i DataMerge.obj
 0001:000000a0       ??0logic_error@std@@QAE@ABV?$basic_string@DU?$char_traits@D@std@@V?$allocator@D@2@@1@@Z 100010a0 f i DataMerge.obj
 0001:00000100       ??1logic_error@std@@UAE@XZ 10001100 f i DataMerge.obj
 0001:00000120       ?what@logic_error@std@@UBEPBDXZ 10001120 f i DataMerge.obj
 0001:00000130       ??_Elogic_error@std@@UAEPAXI@Z 10001130 f i DataMerge.obj
 0001:00000130       ??_Glogic_error@std@@UAEPAXI@Z 10001130 f i DataMerge.obj
 0001:00000160       ??0length_error@std@@QAE@ABV?$basic_string@DU?$char_traits@D@std@@V?$allocator@D@2@@1@@Z 10001160 f i DataMerge.obj
 0001:00000180       ??1length_error@std@@UAE@XZ 10001180 f i DataMerge.obj
 0001:000001a0       ??_Elength_error@std@@UAEPAXI@Z 100011a0 f i DataMerge.obj
 0001:000001a0       ??_Glength_error@std@@UAEPAXI@Z 100011a0 f i DataMerge.obj
 0001:000001d0       ??0Args@FactoryAllocator@@QAE@PBD@Z 100011d0 f i DataMerge.obj
 0001:000001f0       ?getColumn@DataAccessorImpl@@QAEPAXXZ 100011f0 f i DataMerge.obj
 0001:00000200       ?updateIfNeeded@DataAccessorImpl@@AAEXXZ 10001200 f i DataMerge.obj
 0001:00000290       ??0logic_error@std@@QAE@ABV01@@Z 10001290 f i DataMerge.obj
 0001:000002f0       ??1Args@MessageObject@@QAE@XZ 100012f0 f i DataMerge.obj
 0001:00000370       ??0PlugInFactory@@QAE@XZ   10001370 f i DataMerge.obj
 0001:00000380       ??0DataMerge@@QAE@XZ       10001380 f   DataMerge.obj
 0001:00000570       ??1DataMerge@@UAE@XZ       10001570 f   DataMerge.obj
 0001:000005e0       ?getWidget@DataMerge@@UBEPAVQWidget@@XZ 100015e0 f   DataMerge.obj
 0001:000005f0       ?dialogClosed@DataMerge@@QAEXXZ 100015f0 f   DataMerge.obj
 0001:00000600       ?serialize@DataMerge@@UBE_NAAVSessionItemSerializer@@@Z 10001600 f   DataMerge.obj
 0001:00000620       ??C?$Service@VApplicationServices@@@@QBEPAVApplicationServices@@XZ 10001620 f i DataMerge.obj
 0001:00000630       ??C?$Service@VModelServices@@@@QBEPAVModelServices@@XZ 10001630 f i DataMerge.obj
 0001:00000640       ?get@?$Resource@VDataRequest@@VFactoryObject@@@@QAEPAVDataRequest@@XZ 10001640 f i DataMerge.obj
 0001:00000650       ?release@?$Resource@VDataRequest@@VFactoryObject@@@@QAEPAVDataRequest@@XZ 10001650 f i DataMerge.obj
 0001:00000660       ??0?$EnumWrapper@W4ResultEnum@Message@@@@QAE@ABW4ResultEnum@Message@@@Z 10001660 f i DataMerge.obj
 0001:00000680       ??C?$Service@VSessionManager@@@@QBEPAVSessionManager@@XZ 10001680 f i DataMerge.obj
 0001:00000690       ??C?$Service@VMessageLogMgr@@@@QBEPAVMessageLogMgr@@XZ 10001690 f i DataMerge.obj
 0001:000006a0       ??B?$EnumWrapper@W4EncodingTypeEnum@@@@QBE?AW4EncodingTypeEnum@@XZ 100016a0 f i DataMerge.obj
 0001:000006b0       ?size@?$vector@PAVDataElement@@V?$allocator@PAVDataElement@@@std@@@std@@QBEIXZ 100016b0 f i DataMerge.obj
 0001:000006d0       ??1Args@FactoryAllocator@@QAE@XZ 100016d0 f i DataMerge.obj
 0001:000006e0       ??0Args@MessageObject@@QAE@ABU01@@Z 100016e0 f i DataMerge.obj
 0001:00000780       ?capacity@?$vector@V?$basic_string@DU?$char_traits@D@std@@V?$allocator@D@2@@std@@V?$allocator@V?$basic_string@DU?$char_traits@D@std@@V?$allocator@D@2@@std@@@2@@std@@QBEIXZ 10001780 f i DataMerge.obj
 0001:000007b0       ?size@?$vector@V?$basic_string@DU?$char_traits@D@std@@V?$allocator@D@2@@std@@V?$allocator@V?$basic_string@DU?$char_traits@D@std@@V?$allocator@D@2@@std@@@2@@std@@QBEIXZ 100017b0 f i DataMerge.obj
 0001:000007e0       ??0?$allocator@V?$basic_string@DU?$char_traits@D@std@@V?$allocator@D@2@@std@@@std@@QAE@XZ 100017e0 f i DataMerge.obj
 0001:000007f0       ??0?$allocator@V?$basic_string@DU?$char_traits@D@std@@V?$allocator@D@2@@std@@@std@@QAE@ABV01@@Z 100017f0 f i DataMerge.obj
 0001:00000800       ?deallocate@?$allocator@V?$basic_string@DU?$char_traits@D@std@@V?$allocator@D@2@@std@@@std@@QAEXPAV?$basic_string@DU?$char_traits@D@std@@V?$allocator@D@2@@2@I@Z 10001800 f i DataMerge.obj
 0001:00000810       ?get@?$Resource@VStep@@VMessageObject@@@@QAEPAVStep@@XZ 10001810 f i DataMerge.obj
 0001:00000820       ??D?$_Vector_const_iterator@PAVDataElement@@V?$allocator@PAVDataElement@@@std@@@std@@QBEABQAVDataElement@@XZ 10001820 f i DataMerge.obj
 0001:00000850       ??E?$_Vector_const_iterator@PAVDataElement@@V?$allocator@PAVDataElement@@@std@@@std@@QAEAAV01@XZ 10001850 f i DataMerge.obj
 0001:00000880       ??8?$_Vector_const_iterator@PAVDataElement@@V?$allocator@PAVDataElement@@@std@@@std@@QBE_NABV01@@Z 10001880 f i DataMerge.obj
 0001:000008b0       ??Bsentry@?$basic_ostream@DU?$char_traits@D@std@@@std@@QBE_NXZ 100018b0 f i DataMerge.obj
 0001:000008c0       ??0Args@FactoryAllocator@@QAE@ABV01@@Z 100018c0 f i DataMerge.obj
 0001:000008e0       ?_Xlen@?$vector@V?$basic_string@DU?$char_traits@D@std@@V?$allocator@D@2@@std@@V?$allocator@V?$basic_string@DU?$char_traits@D@std@@V?$allocator@D@2@@std@@@2@@std@@KAXXZ 100018e0 f i DataMerge.obj
 0001:00000960       ??0length_error@std@@QAE@ABV01@@Z 10001960 f i DataMerge.obj
 0001:00000980       ?deallocate@?$allocator@PAVDataElement@@@std@@QAEXPAPAVDataElement@@I@Z 10001980 f i DataMerge.obj
 0001:00000990       ??0_Sentry_base@?$basic_ostream@DU?$char_traits@D@std@@@std@@QAE@AAV12@@Z 10001990 f i DataMerge.obj
 0001:000009c0       ??1_Sentry_base@?$basic_ostream@DU?$char_traits@D@std@@@std@@QAE@XZ 100019c0 f i DataMerge.obj
 0001:000009e0       ??0?$_Ranit@PAVDataElement@@HPBQAV1@ABQAV1@@std@@QAE@XZ 100019e0 f i DataMerge.obj
 0001:000009f0       ??0?$_Ranit@V?$basic_string@DU?$char_traits@D@std@@V?$allocator@D@2@@std@@HPBV12@ABV12@@std@@QAE@XZ 100019f0 f i DataMerge.obj
 0001:00000a00       ?max_size@?$allocator@V?$basic_string@DU?$char_traits@D@std@@V?$allocator@D@2@@std@@@std@@QBEIXZ 10001a00 f i DataMerge.obj
 0001:00000a10       ??G?$_Vector_const_iterator@V?$basic_string@DU?$char_traits@D@std@@V?$allocator@D@2@@std@@V?$allocator@V?$basic_string@DU?$char_traits@D@std@@V?$allocator@D@2@@std@@@2@@std@@QBEHABV01@@Z 10001a10 f i DataMerge.obj
 0001:00000a50       ??Y?$_Vector_const_iterator@V?$basic_string@DU?$char_traits@D@std@@V?$allocator@D@2@@std@@V?$allocator@V?$basic_string@DU?$char_traits@D@std@@V?$allocator@D@2@@std@@@2@@std@@QAEAAV01@H@Z 10001a50 f i DataMerge.obj
 0001:00000aa0       ??$model_cast@PAVRasterElement@@PAVDataElement@@@@YAPAVRasterElement@@PAVDataElement@@@Z 10001aa0 f i DataMerge.obj
 0001:00000b10       ??$_Allocate@V?$basic_string@DU?$char_traits@D@std@@V?$allocator@D@2@@std@@@std@@YAPAV?$basic_string@DU?$char_traits@D@std@@V?$allocator@D@2@@0@IPAV10@@Z 10001b10 f i DataMerge.obj
 0001:00000b80       ??0bad_alloc@std@@QAE@ABV01@@Z 10001b80 f i DataMerge.obj
 0001:00000ba0       ??$_Iter_random@PAV?$basic_string@DU?$char_traits@D@std@@V?$allocator@D@2@@std@@PAV12@@std@@YA?AUrandom_access_iterator_tag@0@ABQAV?$basic_string@DU?$char_traits@D@std@@V?$allocator@D@2@@0@0@Z 10001ba0 f i DataMerge.obj
 0001:00000bb0       ??$_Ptr_cat@PAV?$basic_string@DU?$char_traits@D@std@@V?$allocator@D@2@@std@@PAV12@@std@@YA?AU_Nonscalar_ptr_iterator_tag@0@AAPAV?$basic_string@DU?$char_traits@D@std@@V?$allocator@D@2@@0@0@Z 10001bb0 f i DataMerge.obj
 0001:00000bc0       ??$_Fill@PAV?$basic_string@DU?$char_traits@D@std@@V?$allocator@D@2@@std@@V12@@std@@YAXPAV?$basic_string@DU?$char_traits@D@std@@V?$allocator@D@2@@0@0ABV10@@Z 10001bc0 f i DataMerge.obj
 0001:00000bf0       ??$_Move_cat@PAV?$basic_string@DU?$char_traits@D@std@@V?$allocator@D@2@@std@@@std@@YA?AU_Swap_move_tag@0@ABQAV?$basic_string@DU?$char_traits@D@std@@V?$allocator@D@2@@0@@Z 10001bf0 f i DataMerge.obj
 0001:00000c00       ??$_Ptr_cat@PAPAVDataElement@@PAPAV1@@std@@YA?AU_Scalar_ptr_iterator_tag@0@AAPAPAVDataElement@@0@Z 10001c00 f i DataMerge.obj
 0001:00000c10       ??$_Destroy_range@PAVDataElement@@V?$allocator@PAVDataElement@@@std@@@std@@YAXPAPAVDataElement@@0AAV?$allocator@PAVDataElement@@@0@U_Scalar_ptr_iterator_tag@0@@Z 10001c10 f i DataMerge.obj
 0001:00000c20       ??$_Checked_base@PAV?$basic_string@DU?$char_traits@D@std@@V?$allocator@D@2@@std@@@std@@YAPAV?$basic_string@DU?$char_traits@D@std@@V?$allocator@D@2@@0@AAPAV10@U_Unchanged_checked_iterator_base_type_tag@0@@Z 10001c20 f i DataMerge.obj
 0001:00000c30       ??$_Construct@V?$basic_string@DU?$char_traits@D@std@@V?$allocator@D@2@@std@@V12@@std@@YAXPAV?$basic_string@DU?$char_traits@D@std@@V?$allocator@D@2@@0@ABV10@@Z 10001c30 f i DataMerge.obj
 0001:00000c80       ??_G?$basic_string@DU?$char_traits@D@std@@V?$allocator@D@2@@std@@QAEPAXI@Z 10001c80 f i DataMerge.obj
 0001:00000ca0       ??$swap@DU?$char_traits@D@std@@V?$allocator@D@2@@std@@YAXAAV?$basic_string@DU?$char_traits@D@std@@V?$allocator@D@2@@0@0@Z 10001ca0 f i DataMerge.obj
 0001:00000cb0       ??_EDataMerge@@W7AEPAXI@Z  10001cb0 f i DataMerge.obj
 0001:00000cc0       ??_EDataMerge@@WM@AEPAXI@Z 10001cc0 f i DataMerge.obj
 0001:00000cd0       ??_EDataMerge@@WBA@AEPAXI@Z 10001cd0 f i DataMerge.obj
 0001:00000ce0       ?getFactory@FactoryAllocator@@IBEPAVObjectFactory@@XZ 10001ce0 f i DataMerge.obj
 0001:00000d00       ?obtainResource@FactoryObject@@QBEPAXABVArgs@FactoryAllocator@@@Z 10001d00 f i DataMerge.obj
 0001:00000d90       ?releaseResource@FactoryObject@@QBEXABVArgs@FactoryAllocator@@PAX@Z 10001d90 f i DataMerge.obj
 0001:00000e20       ?toPixel@DataAccessorImpl@@QAEXHH@Z 10001e20 f i DataMerge.obj
 0001:00000e50       ??0Args@MessageObject@@QAE@V?$basic_string@DU?$char_traits@D@std@@V?$allocator@D@2@@std@@0000_N@Z 10001e50 f i DataMerge.obj
 0001:00000fa0       ?obtainResource@MessageObject@@QBEPAVMessage@@ABUArgs@1@@Z 10001fa0 f i DataMerge.obj
 0001:00001010       ?releaseResource@MessageObject@@QBEXABUArgs@1@PAVMessage@@@Z 10002010 f i DataMerge.obj
 0001:00001050       ??_GDataMerge@@UAEPAXI@Z   10002050 f i DataMerge.obj
 0001:00001050       ??_EDataMerge@@UAEPAXI@Z   10002050 f i DataMerge.obj
 0001:00001070       ??0?$Resource@VStep@@VMessageObject@@@@QAE@ABUArgs@MessageObject@@@Z 10002070 f i DataMerge.obj
 0001:000010e0       ??C?$Resource@VStep@@VMessageObject@@@@QAEPAVStep@@XZ 100020e0 f i DataMerge.obj
 0001:000010f0       ??D?$_Vector_iterator@PAVDataElement@@V?$allocator@PAVDataElement@@@std@@@std@@QBEAAPAVDataElement@@XZ 100020f0 f i DataMerge.obj
 0001:00001120       ??E?$_Vector_iterator@PAVDataElement@@V?$allocator@PAVDataElement@@@std@@@std@@QAEAAV01@XZ 10002120 f i DataMerge.obj
 0001:00001150       ??9?$_Vector_const_iterator@PAVDataElement@@V?$allocator@PAVDataElement@@@std@@@std@@QBE_NABV01@@Z 10002150 f i DataMerge.obj
 0001:00001180       ??0?$_Vector_val@V?$basic_string@DU?$char_traits@D@std@@V?$allocator@D@2@@std@@V?$allocator@V?$basic_string@DU?$char_traits@D@std@@V?$allocator@D@2@@std@@@2@@std@@IAE@V?$allocator@V?$basic_string@DU?$char_traits@D@std@@V?$allocator@D@2@@std@@@1@@Z 10002180 f i DataMerge.obj
 0001:00001190       ??0?$Resource@VDataRequest@@VFactoryObject@@@@QAE@ABVArgs@FactoryAllocator@@@Z 10002190 f i DataMerge.obj
 0001:000011f0       ?destroyIfOwned@?$Resource@VDataRequest@@VFactoryObject@@@@IAEXXZ 100021f0 f i DataMerge.obj
 0001:00001220       ?destroyIfOwned@?$Resource@VStep@@VMessageObject@@@@IAEXXZ 10002220 f i DataMerge.obj
 0001:00001270       ??0sentry@?$basic_ostream@DU?$char_traits@D@std@@@std@@QAE@AAV12@@Z 10002270 f i DataMerge.obj
 0001:00001300       ??1sentry@?$basic_ostream@DU?$char_traits@D@std@@@std@@QAE@XZ 10002300 f i DataMerge.obj
 0001:00001370       ?max_size@?$vector@V?$basic_string@DU?$char_traits@D@std@@V?$allocator@D@2@@std@@V?$allocator@V?$basic_string@DU?$char_traits@D@std@@V?$allocator@D@2@@std@@@2@@std@@QBEIXZ 10002370 f i DataMerge.obj
 0001:00001380       ?allocate@?$allocator@V?$basic_string@DU?$char_traits@D@std@@V?$allocator@D@2@@std@@@std@@QAEPAV?$basic_string@DU?$char_traits@D@std@@V?$allocator@D@2@@2@I@Z 10002380 f i DataMerge.obj
 0001:000013a0       ??0?$_Vector_const_iterator@PAVDataElement@@V?$allocator@PAVDataElement@@@std@@@std@@QAE@PAPAVDataElement@@PBU_Container_base@1@@Z 100023a0 f i DataMerge.obj
 0001:000013e0       ??0?$_Vector_const_iterator@V?$basic_string@DU?$char_traits@D@std@@V?$allocator@D@2@@std@@V?$allocator@V?$basic_string@DU?$char_traits@D@std@@V?$allocator@D@2@@std@@@2@@std@@QAE@PAV?$basic_string@DU?$char_traits@D@std@@V?$allocator@D@2@@1@PBU_Container_base@1@@Z 100023e0 f i DataMerge.obj
 0001:00001420       ??0?$_Vector_iterator@V?$basic_string@DU?$char_traits@D@std@@V?$allocator@D@2@@std@@V?$allocator@V?$basic_string@DU?$char_traits@D@std@@V?$allocator@D@2@@std@@@2@@std@@QAE@PAV?$basic_string@DU?$char_traits@D@std@@V?$allocator@D@2@@1@PBU_Container_base@1@@Z 10002420 f i DataMerge.obj
 0001:00001460       ??G?$_Vector_iterator@V?$basic_string@DU?$char_traits@D@std@@V?$allocator@D@2@@std@@V?$allocator@V?$basic_string@DU?$char_traits@D@std@@V?$allocator@D@2@@std@@@2@@std@@QBEHABV?$_Vector_const_iterator@V?$basic_string@DU?$char_traits@D@std@@V?$allocator@D@2@@std@@V?$allocator@V?$basic_string@DU?$char_traits@D@std@@V?$allocator@D@2@@std@@@2@@1@@Z 10002460 f i DataMerge.obj
 0001:000014a0       ??Y?$_Vector_iterator@V?$basic_string@DU?$char_traits@D@std@@V?$allocator@D@2@@std@@V?$allocator@V?$basic_string@DU?$char_traits@D@std@@V?$allocator@D@2@@std@@@2@@std@@QAEAAV01@H@Z 100024a0 f i DataMerge.obj
 0001:000014f0       ??$_Destroy_range@PAVDataElement@@V?$allocator@PAVDataElement@@@std@@@std@@YAXPAPAVDataElement@@0AAV?$allocator@PAVDataElement@@@0@@Z 100024f0 f i DataMerge.obj
 0001:00001500       ??$?6U?$char_traits@D@std@@@std@@YAAAV?$basic_ostream@DU?$char_traits@D@std@@@0@AAV10@PBD@Z 10002500 f i DataMerge.obj
 0001:000016c0       ??$_Checked_base@PAV?$basic_string@DU?$char_traits@D@std@@V?$allocator@D@2@@std@@@std@@YAPAV?$basic_string@DU?$char_traits@D@std@@V?$allocator@D@2@@0@AAPAV10@@Z 100026c0 f i DataMerge.obj
 0001:000016d0       ?construct@?$allocator@V?$basic_string@DU?$char_traits@D@std@@V?$allocator@D@2@@std@@@std@@QAEXPAV?$basic_string@DU?$char_traits@D@std@@V?$allocator@D@2@@2@ABV32@@Z 100026d0 f i DataMerge.obj
 0001:00001720       ??$?6U?$char_traits@D@std@@@std@@YAAAV?$basic_ostream@DU?$char_traits@D@std@@@0@AAV10@D@Z 10002720 f i DataMerge.obj
 0001:000018c0       ??$_Move_backward_opt@PAV?$basic_string@DU?$char_traits@D@std@@V?$allocator@D@2@@std@@PAV12@Uforward_iterator_tag@2@@std@@YAPAV?$basic_string@DU?$char_traits@D@std@@V?$allocator@D@2@@0@PAV10@00Uforward_iterator_tag@0@U_Swap_move_tag@0@U_Range_checked_iterator_tag@0@@Z 100028c0 f i DataMerge.obj
 0001:00001900       ??$_Destroy@V?$basic_string@DU?$char_traits@D@std@@V?$allocator@D@2@@std@@@std@@YAXPAV?$basic_string@DU?$char_traits@D@std@@V?$allocator@D@2@@0@@Z 10002900 f i DataMerge.obj
 0001:00001910       ??1?$Resource@VDataRequest@@VFactoryObject@@@@UAE@XZ 10002910 f i DataMerge.obj
 0001:00001990       ??1?$Resource@VStep@@VMessageObject@@@@UAE@XZ 10002990 f i DataMerge.obj
 0001:000019e0       ??_G?$Resource@VDataRequest@@VFactoryObject@@@@UAEPAXI@Z 100029e0 f i DataMerge.obj
 0001:000019e0       ??_E?$Resource@VDataRequest@@VFactoryObject@@@@UAEPAXI@Z 100029e0 f i DataMerge.obj
 0001:00001a00       ??_E?$Resource@VStep@@VMessageObject@@@@UAEPAXI@Z 10002a00 f i DataMerge.obj
 0001:00001a00       ??_G?$Resource@VStep@@VMessageObject@@@@UAEPAXI@Z 10002a00 f i DataMerge.obj
 0001:00001a20       ?end@?$vector@V?$basic_string@DU?$char_traits@D@std@@V?$allocator@D@2@@std@@V?$allocator@V?$basic_string@DU?$char_traits@D@std@@V?$allocator@D@2@@std@@@2@@std@@QAE?AV?$_Vector_iterator@V?$basic_string@DU?$char_traits@D@std@@V?$allocator@D@2@@std@@V?$allocator@V?$basic_string@DU?$char_traits@D@std@@V?$allocator@D@2@@std@@@2@@2@XZ 10002a20 f i DataMerge.obj
 0001:00001a50       ?_Buy@?$vector@V?$basic_string@DU?$char_traits@D@std@@V?$allocator@D@2@@std@@V?$allocator@V?$basic_string@DU?$char_traits@D@std@@V?$allocator@D@2@@std@@@2@@std@@IAE_NI@Z 10002a50 f i DataMerge.obj
 0001:00001ab0       ??0?$_Vector_iterator@PAVDataElement@@V?$allocator@PAVDataElement@@@std@@@std@@QAE@PAPAVDataElement@@PBU_Container_base@1@@Z 10002ab0 f i DataMerge.obj
 0001:00001af0       ?begin@?$vector@V?$basic_string@DU?$char_traits@D@std@@V?$allocator@D@2@@std@@V?$allocator@V?$basic_string@DU?$char_traits@D@std@@V?$allocator@D@2@@std@@@2@@std@@QAE?AV?$_Vector_iterator@V?$basic_string@DU?$char_traits@D@std@@V?$allocator@D@2@@std@@V?$allocator@V?$basic_string@DU?$char_traits@D@std@@V?$allocator@D@2@@std@@@2@@2@XZ 10002af0 f i DataMerge.obj
 0001:00001b20       ?_Destroy@?$vector@PAVDataElement@@V?$allocator@PAVDataElement@@@std@@@std@@IAEXPAPAVDataElement@@0@Z 10002b20 f i DataMerge.obj
 0001:00001b30       ??H?$_Vector_iterator@V?$basic_string@DU?$char_traits@D@std@@V?$allocator@D@2@@std@@V?$allocator@V?$basic_string@DU?$char_traits@D@std@@V?$allocator@D@2@@std@@@2@@std@@QBE?AV01@H@Z 10002b30 f i DataMerge.obj
 0001:00001b70       ??$mergeElement@G@?A0x41753d5a@@YAXPAGHHVDataAccessor@@H@Z 10002b70 f i DataMerge.obj
 0001:00001cd0       ??$mergeElement@F@?A0x41753d5a@@YAXPAFHHVDataAccessor@@H@Z 10002cd0 f i DataMerge.obj
 0001:00001e30       ??$mergeElement@I@?A0x41753d5a@@YAXPAIHHVDataAccessor@@H@Z 10002e30 f i DataMerge.obj
 0001:00001f80       ??$mergeElement@H@?A0x41753d5a@@YAXPAHHHVDataAccessor@@H@Z 10002f80 f i DataMerge.obj
 0001:000020d0       ??$mergeElement@M@?A0x41753d5a@@YAXPAMHHVDataAccessor@@H@Z 100030d0 f i DataMerge.obj
 0001:00002230       ??$mergeElement@N@?A0x41753d5a@@YAXPANHHVDataAccessor@@H@Z 10003230 f i DataMerge.obj
 0001:00002390       ??$fill@PAV?$basic_string@DU?$char_traits@D@std@@V?$allocator@D@2@@std@@V12@@std@@YAXPAV?$basic_string@DU?$char_traits@D@std@@V?$allocator@D@2@@0@0ABV10@@Z 10003390 f i DataMerge.obj
 0001:000023c0       ??$?6U?$char_traits@D@std@@@std@@YAAAV?$basic_ostream@DU?$char_traits@D@std@@@0@AAV10@E@Z 100033c0 f i DataMerge.obj
 0001:000023d0       ??$?6U?$char_traits@D@std@@@std@@YAAAV?$basic_ostream@DU?$char_traits@D@std@@@0@AAV10@C@Z 100033d0 f i DataMerge.obj
 0001:000023e0       ??$_Move_backward_opt@PAV?$basic_string@DU?$char_traits@D@std@@V?$allocator@D@2@@std@@PAV12@@std@@YAPAV?$basic_string@DU?$char_traits@D@std@@V?$allocator@D@2@@0@PAV10@00Urandom_access_iterator_tag@0@U_Swap_move_tag@0@U_Range_checked_iterator_tag@0@@Z 100033e0 f i DataMerge.obj
 0001:00002440       ?destroy@?$allocator@V?$basic_string@DU?$char_traits@D@std@@V?$allocator@D@2@@std@@@std@@QAEXPAV?$basic_string@DU?$char_traits@D@std@@V?$allocator@D@2@@2@@Z 10003440 f i DataMerge.obj
 0001:00002450       ??$_Uninit_move@PAV?$basic_string@DU?$char_traits@D@std@@V?$allocator@D@2@@std@@PAV12@V?$allocator@V?$basic_string@DU?$char_traits@D@std@@V?$allocator@D@2@@std@@@2@@std@@YAPAV?$basic_string@DU?$char_traits@D@std@@V?$allocator@D@2@@0@PAV10@00AAV?$allocator@V?$basic_string@DU?$char_traits@D@std@@V?$allocator@D@2@@std@@@0@U_Swap_move_tag@0@U_Range_checked_iterator_tag@0@@Z 10003450 f i DataMerge.obj
 0001:00002510       ??1?$FactoryResource@VDataRequest@@@@UAE@XZ 10003510 f i DataMerge.obj
 0001:00002520       ??0StepResource@@QAE@V?$basic_string@DU?$char_traits@D@std@@V?$allocator@D@2@@std@@0000@Z 10003520 f i DataMerge.obj
 0001:000026b0       ??1StepResource@@UAE@XZ    100036b0 f i DataMerge.obj
 0001:000026c0       ??0?$vector@V?$basic_string@DU?$char_traits@D@std@@V?$allocator@D@2@@std@@V?$allocator@V?$basic_string@DU?$char_traits@D@std@@V?$allocator@D@2@@std@@@2@@std@@QAE@XZ 100036c0 f i DataMerge.obj
 0001:000026d0       ??0?$FactoryResource@VDataRequest@@@@QAE@XZ 100036d0 f i DataMerge.obj
 0001:00002740       ?begin@?$vector@PAVDataElement@@V?$allocator@PAVDataElement@@@std@@@std@@QAE?AV?$_Vector_iterator@PAVDataElement@@V?$allocator@PAVDataElement@@@std@@@2@XZ 10003740 f i DataMerge.obj
 0001:00002770       ?end@?$vector@PAVDataElement@@V?$allocator@PAVDataElement@@@std@@@std@@QAE?AV?$_Vector_iterator@PAVDataElement@@V?$allocator@PAVDataElement@@@std@@@2@XZ 10003770 f i DataMerge.obj
 0001:000027a0       ??_G?$FactoryResource@VDataRequest@@@@UAEPAXI@Z 100037a0 f i DataMerge.obj
 0001:000027a0       ??_E?$FactoryResource@VDataRequest@@@@UAEPAXI@Z 100037a0 f i DataMerge.obj
 0001:000027c0       ?_Tidy@?$vector@PAVDataElement@@V?$allocator@PAVDataElement@@@std@@@std@@IAEXXZ 100037c0 f i DataMerge.obj
 0001:000027f0       ??$mergeElement@E@?A0x41753d5a@@YAXPAEHHVDataAccessor@@H@Z 100037f0 f i DataMerge.obj
 0001:00002950       ??$mergeElement@C@?A0x41753d5a@@YAXPACHHVDataAccessor@@H@Z 10003950 f i DataMerge.obj
 0001:00002ab0       ??$_Unchecked_move_backward@PAV?$basic_string@DU?$char_traits@D@std@@V?$allocator@D@2@@std@@PAV12@@stdext@@YAPAV?$basic_string@DU?$char_traits@D@std@@V?$allocator@D@2@@std@@PAV12@00@Z 10003ab0 f i DataMerge.obj
 0001:00002ae0       ??$_Destroy_range@V?$basic_string@DU?$char_traits@D@std@@V?$allocator@D@2@@std@@V?$allocator@V?$basic_string@DU?$char_traits@D@std@@V?$allocator@D@2@@std@@@2@@std@@YAXPAV?$basic_string@DU?$char_traits@D@std@@V?$allocator@D@2@@0@0AAV?$allocator@V?$basic_string@DU?$char_traits@D@std@@V?$allocator@D@2@@std@@@0@U_Nonscalar_ptr_iterator_tag@0@@Z 10003ae0 f i DataMerge.obj
 0001:00002b10       ??$_Uninit_fill_n@PAV?$basic_string@DU?$char_traits@D@std@@V?$allocator@D@2@@std@@IV12@V?$allocator@V?$basic_string@DU?$char_traits@D@std@@V?$allocator@D@2@@std@@@2@@std@@YAXPAV?$basic_string@DU?$char_traits@D@std@@V?$allocator@D@2@@0@IABV10@AAV?$allocator@V?$basic_string@DU?$char_traits@D@std@@V?$allocator@D@2@@std@@@0@U_Nonscalar_ptr_iterator_tag@0@U_Range_checked_iterator_tag@0@@Z 10003b10 f i DataMerge.obj
 0001:00002ba0       ??$_Unchecked_uninitialized_move@PAV?$basic_string@DU?$char_traits@D@std@@V?$allocator@D@2@@std@@PAV12@V?$allocator@V?$basic_string@DU?$char_traits@D@std@@V?$allocator@D@2@@std@@@2@@stdext@@YAPAV?$basic_string@DU?$char_traits@D@std@@V?$allocator@D@2@@std@@PAV12@00AAV?$allocator@V?$basic_string@DU?$char_traits@D@std@@V?$allocator@D@2@@std@@@2@@Z 10003ba0 f i DataMerge.obj
 0001:00002bd0       ??_GStepResource@@UAEPAXI@Z 10003bd0 f i DataMerge.obj
 0001:00002bd0       ??_EStepResource@@UAEPAXI@Z 10003bd0 f i DataMerge.obj
 0001:00002bf0       ??1?$vector@PAVDataElement@@V?$allocator@PAVDataElement@@@std@@@std@@QAE@XZ 10003bf0 f i DataMerge.obj
 0001:00002c20       ??$_Destroy_range@V?$basic_string@DU?$char_traits@D@std@@V?$allocator@D@2@@std@@V?$allocator@V?$basic_string@DU?$char_traits@D@std@@V?$allocator@D@2@@std@@@2@@std@@YAXPAV?$basic_string@DU?$char_traits@D@std@@V?$allocator@D@2@@0@0AAV?$allocator@V?$basic_string@DU?$char_traits@D@std@@V?$allocator@D@2@@std@@@0@@Z 10003c20 f i DataMerge.obj
 0001:00002c50       ??$unchecked_uninitialized_fill_n@PAV?$basic_string@DU?$char_traits@D@std@@V?$allocator@D@2@@std@@IV12@V?$allocator@V?$basic_string@DU?$char_traits@D@std@@V?$allocator@D@2@@std@@@2@@stdext@@YAXPAV?$basic_string@DU?$char_traits@D@std@@V?$allocator@D@2@@std@@IABV12@AAV?$allocator@V?$basic_string@DU?$char_traits@D@std@@V?$allocator@D@2@@std@@@2@@Z 10003c50 f i DataMerge.obj
 0001:00002c80       ??$_Umove@PAV?$basic_string@DU?$char_traits@D@std@@V?$allocator@D@2@@std@@@?$vector@V?$basic_string@DU?$char_traits@D@std@@V?$allocator@D@2@@std@@V?$allocator@V?$basic_string@DU?$char_traits@D@std@@V?$allocator@D@2@@std@@@2@@std@@IAEPAV?$basic_string@DU?$char_traits@D@std@@V?$allocator@D@2@@1@PAV21@00@Z 10003c80 f i DataMerge.obj
 0001:00002cb0       ?showGui@DataMerge@@AAE_NXZ 10003cb0 f   DataMerge.obj
 0001:000032a0       ?execute@DataMerge@@UAE_NPAVPlugInArgList@@0@Z 100042a0 f   DataMerge.obj
 0001:000032b0       ?deserialize@DataMerge@@UAE_NAAVSessionItemDeserializer@@@Z 100042b0 f   DataMerge.obj
 0001:000032c0       ?_Destroy@?$vector@V?$basic_string@DU?$char_traits@D@std@@V?$allocator@D@2@@std@@V?$allocator@V?$basic_string@DU?$char_traits@D@std@@V?$allocator@D@2@@std@@@2@@std@@IAEXPAV?$basic_string@DU?$char_traits@D@std@@V?$allocator@D@2@@2@0@Z 100042c0 f i DataMerge.obj
 0001:000032f0       ?_Tidy@?$vector@V?$basic_string@DU?$char_traits@D@std@@V?$allocator@D@2@@std@@V?$allocator@V?$basic_string@DU?$char_traits@D@std@@V?$allocator@D@2@@std@@@2@@std@@IAEXXZ 100042f0 f i DataMerge.obj
 0001:00003340       ?_Ufill@?$vector@V?$basic_string@DU?$char_traits@D@std@@V?$allocator@D@2@@std@@V?$allocator@V?$basic_string@DU?$char_traits@D@std@@V?$allocator@D@2@@std@@@2@@std@@IAEPAV?$basic_string@DU?$char_traits@D@std@@V?$allocator@D@2@@2@PAV32@IABV32@@Z 10004340 f i DataMerge.obj
 0001:00003380       ?_Insert_n@?$vector@V?$basic_string@DU?$char_traits@D@std@@V?$allocator@D@2@@std@@V?$allocator@V?$basic_string@DU?$char_traits@D@std@@V?$allocator@D@2@@std@@@2@@std@@IAEXV?$_Vector_iterator@V?$basic_string@DU?$char_traits@D@std@@V?$allocator@D@2@@std@@V?$allocator@V?$basic_string@DU?$char_traits@D@std@@V?$allocator@D@2@@std@@@2@@2@IABV?$basic_string@DU?$char_traits@D@std@@V?$allocator@D@2@@2@@Z 10004380 f i DataMerge.obj
 0001:000036a0       ??1?$vector@V?$basic_string@DU?$char_traits@D@std@@V?$allocator@D@2@@std@@V?$allocator@V?$basic_string@DU?$char_traits@D@std@@V?$allocator@D@2@@std@@@2@@std@@QAE@XZ 100046a0 f i DataMerge.obj
 0001:000036b0       ?insert@?$vector@V?$basic_string@DU?$char_traits@D@std@@V?$allocator@D@2@@std@@V?$allocator@V?$basic_string@DU?$char_traits@D@std@@V?$allocator@D@2@@std@@@2@@std@@QAE?AV?$_Vector_iterator@V?$basic_string@DU?$char_traits@D@std@@V?$allocator@D@2@@std@@V?$allocator@V?$basic_string@DU?$char_traits@D@std@@V?$allocator@D@2@@std@@@2@@2@V32@ABV?$basic_string@DU?$char_traits@D@std@@V?$allocator@D@2@@2@@Z 100046b0 f i DataMerge.obj
 0001:00003770       ??1BasicPlugInFactory@@QAE@XZ 10004770 f i DataMerge.obj
 0001:00003780       ??1DataMergePlugInFactory@SpectralDataMerge@@QAE@XZ 10004780 f i DataMerge.obj
 0001:00003790       ?push_back@?$vector@V?$basic_string@DU?$char_traits@D@std@@V?$allocator@D@2@@std@@V?$allocator@V?$basic_string@DU?$char_traits@D@std@@V?$allocator@D@2@@std@@@2@@std@@QAEXABV?$basic_string@DU?$char_traits@D@std@@V?$allocator@D@2@@2@@Z 10004790 f i DataMerge.obj
 0001:00003840       ?addPlugInName@BasicPlugInFactory@@AAEXV?$basic_string@DU?$char_traits@D@std@@V?$allocator@D@2@@std@@@Z 10004840 f i DataMerge.obj
 0001:00003890       ??0BasicPlugInFactory@@QAE@ABV?$basic_string@DU?$char_traits@D@std@@V?$allocator@D@2@@std@@@Z 10004890 f i DataMerge.obj
 0001:00003910       ??$_Ptr_cat@V?$_Vector_const_iterator@V?$basic_string@DU?$char_traits@D@std@@V?$allocator@D@2@@std@@V?$allocator@V?$basic_string@DU?$char_traits@D@std@@V?$allocator@D@2@@std@@@2@@std@@PAV?$basic_string@DU?$char_traits@D@std@@V?$allocator@D@2@@2@@std@@YA?AU_Nonscalar_ptr_iterator_tag@0@AAV?$_Vector_const_iterator@V?$basic_string@DU?$char_traits@D@std@@V?$allocator@D@2@@std@@V?$allocator@V?$basic_string@DU?$char_traits@D@std@@V?$allocator@D@2@@std@@@2@@0@AAPAV?$basic_string@DU?$char_traits@D@std@@V?$allocator@D@2@@0@@Z 10004910 f i DataMerge.obj
 0001:00003920       ?_Checked_iterator_base@?$_Vector_const_iterator@V?$basic_string@DU?$char_traits@D@std@@V?$allocator@D@2@@std@@V?$allocator@V?$basic_string@DU?$char_traits@D@std@@V?$allocator@D@2@@std@@@2@@std@@QBEPBV?$basic_string@DU?$char_traits@D@std@@V?$allocator@D@2@@2@XZ 10004920 f i DataMerge.obj
 0001:00003930       ??$_Checked_base@V?$_Vector_const_iterator@V?$basic_string@DU?$char_traits@D@std@@V?$allocator@D@2@@std@@V?$allocator@V?$basic_string@DU?$char_traits@D@std@@V?$allocator@D@2@@std@@@2@@std@@U_Different_checked_iterator_base_type_tag@2@@std@@YAPBV?$basic_string@DU?$char_traits@D@std@@V?$allocator@D@2@@0@AAV?$_Vector_const_iterator@V?$basic_string@DU?$char_traits@D@std@@V?$allocator@D@2@@std@@V?$allocator@V?$basic_string@DU?$char_traits@D@std@@V?$allocator@D@2@@std@@@2@@0@U_Different_checked_iterator_base_type_tag@0@@Z 10004930 f i DataMerge.obj
 0001:00003940       ?begin@?$vector@V?$basic_string@DU?$char_traits@D@std@@V?$allocator@D@2@@std@@V?$allocator@V?$basic_string@DU?$char_traits@D@std@@V?$allocator@D@2@@std@@@2@@std@@QBE?AV?$_Vector_const_iterator@V?$basic_string@DU?$char_traits@D@std@@V?$allocator@D@2@@std@@V?$allocator@V?$basic_string@DU?$char_traits@D@std@@V?$allocator@D@2@@std@@@2@@2@XZ 10004940 f i DataMerge.obj
 0001:00003970       ?end@?$vector@V?$basic_string@DU?$char_traits@D@std@@V?$allocator@D@2@@std@@V?$allocator@V?$basic_string@DU?$char_traits@D@std@@V?$allocator@D@2@@std@@@2@@std@@QBE?AV?$_Vector_const_iterator@V?$basic_string@DU?$char_traits@D@std@@V?$allocator@D@2@@std@@V?$allocator@V?$basic_string@DU?$char_traits@D@std@@V?$allocator@D@2@@std@@@2@@2@XZ 10004970 f i DataMerge.obj
 0001:000039a0       ??$_Checked_base@V?$_Vector_const_iterator@V?$basic_string@DU?$char_traits@D@std@@V?$allocator@D@2@@std@@V?$allocator@V?$basic_string@DU?$char_traits@D@std@@V?$allocator@D@2@@std@@@2@@std@@@std@@YAPBV?$basic_string@DU?$char_traits@D@std@@V?$allocator@D@2@@0@AAV?$_Vector_const_iterator@V?$basic_string@DU?$char_traits@D@std@@V?$allocator@D@2@@std@@V?$allocator@V?$basic_string@DU?$char_traits@D@std@@V?$allocator@D@2@@std@@@2@@0@@Z 100049a0 f i DataMerge.obj
 0001:000039b0       ??$_Uninit_copy@PBV?$basic_string@DU?$char_traits@D@std@@V?$allocator@D@2@@std@@PAV12@V?$allocator@V?$basic_string@DU?$char_traits@D@std@@V?$allocator@D@2@@std@@@2@@std@@YAPAV?$basic_string@DU?$char_traits@D@std@@V?$allocator@D@2@@0@PBV10@0PAV10@AAV?$allocator@V?$basic_string@DU?$char_traits@D@std@@V?$allocator@D@2@@std@@@0@U_Nonscalar_ptr_iterator_tag@0@U_Range_checked_iterator_tag@0@@Z 100049b0 f i DataMerge.obj
 0001:00003a40       ??$unchecked_uninitialized_copy@V?$_Vector_const_iterator@V?$basic_string@DU?$char_traits@D@std@@V?$allocator@D@2@@std@@V?$allocator@V?$basic_string@DU?$char_traits@D@std@@V?$allocator@D@2@@std@@@2@@std@@PAV?$basic_string@DU?$char_traits@D@std@@V?$allocator@D@2@@2@V?$allocator@V?$basic_string@DU?$char_traits@D@std@@V?$allocator@D@2@@std@@@2@@stdext@@YAPAV?$basic_string@DU?$char_traits@D@std@@V?$allocator@D@2@@std@@V?$_Vector_const_iterator@V?$basic_string@DU?$char_traits@D@std@@V?$allocator@D@2@@std@@V?$allocator@V?$basic_string@DU?$char_traits@D@std@@V?$allocator@D@2@@std@@@2@@2@0PAV12@AAV?$allocator@V?$basic_string@DU?$char_traits@D@std@@V?$allocator@D@2@@std@@@2@@Z 10004a40 f i DataMerge.obj
 0001:00003a70       ??$_Ucopy@V?$_Vector_const_iterator@V?$basic_string@DU?$char_traits@D@std@@V?$allocator@D@2@@std@@V?$allocator@V?$basic_string@DU?$char_traits@D@std@@V?$allocator@D@2@@std@@@2@@std@@@?$vector@V?$basic_string@DU?$char_traits@D@std@@V?$allocator@D@2@@std@@V?$allocator@V?$basic_string@DU?$char_traits@D@std@@V?$allocator@D@2@@std@@@2@@std@@IAEPAV?$basic_string@DU?$char_traits@D@std@@V?$allocator@D@2@@1@V?$_Vector_const_iterator@V?$basic_string@DU?$char_traits@D@std@@V?$allocator@D@2@@std@@V?$allocator@V?$basic_string@DU?$char_traits@D@std@@V?$allocator@D@2@@std@@@2@@1@0PAV21@@Z 10004a70 f i DataMerge.obj
 0001:00003aa0       ??0?$vector@V?$basic_string@DU?$char_traits@D@std@@V?$allocator@D@2@@std@@V?$allocator@V?$basic_string@DU?$char_traits@D@std@@V?$allocator@D@2@@std@@@2@@std@@QAE@ABV01@@Z 10004aa0 f i DataMerge.obj
 0001:00003b70       ?getPlugInNames@BasicPlugInFactory@@UAE?AV?$vector@V?$basic_string@DU?$char_traits@D@std@@V?$allocator@D@2@@std@@V?$allocator@V?$basic_string@DU?$char_traits@D@std@@V?$allocator@D@2@@std@@@2@@std@@XZ 10004b70 f i DataMerge.obj
 0001:00003b90       ??0DataMergePlugInFactory@SpectralDataMerge@@QAE@ABV?$basic_string@DU?$char_traits@D@std@@V?$allocator@D@2@@std@@@Z 10004b90 f i DataMerge.obj
 0001:00003bf0       ?createPlugIn@DataMergePlugInFactory@SpectralDataMerge@@UAEPAVPlugIn@@ABV?$basic_string@DU?$char_traits@D@std@@V?$allocator@D@2@@std@@@Z 10004bf0 f i DataMerge.obj
 0001:00003c60       ??1?$pair@V?$basic_string@DU?$char_traits@D@std@@V?$allocator@D@2@@std@@PAVPlugInFactory@@@std@@QAE@XZ 10004c60 f i ModuleManager.obj
 0001:00003c70       ?setService@ModuleManager@@QAEXPAVExternal@@@Z 10004c70 f i ModuleManager.obj
 0001:00003c80       _opticks_get_module_descriptor 10004c80 f   ModuleManager.obj
 0001:00003c90       ?getTotalPlugIns@ModuleManager@@SAIXZ 10004c90 f   ModuleManager.obj
 0001:00003ca0       ?getPlugIn@ModuleManager@@QAEPAVPlugIn@@I@Z 10004ca0 f   ModuleManager.obj
 0001:00003cb0       ?size@?$vector@U?$pair@V?$basic_string@DU?$char_traits@D@std@@V?$allocator@D@2@@std@@PAVPlugInFactory@@@std@@V?$allocator@U?$pair@V?$basic_string@DU?$char_traits@D@std@@V?$allocator@D@2@@std@@PAVPlugInFactory@@@std@@@2@@std@@QBEIXZ 10004cb0 f i ModuleManager.obj
 0001:00003cd0       ??A?$vector@U?$pair@V?$basic_string@DU?$char_traits@D@std@@V?$allocator@D@2@@std@@PAVPlugInFactory@@@std@@V?$allocator@U?$pair@V?$basic_string@DU?$char_traits@D@std@@V?$allocator@D@2@@std@@PAVPlugInFactory@@@std@@@2@@std@@QAEAAU?$pair@V?$basic_string@DU?$char_traits@D@std@@V?$allocator@D@2@@std@@PAVPlugInFactory@@@1@I@Z 10004cd0 f i ModuleManager.obj
 0001:00003d00       ?capacity@?$vector@U?$pair@V?$basic_string@DU?$char_traits@D@std@@V?$allocator@D@2@@std@@PAVPlugInFactory@@@std@@V?$allocator@U?$pair@V?$basic_string@DU?$char_traits@D@std@@V?$allocator@D@2@@std@@PAVPlugInFactory@@@std@@@2@@std@@QBEIXZ 10004d00 f i ModuleManager.obj
 0001:00003d20       ??0?$allocator@U?$pair@V?$basic_string@DU?$char_traits@D@std@@V?$allocator@D@2@@std@@PAVPlugInFactory@@@std@@@std@@QAE@XZ 10004d20 f i ModuleManager.obj
 0001:00003d30       ??D?$_Vector_const_iterator@V?$basic_string@DU?$char_traits@D@std@@V?$allocator@D@2@@std@@V?$allocator@V?$basic_string@DU?$char_traits@D@std@@V?$allocator@D@2@@std@@@2@@std@@QBEABV?$basic_string@DU?$char_traits@D@std@@V?$allocator@D@2@@1@XZ 10004d30 f i ModuleManager.obj
 0001:00003d60       ??E?$_Vector_const_iterator@V?$basic_string@DU?$char_traits@D@std@@V?$allocator@D@2@@std@@V?$allocator@V?$basic_string@DU?$char_traits@D@std@@V?$allocator@D@2@@std@@@2@@std@@QAEAAV01@XZ 10004d60 f i ModuleManager.obj
 0001:00003d90       ??8?$_Vector_const_iterator@V?$basic_string@DU?$char_traits@D@std@@V?$allocator@D@2@@std@@V?$allocator@V?$basic_string@DU?$char_traits@D@std@@V?$allocator@D@2@@std@@@2@@std@@QBE_NABV01@@Z 10004d90 f i ModuleManager.obj
 0001:00003dc0       ?_Xlen@?$vector@U?$pair@V?$basic_string@DU?$char_traits@D@std@@V?$allocator@D@2@@std@@PAVPlugInFactory@@@std@@V?$allocator@U?$pair@V?$basic_string@DU?$char_traits@D@std@@V?$allocator@D@2@@std@@PAVPlugInFactory@@@std@@@2@@std@@KAXXZ 10004dc0 f i ModuleManager.obj
 0001:00003e40       ??0?$allocator@U?$pair@V?$basic_string@DU?$char_traits@D@std@@V?$allocator@D@2@@std@@PAVPlugInFactory@@@std@@@std@@QAE@ABV01@@Z 10004e40 f i ModuleManager.obj
 0001:00003e50       ?deallocate@?$allocator@U?$pair@V?$basic_string@DU?$char_traits@D@std@@V?$allocator@D@2@@std@@PAVPlugInFactory@@@std@@@std@@QAEXPAU?$pair@V?$basic_string@DU?$char_traits@D@std@@V?$allocator@D@2@@std@@PAVPlugInFactory@@@2@I@Z 10004e50 f i ModuleManager.obj
 0001:00003e60       ??0?$pair@V?$basic_string@DU?$char_traits@D@std@@V?$allocator@D@2@@std@@PAVPlugInFactory@@@std@@QAE@ABU01@@Z 10004e60 f i ModuleManager.obj
 0001:00003e80       ??0?$_Ranit@U?$pair@V?$basic_string@DU?$char_traits@D@std@@V?$allocator@D@2@@std@@PAVPlugInFactory@@@std@@HPBU12@ABU12@@std@@QAE@XZ 10004e80 f i ModuleManager.obj
 0001:00003e90       ?max_size@?$allocator@U?$pair@V?$basic_string@DU?$char_traits@D@std@@V?$allocator@D@2@@std@@PAVPlugInFactory@@@std@@@std@@QBEIXZ 10004e90 f i ModuleManager.obj
 0001:00003ea0       ??G?$_Vector_const_iterator@U?$pair@V?$basic_string@DU?$char_traits@D@std@@V?$allocator@D@2@@std@@PAVPlugInFactory@@@std@@V?$allocator@U?$pair@V?$basic_string@DU?$char_traits@D@std@@V?$allocator@D@2@@std@@PAVPlugInFactory@@@std@@@2@@std@@QBEHABV01@@Z 10004ea0 f i ModuleManager.obj
 0001:00003ed0       ??Y?$_Vector_const_iterator@U?$pair@V?$basic_string@DU?$char_traits@D@std@@V?$allocator@D@2@@std@@PAVPlugInFactory@@@std@@V?$allocator@U?$pair@V?$basic_string@DU?$char_traits@D@std@@V?$allocator@D@2@@std@@PAVPlugInFactory@@@std@@@2@@std@@QAEAAV01@H@Z 10004ed0 f i ModuleManager.obj
 0001:00003f10       ??$_Allocate@U?$pair@V?$basic_string@DU?$char_traits@D@std@@V?$allocator@D@2@@std@@PAVPlugInFactory@@@std@@@std@@YAPAU?$pair@V?$basic_string@DU?$char_traits@D@std@@V?$allocator@D@2@@std@@PAVPlugInFactory@@@0@IPAU10@@Z 10004f10 f i ModuleManager.obj
 0001:00003f70       ??0?$pair@V?$basic_string@DU?$char_traits@D@std@@V?$allocator@D@2@@std@@PAVPlugInFactory@@@std@@QAE@ABV?$basic_string@DU?$char_traits@D@std@@V?$allocator@D@2@@1@ABQAVPlugInFactory@@@Z 10004f70 f i ModuleManager.obj
 0001:00003f90       ??$_Count@PADD@std@@YAHPAD0ABD@Z 10004f90 f i ModuleManager.obj
 0001:00003fc0       ??$_Ptr_cat@PAU?$pair@V?$basic_string@DU?$char_traits@D@std@@V?$allocator@D@2@@std@@PAVPlugInFactory@@@std@@PAU12@@std@@YA?AU_Nonscalar_ptr_iterator_tag@0@AAPAU?$pair@V?$basic_string@DU?$char_traits@D@std@@V?$allocator@D@2@@std@@PAVPlugInFactory@@@0@0@Z 10004fc0 f i ModuleManager.obj
 0001:00003fd0       ??$_Iter_random@PAU?$pair@V?$basic_string@DU?$char_traits@D@std@@V?$allocator@D@2@@std@@PAVPlugInFactory@@@std@@PAU12@@std@@YA?AUrandom_access_iterator_tag@0@ABQAU?$pair@V?$basic_string@DU?$char_traits@D@std@@V?$allocator@D@2@@std@@PAVPlugInFactory@@@0@0@Z 10004fd0 f i ModuleManager.obj
 0001:00003fe0       ??$_Move_cat@PAU?$pair@V?$basic_string@DU?$char_traits@D@std@@V?$allocator@D@2@@std@@PAVPlugInFactory@@@std@@@std@@YA?AU_Undefined_move_tag@0@ABQAU?$pair@V?$basic_string@DU?$char_traits@D@std@@V?$allocator@D@2@@std@@PAVPlugInFactory@@@0@@Z 10004fe0 f i ModuleManager.obj
 0001:00003ff0       ??4?$pair@V?$basic_string@DU?$char_traits@D@std@@V?$allocator@D@2@@std@@PAVPlugInFactory@@@std@@QAEAAU01@ABU01@@Z 10004ff0 f i ModuleManager.obj
 0001:00004010       ??$_Checked_base@PAU?$pair@V?$basic_string@DU?$char_traits@D@std@@V?$allocator@D@2@@std@@PAVPlugInFactory@@@std@@@std@@YAPAU?$pair@V?$basic_string@DU?$char_traits@D@std@@V?$allocator@D@2@@std@@PAVPlugInFactory@@@0@AAPAU10@U_Unchanged_checked_iterator_base_type_tag@0@@Z 10005010 f i ModuleManager.obj
 0001:00004020       ??$_Construct@U?$pair@V?$basic_string@DU?$char_traits@D@std@@V?$allocator@D@2@@std@@PAVPlugInFactory@@@std@@U12@@std@@YAXPAU?$pair@V?$basic_string@DU?$char_traits@D@std@@V?$allocator@D@2@@std@@PAVPlugInFactory@@@0@ABU10@@Z 10005020 f i ModuleManager.obj
 0001:00004080       ??_G?$pair@V?$basic_string@DU?$char_traits@D@std@@V?$allocator@D@2@@std@@PAVPlugInFactory@@@std@@QAEPAXI@Z 10005080 f i ModuleManager.obj
 0001:000040a0       ?_Checked_iterator_base@?$_String_iterator@DU?$char_traits@D@std@@V?$allocator@D@2@@std@@QBEPADXZ 100050a0 f i ModuleManager.obj
 0001:000040b0       ?_Checked_iterator_base@?$_Vector_iterator@U?$pair@V?$basic_string@DU?$char_traits@D@std@@V?$allocator@D@2@@std@@PAVPlugInFactory@@@std@@V?$allocator@U?$pair@V?$basic_string@DU?$char_traits@D@std@@V?$allocator@D@2@@std@@PAVPlugInFactory@@@std@@@2@@std@@QBEPAU?$pair@V?$basic_string@DU?$char_traits@D@std@@V?$allocator@D@2@@std@@PAVPlugInFactory@@@2@XZ 100050b0 f i ModuleManager.obj
 0001:000040c0       ??0?$pair@PAU?$pair@V?$basic_string@DU?$char_traits@D@std@@V?$allocator@D@2@@std@@PAVPlugInFactory@@@std@@PAU12@@std@@QAE@ABQAU?$pair@V?$basic_string@DU?$char_traits@D@std@@V?$allocator@D@2@@std@@PAVPlugInFactory@@@1@0@Z 100050c0 f i ModuleManager.obj
 0001:000040e0       ??$_Dist_type@PAU?$pair@V?$basic_string@DU?$char_traits@D@std@@V?$allocator@D@2@@std@@PAVPlugInFactory@@@std@@@std@@YAPAHPAU?$pair@V?$basic_string@DU?$char_traits@D@std@@V?$allocator@D@2@@std@@PAVPlugInFactory@@@0@@Z 100050e0 f i ModuleManager.obj
 0001:000040f0       ??$_Val_type@PAU?$pair@V?$basic_string@DU?$char_traits@D@std@@V?$allocator@D@2@@std@@PAVPlugInFactory@@@std@@@std@@YAPAU?$pair@V?$basic_string@DU?$char_traits@D@std@@V?$allocator@D@2@@std@@PAVPlugInFactory@@@0@PAU10@@Z 100050f0 f i ModuleManager.obj
 0001:00004100       ??$_Copy_backward_opt@PAU?$pair@V?$basic_string@DU?$char_traits@D@std@@V?$allocator@D@2@@std@@PAVPlugInFactory@@@std@@PAU12@Uforward_iterator_tag@2@@std@@YAPAU?$pair@V?$basic_string@DU?$char_traits@D@std@@V?$allocator@D@2@@std@@PAVPlugInFactory@@@0@PAU10@00Uforward_iterator_tag@0@U_Nonscalar_ptr_iterator_tag@0@U_Range_checked_iterator_tag@0@@Z 10005100 f i ModuleManager.obj
 0001:00004140       ??$_Iter_cat@PAU?$pair@V?$basic_string@DU?$char_traits@D@std@@V?$allocator@D@2@@std@@PAVPlugInFactory@@@std@@@std@@YA?AUrandom_access_iterator_tag@0@ABQAU?$pair@V?$basic_string@DU?$char_traits@D@std@@V?$allocator@D@2@@std@@PAVPlugInFactory@@@0@@Z 10005140 f i ModuleManager.obj
 0001:00004150       ??$_Rotate@PAU?$pair@V?$basic_string@DU?$char_traits@D@std@@V?$allocator@D@2@@std@@PAVPlugInFactory@@@std@@HU12@@std@@YAXPAU?$pair@V?$basic_string@DU?$char_traits@D@std@@V?$allocator@D@2@@std@@PAVPlugInFactory@@@0@00PAH0@Z 10005150 f i ModuleManager.obj
 0001:00004290       ??$swap@PAVPlugInFactory@@@std@@YAXAAPAVPlugInFactory@@0@Z 10005290 f i ModuleManager.obj
 0001:000042b0       ??D?$_Vector_iterator@V?$basic_string@DU?$char_traits@D@std@@V?$allocator@D@2@@std@@V?$allocator@V?$basic_string@DU?$char_traits@D@std@@V?$allocator@D@2@@std@@@2@@std@@QBEAAV?$basic_string@DU?$char_traits@D@std@@V?$allocator@D@2@@1@XZ 100052b0 f i ModuleManager.obj
 0001:000042e0       ??E?$_Vector_iterator@V?$basic_string@DU?$char_traits@D@std@@V?$allocator@D@2@@std@@V?$allocator@V?$basic_string@DU?$char_traits@D@std@@V?$allocator@D@2@@std@@@2@@std@@QAEAAV01@XZ 100052e0 f i ModuleManager.obj
 0001:00004310       ??9?$_Vector_const_iterator@V?$basic_string@DU?$char_traits@D@std@@V?$allocator@D@2@@std@@V?$allocator@V?$basic_string@DU?$char_traits@D@std@@V?$allocator@D@2@@std@@@2@@std@@QBE_NABV01@@Z 10005310 f i ModuleManager.obj
 0001:00004340       ??0?$_Vector_val@U?$pair@V?$basic_string@DU?$char_traits@D@std@@V?$allocator@D@2@@std@@PAVPlugInFactory@@@std@@V?$allocator@U?$pair@V?$basic_string@DU?$char_traits@D@std@@V?$allocator@D@2@@std@@PAVPlugInFactory@@@std@@@2@@std@@IAE@V?$allocator@U?$pair@V?$basic_string@DU?$char_traits@D@std@@V?$allocator@D@2@@std@@PAVPlugInFactory@@@std@@@1@@Z 10005340 f i ModuleManager.obj
 0001:00004350       ?max_size@?$vector@U?$pair@V?$basic_string@DU?$char_traits@D@std@@V?$allocator@D@2@@std@@PAVPlugInFactory@@@std@@V?$allocator@U?$pair@V?$basic_string@DU?$char_traits@D@std@@V?$allocator@D@2@@std@@PAVPlugInFactory@@@std@@@2@@std@@QBEIXZ 10005350 f i ModuleManager.obj
 0001:00004360       ?allocate@?$allocator@U?$pair@V?$basic_string@DU?$char_traits@D@std@@V?$allocator@D@2@@std@@PAVPlugInFactory@@@std@@@std@@QAEPAU?$pair@V?$basic_string@DU?$char_traits@D@std@@V?$allocator@D@2@@std@@PAVPlugInFactory@@@2@I@Z 10005360 f i ModuleManager.obj
 0001:00004380       ??G?$_Vector_iterator@U?$pair@V?$basic_string@DU?$char_traits@D@std@@V?$allocator@D@2@@std@@PAVPlugInFactory@@@std@@V?$allocator@U?$pair@V?$basic_string@DU?$char_traits@D@std@@V?$allocator@D@2@@std@@PAVPlugInFactory@@@std@@@2@@std@@QBEHABV?$_Vector_const_iterator@U?$pair@V?$basic_string@DU?$char_traits@D@std@@V?$allocator@D@2@@std@@PAVPlugInFactory@@@std@@V?$allocator@U?$pair@V?$basic_string@DU?$char_traits@D@std@@V?$allocator@D@2@@std@@PAVPlugInFactory@@@std@@@2@@1@@Z 10005380 f i ModuleManager.obj
 0001:000043b0       ??0?$_Vector_const_iterator@U?$pair@V?$basic_string@DU?$char_traits@D@std@@V?$allocator@D@2@@std@@PAVPlugInFactory@@@std@@V?$allocator@U?$pair@V?$basic_string@DU?$char_traits@D@std@@V?$allocator@D@2@@std@@PAVPlugInFactory@@@std@@@2@@std@@QAE@PAU?$pair@V?$basic_string@DU?$char_traits@D@std@@V?$allocator@D@2@@std@@PAVPlugInFactory@@@1@PBU_Container_base@1@@Z 100053b0 f i ModuleManager.obj
 0001:000043f0       ??Y?$_Vector_iterator@U?$pair@V?$basic_string@DU?$char_traits@D@std@@V?$allocator@D@2@@std@@PAVPlugInFactory@@@std@@V?$allocator@U?$pair@V?$basic_string@DU?$char_traits@D@std@@V?$allocator@D@2@@std@@PAVPlugInFactory@@@std@@@2@@std@@QAEAAV01@H@Z 100053f0 f i ModuleManager.obj
 0001:00004430       ??$make_pair@V?$basic_string@DU?$char_traits@D@std@@V?$allocator@D@2@@std@@PAVPlugInFactory@@@std@@YA?AU?$pair@V?$basic_string@DU?$char_traits@D@std@@V?$allocator@D@2@@std@@PAVPlugInFactory@@@0@V?$basic_string@DU?$char_traits@D@std@@V?$allocator@D@2@@0@PAVPlugInFactory@@@Z 10005430 f i ModuleManager.obj
 0001:000044a0       ??$_Checked_base@PAU?$pair@V?$basic_string@DU?$char_traits@D@std@@V?$allocator@D@2@@std@@PAVPlugInFactory@@@std@@@std@@YAPAU?$pair@V?$basic_string@DU?$char_traits@D@std@@V?$allocator@D@2@@std@@PAVPlugInFactory@@@0@AAPAU10@@Z 100054a0 f i ModuleManager.obj
 0001:000044b0       ??$_Fill@PAU?$pair@V?$basic_string@DU?$char_traits@D@std@@V?$allocator@D@2@@std@@PAVPlugInFactory@@@std@@U12@@std@@YAXPAU?$pair@V?$basic_string@DU?$char_traits@D@std@@V?$allocator@D@2@@std@@PAVPlugInFactory@@@0@0ABU10@@Z 100054b0 f i ModuleManager.obj
 0001:000044e0       ?construct@?$allocator@U?$pair@V?$basic_string@DU?$char_traits@D@std@@V?$allocator@D@2@@std@@PAVPlugInFactory@@@std@@@std@@QAEXPAU?$pair@V?$basic_string@DU?$char_traits@D@std@@V?$allocator@D@2@@std@@PAVPlugInFactory@@@2@ABU32@@Z 100054e0 f i ModuleManager.obj
 0001:00004500       ??$_Checked_base@V?$_String_iterator@DU?$char_traits@D@std@@V?$allocator@D@2@@std@@U_Different_checked_iterator_base_type_tag@2@@std@@YAPADAAV?$_String_iterator@DU?$char_traits@D@std@@V?$allocator@D@2@@0@U_Different_checked_iterator_base_type_tag@0@@Z 10005500 f i ModuleManager.obj
 0001:00004510       ??$_Checked_base@V?$_Vector_iterator@U?$pair@V?$basic_string@DU?$char_traits@D@std@@V?$allocator@D@2@@std@@PAVPlugInFactory@@@std@@V?$allocator@U?$pair@V?$basic_string@DU?$char_traits@D@std@@V?$allocator@D@2@@std@@PAVPlugInFactory@@@std@@@2@@std@@U_Different_checked_iterator_base_type_tag@2@@std@@YAPAU?$pair@V?$basic_string@DU?$char_traits@D@std@@V?$allocator@D@2@@std@@PAVPlugInFactory@@@0@AAV?$_Vector_iterator@U?$pair@V?$basic_string@DU?$char_traits@D@std@@V?$allocator@D@2@@std@@PAVPlugInFactory@@@std@@V?$allocator@U?$pair@V?$basic_string@DU?$char_traits@D@std@@V?$allocator@D@2@@std@@PAVPlugInFactory@@@std@@@2@@0@U_Different_checked_iterator_base_type_tag@0@@Z 10005510 f i ModuleManager.obj
 0001:00004520       ??$_Copy_backward_opt@PAU?$pair@V?$basic_string@DU?$char_traits@D@std@@V?$allocator@D@2@@std@@PAVPlugInFactory@@@std@@PAU12@@std@@YAPAU?$pair@V?$basic_string@DU?$char_traits@D@std@@V?$allocator@D@2@@std@@PAVPlugInFactory@@@0@PAU10@00Urandom_access_iterator_tag@0@U_Nonscalar_ptr_iterator_tag@0@U_Range_checked_iterator_tag@0@@Z 10005520 f i ModuleManager.obj
 0001:00004570       ??$_Destroy@U?$pair@V?$basic_string@DU?$char_traits@D@std@@V?$allocator@D@2@@std@@PAVPlugInFactory@@@std@@@std@@YAXPAU?$pair@V?$basic_string@DU?$char_traits@D@std@@V?$allocator@D@2@@std@@PAVPlugInFactory@@@0@@Z 10005570 f i ModuleManager.obj
 0001:00004580       ??$_Rotate@PAU?$pair@V?$basic_string@DU?$char_traits@D@std@@V?$allocator@D@2@@std@@PAVPlugInFactory@@@std@@@std@@YAXPAU?$pair@V?$basic_string@DU?$char_traits@D@std@@V?$allocator@D@2@@std@@PAVPlugInFactory@@@0@00Urandom_access_iterator_tag@0@@Z 10005580 f i ModuleManager.obj
 0001:000045a0       ?swap@?$pair@V?$basic_string@DU?$char_traits@D@std@@V?$allocator@D@2@@std@@PAVPlugInFactory@@@std@@QAEXAAU12@@Z 100055a0 f i ModuleManager.obj
 0001:000045c0       ?_Buy@?$vector@U?$pair@V?$basic_string@DU?$char_traits@D@std@@V?$allocator@D@2@@std@@PAVPlugInFactory@@@std@@V?$allocator@U?$pair@V?$basic_string@DU?$char_traits@D@std@@V?$allocator@D@2@@std@@PAVPlugInFactory@@@std@@@2@@std@@IAE_NI@Z 100055c0 f i ModuleManager.obj
 0001:00004610       ??0?$_Vector_iterator@U?$pair@V?$basic_string@DU?$char_traits@D@std@@V?$allocator@D@2@@std@@PAVPlugInFactory@@@std@@V?$allocator@U?$pair@V?$basic_string@DU?$char_traits@D@std@@V?$allocator@D@2@@std@@PAVPlugInFactory@@@std@@@2@@std@@QAE@PAU?$pair@V?$basic_string@DU?$char_traits@D@std@@V?$allocator@D@2@@std@@PAVPlugInFactory@@@1@PBU_Container_base@1@@Z 10005610 f i ModuleManager.obj
 0001:00004650       ??H?$_Vector_iterator@U?$pair@V?$basic_string@DU?$char_traits@D@std@@V?$allocator@D@2@@std@@PAVPlugInFactory@@@std@@V?$allocator@U?$pair@V?$basic_string@DU?$char_traits@D@std@@V?$allocator@D@2@@std@@PAVPlugInFactory@@@std@@@2@@std@@QBE?AV01@H@Z 10005650 f i ModuleManager.obj
 0001:00004690       ??$fill@PAU?$pair@V?$basic_string@DU?$char_traits@D@std@@V?$allocator@D@2@@std@@PAVPlugInFactory@@@std@@U12@@std@@YAXPAU?$pair@V?$basic_string@DU?$char_traits@D@std@@V?$allocator@D@2@@std@@PAVPlugInFactory@@@0@0ABU10@@Z 10005690 f i ModuleManager.obj
 0001:000046c0       ??$_Checked_base@V?$_String_iterator@DU?$char_traits@D@std@@V?$allocator@D@2@@std@@@std@@YAPADAAV?$_String_iterator@DU?$char_traits@D@std@@V?$allocator@D@2@@0@@Z 100056c0 f i ModuleManager.obj
 0001:000046d0       ??$_Checked_base@V?$_Vector_iterator@U?$pair@V?$basic_string@DU?$char_traits@D@std@@V?$allocator@D@2@@std@@PAVPlugInFactory@@@std@@V?$allocator@U?$pair@V?$basic_string@DU?$char_traits@D@std@@V?$allocator@D@2@@std@@PAVPlugInFactory@@@std@@@2@@std@@@std@@YAPAU?$pair@V?$basic_string@DU?$char_traits@D@std@@V?$allocator@D@2@@std@@PAVPlugInFactory@@@0@AAV?$_Vector_iterator@U?$pair@V?$basic_string@DU?$char_traits@D@std@@V?$allocator@D@2@@std@@PAVPlugInFactory@@@std@@V?$allocator@U?$pair@V?$basic_string@DU?$char_traits@D@std@@V?$allocator@D@2@@std@@PAVPlugInFactory@@@std@@@2@@0@@Z 100056d0 f i ModuleManager.obj
 0001:000046e0       ??$_Move_backward_opt@PAU?$pair@V?$basic_string@DU?$char_traits@D@std@@V?$allocator@D@2@@std@@PAVPlugInFactory@@@std@@PAU12@Urandom_access_iterator_tag@2@U_Undefined_move_tag@2@@std@@YAPAU?$pair@V?$basic_string@DU?$char_traits@D@std@@V?$allocator@D@2@@std@@PAVPlugInFactory@@@0@PAU10@00Urandom_access_iterator_tag@0@U_Undefined_move_tag@0@U_Range_checked_iterator_tag@0@@Z 100056e0 f i ModuleManager.obj
 0001:00004730       ?destroy@?$allocator@U?$pair@V?$basic_string@DU?$char_traits@D@std@@V?$allocator@D@2@@std@@PAVPlugInFactory@@@std@@@std@@QAEXPAU?$pair@V?$basic_string@DU?$char_traits@D@std@@V?$allocator@D@2@@std@@PAVPlugInFactory@@@2@@Z 10005730 f i ModuleManager.obj
 0001:00004740       ??$rotate@PAU?$pair@V?$basic_string@DU?$char_traits@D@std@@V?$allocator@D@2@@std@@PAVPlugInFactory@@@std@@@std@@YAXPAU?$pair@V?$basic_string@DU?$char_traits@D@std@@V?$allocator@D@2@@std@@PAVPlugInFactory@@@0@00@Z 10005740 f i ModuleManager.obj
 0001:00004770       ??$swap@V?$basic_string@DU?$char_traits@D@std@@V?$allocator@D@2@@std@@PAVPlugInFactory@@@std@@YAXAAU?$pair@V?$basic_string@DU?$char_traits@D@std@@V?$allocator@D@2@@std@@PAVPlugInFactory@@@0@0@Z 10005770 f i ModuleManager.obj
 0001:000047a0       ??$_Uninit_copy@PAU?$pair@V?$basic_string@DU?$char_traits@D@std@@V?$allocator@D@2@@std@@PAVPlugInFactory@@@std@@PAU12@V?$allocator@U?$pair@V?$basic_string@DU?$char_traits@D@std@@V?$allocator@D@2@@std@@PAVPlugInFactory@@@std@@@2@@std@@YAPAU?$pair@V?$basic_string@DU?$char_traits@D@std@@V?$allocator@D@2@@std@@PAVPlugInFactory@@@0@PAU10@00AAV?$allocator@U?$pair@V?$basic_string@DU?$char_traits@D@std@@V?$allocator@D@2@@std@@PAVPlugInFactory@@@std@@@0@U_Nonscalar_ptr_iterator_tag@0@U_Range_checked_iterator_tag@0@@Z 100057a0 f i ModuleManager.obj
 0001:00004840       ??0?$vector@U?$pair@V?$basic_string@DU?$char_traits@D@std@@V?$allocator@D@2@@std@@PAVPlugInFactory@@@std@@V?$allocator@U?$pair@V?$basic_string@DU?$char_traits@D@std@@V?$allocator@D@2@@std@@PAVPlugInFactory@@@std@@@2@@std@@QAE@XZ 10005840 f i ModuleManager.obj
 0001:00004850       ?begin@?$vector@U?$pair@V?$basic_string@DU?$char_traits@D@std@@V?$allocator@D@2@@std@@PAVPlugInFactory@@@std@@V?$allocator@U?$pair@V?$basic_string@DU?$char_traits@D@std@@V?$allocator@D@2@@std@@PAVPlugInFactory@@@std@@@2@@std@@QAE?AV?$_Vector_iterator@U?$pair@V?$basic_string@DU?$char_traits@D@std@@V?$allocator@D@2@@std@@PAVPlugInFactory@@@std@@V?$allocator@U?$pair@V?$basic_string@DU?$char_traits@D@std@@V?$allocator@D@2@@std@@PAVPlugInFactory@@@std@@@2@@2@XZ 10005850 f i ModuleManager.obj
 0001:00004880       ?end@?$vector@U?$pair@V?$basic_string@DU?$char_traits@D@std@@V?$allocator@D@2@@std@@PAVPlugInFactory@@@std@@V?$allocator@U?$pair@V?$basic_string@DU?$char_traits@D@std@@V?$allocator@D@2@@std@@PAVPlugInFactory@@@std@@@2@@std@@QAE?AV?$_Vector_iterator@U?$pair@V?$basic_string@DU?$char_traits@D@std@@V?$allocator@D@2@@std@@PAVPlugInFactory@@@std@@V?$allocator@U?$pair@V?$basic_string@DU?$char_traits@D@std@@V?$allocator@D@2@@std@@PAVPlugInFactory@@@std@@@2@@2@XZ 10005880 f i ModuleManager.obj
 0001:000048b0       ??$count@V?$_String_iterator@DU?$char_traits@D@std@@V?$allocator@D@2@@std@@D@std@@YAHV?$_String_iterator@DU?$char_traits@D@std@@V?$allocator@D@2@@0@0ABD@Z 100058b0 f i ModuleManager.obj
 0001:000048e0       ??$_Unchecked_move_backward@PAU?$pair@V?$basic_string@DU?$char_traits@D@std@@V?$allocator@D@2@@std@@PAVPlugInFactory@@@std@@PAU12@@stdext@@YAPAU?$pair@V?$basic_string@DU?$char_traits@D@std@@V?$allocator@D@2@@std@@PAVPlugInFactory@@@std@@PAU12@00@Z 100058e0 f i ModuleManager.obj
 0001:00004930       ??$_Uninit_fill_n@PAU?$pair@V?$basic_string@DU?$char_traits@D@std@@V?$allocator@D@2@@std@@PAVPlugInFactory@@@std@@IU12@V?$allocator@U?$pair@V?$basic_string@DU?$char_traits@D@std@@V?$allocator@D@2@@std@@PAVPlugInFactory@@@std@@@2@@std@@YAXPAU?$pair@V?$basic_string@DU?$char_traits@D@std@@V?$allocator@D@2@@std@@PAVPlugInFactory@@@0@IABU10@AAV?$allocator@U?$pair@V?$basic_string@DU?$char_traits@D@std@@V?$allocator@D@2@@std@@PAVPlugInFactory@@@std@@@0@U_Nonscalar_ptr_iterator_tag@0@U_Range_checked_iterator_tag@0@@Z 10005930 f i ModuleManager.obj
 0001:000049d0       ??$_Destroy_range@U?$pair@V?$basic_string@DU?$char_traits@D@std@@V?$allocator@D@2@@std@@PAVPlugInFactory@@@std@@V?$allocator@U?$pair@V?$basic_string@DU?$char_traits@D@std@@V?$allocator@D@2@@std@@PAVPlugInFactory@@@std@@@2@@std@@YAXPAU?$pair@V?$basic_string@DU?$char_traits@D@std@@V?$allocator@D@2@@std@@PAVPlugInFactory@@@0@0AAV?$allocator@U?$pair@V?$basic_string@DU?$char_traits@D@std@@V?$allocator@D@2@@std@@PAVPlugInFactory@@@std@@@0@U_Nonscalar_ptr_iterator_tag@0@@Z 100059d0 f i ModuleManager.obj
 0001:00004a00       ??$iter_swap@PAU?$pair@V?$basic_string@DU?$char_traits@D@std@@V?$allocator@D@2@@std@@PAVPlugInFactory@@@std@@PAU12@@std@@YAXPAU?$pair@V?$basic_string@DU?$char_traits@D@std@@V?$allocator@D@2@@std@@PAVPlugInFactory@@@0@0@Z 10005a00 f i ModuleManager.obj
 0001:00004a30       ??$unchecked_uninitialized_copy@PAU?$pair@V?$basic_string@DU?$char_traits@D@std@@V?$allocator@D@2@@std@@PAVPlugInFactory@@@std@@PAU12@V?$allocator@U?$pair@V?$basic_string@DU?$char_traits@D@std@@V?$allocator@D@2@@std@@PAVPlugInFactory@@@std@@@2@@stdext@@YAPAU?$pair@V?$basic_string@DU?$char_traits@D@std@@V?$allocator@D@2@@std@@PAVPlugInFactory@@@std@@PAU12@00AAV?$allocator@U?$pair@V?$basic_string@DU?$char_traits@D@std@@V?$allocator@D@2@@std@@PAVPlugInFactory@@@std@@@2@@Z 10005a30 f i ModuleManager.obj
 0001:00004a60       ??RFactoryPtrComparator@@QAE_NU?$pair@V?$basic_string@DU?$char_traits@D@std@@V?$allocator@D@2@@std@@PAVPlugInFactory@@@std@@0@Z 10005a60 f i ModuleManager.obj
 0001:00004bb0       ??$unchecked_uninitialized_fill_n@PAU?$pair@V?$basic_string@DU?$char_traits@D@std@@V?$allocator@D@2@@std@@PAVPlugInFactory@@@std@@IU12@V?$allocator@U?$pair@V?$basic_string@DU?$char_traits@D@std@@V?$allocator@D@2@@std@@PAVPlugInFactory@@@std@@@2@@stdext@@YAXPAU?$pair@V?$basic_string@DU?$char_traits@D@std@@V?$allocator@D@2@@std@@PAVPlugInFactory@@@std@@IABU12@AAV?$allocator@U?$pair@V?$basic_string@DU?$char_traits@D@std@@V?$allocator@D@2@@std@@PAVPlugInFactory@@@std@@@2@@Z 10005bb0 f i ModuleManager.obj
 0001:00004be0       ??$_Destroy_range@U?$pair@V?$basic_string@DU?$char_traits@D@std@@V?$allocator@D@2@@std@@PAVPlugInFactory@@@std@@V?$allocator@U?$pair@V?$basic_string@DU?$char_traits@D@std@@V?$allocator@D@2@@std@@PAVPlugInFactory@@@std@@@2@@std@@YAXPAU?$pair@V?$basic_string@DU?$char_traits@D@std@@V?$allocator@D@2@@std@@PAVPlugInFactory@@@0@0AAV?$allocator@U?$pair@V?$basic_string@DU?$char_traits@D@std@@V?$allocator@D@2@@std@@PAVPlugInFactory@@@std@@@0@@Z 10005be0 f i ModuleManager.obj
 0001:00004c10       ??$_Insertion_sort@PAU?$pair@V?$basic_string@DU?$char_traits@D@std@@V?$allocator@D@2@@std@@PAVPlugInFactory@@@std@@UFactoryPtrComparator@@@std@@YAXPAU?$pair@V?$basic_string@DU?$char_traits@D@std@@V?$allocator@D@2@@std@@PAVPlugInFactory@@@0@0UFactoryPtrComparator@@@Z 10005c10 f i ModuleManager.obj
 0001:00004d60       ??$_Uninit_move@PAU?$pair@V?$basic_string@DU?$char_traits@D@std@@V?$allocator@D@2@@std@@PAVPlugInFactory@@@std@@PAU12@V?$allocator@U?$pair@V?$basic_string@DU?$char_traits@D@std@@V?$allocator@D@2@@std@@PAVPlugInFactory@@@std@@@2@U_Undefined_move_tag@2@@std@@YAPAU?$pair@V?$basic_string@DU?$char_traits@D@std@@V?$allocator@D@2@@std@@PAVPlugInFactory@@@0@PAU10@00AAV?$allocator@U?$pair@V?$basic_string@DU?$char_traits@D@std@@V?$allocator@D@2@@std@@PAVPlugInFactory@@@std@@@0@U_Undefined_move_tag@0@U_Range_checked_iterator_tag@0@@Z 10005d60 f i ModuleManager.obj
 0001:00004d80       ??$_Med3@PAU?$pair@V?$basic_string@DU?$char_traits@D@std@@V?$allocator@D@2@@std@@PAVPlugInFactory@@@std@@UFactoryPtrComparator@@@std@@YAXPAU?$pair@V?$basic_string@DU?$char_traits@D@std@@V?$allocator@D@2@@std@@PAVPlugInFactory@@@0@00UFactoryPtrComparator@@@Z 10005d80 f i ModuleManager.obj
 0001:00004ee0       ??$_Push_heap@PAU?$pair@V?$basic_string@DU?$char_traits@D@std@@V?$allocator@D@2@@std@@PAVPlugInFactory@@@std@@HU12@UFactoryPtrComparator@@@std@@YAXPAU?$pair@V?$basic_string@DU?$char_traits@D@std@@V?$allocator@D@2@@std@@PAVPlugInFactory@@@0@HHU10@UFactoryPtrComparator@@@Z 10005ee0 f i ModuleManager.obj
 0001:00004ff0       ?_Ufill@?$vector@U?$pair@V?$basic_string@DU?$char_traits@D@std@@V?$allocator@D@2@@std@@PAVPlugInFactory@@@std@@V?$allocator@U?$pair@V?$basic_string@DU?$char_traits@D@std@@V?$allocator@D@2@@std@@PAVPlugInFactory@@@std@@@2@@std@@IAEPAU?$pair@V?$basic_string@DU?$char_traits@D@std@@V?$allocator@D@2@@std@@PAVPlugInFactory@@@2@PAU32@IABU32@@Z 10005ff0 f i ModuleManager.obj
 0001:00005030       ?_Destroy@?$vector@U?$pair@V?$basic_string@DU?$char_traits@D@std@@V?$allocator@D@2@@std@@PAVPlugInFactory@@@std@@V?$allocator@U?$pair@V?$basic_string@DU?$char_traits@D@std@@V?$allocator@D@2@@std@@PAVPlugInFactory@@@std@@@2@@std@@IAEXPAU?$pair@V?$basic_string@DU?$char_traits@D@std@@V?$allocator@D@2@@std@@PAVPlugInFactory@@@2@0@Z 10006030 f i ModuleManager.obj
 0001:00005060       ??$_Unchecked_uninitialized_move@PAU?$pair@V?$basic_string@DU?$char_traits@D@std@@V?$allocator@D@2@@std@@PAVPlugInFactory@@@std@@PAU12@V?$allocator@U?$pair@V?$basic_string@DU?$char_traits@D@std@@V?$allocator@D@2@@std@@PAVPlugInFactory@@@std@@@2@@stdext@@YAPAU?$pair@V?$basic_string@DU?$char_traits@D@std@@V?$allocator@D@2@@std@@PAVPlugInFactory@@@std@@PAU12@00AAV?$allocator@U?$pair@V?$basic_string@DU?$char_traits@D@std@@V?$allocator@D@2@@std@@PAVPlugInFactory@@@std@@@2@@Z 10006060 f i ModuleManager.obj
 0001:00005090       ??$_Median@PAU?$pair@V?$basic_string@DU?$char_traits@D@std@@V?$allocator@D@2@@std@@PAVPlugInFactory@@@std@@UFactoryPtrComparator@@@std@@YAXPAU?$pair@V?$basic_string@DU?$char_traits@D@std@@V?$allocator@D@2@@std@@PAVPlugInFactory@@@0@00UFactoryPtrComparator@@@Z 10006090 f i ModuleManager.obj
 0001:00005140       ??$_Adjust_heap@PAU?$pair@V?$basic_string@DU?$char_traits@D@std@@V?$allocator@D@2@@std@@PAVPlugInFactory@@@std@@HU12@UFactoryPtrComparator@@@std@@YAXPAU?$pair@V?$basic_string@DU?$char_traits@D@std@@V?$allocator@D@2@@std@@PAVPlugInFactory@@@0@HHU10@UFactoryPtrComparator@@@Z 10006140 f i ModuleManager.obj
 0001:000052b0       ??$_Pop_heap@PAU?$pair@V?$basic_string@DU?$char_traits@D@std@@V?$allocator@D@2@@std@@PAVPlugInFactory@@@std@@HU12@UFactoryPtrComparator@@@std@@YAXPAU?$pair@V?$basic_string@DU?$char_traits@D@std@@V?$allocator@D@2@@std@@PAVPlugInFactory@@@0@00U10@UFactoryPtrComparator@@PAH@Z 100062b0 f i ModuleManager.obj
 0001:00005340       ?_Tidy@?$vector@U?$pair@V?$basic_string@DU?$char_traits@D@std@@V?$allocator@D@2@@std@@PAVPlugInFactory@@@std@@V?$allocator@U?$pair@V?$basic_string@DU?$char_traits@D@std@@V?$allocator@D@2@@std@@PAVPlugInFactory@@@std@@@2@@std@@IAEXXZ 10006340 f i ModuleManager.obj
 0001:00005390       ??$_Umove@PAU?$pair@V?$basic_string@DU?$char_traits@D@std@@V?$allocator@D@2@@std@@PAVPlugInFactory@@@std@@@?$vector@U?$pair@V?$basic_string@DU?$char_traits@D@std@@V?$allocator@D@2@@std@@PAVPlugInFactory@@@std@@V?$allocator@U?$pair@V?$basic_string@DU?$char_traits@D@std@@V?$allocator@D@2@@std@@PAVPlugInFactory@@@std@@@2@@std@@IAEPAU?$pair@V?$basic_string@DU?$char_traits@D@std@@V?$allocator@D@2@@std@@PAVPlugInFactory@@@1@PAU21@00@Z 10006390 f i ModuleManager.obj
 0001:000053c0       ??$_Unguarded_partition@PAU?$pair@V?$basic_string@DU?$char_traits@D@std@@V?$allocator@D@2@@std@@PAVPlugInFactory@@@std@@UFactoryPtrComparator@@@std@@YA?AU?$pair@PAU?$pair@V?$basic_string@DU?$char_traits@D@std@@V?$allocator@D@2@@std@@PAVPlugInFactory@@@std@@PAU12@@0@PAU?$pair@V?$basic_string@DU?$char_traits@D@std@@V?$allocator@D@2@@std@@PAVPlugInFactory@@@0@0UFactoryPtrComparator@@@Z 100063c0 f i ModuleManager.obj
 0001:00005830       ??$_Make_heap@PAU?$pair@V?$basic_string@DU?$char_traits@D@std@@V?$allocator@D@2@@std@@PAVPlugInFactory@@@std@@HU12@UFactoryPtrComparator@@@std@@YAXPAU?$pair@V?$basic_string@DU?$char_traits@D@std@@V?$allocator@D@2@@std@@PAVPlugInFactory@@@0@0UFactoryPtrComparator@@PAH0@Z 10006830 f i ModuleManager.obj
 0001:00005890       ??$_Pop_heap_0@PAU?$pair@V?$basic_string@DU?$char_traits@D@std@@V?$allocator@D@2@@std@@PAVPlugInFactory@@@std@@U12@UFactoryPtrComparator@@@std@@YAXPAU?$pair@V?$basic_string@DU?$char_traits@D@std@@V?$allocator@D@2@@std@@PAVPlugInFactory@@@0@0UFactoryPtrComparator@@0@Z 10006890 f i ModuleManager.obj
 0001:000058d0       ??1?$vector@U?$pair@V?$basic_string@DU?$char_traits@D@std@@V?$allocator@D@2@@std@@PAVPlugInFactory@@@std@@V?$allocator@U?$pair@V?$basic_string@DU?$char_traits@D@std@@V?$allocator@D@2@@std@@PAVPlugInFactory@@@std@@@2@@std@@QAE@XZ 100068d0 f i ModuleManager.obj
 0001:000058e0       ?_Insert_n@?$vector@U?$pair@V?$basic_string@DU?$char_traits@D@std@@V?$allocator@D@2@@std@@PAVPlugInFactory@@@std@@V?$allocator@U?$pair@V?$basic_string@DU?$char_traits@D@std@@V?$allocator@D@2@@std@@PAVPlugInFactory@@@std@@@2@@std@@IAEXV?$_Vector_iterator@U?$pair@V?$basic_string@DU?$char_traits@D@std@@V?$allocator@D@2@@std@@PAVPlugInFactory@@@std@@V?$allocator@U?$pair@V?$basic_string@DU?$char_traits@D@std@@V?$allocator@D@2@@std@@PAVPlugInFactory@@@std@@@2@@2@IABU?$pair@V?$basic_string@DU?$char_traits@D@std@@V?$allocator@D@2@@std@@PAVPlugInFactory@@@2@@Z 100068e0 f i ModuleManager.obj
 0001:00005b70       ??$make_heap@PAU?$pair@V?$basic_string@DU?$char_traits@D@std@@V?$allocator@D@2@@std@@PAVPlugInFactory@@@std@@UFactoryPtrComparator@@@std@@YAXPAU?$pair@V?$basic_string@DU?$char_traits@D@std@@V?$allocator@D@2@@std@@PAVPlugInFactory@@@0@0UFactoryPtrComparator@@@Z 10006b70 f i ModuleManager.obj
 0001:00005ba0       ??$pop_heap@PAU?$pair@V?$basic_string@DU?$char_traits@D@std@@V?$allocator@D@2@@std@@PAVPlugInFactory@@@std@@UFactoryPtrComparator@@@std@@YAXPAU?$pair@V?$basic_string@DU?$char_traits@D@std@@V?$allocator@D@2@@std@@PAVPlugInFactory@@@0@0UFactoryPtrComparator@@@Z 10006ba0 f i ModuleManager.obj
 0001:00005bf0       ?insert@?$vector@U?$pair@V?$basic_string@DU?$char_traits@D@std@@V?$allocator@D@2@@std@@PAVPlugInFactory@@@std@@V?$allocator@U?$pair@V?$basic_string@DU?$char_traits@D@std@@V?$allocator@D@2@@std@@PAVPlugInFactory@@@std@@@2@@std@@QAE?AV?$_Vector_iterator@U?$pair@V?$basic_string@DU?$char_traits@D@std@@V?$allocator@D@2@@std@@PAVPlugInFactory@@@std@@V?$allocator@U?$pair@V?$basic_string@DU?$char_traits@D@std@@V?$allocator@D@2@@std@@PAVPlugInFactory@@@std@@@2@@2@V32@ABU?$pair@V?$basic_string@DU?$char_traits@D@std@@V?$allocator@D@2@@std@@PAVPlugInFactory@@@2@@Z 10006bf0 f i ModuleManager.obj
 0001:00005c80       ??$_Sort_heap@PAU?$pair@V?$basic_string@DU?$char_traits@D@std@@V?$allocator@D@2@@std@@PAVPlugInFactory@@@std@@UFactoryPtrComparator@@@std@@YAXPAU?$pair@V?$basic_string@DU?$char_traits@D@std@@V?$allocator@D@2@@std@@PAVPlugInFactory@@@0@0UFactoryPtrComparator@@@Z 10006c80 f i ModuleManager.obj
 0001:00005cf0       ?factories@SpectralDataMerge@@YAAAV?$vector@U?$pair@V?$basic_string@DU?$char_traits@D@std@@V?$allocator@D@2@@std@@PAVPlugInFactory@@@std@@V?$allocator@U?$pair@V?$basic_string@DU?$char_traits@D@std@@V?$allocator@D@2@@std@@PAVPlugInFactory@@@std@@@2@@std@@XZ 10006cf0 f   ModuleManager.obj
 0001:00005d50       ?push_back@?$vector@U?$pair@V?$basic_string@DU?$char_traits@D@std@@V?$allocator@D@2@@std@@PAVPlugInFactory@@@std@@V?$allocator@U?$pair@V?$basic_string@DU?$char_traits@D@std@@V?$allocator@D@2@@std@@PAVPlugInFactory@@@std@@@2@@std@@QAEXABU?$pair@V?$basic_string@DU?$char_traits@D@std@@V?$allocator@D@2@@std@@PAVPlugInFactory@@@2@@Z 10006d50 f i ModuleManager.obj
 0001:00005de0       ??$sort_heap@PAU?$pair@V?$basic_string@DU?$char_traits@D@std@@V?$allocator@D@2@@std@@PAVPlugInFactory@@@std@@UFactoryPtrComparator@@@std@@YAXPAU?$pair@V?$basic_string@DU?$char_traits@D@std@@V?$allocator@D@2@@std@@PAVPlugInFactory@@@0@0UFactoryPtrComparator@@@Z 10006de0 f i ModuleManager.obj
 0001:00005df0       ?addFactory@SpectralDataMerge@@YAXPAVPlugInFactory@@@Z 10006df0 f   ModuleManager.obj
 0001:00005f50       ??$_Sort@PAU?$pair@V?$basic_string@DU?$char_traits@D@std@@V?$allocator@D@2@@std@@PAVPlugInFactory@@@std@@HUFactoryPtrComparator@@@std@@YAXPAU?$pair@V?$basic_string@DU?$char_traits@D@std@@V?$allocator@D@2@@std@@PAVPlugInFactory@@@0@0HUFactoryPtrComparator@@@Z 10006f50 f i ModuleManager.obj
 0001:00006040       ??$sort@V?$_Vector_iterator@U?$pair@V?$basic_string@DU?$char_traits@D@std@@V?$allocator@D@2@@std@@PAVPlugInFactory@@@std@@V?$allocator@U?$pair@V?$basic_string@DU?$char_traits@D@std@@V?$allocator@D@2@@std@@PAVPlugInFactory@@@std@@@2@@std@@UFactoryPtrComparator@@@std@@YAXV?$_Vector_iterator@U?$pair@V?$basic_string@DU?$char_traits@D@std@@V?$allocator@D@2@@std@@PAVPlugInFactory@@@std@@V?$allocator@U?$pair@V?$basic_string@DU?$char_traits@D@std@@V?$allocator@D@2@@std@@PAVPlugInFactory@@@std@@@2@@0@0UFactoryPtrComparator@@@Z 10007040 f i ModuleManager.obj
 0001:00006080       ?getPlugIn@SpectralDataMerge@@YAPAVPlugIn@@I@Z 10007080 f   ModuleManager.obj
 0001:00006140       _SpectralDataMergeInstantiatePlugIn 10007140 f   ModuleManager.obj
 0001:00006170       ?metaObject@DataMerge@@UBEPBUQMetaObject@@XZ 10007170 f   moc_DataMerge.obj
 0001:00006180       ?qt_metacast@DataMerge@@UAEPAXPBD@Z 10007180 f   moc_DataMerge.obj
 0001:00006200       ?qt_metacall@DataMerge@@UAEHW4Call@QMetaObject@@HPAPAX@Z 10007200 f   moc_DataMerge.obj
 0001:0000623c       ??1QObject@@UAE@XZ         1000723c f   QtCore4:QtCore4.dll
 0001:00006242       ??0QObject@@QAE@PAV0@@Z    10007242 f   QtCore4:QtCore4.dll
 0001:00006248       ?event@QObject@@UAE_NPAVQEvent@@@Z 10007248 f   QtCore4:QtCore4.dll
 0001:0000624e       ?eventFilter@QObject@@UAE_NPAV1@PAVQEvent@@@Z 1000724e f   QtCore4:QtCore4.dll
 0001:00006254       ?timerEvent@QObject@@MAEXPAVQTimerEvent@@@Z 10007254 f   QtCore4:QtCore4.dll
 0001:0000625a       ?childEvent@QObject@@MAEXPAVQChildEvent@@@Z 1000725a f   QtCore4:QtCore4.dll
 0001:00006260       ?customEvent@QObject@@MAEXPAVQEvent@@@Z 10007260 f   QtCore4:QtCore4.dll
 0001:00006266       ?connectNotify@QObject@@MAEXPBD@Z 10007266 f   QtCore4:QtCore4.dll
 0001:0000626c       ?disconnectNotify@QObject@@MAEXPBD@Z 1000726c f   QtCore4:QtCore4.dll
 0001:00006272       ??1QString@@QAE@XZ         10007272 f   QtCore4:QtCore4.dll
 0001:00006278       ?free@QString@@CAXPAUData@1@@Z 10007278 f   QtCore4:QtCore4.dll
 0001:0000627e       ?fromAscii_helper@QString@@CAPAUData@1@PBDH@Z 1000727e f   QtCore4:QtCore4.dll
 0001:00006284       ?qt_metacast@QObject@@UAEPAXPBD@Z 10007284 f   QtCore4:QtCore4.dll
 0001:0000628a       ?qt_metacall@QObject@@UAEHW4Call@QMetaObject@@HPAPAX@Z 1000728a f   QtCore4:QtCore4.dll
 0001:00006290       ?critical@QMessageBox@@SAHPAVQWidget@@ABVQString@@1111HH@Z 10007290 f   QtGui4:QtGui4.dll
 0001:000062a0       ?isValid@Slot@@QBE_NXZ     100072a0 f i PlugInLib:ViewerShell.obj
 0001:000062b0       ??1Slot@@QAE@XZ            100072b0 f i PlugInLib:ViewerShell.obj
 0001:000062d0       ??0SlotWrapper@Slot@@QAE@XZ 100072d0 f i PlugInLib:ViewerShell.obj
 0001:000062e0       ??1PlugInCallback@@UAE@XZ  100072e0 f i PlugInLib:ViewerShell.obj
 0001:000062f0       ??_EPlugInCallback@@UAEPAXI@Z 100072f0 f i PlugInLib:ViewerShell.obj
 0001:000062f0       ??_GPlugInCallback@@UAEPAXI@Z 100072f0 f i PlugInLib:ViewerShell.obj
 0001:00006310       ?ViewerType@PlugInManagerServices@@SA?AV?$basic_string@DU?$char_traits@D@std@@V?$allocator@D@2@@std@@XZ 10007310 f i PlugInLib:ViewerShell.obj
 0001:00006330       ?getInputSpecification@ViewerShell@@UAE_NAAPAVPlugInArgList@@@Z 10007330 f   PlugInLib:ViewerShell.obj
 0001:00006340       ?getOutputSpecification@ViewerShell@@UAE_NAAPAVPlugInArgList@@@Z 10007340 f   PlugInLib:ViewerShell.obj
 0001:00006350       ??0PlugInCallback@@QAE@XZ  10007350 f i PlugInLib:ViewerShell.obj
 0001:00006360       ?cleanupWidget@ViewerShell@@QAEXAAVSubject@@ABV?$basic_string@DU?$char_traits@D@std@@V?$allocator@D@2@@std@@ABVany@boost@@@Z 10007360 f   PlugInLib:ViewerShell.obj
 0001:00006390       ??C?$Service@VDesktopServices@@@@QBEPAVDesktopServices@@XZ 10007390 f i PlugInLib:ViewerShell.obj
 0001:000063a0       ??0?$EnumWrapper@W4PlugInCallbackTypeEnum@@@@QAE@ABW4PlugInCallbackTypeEnum@@@Z 100073a0 f i PlugInLib:ViewerShell.obj
 0001:000063c0       ??1?$pair@V?$basic_string@DU?$char_traits@D@std@@V?$allocator@D@2@@std@@VSlot@@@std@@QAE@XZ 100073c0 f i PlugInLib:ViewerShell.obj
 0001:000063f0       ?get@?$SafePtr@VApplicationServices@@@@QAEPAVApplicationServices@@XZ 100073f0 f i PlugInLib:ViewerShell.obj
 0001:00006400       ?attach@?$SafePtr@VApplicationServices@@@@IAEXABV?$basic_string@DU?$char_traits@D@std@@V?$allocator@D@2@@std@@ABVSlot@@@Z 10007400 f i PlugInLib:ViewerShell.obj
 0001:00006420       ?detach@?$SafePtr@VApplicationServices@@@@IAEXABV?$basic_string@DU?$char_traits@D@std@@V?$allocator@D@2@@std@@ABVSlot@@@Z 10007420 f i PlugInLib:ViewerShell.obj
 0001:00006440       ??E?$_Vector_const_iterator@U?$pair@V?$basic_string@DU?$char_traits@D@std@@V?$allocator@D@2@@std@@VSlot@@@std@@V?$allocator@U?$pair@V?$basic_string@DU?$char_traits@D@std@@V?$allocator@D@2@@std@@VSlot@@@std@@@2@@std@@QAEAAV01@XZ 10007440 f i PlugInLib:ViewerShell.obj
 0001:00006470       ?capacity@?$vector@U?$pair@V?$basic_string@DU?$char_traits@D@std@@V?$allocator@D@2@@std@@VSlot@@@std@@V?$allocator@U?$pair@V?$basic_string@DU?$char_traits@D@std@@V?$allocator@D@2@@std@@VSlot@@@std@@@2@@std@@QBEIXZ 10007470 f i PlugInLib:ViewerShell.obj
 0001:00006490       ?size@?$vector@U?$pair@V?$basic_string@DU?$char_traits@D@std@@V?$allocator@D@2@@std@@VSlot@@@std@@V?$allocator@U?$pair@V?$basic_string@DU?$char_traits@D@std@@V?$allocator@D@2@@std@@VSlot@@@std@@@2@@std@@QBEIXZ 10007490 f i PlugInLib:ViewerShell.obj
 0001:000064b0       ??0?$allocator@U?$pair@V?$basic_string@DU?$char_traits@D@std@@V?$allocator@D@2@@std@@VSlot@@@std@@@std@@QAE@XZ 100074b0 f i PlugInLib:ViewerShell.obj
 0001:000064c0       ?subjectDeleted@?$SafePtr@VApplicationServices@@@@AAEXAAVSubject@@ABV?$basic_string@DU?$char_traits@D@std@@V?$allocator@D@2@@std@@ABVany@boost@@@Z 100074c0 f i PlugInLib:ViewerShell.obj
 0001:000064e0       ??D?$_Vector_const_iterator@U?$pair@V?$basic_string@DU?$char_traits@D@std@@V?$allocator@D@2@@std@@VSlot@@@std@@V?$allocator@U?$pair@V?$basic_string@DU?$char_traits@D@std@@V?$allocator@D@2@@std@@VSlot@@@std@@@2@@std@@QBEABU?$pair@V?$basic_string@DU?$char_traits@D@std@@V?$allocator@D@2@@std@@VSlot@@@1@XZ 100074e0 f i PlugInLib:ViewerShell.obj
 0001:00006510       ??8?$_Vector_const_iterator@U?$pair@V?$basic_string@DU?$char_traits@D@std@@V?$allocator@D@2@@std@@VSlot@@@std@@V?$allocator@U?$pair@V?$basic_string@DU?$char_traits@D@std@@V?$allocator@D@2@@std@@VSlot@@@std@@@2@@std@@QBE_NABV01@@Z 10007510 f i PlugInLib:ViewerShell.obj
 0001:00006540       ?_Xlen@?$vector@U?$pair@V?$basic_string@DU?$char_traits@D@std@@V?$allocator@D@2@@std@@VSlot@@@std@@V?$allocator@U?$pair@V?$basic_string@DU?$char_traits@D@std@@V?$allocator@D@2@@std@@VSlot@@@std@@@2@@std@@KAXXZ 10007540 f i PlugInLib:ViewerShell.obj
 0001:000065c0       ??0?$allocator@U?$pair@V?$basic_string@DU?$char_traits@D@std@@V?$allocator@D@2@@std@@VSlot@@@std@@@std@@QAE@ABV01@@Z 100075c0 f i PlugInLib:ViewerShell.obj
 0001:000065d0       ?deallocate@?$allocator@U?$pair@V?$basic_string@DU?$char_traits@D@std@@V?$allocator@D@2@@std@@VSlot@@@std@@@std@@QAEXPAU?$pair@V?$basic_string@DU?$char_traits@D@std@@V?$allocator@D@2@@std@@VSlot@@@2@I@Z 100075d0 f i PlugInLib:ViewerShell.obj
 0001:000065e0       ??0?$_Ranit@U?$pair@V?$basic_string@DU?$char_traits@D@std@@V?$allocator@D@2@@std@@VSlot@@@std@@HPBU12@ABU12@@std@@QAE@XZ 100075e0 f i PlugInLib:ViewerShell.obj
 0001:000065f0       ?max_size@?$allocator@U?$pair@V?$basic_string@DU?$char_traits@D@std@@V?$allocator@D@2@@std@@VSlot@@@std@@@std@@QBEIXZ 100075f0 f i PlugInLib:ViewerShell.obj
 0001:00006600       ??G?$_Vector_const_iterator@U?$pair@V?$basic_string@DU?$char_traits@D@std@@V?$allocator@D@2@@std@@VSlot@@@std@@V?$allocator@U?$pair@V?$basic_string@DU?$char_traits@D@std@@V?$allocator@D@2@@std@@VSlot@@@std@@@2@@std@@QBEHABV01@@Z 10007600 f i PlugInLib:ViewerShell.obj
 0001:00006630       ??Y?$_Vector_const_iterator@U?$pair@V?$basic_string@DU?$char_traits@D@std@@V?$allocator@D@2@@std@@VSlot@@@std@@V?$allocator@U?$pair@V?$basic_string@DU?$char_traits@D@std@@V?$allocator@D@2@@std@@VSlot@@@std@@@2@@std@@QAEAAV01@H@Z 10007630 f i PlugInLib:ViewerShell.obj
 0001:00006670       ??$_Allocate@U?$pair@V?$basic_string@DU?$char_traits@D@std@@V?$allocator@D@2@@std@@VSlot@@@std@@@std@@YAPAU?$pair@V?$basic_string@DU?$char_traits@D@std@@V?$allocator@D@2@@std@@VSlot@@@0@IPAU10@@Z 10007670 f i PlugInLib:ViewerShell.obj
 0001:000066d0       ??0?$SlotValue@VViewerShell@@@Slot@@QAE@PAVViewerShell@@P82@AEXAAVSubject@@ABV?$basic_string@DU?$char_traits@D@std@@V?$allocator@D@2@@std@@ABVany@boost@@@Z@Z 100076d0 f i PlugInLib:ViewerShell.obj
 0001:000066f0       ?update@?$SlotValue@VViewerShell@@@Slot@@UBEXAAVSubject@@ABV?$basic_string@DU?$char_traits@D@std@@V?$allocator@D@2@@std@@ABVany@boost@@@Z 100076f0 f i PlugInLib:ViewerShell.obj
 0001:00006770       ?callAttachMethod@?$SlotValue@VViewerShell@@@Slot@@UAEXAAVSubject@@ABV?$basic_string@DU?$char_traits@D@std@@V?$allocator@D@2@@std@@ABV2@@Z 10007770 f i PlugInLib:ViewerShell.obj
 0001:000067a0       ?callDetachMethod@?$SlotValue@VViewerShell@@@Slot@@UAEXAAVSubject@@ABV?$basic_string@DU?$char_traits@D@std@@V?$allocator@D@2@@std@@ABV2@@Z 100077a0 f i PlugInLib:ViewerShell.obj
 0001:000067d0       ?clone@?$SlotValue@VViewerShell@@@Slot@@UBEPAVSlotWrapper@2@XZ 100077d0 f i PlugInLib:ViewerShell.obj
 0001:00006800       ?getType@?$SlotValue@VViewerShell@@@Slot@@UBEABVtype_info@@XZ 10007800 f i PlugInLib:ViewerShell.obj
 0001:00006810       ?matches@?$SlotValue@VViewerShell@@@Slot@@UBE_NABVSlotWrapper@2@@Z 10007810 f i PlugInLib:ViewerShell.obj
 0001:00006870       ??0?$SlotValue@V?$SafePtr@VApplicationServices@@@@@Slot@@QAE@PAV?$SafePtr@VApplicationServices@@@@P82@AEXAAVSubject@@ABV?$basic_string@DU?$char_traits@D@std@@V?$allocator@D@2@@std@@ABVany@boost@@@Z@Z 10007870 f i PlugInLib:ViewerShell.obj
 0001:00006890       ?update@?$SlotValue@V?$SafePtr@VApplicationServices@@@@@Slot@@UBEXAAVSubject@@ABV?$basic_string@DU?$char_traits@D@std@@V?$allocator@D@2@@std@@ABVany@boost@@@Z 10007890 f i PlugInLib:ViewerShell.obj
 0001:00006910       ?callAttachMethod@?$SlotValue@V?$SafePtr@VApplicationServices@@@@@Slot@@UAEXAAVSubject@@ABV?$basic_string@DU?$char_traits@D@std@@V?$allocator@D@2@@std@@ABV2@@Z 10007910 f i PlugInLib:ViewerShell.obj
 0001:00006940       ?callDetachMethod@?$SlotValue@V?$SafePtr@VApplicationServices@@@@@Slot@@UAEXAAVSubject@@ABV?$basic_string@DU?$char_traits@D@std@@V?$allocator@D@2@@std@@ABV2@@Z 10007940 f i PlugInLib:ViewerShell.obj
 0001:00006970       ?clone@?$SlotValue@V?$SafePtr@VApplicationServices@@@@@Slot@@UBEPAVSlotWrapper@2@XZ 10007970 f i PlugInLib:ViewerShell.obj
 0001:000069a0       ?getType@?$SlotValue@V?$SafePtr@VApplicationServices@@@@@Slot@@UBEABVtype_info@@XZ 100079a0 f i PlugInLib:ViewerShell.obj
 0001:000069b0       ?matches@?$SlotValue@V?$SafePtr@VApplicationServices@@@@@Slot@@UBE_NABVSlotWrapper@2@@Z 100079b0 f i PlugInLib:ViewerShell.obj
 0001:00006a00       ??$_Ptr_cat@PAU?$pair@V?$basic_string@DU?$char_traits@D@std@@V?$allocator@D@2@@std@@VSlot@@@std@@PAU12@@std@@YA?AU_Nonscalar_ptr_iterator_tag@0@AAPAU?$pair@V?$basic_string@DU?$char_traits@D@std@@V?$allocator@D@2@@std@@VSlot@@@0@0@Z 10007a00 f i PlugInLib:ViewerShell.obj
 0001:00006a10       ??$_Iter_random@PAU?$pair@V?$basic_string@DU?$char_traits@D@std@@V?$allocator@D@2@@std@@VSlot@@@std@@PAU12@@std@@YA?AUrandom_access_iterator_tag@0@ABQAU?$pair@V?$basic_string@DU?$char_traits@D@std@@V?$allocator@D@2@@std@@VSlot@@@0@0@Z 10007a10 f i PlugInLib:ViewerShell.obj
 0001:00006a20       ??$_Move_cat@PAU?$pair@V?$basic_string@DU?$char_traits@D@std@@V?$allocator@D@2@@std@@VSlot@@@std@@@std@@YA?AU_Undefined_move_tag@0@ABQAU?$pair@V?$basic_string@DU?$char_traits@D@std@@V?$allocator@D@2@@std@@VSlot@@@0@@Z 10007a20 f i PlugInLib:ViewerShell.obj
[...]
 0001:0000e758       __ehhandler$??0?$AttachmentPtr@VApplicationServices@@@@QAE@XZ 1000f758 f   PlugInLib:ViewerShell.obj
 0001:0000e770       __unwindfunclet$??1?$AttachmentPtr@VApplicationServices@@@@UAE@XZ$0 1000f770 f   PlugInLib:ViewerShell.obj
 0001:0000e778       __unwindfunclet$??1?$AttachmentPtr@VApplicationServices@@@@UAE@XZ$1 1000f778 f   PlugInLib:ViewerShell.obj
 0001:0000e783       __ehhandler$??1?$AttachmentPtr@VApplicationServices@@@@UAE@XZ 1000f783 f   PlugInLib:ViewerShell.obj
 0001:0000e790       __unwindfunclet$??1ViewerShell@@UAE@XZ$0 1000f790 f   PlugInLib:ViewerShell.obj
 0001:0000e798       __ehhandler$??1ViewerShell@@UAE@XZ 1000f798 f   PlugInLib:ViewerShell.obj
 0001:0000e7b0       __unwindfunclet$?addSignal@?$AttachmentPtr@VApplicationServices@@@@QAEXABV?$basic_string@DU?$char_traits@D@std@@V?$allocator@D@2@@std@@ABVSlot@@@Z$0 1000f7b0 f   PlugInLib:ViewerShell.obj
 0001:0000e7b8       __unwindfunclet$?addSignal@?$AttachmentPtr@VApplicationServices@@@@QAEXABV?$basic_string@DU?$char_traits@D@std@@V?$allocator@D@2@@std@@ABVSlot@@@Z$2 1000f7b8 f   PlugInLib:ViewerShell.obj
 0001:0000e7c0       __ehhandler$?addSignal@?$AttachmentPtr@VApplicationServices@@@@QAEXABV?$basic_string@DU?$char_traits@D@std@@V?$allocator@D@2@@std@@ABVSlot@@@Z 1000f7c0 f   PlugInLib:ViewerShell.obj
 0001:0000e7d0       __unwindfunclet$??0ViewerShell@@QAE@XZ$0 1000f7d0 f   PlugInLib:ViewerShell.obj
 0001:0000e7d8       __unwindfunclet$??0ViewerShell@@QAE@XZ$4 1000f7d8 f   PlugInLib:ViewerShell.obj
 0001:0000e7e0       __unwindfunclet$??0ViewerShell@@QAE@XZ$1 1000f7e0 f   PlugInLib:ViewerShell.obj
 0001:0000e7ee       __unwindfunclet$??0ViewerShell@@QAE@XZ$2 1000f7ee f   PlugInLib:ViewerShell.obj
 0001:0000e7f7       __unwindfunclet$??0ViewerShell@@QAE@XZ$3 1000f7f7 f   PlugInLib:ViewerShell.obj
 0001:0000e7ff       __ehhandler$??0ViewerShell@@QAE@XZ 1000f7ff f   PlugInLib:ViewerShell.obj
 0001:0000e810       __unwindfunclet$??0ExecutableShell@@QAE@XZ$0 1000f810 f   PlugInLib:ExecutableShell.obj
 0001:0000e818       __unwindfunclet$??0ExecutableShell@@QAE@XZ$1 1000f818 f   PlugInLib:ExecutableShell.obj
 0001:0000e823       __ehhandler$??0ExecutableShell@@QAE@XZ 1000f823 f   PlugInLib:ExecutableShell.obj
 0001:0000e830       __unwindfunclet$??1ExecutableShell@@UAE@XZ$0 1000f830 f   PlugInLib:ExecutableShell.obj
 0001:0000e838       __unwindfunclet$??1ExecutableShell@@UAE@XZ$1 1000f838 f   PlugInLib:ExecutableShell.obj
 0001:0000e85f       __ehhandler$??1ExecutableShell@@UAE@XZ 1000f85f f   PlugInLib:ExecutableShell.obj
 0001:0000e870       __unwindfunclet$??1?$pair@$$CBV?$basic_string@DU?$char_traits@D@std@@V?$allocator@D@2@@std@@V12@@std@@QAE@XZ$0 1000f870 f   PlugInLib:PlugInShell.obj
 0001:0000e879       __ehhandler$??1?$pair@$$CBV?$basic_string@DU?$char_traits@D@std@@V?$allocator@D@2@@std@@V12@@std@@QAE@XZ 1000f879 f   PlugInLib:PlugInShell.obj
 0001:0000e890       __unwindfunclet$??0?$pair@$$CBV?$basic_string@DU?$char_traits@D@std@@V?$allocator@D@2@@std@@V12@@std@@QAE@ABV?$basic_string@DU?$char_traits@D@std@@V?$allocator@D@2@@1@0@Z$0 1000f890 f   PlugInLib:PlugInShell.obj
 0001:0000e899       __ehhandler$??0?$pair@$$CBV?$basic_string@DU?$char_traits@D@std@@V?$allocator@D@2@@std@@V12@@std@@QAE@ABV?$basic_string@DU?$char_traits@D@std@@V?$allocator@D@2@@1@0@Z 1000f899 f   PlugInLib:PlugInShell.obj
 0001:0000e8b0       __unwindfunclet$??0?$pair@$$CBV?$basic_string@DU?$char_traits@D@std@@V?$allocator@D@2@@std@@V12@@std@@QAE@ABU01@@Z$0 1000f8b0 f   PlugInLib:PlugInShell.obj
 0001:0000e8b9       __ehhandler$??0?$pair@$$CBV?$basic_string@DU?$char_traits@D@std@@V?$allocator@D@2@@std@@V12@@std@@QAE@ABU01@@Z 1000f8b9 f   PlugInLib:PlugInShell.obj
 0001:0000e8d0       __unwindfunclet$??1ContextMenuAction@@QAE@XZ$0 1000f8d0 f   PlugInLib:PlugInShell.obj
 0001:0000e8dc       __ehhandler$??1ContextMenuAction@@QAE@XZ 1000f8dc f   PlugInLib:PlugInShell.obj
 0001:0000e8f0       __unwindfunclet$??0?$Resource@VSettableSessionItem@@VFactoryObject@@@@QAE@ABVArgs@FactoryAllocator@@@Z$0 1000f8f0 f   PlugInLib:PlugInShell.obj
 0001:0000e8fb       __ehhandler$??0?$Resource@VSettableSessionItem@@VFactoryObject@@@@QAE@ABVArgs@FactoryAllocator@@@Z 1000f8fb f   PlugInLib:PlugInShell.obj
 0001:0000e910       __unwindfunclet$??1?$Resource@VSettableSessionItem@@VFactoryObject@@@@UAE@XZ$0 1000f910 f   PlugInLib:PlugInShell.obj
 0001:0000e91b       __ehhandler$??1?$Resource@VSettableSessionItem@@VFactoryObject@@@@UAE@XZ 1000f91b f   PlugInLib:PlugInShell.obj
 0001:0000e930       __unwindfunclet$?_Buynode@?$_Tree@V?$_Tmap_traits@V?$basic_string@DU?$char_traits@D@std@@V?$allocator@D@2@@std@@V12@U?$less@V?$basic_string@DU?$char_traits@D@std@@V?$allocator@D@2@@std@@@2@V?$allocator@U?$pair@$$CBV?$basic_string@DU?$char_traits@D@std@@V?$allocator@D@2@@std@@V12@@std@@@2@$0A@@std@@@std@@IAEPAU_Node@?$_Tree_nod@V?$_Tmap_traits@V?$basic_string@DU?$char_traits@D@std@@V?$allocator@D@2@@std@@V12@U?$less@V?$basic_string@DU?$char_traits@D@std@@V?$allocator@D@2@@std@@@2@V?$allocator@U?$pair@$$CBV?$basic_string@DU?$char_traits@D@std@@V?$allocator@D@2@@std@@V12@@std@@@2@$0A@@std@@@2@PAU342@00ABU?$pair@$$CBV?$basic_string@DU?$char_traits@D@std@@V?$allocator@D@2@@std@@V12@@2@D@Z$2 1000f930 f   PlugInLib:PlugInShell.obj
 0001:0000e941       __ehhandler$?_Buynode@?$_Tree@V?$_Tmap_traits@V?$basic_string@DU?$char_traits@D@std@@V?$allocator@D@2@@std@@V12@U?$less@V?$basic_string@DU?$char_traits@D@std@@V?$allocator@D@2@@std@@@2@V?$allocator@U?$pair@$$CBV?$basic_string@DU?$char_traits@D@std@@V?$allocator@D@2@@std@@V12@@std@@@2@$0A@@std@@@std@@IAEPAU_Node@?$_Tree_nod@V?$_Tmap_traits@V?$basic_string@DU?$char_traits@D@std@@V?$allocator@D@2@@std@@V12@U?$less@V?$basic_string@DU?$char_traits@D@std@@V?$allocator@D@2@@std@@@2@V?$allocator@U?$pair@$$CBV?$basic_string@DU?$char_traits@D@std@@V?$allocator@D@2@@std@@V12@@std@@@2@$0A@@std@@@2@PAU342@00ABU?$pair@$$CBV?$basic_string@DU?$char_traits@D@std@@V?$allocator@D@2@@std@@V12@@2@D@Z 1000f941 f   PlugInLib:PlugInShell.obj
 0001:0000e950       __unwindfunclet$??0?$FactoryResource@VSettableSessionItem@@@@QAE@XZ$0 1000f950 f   PlugInLib:PlugInShell.obj
 0001:0000e958       __unwindfunclet$??0?$FactoryResource@VSettableSessionItem@@@@QAE@XZ$1 1000f958 f   PlugInLib:PlugInShell.obj
 0001:0000e960       __ehhandler$??0?$FactoryResource@VSettableSessionItem@@@@QAE@XZ 1000f960 f   PlugInLib:PlugInShell.obj
 0001:0000e970       __unwindfunclet$?_Insert@?$_Tree@V?$_Tmap_traits@V?$basic_string@DU?$char_traits@D@std@@V?$allocator@D@2@@std@@V12@U?$less@V?$basic_string@DU?$char_traits@D@std@@V?$allocator@D@2@@std@@@2@V?$allocator@U?$pair@$$CBV?$basic_string@DU?$char_traits@D@std@@V?$allocator@D@2@@std@@V12@@std@@@2@$0A@@std@@@std@@IAE?AViterator@12@_NPAU_Node@?$_Tree_nod@V?$_Tmap_traits@V?$basic_string@DU?$char_traits@D@std@@V?$allocator@D@2@@std@@V12@U?$less@V?$basic_string@DU?$char_traits@D@std@@V?$allocator@D@2@@std@@@2@V?$allocator@U?$pair@$$CBV?$basic_string@DU?$char_traits@D@std@@V?$allocator@D@2@@std@@V12@@std@@@2@$0A@@std@@@2@ABU?$pair@$$CBV?$basic_string@DU?$char_traits@D@std@@V?$allocator@D@2@@std@@V12@@2@@Z$0 1000f970 f   PlugInLib:PlugInShell.obj
 0001:0000e979       __unwindfunclet$?_Insert@?$_Tree@V?$_Tmap_traits@V?$basic_string@DU?$char_traits@D@std@@V?$allocator@D@2@@std@@V12@U?$less@V?$basic_string@DU?$char_traits@D@std@@V?$allocator@D@2@@std@@@2@V?$allocator@U?$pair@$$CBV?$basic_string@DU?$char_traits@D@std@@V?$allocator@D@2@@std@@V12@@std@@@2@$0A@@std@@@std@@IAE?AViterator@12@_NPAU_Node@?$_Tree_nod@V?$_Tmap_traits@V?$basic_string@DU?$char_traits@D@std@@V?$allocator@D@2@@std@@V12@U?$less@V?$basic_string@DU?$char_traits@D@std@@V?$allocator@D@2@@std@@@2@V?$allocator@U?$pair@$$CBV?$basic_string@DU?$char_traits@D@std@@V?$allocator@D@2@@std@@V12@@std@@@2@$0A@@std@@@2@ABU?$pair@$$CBV?$basic_string@DU?$char_traits@D@std@@V?$allocator@D@2@@std@@V12@@2@@Z$2 1000f979 f   PlugInLib:PlugInShell.obj
 0001:0000e982       __ehhandler$?_Insert@?$_Tree@V?$_Tmap_traits@V?$basic_string@DU?$char_traits@D@std@@V?$allocator@D@2@@std@@V12@U?$less@V?$basic_string@DU?$char_traits@D@std@@V?$allocator@D@2@@std@@@2@V?$allocator@U?$pair@$$CBV?$basic_string@DU?$char_traits@D@std@@V?$allocator@D@2@@std@@V12@@std@@@2@$0A@@std@@@std@@IAE?AViterator@12@_NPAU_Node@?$_Tree_nod@V?$_Tmap_traits@V?$basic_string@DU?$char_traits@D@std@@V?$allocator@D@2@@std@@V12@U?$less@V?$basic_string@DU?$char_traits@D@std@@V?$allocator@D@2@@std@@@2@V?$allocator@U?$pair@$$CBV?$basic_string@DU?$char_traits@D@std@@V?$allocator@D@2@@std@@V12@@std@@@2@$0A@@std@@@2@ABU?$pair@$$CBV?$basic_string@DU?$char_traits@D@std@@V?$allocator@D@2@@std@@V12@@2@@Z 1000f982 f   PlugInLib:PlugInShell.obj
 0001:0000e990       __unwindfunclet$?_Erase@?$_Tree@V?$_Tmap_traits@V?$basic_string@DU?$char_traits@D@std@@V?$allocator@D@2@@std@@V12@U?$less@V?$basic_string@DU?$char_traits@D@std@@V?$allocator@D@2@@std@@@2@V?$allocator@U?$pair@$$CBV?$basic_string@DU?$char_traits@D@std@@V?$allocator@D@2@@std@@V12@@std@@@2@$0A@@std@@@std@@IAEXPAU_Node@?$_Tree_nod@V?$_Tmap_traits@V?$basic_string@DU?$char_traits@D@std@@V?$allocator@D@2@@std@@V12@U?$less@V?$basic_string@DU?$char_traits@D@std@@V?$allocator@D@2@@std@@@2@V?$allocator@U?$pair@$$CBV?$basic_string@DU?$char_traits@D@std@@V?$allocator@D@2@@std@@V12@@std@@@2@$0A@@std@@@2@@Z$1 1000f990 f   PlugInLib:PlugInShell.obj
 0001:0000e999       __ehhandler$?_Erase@?$_Tree@V?$_Tmap_traits@V?$basic_string@DU?$char_traits@D@std@@V?$allocator@D@2@@std@@V12@U?$less@V?$basic_string@DU?$char_traits@D@std@@V?$allocator@D@2@@std@@@2@V?$allocator@U?$pair@$$CBV?$basic_string@DU?$char_traits@D@std@@V?$allocator@D@2@@std@@V12@@std@@@2@$0A@@std@@@std@@IAEXPAU_Node@?$_Tree_nod@V?$_Tmap_traits@V?$basic_string@DU?$char_traits@D@std@@V?$allocator@D@2@@std@@V12@U?$less@V?$basic_string@DU?$char_traits@D@std@@V?$allocator@D@2@@std@@@2@V?$allocator@U?$pair@$$CBV?$basic_string@DU?$char_traits@D@std@@V?$allocator@D@2@@std@@V12@@std@@@2@$0A@@std@@@2@@Z 1000f999 f   PlugInLib:PlugInShell.obj
 0001:0000e9b0       __unwindfunclet$?erase@?$_Tree@V?$_Tmap_traits@V?$basic_string@DU?$char_traits@D@std@@V?$allocator@D@2@@std@@V12@U?$less@V?$basic_string@DU?$char_traits@D@std@@V?$allocator@D@2@@std@@@2@V?$allocator@U?$pair@$$CBV?$basic_string@DU?$char_traits@D@std@@V?$allocator@D@2@@std@@V12@@std@@@2@$0A@@std@@@std@@QAE?AViterator@12@V312@@Z$0 1000f9b0 f   PlugInLib:PlugInShell.obj
 0001:0000e9b9       __unwindfunclet$?erase@?$_Tree@V?$_Tmap_traits@V?$basic_string@DU?$char_traits@D@std@@V?$allocator@D@2@@std@@V12@U?$less@V?$basic_string@DU?$char_traits@D@std@@V?$allocator@D@2@@std@@@2@V?$allocator@U?$pair@$$CBV?$basic_string@DU?$char_traits@D@std@@V?$allocator@D@2@@std@@V12@@std@@@2@$0A@@std@@@std@@QAE?AViterator@12@V312@@Z$2 1000f9b9 f   PlugInLib:PlugInShell.obj
 0001:0000e9c2       __unwindfunclet$?erase@?$_Tree@V?$_Tmap_traits@V?$basic_string@DU?$char_traits@D@std@@V?$allocator@D@2@@std@@V12@U?$less@V?$basic_string@DU?$char_traits@D@std@@V?$allocator@D@2@@std@@@2@V?$allocator@U?$pair@$$CBV?$basic_string@DU?$char_traits@D@std@@V?$allocator@D@2@@std@@V12@@std@@@2@$0A@@std@@@std@@QAE?AViterator@12@V312@@Z$5 1000f9c2 f   PlugInLib:PlugInShell.obj
 0001:0000e9cb       __ehhandler$?erase@?$_Tree@V?$_Tmap_traits@V?$basic_string@DU?$char_traits@D@std@@V?$allocator@D@2@@std@@V12@U?$less@V?$basic_string@DU?$char_traits@D@std@@V?$allocator@D@2@@std@@@2@V?$allocator@U?$pair@$$CBV?$basic_string@DU?$char_traits@D@std@@V?$allocator@D@2@@std@@V12@@std@@@2@$0A@@std@@@std@@QAE?AViterator@12@V312@@Z 1000f9cb f   PlugInLib:PlugInShell.obj
 0001:0000e9e0       __ehhandler$?_Copy@?$_Tree@V?$_Tmap_traits@V?$basic_string@DU?$char_traits@D@std@@V?$allocator@D@2@@std@@V12@U?$less@V?$basic_string@DU?$char_traits@D@std@@V?$allocator@D@2@@std@@@2@V?$allocator@U?$pair@$$CBV?$basic_string@DU?$char_traits@D@std@@V?$allocator@D@2@@std@@V12@@std@@@2@$0A@@std@@@std@@IAEPAU_Node@?$_Tree_nod@V?$_Tmap_traits@V?$basic_string@DU?$char_traits@D@std@@V?$allocator@D@2@@std@@V12@U?$less@V?$basic_string@DU?$char_traits@D@std@@V?$allocator@D@2@@std@@@2@V?$allocator@U?$pair@$$CBV?$basic_string@DU?$char_traits@D@std@@V?$allocator@D@2@@std@@V12@@std@@@2@$0A@@std@@@2@PAU342@0@Z 1000f9e0 f   PlugInLib:PlugInShell.obj
 0001:0000e9f0       __unwindfunclet$?clear@?$list@UContextMenuAction@@V?$allocator@UContextMenuAction@@@std@@@std@@QAEXXZ$1 1000f9f0 f   PlugInLib:PlugInShell.obj
 0001:0000e9fc       __ehhandler$?clear@?$list@UContextMenuAction@@V?$allocator@UContextMenuAction@@@std@@@std@@QAEXXZ 1000f9fc f   PlugInLib:PlugInShell.obj
 0001:0000ea10       __unwindfunclet$??A?$map@V?$basic_string@DU?$char_traits@D@std@@V?$allocator@D@2@@std@@V12@U?$less@V?$basic_string@DU?$char_traits@D@std@@V?$allocator@D@2@@std@@@2@V?$allocator@U?$pair@$$CBV?$basic_string@DU?$char_traits@D@std@@V?$allocator@D@2@@std@@V12@@std@@@2@@std@@QAEAAV?$basic_string@DU?$char_traits@D@std@@V?$allocator@D@2@@1@ABV21@@Z$0 1000fa10 f   PlugInLib:PlugInShell.obj
 0001:0000ea19       __unwindfunclet$??A?$map@V?$basic_string@DU?$char_traits@D@std@@V?$allocator@D@2@@std@@V12@U?$less@V?$basic_string@DU?$char_traits@D@std@@V?$allocator@D@2@@std@@@2@V?$allocator@U?$pair@$$CBV?$basic_string@DU?$char_traits@D@std@@V?$allocator@D@2@@std@@V12@@std@@@2@@std@@QAEAAV?$basic_string@DU?$char_traits@D@std@@V?$allocator@D@2@@1@ABV21@@Z$1 1000fa19 f   PlugInLib:PlugInShell.obj
 0001:0000ea21       __ehhandler$??A?$map@V?$basic_string@DU?$char_traits@D@std@@V?$allocator@D@2@@std@@V12@U?$less@V?$basic_string@DU?$char_traits@D@std@@V?$allocator@D@2@@std@@@2@V?$allocator@U?$pair@$$CBV?$basic_string@DU?$char_traits@D@std@@V?$allocator@D@2@@std@@V12@@std@@@2@@std@@QAEAAV?$basic_string@DU?$char_traits@D@std@@V?$allocator@D@2@@1@ABV21@@Z 1000fa21 f   PlugInLib:PlugInShell.obj
 0001:0000ea30       __ehhandler$??0?$_Tree@V?$_Tmap_traits@V?$basic_string@DU?$char_traits@D@std@@V?$allocator@D@2@@std@@V12@U?$less@V?$basic_string@DU?$char_traits@D@std@@V?$allocator@D@2@@std@@@2@V?$allocator@U?$pair@$$CBV?$basic_string@DU?$char_traits@D@std@@V?$allocator@D@2@@std@@V12@@std@@@2@$0A@@std@@@std@@QAE@ABV01@@Z 1000fa30 f   PlugInLib:PlugInShell.obj
 0001:0000ea40       __unwindfunclet$??1PlugInShell@@UAE@XZ$0 1000fa40 f   PlugInLib:PlugInShell.obj
 0001:0000ea48       __unwindfunclet$??1PlugInShell@@UAE@XZ$1 1000fa48 f   PlugInLib:PlugInShell.obj
 0001:0000ea6f       __unwindfunclet$??1PlugInShell@@UAE@XZ$2 1000fa6f f   PlugInLib:PlugInShell.obj
 0001:0000ea7a       __unwindfunclet$??1PlugInShell@@UAE@XZ$3 1000fa7a f   PlugInLib:PlugInShell.obj
 0001:0000ea86       __unwindfunclet$??1PlugInShell@@UAE@XZ$4 1000fa86 f   PlugInLib:PlugInShell.obj
 0001:0000ea92       __unwindfunclet$??1PlugInShell@@UAE@XZ$5 1000fa92 f   PlugInLib:PlugInShell.obj
 0001:0000ea9e       __unwindfunclet$??1PlugInShell@@UAE@XZ$6 1000fa9e f   PlugInLib:PlugInShell.obj
 0001:0000eaac       __unwindfunclet$??1PlugInShell@@UAE@XZ$7 1000faac f   PlugInLib:PlugInShell.obj
 0001:0000eabb       __unwindfunclet$??1PlugInShell@@UAE@XZ$8 1000fabb f   PlugInLib:PlugInShell.obj
 0001:0000eaca       __unwindfunclet$??1PlugInShell@@UAE@XZ$9 1000faca f   PlugInLib:PlugInShell.obj
 0001:0000ead9       __unwindfunclet$??1PlugInShell@@UAE@XZ$10 1000fad9 f   PlugInLib:PlugInShell.obj
 0001:0000eae8       __ehhandler$??1PlugInShell@@UAE@XZ 1000fae8 f   PlugInLib:PlugInShell.obj
 0001:0000eb00       __unwindfunclet$??0PlugInShell@@QAE@XZ$0 1000fb00 f   PlugInLib:PlugInShell.obj
 0001:0000eb08       __unwindfunclet$??0PlugInShell@@QAE@XZ$1 1000fb08 f   PlugInLib:PlugInShell.obj
 0001:0000eb13       __unwindfunclet$??0PlugInShell@@QAE@XZ$2 1000fb13 f   PlugInLib:PlugInShell.obj
 0001:0000eb1e       __unwindfunclet$??0PlugInShell@@QAE@XZ$3 1000fb1e f   PlugInLib:PlugInShell.obj
 0001:0000eb2a       __unwindfunclet$??0PlugInShell@@QAE@XZ$4 1000fb2a f   PlugInLib:PlugInShell.obj
 0001:0000eb36       __unwindfunclet$??0PlugInShell@@QAE@XZ$5 1000fb36 f   PlugInLib:PlugInShell.obj
 0001:0000eb42       __unwindfunclet$??0PlugInShell@@QAE@XZ$6 1000fb42 f   PlugInLib:PlugInShell.obj
 0001:0000eb50       __unwindfunclet$??0PlugInShell@@QAE@XZ$7 1000fb50 f   PlugInLib:PlugInShell.obj
 0001:0000eb5f       __unwindfunclet$??0PlugInShell@@QAE@XZ$8 1000fb5f f   PlugInLib:PlugInShell.obj
 0001:0000eb6e       __unwindfunclet$??0PlugInShell@@QAE@XZ$9 1000fb6e f   PlugInLib:PlugInShell.obj
 0001:0000eb7d       __unwindfunclet$??0PlugInShell@@QAE@XZ$10 1000fb7d f   PlugInLib:PlugInShell.obj
 0001:0000eb8c       __ehhandler$??0PlugInShell@@QAE@XZ 1000fb8c f   PlugInLib:PlugInShell.obj
 0001:0000eba0       __unwindfunclet$?get@?$Service@VSessionExplorer@@@@QBEPAVSessionExplorer@@XZ$0 1000fba0 f   PlugInUtilities:Service.obj
 0001:0000eba9       __unwindfunclet$?get@?$Service@VSessionExplorer@@@@QBEPAVSessionExplorer@@XZ$1 1000fba9 f   PlugInUtilities:Service.obj
 0001:0000ebb2       __ehhandler$?get@?$Service@VSessionExplorer@@@@QBEPAVSessionExplorer@@XZ 1000fbb2 f   PlugInUtilities:Service.obj
 0001:0000ebc0       __unwindfunclet$?LogVerificationErrorProc@@YAXPBD0I0@Z$0 1000fbc0 f   PlugInUtilities:AppVerify.obj
 0001:0000ebcc       __unwindfunclet$?LogVerificationErrorProc@@YAXPBD0I0@Z$1 1000fbcc f   PlugInUtilities:AppVerify.obj
 0001:0000ebd8       __unwindfunclet$?LogVerificationErrorProc@@YAXPBD0I0@Z$2 1000fbd8 f   PlugInUtilities:AppVerify.obj
 0001:0000ebe4       __unwindfunclet$?LogVerificationErrorProc@@YAXPBD0I0@Z$3 1000fbe4 f   PlugInUtilities:AppVerify.obj
 0001:0000ebf0       __unwindfunclet$?LogVerificationErrorProc@@YAXPBD0I0@Z$4 1000fbf0 f   PlugInUtilities:AppVerify.obj
 0001:0000ebfc       __unwindfunclet$?LogVerificationErrorProc@@YAXPBD0I0@Z$5 1000fbfc f   PlugInUtilities:AppVerify.obj
 0001:0000ec08       __unwindfunclet$?LogVerificationErrorProc@@YAXPBD0I0@Z$6 1000fc08 f   PlugInUtilities:AppVerify.obj
 0001:0000ec14       __unwindfunclet$?LogVerificationErrorProc@@YAXPBD0I0@Z$7 1000fc14 f   PlugInUtilities:AppVerify.obj
 0001:0000ec20       __unwindfunclet$?LogVerificationErrorProc@@YAXPBD0I0@Z$8 1000fc20 f   PlugInUtilities:AppVerify.obj
 0001:0000ec2c       __unwindfunclet$?LogVerificationErrorProc@@YAXPBD0I0@Z$9 1000fc2c f   PlugInUtilities:AppVerify.obj
 0001:0000ec38       __unwindfunclet$?LogVerificationErrorProc@@YAXPBD0I0@Z$10 1000fc38 f   PlugInUtilities:AppVerify.obj
 0001:0000ec44       __unwindfunclet$?LogVerificationErrorProc@@YAXPBD0I0@Z$11 1000fc44 f   PlugInUtilities:AppVerify.obj
 0001:0000ec50       __unwindfunclet$?LogVerificationErrorProc@@YAXPBD0I0@Z$12 1000fc50 f   PlugInUtilities:AppVerify.obj
 0001:0000ec5c       __unwindfunclet$?LogVerificationErrorProc@@YAXPBD0I0@Z$13 1000fc5c f   PlugInUtilities:AppVerify.obj
 0001:0000ec68       __unwindfunclet$?LogVerificationErrorProc@@YAXPBD0I0@Z$14 1000fc68 f   PlugInUtilities:AppVerify.obj
 0001:0000ec74       __unwindfunclet$?LogVerificationErrorProc@@YAXPBD0I0@Z$15 1000fc74 f   PlugInUtilities:AppVerify.obj
 0001:0000ec80       __ehhandler$?LogVerificationErrorProc@@YAXPBD0I0@Z 1000fc80 f   PlugInUtilities:AppVerify.obj
 0001:0000ec90       ??__EDataMergepluginFactory@SpectralDataMerge@@YAXXZ 1000fc90 f   DataMerge.obj
 0001:0000ed20       ??__E?staticMetaObject@DataMerge@@2UQMetaObject@@B@@YAXXZ 1000fd20 f   moc_DataMerge.obj
 0001:0000ed30       ??__FDataMergepluginFactory@SpectralDataMerge@@YAXXZ 1000fd30 f   DataMerge.obj
 0001:0000ed40       ??__FsFactories@?1??factories@SpectralDataMerge@@YAAAV?$vector@U?$pair@V?$basic_string@DU?$char_traits@D@std@@V?$allocator@D@2@@std@@PAVPlugInFactory@@@std@@V?$allocator@U?$pair@V?$basic_string@DU?$char_traits@D@std@@V?$allocator@D@2@@std@@PAVPlugInFactory@@@std@@@2@@std@@XZ@YAXXZ 1000fd40 f   ModuleManager.obj

 Exports

  ordinal    name

        1    _SpectralDataMergeInstantiatePlugIn
               exported name: SpectralDataMergeInstantiatePlugIn
        2    _opticks_get_module_descriptor
               exported name: opticks_get_module_descriptor
