 DataMerge

 Timestamp is 4c406968 (Fri Jul 16 22:15:04 2010)

 Preferred load address is 10000000

 Start         Length     Name                   Class
 0001:00000000 0002b0d2H .text                   CODE
 0001:0002b0e0 00002083H .text$x                 CODE
 0001:0002d170 0000009bH .text$yc                CODE
 0001:0002d210 0000003bH .text$yd                CODE
 0002:00000000 000001c8H .idata$5                DATA
 0002:000001c8 00000004H .CRT$XCA                DATA
 0002:000001cc 00000008H .CRT$XCU                DATA
 0002:000001d4 00000004H .CRT$XCZ                DATA
 0002:000001d8 00000004H .CRT$XIA                DATA
 0002:000001dc 00000004H .CRT$XIAA               DATA
 0002:000001e0 00000004H .CRT$XIC                DATA
 0002:000001e4 00000004H .CRT$XIZ                DATA
 0002:000001f0 00002070H .rdata                  DATA
 0002:00002260 00000055H .rdata$debug            DATA
 0002:000022b8 00000d6cH .rdata$r                DATA
 0002:00003030 000002f8H .rdata$sxdata           DATA
 0002:00003328 00000004H .rtc$IAA                DATA
 0002:0000332c 00000004H .rtc$IZZ                DATA
 0002:00003330 00000004H .rtc$TAA                DATA
 0002:00003334 00000004H .rtc$TZZ                DATA
 0002:00003338 000032fcH .xdata$x                DATA
 0002:00006634 00000064H .idata$2                DATA
 0002:00006698 00000014H .idata$3                DATA
 0002:000066ac 000001c8H .idata$4                DATA
 0002:00006874 00001342H .idata$6                DATA
 0002:00007bc0 0000008bH .edata                  DATA
 0003:00000000 00000ce0H .data                   DATA
 0003:00000ce0 000003d8H .bss                    DATA

  Address         Publics by Value              Rva+Base       Lib:Object

 0000:00000000       __except_list              00000000     <absolute>
 0000:000000be       ___safe_se_handler_count   000000be     <absolute>
 0000:00009876       __ldused                   00009876     <absolute>
 0000:00009876       __fltused                  00009876     <absolute>
 0000:00000000       ___ImageBase               10000000     <linker-defined>
 0001:00000000       ??CDataAccessor@@QAEPAVDataAccessorImpl@@XZ 10001000 f i DataMerge.obj
 0001:00000010       ??0bad_alloc@std@@QAE@PBD@Z 10001010 f i DataMerge.obj
 0001:00000030       ??1bad_alloc@std@@UAE@XZ   10001030 f i DataMerge.obj
 0001:00000040       ??_Gbad_alloc@std@@UAEPAXI@Z 10001040 f i DataMerge.obj
 0001:00000040       ??_Ebad_alloc@std@@UAEPAXI@Z 10001040 f i DataMerge.obj
 0001:00000070       ??2@YAPAXIPAX@Z            10001070 f i DataMerge.obj
 0001:00000080       ??3@YAXPAX0@Z              10001080 f i DataMerge.obj
 0001:00000090       ??0_Iterator_base@std@@QAE@XZ 10001090 f i DataMerge.obj
 0001:000000a0       ??0logic_error@std@@QAE@ABV?$basic_string@DU?$char_traits@D@std@@V?$allocator@D@2@@1@@Z 100010a0 f i DataMerge.obj
 0001:00000100       ??1logic_error@std@@UAE@XZ 10001100 f i DataMerge.obj
 0001:00000120       ?what@logic_error@std@@UBEPBDXZ 10001120 f i DataMerge.obj
 0001:00000130       ??_Glogic_error@std@@UAEPAXI@Z 10001130 f i DataMerge.obj
 0001:00000130       ??_Elogic_error@std@@UAEPAXI@Z 10001130 f i DataMerge.obj
 0001:00000160       ??0length_error@std@@QAE@ABV?$basic_string@DU?$char_traits@D@std@@V?$allocator@D@2@@1@@Z 10001160 f i DataMerge.obj
 0001:00000180       ??1length_error@std@@UAE@XZ 10001180 f i DataMerge.obj
 0001:000001a0       ??_Glength_error@std@@UAEPAXI@Z 100011a0 f i DataMerge.obj
 0001:000001a0       ??_Elength_error@std@@UAEPAXI@Z 100011a0 f i DataMerge.obj
 0001:000001d0       ??0Args@FactoryAllocator@@QAE@PBD@Z 100011d0 f i DataMerge.obj
 0001:000001f0       ?getColumn@DataAccessorImpl@@QAEPAXXZ 100011f0 f i DataMerge.obj
 0001:00000200       ?updateIfNeeded@DataAccessorImpl@@AAEXXZ 10001200 f i DataMerge.obj
 0001:00000290       ??0logic_error@std@@QAE@ABV01@@Z 10001290 f i DataMerge.obj
 0001:000002f0       ??1Args@MessageObject@@QAE@XZ 100012f0 f i DataMerge.obj
 0001:00000370       ??0PlugInFactory@@QAE@XZ   10001370 f i DataMerge.obj
 0001:00000380       ??0DataMerge@@QAE@XZ       10001380 f   DataMerge.obj
 0001:00000570       ??1DataMerge@@UAE@XZ       10001570 f   DataMerge.obj
 0001:000005e0       ?getWidget@DataMerge@@UBEPAVQWidget@@XZ 100015e0 f   DataMerge.obj
 0001:000005f0       ?dialogClosed@DataMerge@@QAEXXZ 100015f0 f   DataMerge.obj
 0001:00000600       ?serialize@DataMerge@@UBE_NAAVSessionItemSerializer@@@Z 10001600 f   DataMerge.obj
 0001:00000620       ??C?$Service@VApplicationServices@@@@QBEPAVApplicationServices@@XZ 10001620 f i DataMerge.obj
 0001:00000630       ??C?$Service@VModelServices@@@@QBEPAVModelServices@@XZ 10001630 f i DataMerge.obj
 0001:00000640       ?get@?$Resource@VDataRequest@@VFactoryObject@@@@QAEPAVDataRequest@@XZ 10001640 f i DataMerge.obj
 0001:00000650       ??C?$Resource@VDataRequest@@VFactoryObject@@@@QAEPAVDataRequest@@XZ 10001650 f i DataMerge.obj
 0001:00000660       ?release@?$Resource@VDataRequest@@VFactoryObject@@@@QAEPAVDataRequest@@XZ 10001660 f i DataMerge.obj
 0001:00000670       ??0?$EnumWrapper@W4InterleaveFormatTypeEnum@@@@QAE@ABW4InterleaveFormatTypeEnum@@@Z 10001670 f i DataMerge.obj
 0001:00000690       ??0?$EnumWrapper@W4ResultEnum@Message@@@@QAE@ABW4ResultEnum@Message@@@Z 10001690 f i DataMerge.obj
 0001:000006b0       ??C?$Service@VSessionManager@@@@QBEPAVSessionManager@@XZ 100016b0 f i DataMerge.obj
 0001:000006c0       ??C?$Service@VMessageLogMgr@@@@QBEPAVMessageLogMgr@@XZ 100016c0 f i DataMerge.obj
 0001:000006d0       ??B?$EnumWrapper@W4EncodingTypeEnum@@@@QBE?AW4EncodingTypeEnum@@XZ 100016d0 f i DataMerge.obj
 0001:000006e0       ?size@?$vector@PAVDataElement@@V?$allocator@PAVDataElement@@@std@@@std@@QBEIXZ 100016e0 f i DataMerge.obj
 0001:00000700       ??C?$Service@VDesktopServices@@@@QBEPAVDesktopServices@@XZ 10001700 f i DataMerge.obj
 0001:00000710       ??0?$EnumWrapper@W4WindowTypeEnum@@@@QAE@ABW4WindowTypeEnum@@@Z 10001710 f i DataMerge.obj
 0001:00000730       ??0?$EnumWrapper@W4LayerTypeEnum@@@@QAE@ABW4LayerTypeEnum@@@Z 10001730 f i DataMerge.obj
 0001:00000750       ??1Args@FactoryAllocator@@QAE@XZ 10001750 f i DataMerge.obj
 0001:00000760       ??0Args@MessageObject@@QAE@ABU01@@Z 10001760 f i DataMerge.obj
 0001:00000800       ?capacity@?$vector@V?$basic_string@DU?$char_traits@D@std@@V?$allocator@D@2@@std@@V?$allocator@V?$basic_string@DU?$char_traits@D@std@@V?$allocator@D@2@@std@@@2@@std@@QBEIXZ 10001800 f i DataMerge.obj
 0001:00000830       ?size@?$vector@V?$basic_string@DU?$char_traits@D@std@@V?$allocator@D@2@@std@@V?$allocator@V?$basic_string@DU?$char_traits@D@std@@V?$allocator@D@2@@std@@@2@@std@@QBEIXZ 10001830 f i DataMerge.obj
 0001:00000860       ??0?$allocator@V?$basic_string@DU?$char_traits@D@std@@V?$allocator@D@2@@std@@@std@@QAE@XZ 10001860 f i DataMerge.obj
 0001:00000870       ??0?$allocator@V?$basic_string@DU?$char_traits@D@std@@V?$allocator@D@2@@std@@@std@@QAE@ABV01@@Z 10001870 f i DataMerge.obj
 0001:00000880       ?deallocate@?$allocator@V?$basic_string@DU?$char_traits@D@std@@V?$allocator@D@2@@std@@@std@@QAEXPAV?$basic_string@DU?$char_traits@D@std@@V?$allocator@D@2@@2@I@Z 10001880 f i DataMerge.obj
 0001:00000890       ?get@?$Resource@VStep@@VMessageObject@@@@QAEPAVStep@@XZ 10001890 f i DataMerge.obj
 0001:000008a0       ??D?$_Vector_const_iterator@PAVDataElement@@V?$allocator@PAVDataElement@@@std@@@std@@QBEABQAVDataElement@@XZ 100018a0 f i DataMerge.obj
 0001:000008d0       ??E?$_Vector_const_iterator@PAVDataElement@@V?$allocator@PAVDataElement@@@std@@@std@@QAEAAV01@XZ 100018d0 f i DataMerge.obj
 0001:00000900       ??8?$_Vector_const_iterator@PAVDataElement@@V?$allocator@PAVDataElement@@@std@@@std@@QBE_NABV01@@Z 10001900 f i DataMerge.obj
 0001:00000930       ??Bsentry@?$basic_ostream@DU?$char_traits@D@std@@@std@@QBE_NXZ 10001930 f i DataMerge.obj
 0001:00000940       ??0Args@FactoryAllocator@@QAE@ABV01@@Z 10001940 f i DataMerge.obj
 0001:00000960       ?_Xlen@?$vector@V?$basic_string@DU?$char_traits@D@std@@V?$allocator@D@2@@std@@V?$allocator@V?$basic_string@DU?$char_traits@D@std@@V?$allocator@D@2@@std@@@2@@std@@KAXXZ 10001960 f i DataMerge.obj
 0001:000009e0       ??0length_error@std@@QAE@ABV01@@Z 100019e0 f i DataMerge.obj
 0001:00000a00       ?deallocate@?$allocator@PAVDataElement@@@std@@QAEXPAPAVDataElement@@I@Z 10001a00 f i DataMerge.obj
 0001:00000a10       ??0_Sentry_base@?$basic_ostream@DU?$char_traits@D@std@@@std@@QAE@AAV12@@Z 10001a10 f i DataMerge.obj
 0001:00000a40       ??1_Sentry_base@?$basic_ostream@DU?$char_traits@D@std@@@std@@QAE@XZ 10001a40 f i DataMerge.obj
 0001:00000a60       ??0?$_Ranit@PAVDataElement@@HPBQAV1@ABQAV1@@std@@QAE@XZ 10001a60 f i DataMerge.obj
 0001:00000a70       ??0?$_Ranit@V?$basic_string@DU?$char_traits@D@std@@V?$allocator@D@2@@std@@HPBV12@ABV12@@std@@QAE@XZ 10001a70 f i DataMerge.obj
 0001:00000a80       ?max_size@?$allocator@V?$basic_string@DU?$char_traits@D@std@@V?$allocator@D@2@@std@@@std@@QBEIXZ 10001a80 f i DataMerge.obj
 0001:00000a90       ??G?$_Vector_const_iterator@V?$basic_string@DU?$char_traits@D@std@@V?$allocator@D@2@@std@@V?$allocator@V?$basic_string@DU?$char_traits@D@std@@V?$allocator@D@2@@std@@@2@@std@@QBEHABV01@@Z 10001a90 f i DataMerge.obj
 0001:00000ad0       ??Y?$_Vector_const_iterator@V?$basic_string@DU?$char_traits@D@std@@V?$allocator@D@2@@std@@V?$allocator@V?$basic_string@DU?$char_traits@D@std@@V?$allocator@D@2@@std@@@2@@std@@QAEAAV01@H@Z 10001ad0 f i DataMerge.obj
 0001:00000b20       ??$model_cast@PAVRasterElement@@PAVDataElement@@@@YAPAVRasterElement@@PAVDataElement@@@Z 10001b20 f i DataMerge.obj
 0001:00000b90       ??$_Allocate@V?$basic_string@DU?$char_traits@D@std@@V?$allocator@D@2@@std@@@std@@YAPAV?$basic_string@DU?$char_traits@D@std@@V?$allocator@D@2@@0@IPAV10@@Z 10001b90 f i DataMerge.obj
 0001:00000c00       ??0bad_alloc@std@@QAE@ABV01@@Z 10001c00 f i DataMerge.obj
 0001:00000c20       ??$_Iter_random@PAV?$basic_string@DU?$char_traits@D@std@@V?$allocator@D@2@@std@@PAV12@@std@@YA?AUrandom_access_iterator_tag@0@ABQAV?$basic_string@DU?$char_traits@D@std@@V?$allocator@D@2@@0@0@Z 10001c20 f i DataMerge.obj
 0001:00000c30       ??$_Ptr_cat@PAV?$basic_string@DU?$char_traits@D@std@@V?$allocator@D@2@@std@@PAV12@@std@@YA?AU_Nonscalar_ptr_iterator_tag@0@AAPAV?$basic_string@DU?$char_traits@D@std@@V?$allocator@D@2@@0@0@Z 10001c30 f i DataMerge.obj
 0001:00000c40       ??$_Fill@PAV?$basic_string@DU?$char_traits@D@std@@V?$allocator@D@2@@std@@V12@@std@@YAXPAV?$basic_string@DU?$char_traits@D@std@@V?$allocator@D@2@@0@0ABV10@@Z 10001c40 f i DataMerge.obj
 0001:00000c70       ??$_Move_cat@PAV?$basic_string@DU?$char_traits@D@std@@V?$allocator@D@2@@std@@@std@@YA?AU_Swap_move_tag@0@ABQAV?$basic_string@DU?$char_traits@D@std@@V?$allocator@D@2@@0@@Z 10001c70 f i DataMerge.obj
 0001:00000c80       ??$_Ptr_cat@PAPAVDataElement@@PAPAV1@@std@@YA?AU_Scalar_ptr_iterator_tag@0@AAPAPAVDataElement@@0@Z 10001c80 f i DataMerge.obj
 0001:00000c90       ??$_Destroy_range@PAVDataElement@@V?$allocator@PAVDataElement@@@std@@@std@@YAXPAPAVDataElement@@0AAV?$allocator@PAVDataElement@@@0@U_Scalar_ptr_iterator_tag@0@@Z 10001c90 f i DataMerge.obj
 0001:00000ca0       ??$_Checked_base@PAV?$basic_string@DU?$char_traits@D@std@@V?$allocator@D@2@@std@@@std@@YAPAV?$basic_string@DU?$char_traits@D@std@@V?$allocator@D@2@@0@AAPAV10@U_Unchanged_checked_iterator_base_type_tag@0@@Z 10001ca0 f i DataMerge.obj
 0001:00000cb0       ??$_Construct@V?$basic_string@DU?$char_traits@D@std@@V?$allocator@D@2@@std@@V12@@std@@YAXPAV?$basic_string@DU?$char_traits@D@std@@V?$allocator@D@2@@0@ABV10@@Z 10001cb0 f i DataMerge.obj
 0001:00000d00       ??_G?$basic_string@DU?$char_traits@D@std@@V?$allocator@D@2@@std@@QAEPAXI@Z 10001d00 f i DataMerge.obj
 0001:00000d20       ??$swap@DU?$char_traits@D@std@@V?$allocator@D@2@@std@@YAXAAV?$basic_string@DU?$char_traits@D@std@@V?$allocator@D@2@@0@0@Z 10001d20 f i DataMerge.obj
 0001:00000d30       ??_EDataMerge@@WM@AEPAXI@Z 10001d30 f i DataMerge.obj
 0001:00000d40       ??_EDataMerge@@WBA@AEPAXI@Z 10001d40 f i DataMerge.obj
 0001:00000d50       ??_EDataMerge@@W7AEPAXI@Z  10001d50 f i DataMerge.obj
 0001:00000d60       ?getFactory@FactoryAllocator@@IBEPAVObjectFactory@@XZ 10001d60 f i DataMerge.obj
 0001:00000d80       ?obtainResource@FactoryObject@@QBEPAXABVArgs@FactoryAllocator@@@Z 10001d80 f i DataMerge.obj
 0001:00000e10       ?releaseResource@FactoryObject@@QBEXABVArgs@FactoryAllocator@@PAX@Z 10001e10 f i DataMerge.obj
 0001:00000ea0       ?toPixel@DataAccessorImpl@@QAEXHH@Z 10001ea0 f i DataMerge.obj
 0001:00000ed0       ??0Args@MessageObject@@QAE@V?$basic_string@DU?$char_traits@D@std@@V?$allocator@D@2@@std@@0000_N@Z 10001ed0 f i DataMerge.obj
 0001:00001020       ?obtainResource@MessageObject@@QBEPAVMessage@@ABUArgs@1@@Z 10002020 f i DataMerge.obj
 0001:00001090       ?releaseResource@MessageObject@@QBEXABUArgs@1@PAVMessage@@@Z 10002090 f i DataMerge.obj
 0001:000010d0       ??_EDataMerge@@UAEPAXI@Z   100020d0 f i DataMerge.obj
 0001:000010d0       ??_GDataMerge@@UAEPAXI@Z   100020d0 f i DataMerge.obj
 0001:000010f0       ??0?$Resource@VStep@@VMessageObject@@@@QAE@ABUArgs@MessageObject@@@Z 100020f0 f i DataMerge.obj
 0001:00001160       ??C?$Resource@VStep@@VMessageObject@@@@QAEPAVStep@@XZ 10002160 f i DataMerge.obj
 0001:00001170       ??D?$_Vector_iterator@PAVDataElement@@V?$allocator@PAVDataElement@@@std@@@std@@QBEAAPAVDataElement@@XZ 10002170 f i DataMerge.obj
 0001:000011a0       ??E?$_Vector_iterator@PAVDataElement@@V?$allocator@PAVDataElement@@@std@@@std@@QAEAAV01@XZ 100021a0 f i DataMerge.obj
 0001:000011d0       ??9?$_Vector_const_iterator@PAVDataElement@@V?$allocator@PAVDataElement@@@std@@@std@@QBE_NABV01@@Z 100021d0 f i DataMerge.obj
 0001:00001200       ??0?$_Vector_val@V?$basic_string@DU?$char_traits@D@std@@V?$allocator@D@2@@std@@V?$allocator@V?$basic_string@DU?$char_traits@D@std@@V?$allocator@D@2@@std@@@2@@std@@IAE@V?$allocator@V?$basic_string@DU?$char_traits@D@std@@V?$allocator@D@2@@std@@@1@@Z 10002200 f i DataMerge.obj
 0001:00001210       ??0?$Resource@VDataRequest@@VFactoryObject@@@@QAE@ABVArgs@FactoryAllocator@@@Z 10002210 f i DataMerge.obj
 0001:00001270       ?destroyIfOwned@?$Resource@VDataRequest@@VFactoryObject@@@@IAEXXZ 10002270 f i DataMerge.obj
 0001:000012a0       ?destroyIfOwned@?$Resource@VStep@@VMessageObject@@@@IAEXXZ 100022a0 f i DataMerge.obj
 0001:000012f0       ??0sentry@?$basic_ostream@DU?$char_traits@D@std@@@std@@QAE@AAV12@@Z 100022f0 f i DataMerge.obj
 0001:00001380       ??1sentry@?$basic_ostream@DU?$char_traits@D@std@@@std@@QAE@XZ 10002380 f i DataMerge.obj
 0001:000013f0       ?max_size@?$vector@V?$basic_string@DU?$char_traits@D@std@@V?$allocator@D@2@@std@@V?$allocator@V?$basic_string@DU?$char_traits@D@std@@V?$allocator@D@2@@std@@@2@@std@@QBEIXZ 100023f0 f i DataMerge.obj
 0001:00001400       ?allocate@?$allocator@V?$basic_string@DU?$char_traits@D@std@@V?$allocator@D@2@@std@@@std@@QAEPAV?$basic_string@DU?$char_traits@D@std@@V?$allocator@D@2@@2@I@Z 10002400 f i DataMerge.obj
 0001:00001420       ??0?$_Vector_const_iterator@PAVDataElement@@V?$allocator@PAVDataElement@@@std@@@std@@QAE@PAPAVDataElement@@PBU_Container_base@1@@Z 10002420 f i DataMerge.obj
 0001:00001460       ??0?$_Vector_const_iterator@V?$basic_string@DU?$char_traits@D@std@@V?$allocator@D@2@@std@@V?$allocator@V?$basic_string@DU?$char_traits@D@std@@V?$allocator@D@2@@std@@@2@@std@@QAE@PAV?$basic_string@DU?$char_traits@D@std@@V?$allocator@D@2@@1@PBU_Container_base@1@@Z 10002460 f i DataMerge.obj
 0001:000014a0       ??0?$_Vector_iterator@V?$basic_string@DU?$char_traits@D@std@@V?$allocator@D@2@@std@@V?$allocator@V?$basic_string@DU?$char_traits@D@std@@V?$allocator@D@2@@std@@@2@@std@@QAE@PAV?$basic_string@DU?$char_traits@D@std@@V?$allocator@D@2@@1@PBU_Container_base@1@@Z 100024a0 f i DataMerge.obj
 0001:000014e0       ??G?$_Vector_iterator@V?$basic_string@DU?$char_traits@D@std@@V?$allocator@D@2@@std@@V?$allocator@V?$basic_string@DU?$char_traits@D@std@@V?$allocator@D@2@@std@@@2@@std@@QBEHABV?$_Vector_const_iterator@V?$basic_string@DU?$char_traits@D@std@@V?$allocator@D@2@@std@@V?$allocator@V?$basic_string@DU?$char_traits@D@std@@V?$allocator@D@2@@std@@@2@@1@@Z 100024e0 f i DataMerge.obj
 0001:00001520       ??Y?$_Vector_iterator@V?$basic_string@DU?$char_traits@D@std@@V?$allocator@D@2@@std@@V?$allocator@V?$basic_string@DU?$char_traits@D@std@@V?$allocator@D@2@@std@@@2@@std@@QAEAAV01@H@Z 10002520 f i DataMerge.obj
 0001:00001570       ??$_Destroy_range@PAVDataElement@@V?$allocator@PAVDataElement@@@std@@@std@@YAXPAPAVDataElement@@0AAV?$allocator@PAVDataElement@@@0@@Z 10002570 f i DataMerge.obj
 0001:00001580       ??$?6U?$char_traits@D@std@@@std@@YAAAV?$basic_ostream@DU?$char_traits@D@std@@@0@AAV10@PBD@Z 10002580 f i DataMerge.obj
 0001:00001740       ??$_Checked_base@PAV?$basic_string@DU?$char_traits@D@std@@V?$allocator@D@2@@std@@@std@@YAPAV?$basic_string@DU?$char_traits@D@std@@V?$allocator@D@2@@0@AAPAV10@@Z 10002740 f i DataMerge.obj
 0001:00001750       ?construct@?$allocator@V?$basic_string@DU?$char_traits@D@std@@V?$allocator@D@2@@std@@@std@@QAEXPAV?$basic_string@DU?$char_traits@D@std@@V?$allocator@D@2@@2@ABV32@@Z 10002750 f i DataMerge.obj
 0001:000017a0       ??$?6U?$char_traits@D@std@@@std@@YAAAV?$basic_ostream@DU?$char_traits@D@std@@@0@AAV10@D@Z 100027a0 f i DataMerge.obj
 0001:00001940       ??$_Move_backward_opt@PAV?$basic_string@DU?$char_traits@D@std@@V?$allocator@D@2@@std@@PAV12@Uforward_iterator_tag@2@@std@@YAPAV?$basic_string@DU?$char_traits@D@std@@V?$allocator@D@2@@0@PAV10@00Uforward_iterator_tag@0@U_Swap_move_tag@0@U_Range_checked_iterator_tag@0@@Z 10002940 f i DataMerge.obj
 0001:00001980       ??$_Destroy@V?$basic_string@DU?$char_traits@D@std@@V?$allocator@D@2@@std@@@std@@YAXPAV?$basic_string@DU?$char_traits@D@std@@V?$allocator@D@2@@0@@Z 10002980 f i DataMerge.obj
 0001:00001990       ??1?$Resource@VDataRequest@@VFactoryObject@@@@UAE@XZ 10002990 f i DataMerge.obj
 0001:00001a10       ??1?$Resource@VStep@@VMessageObject@@@@UAE@XZ 10002a10 f i DataMerge.obj
 0001:00001a60       ??_G?$Resource@VDataRequest@@VFactoryObject@@@@UAEPAXI@Z 10002a60 f i DataMerge.obj
 0001:00001a60       ??_E?$Resource@VDataRequest@@VFactoryObject@@@@UAEPAXI@Z 10002a60 f i DataMerge.obj
 0001:00001a80       ??_E?$Resource@VStep@@VMessageObject@@@@UAEPAXI@Z 10002a80 f i DataMerge.obj
 0001:00001a80       ??_G?$Resource@VStep@@VMessageObject@@@@UAEPAXI@Z 10002a80 f i DataMerge.obj
 0001:00001aa0       ?end@?$vector@V?$basic_string@DU?$char_traits@D@std@@V?$allocator@D@2@@std@@V?$allocator@V?$basic_string@DU?$char_traits@D@std@@V?$allocator@D@2@@std@@@2@@std@@QAE?AV?$_Vector_iterator@V?$basic_string@DU?$char_traits@D@std@@V?$allocator@D@2@@std@@V?$allocator@V?$basic_string@DU?$char_traits@D@std@@V?$allocator@D@2@@std@@@2@@2@XZ 10002aa0 f i DataMerge.obj
 0001:00001ad0       ?_Buy@?$vector@V?$basic_string@DU?$char_traits@D@std@@V?$allocator@D@2@@std@@V?$allocator@V?$basic_string@DU?$char_traits@D@std@@V?$allocator@D@2@@std@@@2@@std@@IAE_NI@Z 10002ad0 f i DataMerge.obj
 0001:00001b30       ??0?$_Vector_iterator@PAVDataElement@@V?$allocator@PAVDataElement@@@std@@@std@@QAE@PAPAVDataElement@@PBU_Container_base@1@@Z 10002b30 f i DataMerge.obj
 0001:00001b70       ?begin@?$vector@V?$basic_string@DU?$char_traits@D@std@@V?$allocator@D@2@@std@@V?$allocator@V?$basic_string@DU?$char_traits@D@std@@V?$allocator@D@2@@std@@@2@@std@@QAE?AV?$_Vector_iterator@V?$basic_string@DU?$char_traits@D@std@@V?$allocator@D@2@@std@@V?$allocator@V?$basic_string@DU?$char_traits@D@std@@V?$allocator@D@2@@std@@@2@@2@XZ 10002b70 f i DataMerge.obj
 0001:00001ba0       ?_Destroy@?$vector@PAVDataElement@@V?$allocator@PAVDataElement@@@std@@@std@@IAEXPAPAVDataElement@@0@Z 10002ba0 f i DataMerge.obj
 0001:00001bb0       ??H?$_Vector_iterator@V?$basic_string@DU?$char_traits@D@std@@V?$allocator@D@2@@std@@V?$allocator@V?$basic_string@DU?$char_traits@D@std@@V?$allocator@D@2@@std@@@2@@std@@QBE?AV01@H@Z 10002bb0 f i DataMerge.obj
 0001:00001bf0       ??$mergeElement@G@?A0xe9836fa4@@YA_NPAGHHVDataAccessor@@1H@Z 10002bf0 f i DataMerge.obj
 0001:00001db0       ??$mergeElement@F@?A0xe9836fa4@@YA_NPAFHHVDataAccessor@@1H@Z 10002db0 f i DataMerge.obj
 0001:00001f70       ??$mergeElement@I@?A0xe9836fa4@@YA_NPAIHHVDataAccessor@@1H@Z 10002f70 f i DataMerge.obj
 0001:00002130       ??$mergeElement@H@?A0xe9836fa4@@YA_NPAHHHVDataAccessor@@1H@Z 10003130 f i DataMerge.obj
 0001:000022f0       ??$mergeElement@M@?A0xe9836fa4@@YA_NPAMHHVDataAccessor@@1H@Z 100032f0 f i DataMerge.obj
 0001:000024c0       ??$mergeElement@N@?A0xe9836fa4@@YA_NPANHHVDataAccessor@@1H@Z 100034c0 f i DataMerge.obj
 0001:00002680       ??$fill@PAV?$basic_string@DU?$char_traits@D@std@@V?$allocator@D@2@@std@@V12@@std@@YAXPAV?$basic_string@DU?$char_traits@D@std@@V?$allocator@D@2@@0@0ABV10@@Z 10003680 f i DataMerge.obj
 0001:000026b0       ??$?6U?$char_traits@D@std@@@std@@YAAAV?$basic_ostream@DU?$char_traits@D@std@@@0@AAV10@E@Z 100036b0 f i DataMerge.obj
 0001:000026c0       ??$?6U?$char_traits@D@std@@@std@@YAAAV?$basic_ostream@DU?$char_traits@D@std@@@0@AAV10@C@Z 100036c0 f i DataMerge.obj
 0001:000026d0       ??$_Move_backward_opt@PAV?$basic_string@DU?$char_traits@D@std@@V?$allocator@D@2@@std@@PAV12@@std@@YAPAV?$basic_string@DU?$char_traits@D@std@@V?$allocator@D@2@@0@PAV10@00Urandom_access_iterator_tag@0@U_Swap_move_tag@0@U_Range_checked_iterator_tag@0@@Z 100036d0 f i DataMerge.obj
 0001:00002730       ?destroy@?$allocator@V?$basic_string@DU?$char_traits@D@std@@V?$allocator@D@2@@std@@@std@@QAEXPAV?$basic_string@DU?$char_traits@D@std@@V?$allocator@D@2@@2@@Z 10003730 f i DataMerge.obj
 0001:00002740       ??$_Uninit_move@PAV?$basic_string@DU?$char_traits@D@std@@V?$allocator@D@2@@std@@PAV12@V?$allocator@V?$basic_string@DU?$char_traits@D@std@@V?$allocator@D@2@@std@@@2@@std@@YAPAV?$basic_string@DU?$char_traits@D@std@@V?$allocator@D@2@@0@PAV10@00AAV?$allocator@V?$basic_string@DU?$char_traits@D@std@@V?$allocator@D@2@@std@@@0@U_Swap_move_tag@0@U_Range_checked_iterator_tag@0@@Z 10003740 f i DataMerge.obj
 0001:00002800       ??1?$FactoryResource@VDataRequest@@@@UAE@XZ 10003800 f i DataMerge.obj
 0001:00002810       ??0StepResource@@QAE@V?$basic_string@DU?$char_traits@D@std@@V?$allocator@D@2@@std@@0000@Z 10003810 f i DataMerge.obj
 0001:000029a0       ??1StepResource@@UAE@XZ    100039a0 f i DataMerge.obj
 0001:000029b0       ??0?$vector@V?$basic_string@DU?$char_traits@D@std@@V?$allocator@D@2@@std@@V?$allocator@V?$basic_string@DU?$char_traits@D@std@@V?$allocator@D@2@@std@@@2@@std@@QAE@XZ 100039b0 f i DataMerge.obj
 0001:000029c0       ??0?$FactoryResource@VDataRequest@@@@QAE@XZ 100039c0 f i DataMerge.obj
 0001:00002a30       ?begin@?$vector@PAVDataElement@@V?$allocator@PAVDataElement@@@std@@@std@@QAE?AV?$_Vector_iterator@PAVDataElement@@V?$allocator@PAVDataElement@@@std@@@2@XZ 10003a30 f i DataMerge.obj
 0001:00002a60       ?end@?$vector@PAVDataElement@@V?$allocator@PAVDataElement@@@std@@@std@@QAE?AV?$_Vector_iterator@PAVDataElement@@V?$allocator@PAVDataElement@@@std@@@2@XZ 10003a60 f i DataMerge.obj
 0001:00002a90       ??_G?$FactoryResource@VDataRequest@@@@UAEPAXI@Z 10003a90 f i DataMerge.obj
 0001:00002a90       ??_E?$FactoryResource@VDataRequest@@@@UAEPAXI@Z 10003a90 f i DataMerge.obj
 0001:00002ab0       ?_Tidy@?$vector@PAVDataElement@@V?$allocator@PAVDataElement@@@std@@@std@@IAEXXZ 10003ab0 f i DataMerge.obj
 0001:00002ae0       ??$mergeElement@E@?A0xe9836fa4@@YA_NPAEHHVDataAccessor@@1H@Z 10003ae0 f i DataMerge.obj
 0001:00002ca0       ??$mergeElement@C@?A0xe9836fa4@@YA_NPACHHVDataAccessor@@1H@Z 10003ca0 f i DataMerge.obj
 0001:00002e60       ??$_Unchecked_move_backward@PAV?$basic_string@DU?$char_traits@D@std@@V?$allocator@D@2@@std@@PAV12@@stdext@@YAPAV?$basic_string@DU?$char_traits@D@std@@V?$allocator@D@2@@std@@PAV12@00@Z 10003e60 f i DataMerge.obj
 0001:00002e90       ??$_Destroy_range@V?$basic_string@DU?$char_traits@D@std@@V?$allocator@D@2@@std@@V?$allocator@V?$basic_string@DU?$char_traits@D@std@@V?$allocator@D@2@@std@@@2@@std@@YAXPAV?$basic_string@DU?$char_traits@D@std@@V?$allocator@D@2@@0@0AAV?$allocator@V?$basic_string@DU?$char_traits@D@std@@V?$allocator@D@2@@std@@@0@U_Nonscalar_ptr_iterator_tag@0@@Z 10003e90 f i DataMerge.obj
 0001:00002ec0       ??$_Uninit_fill_n@PAV?$basic_string@DU?$char_traits@D@std@@V?$allocator@D@2@@std@@IV12@V?$allocator@V?$basic_string@DU?$char_traits@D@std@@V?$allocator@D@2@@std@@@2@@std@@YAXPAV?$basic_string@DU?$char_traits@D@std@@V?$allocator@D@2@@0@IABV10@AAV?$allocator@V?$basic_string@DU?$char_traits@D@std@@V?$allocator@D@2@@std@@@0@U_Nonscalar_ptr_iterator_tag@0@U_Range_checked_iterator_tag@0@@Z 10003ec0 f i DataMerge.obj
 0001:00002f50       ??$_Unchecked_uninitialized_move@PAV?$basic_string@DU?$char_traits@D@std@@V?$allocator@D@2@@std@@PAV12@V?$allocator@V?$basic_string@DU?$char_traits@D@std@@V?$allocator@D@2@@std@@@2@@stdext@@YAPAV?$basic_string@DU?$char_traits@D@std@@V?$allocator@D@2@@std@@PAV12@00AAV?$allocator@V?$basic_string@DU?$char_traits@D@std@@V?$allocator@D@2@@std@@@2@@Z 10003f50 f i DataMerge.obj
 0001:00002f80       ??_GStepResource@@UAEPAXI@Z 10003f80 f i DataMerge.obj
 0001:00002f80       ??_EStepResource@@UAEPAXI@Z 10003f80 f i DataMerge.obj
 0001:00002fa0       ??1?$vector@PAVDataElement@@V?$allocator@PAVDataElement@@@std@@@std@@QAE@XZ 10003fa0 f i DataMerge.obj
 0001:00002fd0       ??$_Destroy_range@V?$basic_string@DU?$char_traits@D@std@@V?$allocator@D@2@@std@@V?$allocator@V?$basic_string@DU?$char_traits@D@std@@V?$allocator@D@2@@std@@@2@@std@@YAXPAV?$basic_string@DU?$char_traits@D@std@@V?$allocator@D@2@@0@0AAV?$allocator@V?$basic_string@DU?$char_traits@D@std@@V?$allocator@D@2@@std@@@0@@Z 10003fd0 f i DataMerge.obj
 0001:00003000       ??$unchecked_uninitialized_fill_n@PAV?$basic_string@DU?$char_traits@D@std@@V?$allocator@D@2@@std@@IV12@V?$allocator@V?$basic_string@DU?$char_traits@D@std@@V?$allocator@D@2@@std@@@2@@stdext@@YAXPAV?$basic_string@DU?$char_traits@D@std@@V?$allocator@D@2@@std@@IABV12@AAV?$allocator@V?$basic_string@DU?$char_traits@D@std@@V?$allocator@D@2@@std@@@2@@Z 10004000 f i DataMerge.obj
 0001:00003030       ??$_Umove@PAV?$basic_string@DU?$char_traits@D@std@@V?$allocator@D@2@@std@@@?$vector@V?$basic_string@DU?$char_traits@D@std@@V?$allocator@D@2@@std@@V?$allocator@V?$basic_string@DU?$char_traits@D@std@@V?$allocator@D@2@@std@@@2@@std@@IAEPAV?$basic_string@DU?$char_traits@D@std@@V?$allocator@D@2@@1@PAV21@00@Z 10004030 f i DataMerge.obj
 0001:00003060       ?showGui@DataMerge@@AAE_NXZ 10004060 f   DataMerge.obj
 0001:00004040       ?execute@DataMerge@@UAE_NPAVPlugInArgList@@0@Z 10005040 f   DataMerge.obj
 0001:00004050       ?deserialize@DataMerge@@UAE_NAAVSessionItemDeserializer@@@Z 10005050 f   DataMerge.obj
 0001:00004060       ?_Destroy@?$vector@V?$basic_string@DU?$char_traits@D@std@@V?$allocator@D@2@@std@@V?$allocator@V?$basic_string@DU?$char_traits@D@std@@V?$allocator@D@2@@std@@@2@@std@@IAEXPAV?$basic_string@DU?$char_traits@D@std@@V?$allocator@D@2@@2@0@Z 10005060 f i DataMerge.obj
 0001:00004090       ?_Tidy@?$vector@V?$basic_string@DU?$char_traits@D@std@@V?$allocator@D@2@@std@@V?$allocator@V?$basic_string@DU?$char_traits@D@std@@V?$allocator@D@2@@std@@@2@@std@@IAEXXZ 10005090 f i DataMerge.obj
 0001:000040e0       ?_Ufill@?$vector@V?$basic_string@DU?$char_traits@D@std@@V?$allocator@D@2@@std@@V?$allocator@V?$basic_string@DU?$char_traits@D@std@@V?$allocator@D@2@@std@@@2@@std@@IAEPAV?$basic_string@DU?$char_traits@D@std@@V?$allocator@D@2@@2@PAV32@IABV32@@Z 100050e0 f i DataMerge.obj
 0001:00004120       ?_Insert_n@?$vector@V?$basic_string@DU?$char_traits@D@std@@V?$allocator@D@2@@std@@V?$allocator@V?$basic_string@DU?$char_traits@D@std@@V?$allocator@D@2@@std@@@2@@std@@IAEXV?$_Vector_iterator@V?$basic_string@DU?$char_traits@D@std@@V?$allocator@D@2@@std@@V?$allocator@V?$basic_string@DU?$char_traits@D@std@@V?$allocator@D@2@@std@@@2@@2@IABV?$basic_string@DU?$char_traits@D@std@@V?$allocator@D@2@@2@@Z 10005120 f i DataMerge.obj
 0001:00004440       ??1?$vector@V?$basic_string@DU?$char_traits@D@std@@V?$allocator@D@2@@std@@V?$allocator@V?$basic_string@DU?$char_traits@D@std@@V?$allocator@D@2@@std@@@2@@std@@QAE@XZ 10005440 f i DataMerge.obj
 0001:00004450       ?insert@?$vector@V?$basic_string@DU?$char_traits@D@std@@V?$allocator@D@2@@std@@V?$allocator@V?$basic_string@DU?$char_traits@D@std@@V?$allocator@D@2@@std@@@2@@std@@QAE?AV?$_Vector_iterator@V?$basic_string@DU?$char_traits@D@std@@V?$allocator@D@2@@std@@V?$allocator@V?$basic_string@DU?$char_traits@D@std@@V?$allocator@D@2@@std@@@2@@2@V32@ABV?$basic_string@DU?$char_traits@D@std@@V?$allocator@D@2@@2@@Z 10005450 f i DataMerge.obj
 0001:00004510       ??1BasicPlugInFactory@@QAE@XZ 10005510 f i DataMerge.obj
 0001:00004520       ??1DataMergePlugInFactory@SpectralDataMerge@@QAE@XZ 10005520 f i DataMerge.obj
 0001:00004530       ?push_back@?$vector@V?$basic_string@DU?$char_traits@D@std@@V?$allocator@D@2@@std@@V?$allocator@V?$basic_string@DU?$char_traits@D@std@@V?$allocator@D@2@@std@@@2@@std@@QAEXABV?$basic_string@DU?$char_traits@D@std@@V?$allocator@D@2@@2@@Z 10005530 f i DataMerge.obj
 0001:000045e0       ?addPlugInName@BasicPlugInFactory@@AAEXV?$basic_string@DU?$char_traits@D@std@@V?$allocator@D@2@@std@@@Z 100055e0 f i DataMerge.obj
 0001:00004630       ??0BasicPlugInFactory@@QAE@ABV?$basic_string@DU?$char_traits@D@std@@V?$allocator@D@2@@std@@@Z 10005630 f i DataMerge.obj
 0001:000046b0       ??$_Ptr_cat@V?$_Vector_const_iterator@V?$basic_string@DU?$char_traits@D@std@@V?$allocator@D@2@@std@@V?$allocator@V?$basic_string@DU?$char_traits@D@std@@V?$allocator@D@2@@std@@@2@@std@@PAV?$basic_string@DU?$char_traits@D@std@@V?$allocator@D@2@@2@@std@@YA?AU_Nonscalar_ptr_iterator_tag@0@AAV?$_Vector_const_iterator@V?$basic_string@DU?$char_traits@D@std@@V?$allocator@D@2@@std@@V?$allocator@V?$basic_string@DU?$char_traits@D@std@@V?$allocator@D@2@@std@@@2@@0@AAPAV?$basic_string@DU?$char_traits@D@std@@V?$allocator@D@2@@0@@Z 100056b0 f i DataMerge.obj
 0001:000046c0       ?_Checked_iterator_base@?$_Vector_const_iterator@V?$basic_string@DU?$char_traits@D@std@@V?$allocator@D@2@@std@@V?$allocator@V?$basic_string@DU?$char_traits@D@std@@V?$allocator@D@2@@std@@@2@@std@@QBEPBV?$basic_string@DU?$char_traits@D@std@@V?$allocator@D@2@@2@XZ 100056c0 f i DataMerge.obj
 0001:000046d0       ??$_Checked_base@V?$_Vector_const_iterator@V?$basic_string@DU?$char_traits@D@std@@V?$allocator@D@2@@std@@V?$allocator@V?$basic_string@DU?$char_traits@D@std@@V?$allocator@D@2@@std@@@2@@std@@U_Different_checked_iterator_base_type_tag@2@@std@@YAPBV?$basic_string@DU?$char_traits@D@std@@V?$allocator@D@2@@0@AAV?$_Vector_const_iterator@V?$basic_string@DU?$char_traits@D@std@@V?$allocator@D@2@@std@@V?$allocator@V?$basic_string@DU?$char_traits@D@std@@V?$allocator@D@2@@std@@@2@@0@U_Different_checked_iterator_base_type_tag@0@@Z 100056d0 f i DataMerge.obj
 0001:000046e0       ?begin@?$vector@V?$basic_string@DU?$char_traits@D@std@@V?$allocator@D@2@@std@@V?$allocator@V?$basic_string@DU?$char_traits@D@std@@V?$allocator@D@2@@std@@@2@@std@@QBE?AV?$_Vector_const_iterator@V?$basic_string@DU?$char_traits@D@std@@V?$allocator@D@2@@std@@V?$allocator@V?$basic_string@DU?$char_traits@D@std@@V?$allocator@D@2@@std@@@2@@2@XZ 100056e0 f i DataMerge.obj
 0001:00004710       ?end@?$vector@V?$basic_string@DU?$char_traits@D@std@@V?$allocator@D@2@@std@@V?$allocator@V?$basic_string@DU?$char_traits@D@std@@V?$allocator@D@2@@std@@@2@@std@@QBE?AV?$_Vector_const_iterator@V?$basic_string@DU?$char_traits@D@std@@V?$allocator@D@2@@std@@V?$allocator@V?$basic_string@DU?$char_traits@D@std@@V?$allocator@D@2@@std@@@2@@2@XZ 10005710 f i DataMerge.obj
 0001:00004740       ??$_Checked_base@V?$_Vector_const_iterator@V?$basic_string@DU?$char_traits@D@std@@V?$allocator@D@2@@std@@V?$allocator@V?$basic_string@DU?$char_traits@D@std@@V?$allocator@D@2@@std@@@2@@std@@@std@@YAPBV?$basic_string@DU?$char_traits@D@std@@V?$allocator@D@2@@0@AAV?$_Vector_const_iterator@V?$basic_string@DU?$char_traits@D@std@@V?$allocator@D@2@@std@@V?$allocator@V?$basic_string@DU?$char_traits@D@std@@V?$allocator@D@2@@std@@@2@@0@@Z 10005740 f i DataMerge.obj
 0001:00004750       ??$_Uninit_copy@PBV?$basic_string@DU?$char_traits@D@std@@V?$allocator@D@2@@std@@PAV12@V?$allocator@V?$basic_string@DU?$char_traits@D@std@@V?$allocator@D@2@@std@@@2@@std@@YAPAV?$basic_string@DU?$char_traits@D@std@@V?$allocator@D@2@@0@PBV10@0PAV10@AAV?$allocator@V?$basic_string@DU?$char_traits@D@std@@V?$allocator@D@2@@std@@@0@U_Nonscalar_ptr_iterator_tag@0@U_Range_checked_iterator_tag@0@@Z 10005750 f i DataMerge.obj
 0001:000047e0       ??$unchecked_uninitialized_copy@V?$_Vector_const_iterator@V?$basic_string@DU?$char_traits@D@std@@V?$allocator@D@2@@std@@V?$allocator@V?$basic_string@DU?$char_traits@D@std@@V?$allocator@D@2@@std@@@2@@std@@PAV?$basic_string@DU?$char_traits@D@std@@V?$allocator@D@2@@2@V?$allocator@V?$basic_string@DU?$char_traits@D@std@@V?$allocator@D@2@@std@@@2@@stdext@@YAPAV?$basic_string@DU?$char_traits@D@std@@V?$allocator@D@2@@std@@V?$_Vector_const_iterator@V?$basic_string@DU?$char_traits@D@std@@V?$allocator@D@2@@std@@V?$allocator@V?$basic_string@DU?$char_traits@D@std@@V?$allocator@D@2@@std@@@2@@2@0PAV12@AAV?$allocator@V?$basic_string@DU?$char_traits@D@std@@V?$allocator@D@2@@std@@@2@@Z 100057e0 f i DataMerge.obj
 0001:00004810       ??$_Ucopy@V?$_Vector_const_iterator@V?$basic_string@DU?$char_traits@D@std@@V?$allocator@D@2@@std@@V?$allocator@V?$basic_string@DU?$char_traits@D@std@@V?$allocator@D@2@@std@@@2@@std@@@?$vector@V?$basic_string@DU?$char_traits@D@std@@V?$allocator@D@2@@std@@V?$allocator@V?$basic_string@DU?$char_traits@D@std@@V?$allocator@D@2@@std@@@2@@std@@IAEPAV?$basic_string@DU?$char_traits@D@std@@V?$allocator@D@2@@1@V?$_Vector_const_iterator@V?$basic_string@DU?$char_traits@D@std@@V?$allocator@D@2@@std@@V?$allocator@V?$basic_string@DU?$char_traits@D@std@@V?$allocator@D@2@@std@@@2@@1@0PAV21@@Z 10005810 f i DataMerge.obj
 0001:00004840       ??0?$vector@V?$basic_string@DU?$char_traits@D@std@@V?$allocator@D@2@@std@@V?$allocator@V?$basic_string@DU?$char_traits@D@std@@V?$allocator@D@2@@std@@@2@@std@@QAE@ABV01@@Z 10005840 f i DataMerge.obj
 0001:00004910       ?getPlugInNames@BasicPlugInFactory@@UAE?AV?$vector@V?$basic_string@DU?$char_traits@D@std@@V?$allocator@D@2@@std@@V?$allocator@V?$basic_string@DU?$char_traits@D@std@@V?$allocator@D@2@@std@@@2@@std@@XZ 10005910 f i DataMerge.obj
 0001:00004930       ??0DataMergePlugInFactory@SpectralDataMerge@@QAE@ABV?$basic_string@DU?$char_traits@D@std@@V?$allocator@D@2@@std@@@Z 10005930 f i DataMerge.obj
 0001:00004990       ?createPlugIn@DataMergePlugInFactory@SpectralDataMerge@@UAEPAVPlugIn@@ABV?$basic_string@DU?$char_traits@D@std@@V?$allocator@D@2@@std@@@Z 10005990 f i DataMerge.obj
 0001:00004a00       ??1?$pair@V?$basic_string@DU?$char_traits@D@std@@V?$allocator@D@2@@std@@PAVPlugInFactory@@@std@@QAE@XZ 10005a00 f i ModuleManager.obj
 0001:00004a10       ?setService@ModuleManager@@QAEXPAVExternal@@@Z 10005a10 f i ModuleManager.obj
 0001:00004a20       _opticks_get_module_descriptor 10005a20 f   ModuleManager.obj
 0001:00004a30       ?getTotalPlugIns@ModuleManager@@SAIXZ 10005a30 f   ModuleManager.obj
 0001:00004a40       ?getPlugIn@ModuleManager@@QAEPAVPlugIn@@I@Z 10005a40 f   ModuleManager.obj
 0001:00004a50       ?size@?$vector@U?$pair@V?$basic_string@DU?$char_traits@D@std@@V?$allocator@D@2@@std@@PAVPlugInFactory@@@std@@V?$allocator@U?$pair@V?$basic_string@DU?$char_traits@D@std@@V?$allocator@D@2@@std@@PAVPlugInFactory@@@std@@@2@@std@@QBEIXZ 10005a50 f i ModuleManager.obj
 0001:00004a70       ??A?$vector@U?$pair@V?$basic_string@DU?$char_traits@D@std@@V?$allocator@D@2@@std@@PAVPlugInFactory@@@std@@V?$allocator@U?$pair@V?$basic_string@DU?$char_traits@D@std@@V?$allocator@D@2@@std@@PAVPlugInFactory@@@std@@@2@@std@@QAEAAU?$pair@V?$basic_string@DU?$char_traits@D@std@@V?$allocator@D@2@@std@@PAVPlugInFactory@@@1@I@Z 10005a70 f i ModuleManager.obj
 0001:00004aa0       ?capacity@?$vector@U?$pair@V?$basic_string@DU?$char_traits@D@std@@V?$allocator@D@2@@std@@PAVPlugInFactory@@@std@@V?$allocator@U?$pair@V?$basic_string@DU?$char_traits@D@std@@V?$allocator@D@2@@std@@PAVPlugInFactory@@@std@@@2@@std@@QBEIXZ 10005aa0 f i ModuleManager.obj
 0001:00004ac0       ??0?$allocator@U?$pair@V?$basic_string@DU?$char_traits@D@std@@V?$allocator@D@2@@std@@PAVPlugInFactory@@@std@@@std@@QAE@XZ 10005ac0 f i ModuleManager.obj
 0001:00004ad0       ??D?$_Vector_const_iterator@V?$basic_string@DU?$char_traits@D@std@@V?$allocator@D@2@@std@@V?$allocator@V?$basic_string@DU?$char_traits@D@std@@V?$allocator@D@2@@std@@@2@@std@@QBEABV?$basic_string@DU?$char_traits@D@std@@V?$allocator@D@2@@1@XZ 10005ad0 f i ModuleManager.obj
 0001:00004b00       ??E?$_Vector_const_iterator@V?$basic_string@DU?$char_traits@D@std@@V?$allocator@D@2@@std@@V?$allocator@V?$basic_string@DU?$char_traits@D@std@@V?$allocator@D@2@@std@@@2@@std@@QAEAAV01@XZ 10005b00 f i ModuleManager.obj
 0001:00004b30       ??8?$_Vector_const_iterator@V?$basic_string@DU?$char_traits@D@std@@V?$allocator@D@2@@std@@V?$allocator@V?$basic_string@DU?$char_traits@D@std@@V?$allocator@D@2@@std@@@2@@std@@QBE_NABV01@@Z 10005b30 f i ModuleManager.obj
 0001:00004b60       ?_Xlen@?$vector@U?$pair@V?$basic_string@DU?$char_traits@D@std@@V?$allocator@D@2@@std@@PAVPlugInFactory@@@std@@V?$allocator@U?$pair@V?$basic_string@DU?$char_traits@D@std@@V?$allocator@D@2@@std@@PAVPlugInFactory@@@std@@@2@@std@@KAXXZ 10005b60 f i ModuleManager.obj
 0001:00004be0       ??0?$allocator@U?$pair@V?$basic_string@DU?$char_traits@D@std@@V?$allocator@D@2@@std@@PAVPlugInFactory@@@std@@@std@@QAE@ABV01@@Z 10005be0 f i ModuleManager.obj
 0001:00004bf0       ?deallocate@?$allocator@U?$pair@V?$basic_string@DU?$char_traits@D@std@@V?$allocator@D@2@@std@@PAVPlugInFactory@@@std@@@std@@QAEXPAU?$pair@V?$basic_string@DU?$char_traits@D@std@@V?$allocator@D@2@@std@@PAVPlugInFactory@@@2@I@Z 10005bf0 f i ModuleManager.obj
 0001:00004c00       ??0?$pair@V?$basic_string@DU?$char_traits@D@std@@V?$allocator@D@2@@std@@PAVPlugInFactory@@@std@@QAE@ABU01@@Z 10005c00 f i ModuleManager.obj
 0001:00004c20       ??0?$_Ranit@U?$pair@V?$basic_string@DU?$char_traits@D@std@@V?$allocator@D@2@@std@@PAVPlugInFactory@@@std@@HPBU12@ABU12@@std@@QAE@XZ 10005c20 f i ModuleManager.obj
 0001:00004c30       ?max_size@?$allocator@U?$pair@V?$basic_string@DU?$char_traits@D@std@@V?$allocator@D@2@@std@@PAVPlugInFactory@@@std@@@std@@QBEIXZ 10005c30 f i ModuleManager.obj
 0001:00004c40       ??G?$_Vector_const_iterator@U?$pair@V?$basic_string@DU?$char_traits@D@std@@V?$allocator@D@2@@std@@PAVPlugInFactory@@@std@@V?$allocator@U?$pair@V?$basic_string@DU?$char_traits@D@std@@V?$allocator@D@2@@std@@PAVPlugInFactory@@@std@@@2@@std@@QBEHABV01@@Z 10005c40 f i ModuleManager.obj
 0001:00004c70       ??Y?$_Vector_const_iterator@U?$pair@V?$basic_string@DU?$char_traits@D@std@@V?$allocator@D@2@@std@@PAVPlugInFactory@@@std@@V?$allocator@U?$pair@V?$basic_string@DU?$char_traits@D@std@@V?$allocator@D@2@@std@@PAVPlugInFactory@@@std@@@2@@std@@QAEAAV01@H@Z 10005c70 f i ModuleManager.obj
 0001:00004cb0       ??$_Allocate@U?$pair@V?$basic_string@DU?$char_traits@D@std@@V?$allocator@D@2@@std@@PAVPlugInFactory@@@std@@@std@@YAPAU?$pair@V?$basic_string@DU?$char_traits@D@std@@V?$allocator@D@2@@std@@PAVPlugInFactory@@@0@IPAU10@@Z 10005cb0 f i ModuleManager.obj
 0001:00004d10       ??0?$pair@V?$basic_string@DU?$char_traits@D@std@@V?$allocator@D@2@@std@@PAVPlugInFactory@@@std@@QAE@ABV?$basic_string@DU?$char_traits@D@std@@V?$allocator@D@2@@1@ABQAVPlugInFactory@@@Z 10005d10 f i ModuleManager.obj
 0001:00004d30       ??$_Count@PADD@std@@YAHPAD0ABD@Z 10005d30 f i ModuleManager.obj
 0001:00004d60       ??$_Ptr_cat@PAU?$pair@V?$basic_string@DU?$char_traits@D@std@@V?$allocator@D@2@@std@@PAVPlugInFactory@@@std@@PAU12@@std@@YA?AU_Nonscalar_ptr_iterator_tag@0@AAPAU?$pair@V?$basic_string@DU?$char_traits@D@std@@V?$allocator@D@2@@std@@PAVPlugInFactory@@@0@0@Z 10005d60 f i ModuleManager.obj
 0001:00004d70       ??$_Iter_random@PAU?$pair@V?$basic_string@DU?$char_traits@D@std@@V?$allocator@D@2@@std@@PAVPlugInFactory@@@std@@PAU12@@std@@YA?AUrandom_access_iterator_tag@0@ABQAU?$pair@V?$basic_string@DU?$char_traits@D@std@@V?$allocator@D@2@@std@@PAVPlugInFactory@@@0@0@Z 10005d70 f i ModuleManager.obj
 0001:00004d80       ??$_Move_cat@PAU?$pair@V?$basic_string@DU?$char_traits@D@std@@V?$allocator@D@2@@std@@PAVPlugInFactory@@@std@@@std@@YA?AU_Undefined_move_tag@0@ABQAU?$pair@V?$basic_string@DU?$char_traits@D@std@@V?$allocator@D@2@@std@@PAVPlugInFactory@@@0@@Z 10005d80 f i ModuleManager.obj
 0001:00004d90       ??4?$pair@V?$basic_string@DU?$char_traits@D@std@@V?$allocator@D@2@@std@@PAVPlugInFactory@@@std@@QAEAAU01@ABU01@@Z 10005d90 f i ModuleManager.obj
 0001:00004db0       ??$_Checked_base@PAU?$pair@V?$basic_string@DU?$char_traits@D@std@@V?$allocator@D@2@@std@@PAVPlugInFactory@@@std@@@std@@YAPAU?$pair@V?$basic_string@DU?$char_traits@D@std@@V?$allocator@D@2@@std@@PAVPlugInFactory@@@0@AAPAU10@U_Unchanged_checked_iterator_base_type_tag@0@@Z 10005db0 f i ModuleManager.obj
 0001:00004dc0       ??$_Construct@U?$pair@V?$basic_string@DU?$char_traits@D@std@@V?$allocator@D@2@@std@@PAVPlugInFactory@@@std@@U12@@std@@YAXPAU?$pair@V?$basic_string@DU?$char_traits@D@std@@V?$allocator@D@2@@std@@PAVPlugInFactory@@@0@ABU10@@Z 10005dc0 f i ModuleManager.obj
 0001:00004e20       ??_G?$pair@V?$basic_string@DU?$char_traits@D@std@@V?$allocator@D@2@@std@@PAVPlugInFactory@@@std@@QAEPAXI@Z 10005e20 f i ModuleManager.obj
 0001:00004e40       ?_Checked_iterator_base@?$_String_iterator@DU?$char_traits@D@std@@V?$allocator@D@2@@std@@QBEPADXZ 10005e40 f i ModuleManager.obj
 0001:00004e50       ?_Checked_iterator_base@?$_Vector_iterator@U?$pair@V?$basic_string@DU?$char_traits@D@std@@V?$allocator@D@2@@std@@PAVPlugInFactory@@@std@@V?$allocator@U?$pair@V?$basic_string@DU?$char_traits@D@std@@V?$allocator@D@2@@std@@PAVPlugInFactory@@@std@@@2@@std@@QBEPAU?$pair@V?$basic_string@DU?$char_traits@D@std@@V?$allocator@D@2@@std@@PAVPlugInFactory@@@2@XZ 10005e50 f i ModuleManager.obj
 0001:00004e60       ??0?$pair@PAU?$pair@V?$basic_string@DU?$char_traits@D@std@@V?$allocator@D@2@@std@@PAVPlugInFactory@@@std@@PAU12@@std@@QAE@ABQAU?$pair@V?$basic_string@DU?$char_traits@D@std@@V?$allocator@D@2@@std@@PAVPlugInFactory@@@1@0@Z 10005e60 f i ModuleManager.obj
 0001:00004e80       ??$_Dist_type@PAU?$pair@V?$basic_string@DU?$char_traits@D@std@@V?$allocator@D@2@@std@@PAVPlugInFactory@@@std@@@std@@YAPAHPAU?$pair@V?$basic_string@DU?$char_traits@D@std@@V?$allocator@D@2@@std@@PAVPlugInFactory@@@0@@Z 10005e80 f i ModuleManager.obj
 0001:00004e90       ??$_Val_type@PAU?$pair@V?$basic_string@DU?$char_traits@D@std@@V?$allocator@D@2@@std@@PAVPlugInFactory@@@std@@@std@@YAPAU?$pair@V?$basic_string@DU?$char_traits@D@std@@V?$allocator@D@2@@std@@PAVPlugInFactory@@@0@PAU10@@Z 10005e90 f i ModuleManager.obj
 0001:00004ea0       ??$_Copy_backward_opt@PAU?$pair@V?$basic_string@DU?$char_traits@D@std@@V?$allocator@D@2@@std@@PAVPlugInFactory@@@std@@PAU12@Uforward_iterator_tag@2@@std@@YAPAU?$pair@V?$basic_string@DU?$char_traits@D@std@@V?$allocator@D@2@@std@@PAVPlugInFactory@@@0@PAU10@00Uforward_iterator_tag@0@U_Nonscalar_ptr_iterator_tag@0@U_Range_checked_iterator_tag@0@@Z 10005ea0 f i ModuleManager.obj
 0001:00004ee0       ??$_Iter_cat@PAU?$pair@V?$basic_string@DU?$char_traits@D@std@@V?$allocator@D@2@@std@@PAVPlugInFactory@@@std@@@std@@YA?AUrandom_access_iterator_tag@0@ABQAU?$pair@V?$basic_string@DU?$char_traits@D@std@@V?$allocator@D@2@@std@@PAVPlugInFactory@@@0@@Z 10005ee0 f i ModuleManager.obj
 0001:00004ef0       ??$_Rotate@PAU?$pair@V?$basic_string@DU?$char_traits@D@std@@V?$allocator@D@2@@std@@PAVPlugInFactory@@@std@@HU12@@std@@YAXPAU?$pair@V?$basic_string@DU?$char_traits@D@std@@V?$allocator@D@2@@std@@PAVPlugInFactory@@@0@00PAH0@Z 10005ef0 f i ModuleManager.obj
 0001:00005030       ??$swap@PAVPlugInFactory@@@std@@YAXAAPAVPlugInFactory@@0@Z 10006030 f i ModuleManager.obj
 0001:00005050       ??D?$_Vector_iterator@V?$basic_string@DU?$char_traits@D@std@@V?$allocator@D@2@@std@@V?$allocator@V?$basic_string@DU?$char_traits@D@std@@V?$allocator@D@2@@std@@@2@@std@@QBEAAV?$basic_string@DU?$char_traits@D@std@@V?$allocator@D@2@@1@XZ 10006050 f i ModuleManager.obj
 0001:00005080       ??E?$_Vector_iterator@V?$basic_string@DU?$char_traits@D@std@@V?$allocator@D@2@@std@@V?$allocator@V?$basic_string@DU?$char_traits@D@std@@V?$allocator@D@2@@std@@@2@@std@@QAEAAV01@XZ 10006080 f i ModuleManager.obj
 0001:000050b0       ??9?$_Vector_const_iterator@V?$basic_string@DU?$char_traits@D@std@@V?$allocator@D@2@@std@@V?$allocator@V?$basic_string@DU?$char_traits@D@std@@V?$allocator@D@2@@std@@@2@@std@@QBE_NABV01@@Z 100060b0 f i ModuleManager.obj
 0001:000050e0       ??0?$_Vector_val@U?$pair@V?$basic_string@DU?$char_traits@D@std@@V?$allocator@D@2@@std@@PAVPlugInFactory@@@std@@V?$allocator@U?$pair@V?$basic_string@DU?$char_traits@D@std@@V?$allocator@D@2@@std@@PAVPlugInFactory@@@std@@@2@@std@@IAE@V?$allocator@U?$pair@V?$basic_string@DU?$char_traits@D@std@@V?$allocator@D@2@@std@@PAVPlugInFactory@@@std@@@1@@Z 100060e0 f i ModuleManager.obj
 0001:000050f0       ?max_size@?$vector@U?$pair@V?$basic_string@DU?$char_traits@D@std@@V?$allocator@D@2@@std@@PAVPlugInFactory@@@std@@V?$allocator@U?$pair@V?$basic_string@DU?$char_traits@D@std@@V?$allocator@D@2@@std@@PAVPlugInFactory@@@std@@@2@@std@@QBEIXZ 100060f0 f i ModuleManager.obj
 0001:00005100       ?allocate@?$allocator@U?$pair@V?$basic_string@DU?$char_traits@D@std@@V?$allocator@D@2@@std@@PAVPlugInFactory@@@std@@@std@@QAEPAU?$pair@V?$basic_string@DU?$char_traits@D@std@@V?$allocator@D@2@@std@@PAVPlugInFactory@@@2@I@Z 10006100 f i ModuleManager.obj
 0001:00005120       ??G?$_Vector_iterator@U?$pair@V?$basic_string@DU?$char_traits@D@std@@V?$allocator@D@2@@std@@PAVPlugInFactory@@@std@@V?$allocator@U?$pair@V?$basic_string@DU?$char_traits@D@std@@V?$allocator@D@2@@std@@PAVPlugInFactory@@@std@@@2@@std@@QBEHABV?$_Vector_const_iterator@U?$pair@V?$basic_string@DU?$char_traits@D@std@@V?$allocator@D@2@@std@@PAVPlugInFactory@@@std@@V?$allocator@U?$pair@V?$basic_string@DU?$char_traits@D@std@@V?$allocator@D@2@@std@@PAVPlugInFactory@@@std@@@2@@1@@Z 10006120 f i ModuleManager.obj
 0001:00005150       ??0?$_Vector_const_iterator@U?$pair@V?$basic_string@DU?$char_traits@D@std@@V?$allocator@D@2@@std@@PAVPlugInFactory@@@std@@V?$allocator@U?$pair@V?$basic_string@DU?$char_traits@D@std@@V?$allocator@D@2@@std@@PAVPlugInFactory@@@std@@@2@@std@@QAE@PAU?$pair@V?$basic_string@DU?$char_traits@D@std@@V?$allocator@D@2@@std@@PAVPlugInFactory@@@1@PBU_Container_base@1@@Z 10006150 f i ModuleManager.obj
 0001:00005190       ??Y?$_Vector_iterator@U?$pair@V?$basic_string@DU?$char_traits@D@std@@V?$allocator@D@2@@std@@PAVPlugInFactory@@@std@@V?$allocator@U?$pair@V?$basic_string@DU?$char_traits@D@std@@V?$allocator@D@2@@std@@PAVPlugInFactory@@@std@@@2@@std@@QAEAAV01@H@Z 10006190 f i ModuleManager.obj
 0001:000051d0       ??$make_pair@V?$basic_string@DU?$char_traits@D@std@@V?$allocator@D@2@@std@@PAVPlugInFactory@@@std@@YA?AU?$pair@V?$basic_string@DU?$char_traits@D@std@@V?$allocator@D@2@@std@@PAVPlugInFactory@@@0@V?$basic_string@DU?$char_traits@D@std@@V?$allocator@D@2@@0@PAVPlugInFactory@@@Z 100061d0 f i ModuleManager.obj
 0001:00005240       ??$_Checked_base@PAU?$pair@V?$basic_string@DU?$char_traits@D@std@@V?$allocator@D@2@@std@@PAVPlugInFactory@@@std@@@std@@YAPAU?$pair@V?$basic_string@DU?$char_traits@D@std@@V?$allocator@D@2@@std@@PAVPlugInFactory@@@0@AAPAU10@@Z 10006240 f i ModuleManager.obj
 0001:00005250       ??$_Fill@PAU?$pair@V?$basic_string@DU?$char_traits@D@std@@V?$allocator@D@2@@std@@PAVPlugInFactory@@@std@@U12@@std@@YAXPAU?$pair@V?$basic_string@DU?$char_traits@D@std@@V?$allocator@D@2@@std@@PAVPlugInFactory@@@0@0ABU10@@Z 10006250 f i ModuleManager.obj
 0001:00005280       ?construct@?$allocator@U?$pair@V?$basic_string@DU?$char_traits@D@std@@V?$allocator@D@2@@std@@PAVPlugInFactory@@@std@@@std@@QAEXPAU?$pair@V?$basic_string@DU?$char_traits@D@std@@V?$allocator@D@2@@std@@PAVPlugInFactory@@@2@ABU32@@Z 10006280 f i ModuleManager.obj
 0001:000052a0       ??$_Checked_base@V?$_String_iterator@DU?$char_traits@D@std@@V?$allocator@D@2@@std@@U_Different_checked_iterator_base_type_tag@2@@std@@YAPADAAV?$_String_iterator@DU?$char_traits@D@std@@V?$allocator@D@2@@0@U_Different_checked_iterator_base_type_tag@0@@Z 100062a0 f i ModuleManager.obj
 0001:000052b0       ??$_Checked_base@V?$_Vector_iterator@U?$pair@V?$basic_string@DU?$char_traits@D@std@@V?$allocator@D@2@@std@@PAVPlugInFactory@@@std@@V?$allocator@U?$pair@V?$basic_string@DU?$char_traits@D@std@@V?$allocator@D@2@@std@@PAVPlugInFactory@@@std@@@2@@std@@U_Different_checked_iterator_base_type_tag@2@@std@@YAPAU?$pair@V?$basic_string@DU?$char_traits@D@std@@V?$allocator@D@2@@std@@PAVPlugInFactory@@@0@AAV?$_Vector_iterator@U?$pair@V?$basic_string@DU?$char_traits@D@std@@V?$allocator@D@2@@std@@PAVPlugInFactory@@@std@@V?$allocator@U?$pair@V?$basic_string@DU?$char_traits@D@std@@V?$allocator@D@2@@std@@PAVPlugInFactory@@@std@@@2@@0@U_Different_checked_iterator_base_type_tag@0@@Z 100062b0 f i ModuleManager.obj
 0001:000052c0       ??$_Copy_backward_opt@PAU?$pair@V?$basic_string@DU?$char_traits@D@std@@V?$allocator@D@2@@std@@PAVPlugInFactory@@@std@@PAU12@@std@@YAPAU?$pair@V?$basic_string@DU?$char_traits@D@std@@V?$allocator@D@2@@std@@PAVPlugInFactory@@@0@PAU10@00Urandom_access_iterator_tag@0@U_Nonscalar_ptr_iterator_tag@0@U_Range_checked_iterator_tag@0@@Z 100062c0 f i ModuleManager.obj
 0001:00005310       ??$_Destroy@U?$pair@V?$basic_string@DU?$char_traits@D@std@@V?$allocator@D@2@@std@@PAVPlugInFactory@@@std@@@std@@YAXPAU?$pair@V?$basic_string@DU?$char_traits@D@std@@V?$allocator@D@2@@std@@PAVPlugInFactory@@@0@@Z 10006310 f i ModuleManager.obj
 0001:00005320       ??$_Rotate@PAU?$pair@V?$basic_string@DU?$char_traits@D@std@@V?$allocator@D@2@@std@@PAVPlugInFactory@@@std@@@std@@YAXPAU?$pair@V?$basic_string@DU?$char_traits@D@std@@V?$allocator@D@2@@std@@PAVPlugInFactory@@@0@00Urandom_access_iterator_tag@0@@Z 10006320 f i ModuleManager.obj
 0001:00005340       ?swap@?$pair@V?$basic_string@DU?$char_traits@D@std@@V?$allocator@D@2@@std@@PAVPlugInFactory@@@std@@QAEXAAU12@@Z 10006340 f i ModuleManager.obj
 0001:00005360       ?_Buy@?$vector@U?$pair@V?$basic_string@DU?$char_traits@D@std@@V?$allocator@D@2@@std@@PAVPlugInFactory@@@std@@V?$allocator@U?$pair@V?$basic_string@DU?$char_traits@D@std@@V?$allocator@D@2@@std@@PAVPlugInFactory@@@std@@@2@@std@@IAE_NI@Z 10006360 f i ModuleManager.obj
 0001:000053b0       ??0?$_Vector_iterator@U?$pair@V?$basic_string@DU?$char_traits@D@std@@V?$allocator@D@2@@std@@PAVPlugInFactory@@@std@@V?$allocator@U?$pair@V?$basic_string@DU?$char_traits@D@std@@V?$allocator@D@2@@std@@PAVPlugInFactory@@@std@@@2@@std@@QAE@PAU?$pair@V?$basic_string@DU?$char_traits@D@std@@V?$allocator@D@2@@std@@PAVPlugInFactory@@@1@PBU_Container_base@1@@Z 100063b0 f i ModuleManager.obj
 0001:000053f0       ??H?$_Vector_iterator@U?$pair@V?$basic_string@DU?$char_traits@D@std@@V?$allocator@D@2@@std@@PAVPlugInFactory@@@std@@V?$allocator@U?$pair@V?$basic_string@DU?$char_traits@D@std@@V?$allocator@D@2@@std@@PAVPlugInFactory@@@std@@@2@@std@@QBE?AV01@H@Z 100063f0 f i ModuleManager.obj
 0001:00005430       ??$fill@PAU?$pair@V?$basic_string@DU?$char_traits@D@std@@V?$allocator@D@2@@std@@PAVPlugInFactory@@@std@@U12@@std@@YAXPAU?$pair@V?$basic_string@DU?$char_traits@D@std@@V?$allocator@D@2@@std@@PAVPlugInFactory@@@0@0ABU10@@Z 10006430 f i ModuleManager.obj
 0001:00005460       ??$_Checked_base@V?$_String_iterator@DU?$char_traits@D@std@@V?$allocator@D@2@@std@@@std@@YAPADAAV?$_String_iterator@DU?$char_traits@D@std@@V?$allocator@D@2@@0@@Z 10006460 f i ModuleManager.obj
 0001:00005470       ??$_Checked_base@V?$_Vector_iterator@U?$pair@V?$basic_string@DU?$char_traits@D@std@@V?$allocator@D@2@@std@@PAVPlugInFactory@@@std@@V?$allocator@U?$pair@V?$basic_string@DU?$char_traits@D@std@@V?$allocator@D@2@@std@@PAVPlugInFactory@@@std@@@2@@std@@@std@@YAPAU?$pair@V?$basic_string@DU?$char_traits@D@std@@V?$allocator@D@2@@std@@PAVPlugInFactory@@@0@AAV?$_Vector_iterator@U?$pair@V?$basic_string@DU?$char_traits@D@std@@V?$allocator@D@2@@std@@PAVPlugInFactory@@@std@@V?$allocator@U?$pair@V?$basic_string@DU?$char_traits@D@std@@V?$allocator@D@2@@std@@PAVPlugInFactory@@@std@@@2@@0@@Z 10006470 f i ModuleManager.obj
 0001:00005480       ??$_Move_backward_opt@PAU?$pair@V?$basic_string@DU?$char_traits@D@std@@V?$allocator@D@2@@std@@PAVPlugInFactory@@@std@@PAU12@Urandom_access_iterator_tag@2@U_Undefined_move_tag@2@@std@@YAPAU?$pair@V?$basic_string@DU?$char_traits@D@std@@V?$allocator@D@2@@std@@PAVPlugInFactory@@@0@PAU10@00Urandom_access_iterator_tag@0@U_Undefined_move_tag@0@U_Range_checked_iterator_tag@0@@Z 10006480 f i ModuleManager.obj
 0001:000054d0       ?destroy@?$allocator@U?$pair@V?$basic_string@DU?$char_traits@D@std@@V?$allocator@D@2@@std@@PAVPlugInFactory@@@std@@@std@@QAEXPAU?$pair@V?$basic_string@DU?$char_traits@D@std@@V?$allocator@D@2@@std@@PAVPlugInFactory@@@2@@Z 100064d0 f i ModuleManager.obj
 0001:000054e0       ??$rotate@PAU?$pair@V?$basic_string@DU?$char_traits@D@std@@V?$allocator@D@2@@std@@PAVPlugInFactory@@@std@@@std@@YAXPAU?$pair@V?$basic_string@DU?$char_traits@D@std@@V?$allocator@D@2@@std@@PAVPlugInFactory@@@0@00@Z 100064e0 f i ModuleManager.obj
 0001:00005510       ??$swap@V?$basic_string@DU?$char_traits@D@std@@V?$allocator@D@2@@std@@PAVPlugInFactory@@@std@@YAXAAU?$pair@V?$basic_string@DU?$char_traits@D@std@@V?$allocator@D@2@@std@@PAVPlugInFactory@@@0@0@Z 10006510 f i ModuleManager.obj
 0001:00005540       ??$_Uninit_copy@PAU?$pair@V?$basic_string@DU?$char_traits@D@std@@V?$allocator@D@2@@std@@PAVPlugInFactory@@@std@@PAU12@V?$allocator@U?$pair@V?$basic_string@DU?$char_traits@D@std@@V?$allocator@D@2@@std@@PAVPlugInFactory@@@std@@@2@@std@@YAPAU?$pair@V?$basic_string@DU?$char_traits@D@std@@V?$allocator@D@2@@std@@PAVPlugInFactory@@@0@PAU10@00AAV?$allocator@U?$pair@V?$basic_string@DU?$char_traits@D@std@@V?$allocator@D@2@@std@@PAVPlugInFactory@@@std@@@0@U_Nonscalar_ptr_iterator_tag@0@U_Range_checked_iterator_tag@0@@Z 10006540 f i ModuleManager.obj
 0001:000055e0       ??0?$vector@U?$pair@V?$basic_string@DU?$char_traits@D@std@@V?$allocator@D@2@@std@@PAVPlugInFactory@@@std@@V?$allocator@U?$pair@V?$basic_string@DU?$char_traits@D@std@@V?$allocator@D@2@@std@@PAVPlugInFactory@@@std@@@2@@std@@QAE@XZ 100065e0 f i ModuleManager.obj
 0001:000055f0       ?begin@?$vector@U?$pair@V?$basic_string@DU?$char_traits@D@std@@V?$allocator@D@2@@std@@PAVPlugInFactory@@@std@@V?$allocator@U?$pair@V?$basic_string@DU?$char_traits@D@std@@V?$allocator@D@2@@std@@PAVPlugInFactory@@@std@@@2@@std@@QAE?AV?$_Vector_iterator@U?$pair@V?$basic_string@DU?$char_traits@D@std@@V?$allocator@D@2@@std@@PAVPlugInFactory@@@std@@V?$allocator@U?$pair@V?$basic_string@DU?$char_traits@D@std@@V?$allocator@D@2@@std@@PAVPlugInFactory@@@std@@@2@@2@XZ 100065f0 f i ModuleManager.obj
 0001:00005620       ?end@?$vector@U?$pair@V?$basic_string@DU?$char_traits@D@std@@V?$allocator@D@2@@std@@PAVPlugInFactory@@@std@@V?$allocator@U?$pair@V?$basic_string@DU?$char_traits@D@std@@V?$allocator@D@2@@std@@PAVPlugInFactory@@@std@@@2@@std@@QAE?AV?$_Vector_iterator@U?$pair@V?$basic_string@DU?$char_traits@D@std@@V?$allocator@D@2@@std@@PAVPlugInFactory@@@std@@V?$allocator@U?$pair@V?$basic_string@DU?$char_traits@D@std@@V?$allocator@D@2@@std@@PAVPlugInFactory@@@std@@@2@@2@XZ 10006620 f i ModuleManager.obj
 0001:00005650       ??$count@V?$_String_iterator@DU?$char_traits@D@std@@V?$allocator@D@2@@std@@D@std@@YAHV?$_String_iterator@DU?$char_traits@D@std@@V?$allocator@D@2@@0@0ABD@Z 10006650 f i ModuleManager.obj
 0001:00005680       ??$_Unchecked_move_backward@PAU?$pair@V?$basic_string@DU?$char_traits@D@std@@V?$allocator@D@2@@std@@PAVPlugInFactory@@@std@@PAU12@@stdext@@YAPAU?$pair@V?$basic_string@DU?$char_traits@D@std@@V?$allocator@D@2@@std@@PAVPlugInFactory@@@std@@PAU12@00@Z 10006680 f i ModuleManager.obj
 0001:000056d0       ??$_Uninit_fill_n@PAU?$pair@V?$basic_string@DU?$char_traits@D@std@@V?$allocator@D@2@@std@@PAVPlugInFactory@@@std@@IU12@V?$allocator@U?$pair@V?$basic_string@DU?$char_traits@D@std@@V?$allocator@D@2@@std@@PAVPlugInFactory@@@std@@@2@@std@@YAXPAU?$pair@V?$basic_string@DU?$char_traits@D@std@@V?$allocator@D@2@@std@@PAVPlugInFactory@@@0@IABU10@AAV?$allocator@U?$pair@V?$basic_string@DU?$char_traits@D@std@@V?$allocator@D@2@@std@@PAVPlugInFactory@@@std@@@0@U_Nonscalar_ptr_iterator_tag@0@U_Range_checked_iterator_tag@0@@Z 100066d0 f i ModuleManager.obj
 0001:00005770       ??$_Destroy_range@U?$pair@V?$basic_string@DU?$char_traits@D@std@@V?$allocator@D@2@@std@@PAVPlugInFactory@@@std@@V?$allocator@U?$pair@V?$basic_string@DU?$char_traits@D@std@@V?$allocator@D@2@@std@@PAVPlugInFactory@@@std@@@2@@std@@YAXPAU?$pair@V?$basic_string@DU?$char_traits@D@std@@V?$allocator@D@2@@std@@PAVPlugInFactory@@@0@0AAV?$allocator@U?$pair@V?$basic_string@DU?$char_traits@D@std@@V?$allocator@D@2@@std@@PAVPlugInFactory@@@std@@@0@U_Nonscalar_ptr_iterator_tag@0@@Z 10006770 f i ModuleManager.obj
 0001:000057a0       ??$iter_swap@PAU?$pair@V?$basic_string@DU?$char_traits@D@std@@V?$allocator@D@2@@std@@PAVPlugInFactory@@@std@@PAU12@@std@@YAXPAU?$pair@V?$basic_string@DU?$char_traits@D@std@@V?$allocator@D@2@@std@@PAVPlugInFactory@@@0@0@Z 100067a0 f i ModuleManager.obj
 0001:000057d0       ??$unchecked_uninitialized_copy@PAU?$pair@V?$basic_string@DU?$char_traits@D@std@@V?$allocator@D@2@@std@@PAVPlugInFactory@@@std@@PAU12@V?$allocator@U?$pair@V?$basic_string@DU?$char_traits@D@std@@V?$allocator@D@2@@std@@PAVPlugInFactory@@@std@@@2@@stdext@@YAPAU?$pair@V?$basic_string@DU?$char_traits@D@std@@V?$allocator@D@2@@std@@PAVPlugInFactory@@@std@@PAU12@00AAV?$allocator@U?$pair@V?$basic_string@DU?$char_traits@D@std@@V?$allocator@D@2@@std@@PAVPlugInFactory@@@std@@@2@@Z 100067d0 f i ModuleManager.obj
 0001:00005800       ??RFactoryPtrComparator@@QAE_NU?$pair@V?$basic_string@DU?$char_traits@D@std@@V?$allocator@D@2@@std@@PAVPlugInFactory@@@std@@0@Z 10006800 f i ModuleManager.obj
 0001:00005950       ??$unchecked_uninitialized_fill_n@PAU?$pair@V?$basic_string@DU?$char_traits@D@std@@V?$allocator@D@2@@std@@PAVPlugInFactory@@@std@@IU12@V?$allocator@U?$pair@V?$basic_string@DU?$char_traits@D@std@@V?$allocator@D@2@@std@@PAVPlugInFactory@@@std@@@2@@stdext@@YAXPAU?$pair@V?$basic_string@DU?$char_traits@D@std@@V?$allocator@D@2@@std@@PAVPlugInFactory@@@std@@IABU12@AAV?$allocator@U?$pair@V?$basic_string@DU?$char_traits@D@std@@V?$allocator@D@2@@std@@PAVPlugInFactory@@@std@@@2@@Z 10006950 f i ModuleManager.obj
 0001:00005980       ??$_Destroy_range@U?$pair@V?$basic_string@DU?$char_traits@D@std@@V?$allocator@D@2@@std@@PAVPlugInFactory@@@std@@V?$allocator@U?$pair@V?$basic_string@DU?$char_traits@D@std@@V?$allocator@D@2@@std@@PAVPlugInFactory@@@std@@@2@@std@@YAXPAU?$pair@V?$basic_string@DU?$char_traits@D@std@@V?$allocator@D@2@@std@@PAVPlugInFactory@@@0@0AAV?$allocator@U?$pair@V?$basic_string@DU?$char_traits@D@std@@V?$allocator@D@2@@std@@PAVPlugInFactory@@@std@@@0@@Z 10006980 f i ModuleManager.obj
 0001:000059b0       ??$_Insertion_sort@PAU?$pair@V?$basic_string@DU?$char_traits@D@std@@V?$allocator@D@2@@std@@PAVPlugInFactory@@@std@@UFactoryPtrComparator@@@std@@YAXPAU?$pair@V?$basic_string@DU?$char_traits@D@std@@V?$allocator@D@2@@std@@PAVPlugInFactory@@@0@0UFactoryPtrComparator@@@Z 100069b0 f i ModuleManager.obj
 0001:00005b00       ??$_Uninit_move@PAU?$pair@V?$basic_string@DU?$char_traits@D@std@@V?$allocator@D@2@@std@@PAVPlugInFactory@@@std@@PAU12@V?$allocator@U?$pair@V?$basic_string@DU?$char_traits@D@std@@V?$allocator@D@2@@std@@PAVPlugInFactory@@@std@@@2@U_Undefined_move_tag@2@@std@@YAPAU?$pair@V?$basic_string@DU?$char_traits@D@std@@V?$allocator@D@2@@std@@PAVPlugInFactory@@@0@PAU10@00AAV?$allocator@U?$pair@V?$basic_string@DU?$char_traits@D@std@@V?$allocator@D@2@@std@@PAVPlugInFactory@@@std@@@0@U_Undefined_move_tag@0@U_Range_checked_iterator_tag@0@@Z 10006b00 f i ModuleManager.obj
 0001:00005b20       ??$_Med3@PAU?$pair@V?$basic_string@DU?$char_traits@D@std@@V?$allocator@D@2@@std@@PAVPlugInFactory@@@std@@UFactoryPtrComparator@@@std@@YAXPAU?$pair@V?$basic_string@DU?$char_traits@D@std@@V?$allocator@D@2@@std@@PAVPlugInFactory@@@0@00UFactoryPtrComparator@@@Z 10006b20 f i ModuleManager.obj
 0001:00005c80       ??$_Push_heap@PAU?$pair@V?$basic_string@DU?$char_traits@D@std@@V?$allocator@D@2@@std@@PAVPlugInFactory@@@std@@HU12@UFactoryPtrComparator@@@std@@YAXPAU?$pair@V?$basic_string@DU?$char_traits@D@std@@V?$allocator@D@2@@std@@PAVPlugInFactory@@@0@HHU10@UFactoryPtrComparator@@@Z 10006c80 f i ModuleManager.obj
 0001:00005d90       ?_Ufill@?$vector@U?$pair@V?$basic_string@DU?$char_traits@D@std@@V?$allocator@D@2@@std@@PAVPlugInFactory@@@std@@V?$allocator@U?$pair@V?$basic_string@DU?$char_traits@D@std@@V?$allocator@D@2@@std@@PAVPlugInFactory@@@std@@@2@@std@@IAEPAU?$pair@V?$basic_string@DU?$char_traits@D@std@@V?$allocator@D@2@@std@@PAVPlugInFactory@@@2@PAU32@IABU32@@Z 10006d90 f i ModuleManager.obj
 0001:00005dd0       ?_Destroy@?$vector@U?$pair@V?$basic_string@DU?$char_traits@D@std@@V?$allocator@D@2@@std@@PAVPlugInFactory@@@std@@V?$allocator@U?$pair@V?$basic_string@DU?$char_traits@D@std@@V?$allocator@D@2@@std@@PAVPlugInFactory@@@std@@@2@@std@@IAEXPAU?$pair@V?$basic_string@DU?$char_traits@D@std@@V?$allocator@D@2@@std@@PAVPlugInFactory@@@2@0@Z 10006dd0 f i ModuleManager.obj
 0001:00005e00       ??$_Unchecked_uninitialized_move@PAU?$pair@V?$basic_string@DU?$char_traits@D@std@@V?$allocator@D@2@@std@@PAVPlugInFactory@@@std@@PAU12@V?$allocator@U?$pair@V?$basic_string@DU?$char_traits@D@std@@V?$allocator@D@2@@std@@PAVPlugInFactory@@@std@@@2@@stdext@@YAPAU?$pair@V?$basic_string@DU?$char_traits@D@std@@V?$allocator@D@2@@std@@PAVPlugInFactory@@@std@@PAU12@00AAV?$allocator@U?$pair@V?$basic_string@DU?$char_traits@D@std@@V?$allocator@D@2@@std@@PAVPlugInFactory@@@std@@@2@@Z 10006e00 f i ModuleManager.obj
 0001:00005e30       ??$_Median@PAU?$pair@V?$basic_string@DU?$char_traits@D@std@@V?$allocator@D@2@@std@@PAVPlugInFactory@@@std@@UFactoryPtrComparator@@@std@@YAXPAU?$pair@V?$basic_string@DU?$char_traits@D@std@@V?$allocator@D@2@@std@@PAVPlugInFactory@@@0@00UFactoryPtrComparator@@@Z 10006e30 f i ModuleManager.obj
 0001:00005ee0       ??$_Adjust_heap@PAU?$pair@V?$basic_string@DU?$char_traits@D@std@@V?$allocator@D@2@@std@@PAVPlugInFactory@@@std@@HU12@UFactoryPtrComparator@@@std@@YAXPAU?$pair@V?$basic_string@DU?$char_traits@D@std@@V?$allocator@D@2@@std@@PAVPlugInFactory@@@0@HHU10@UFactoryPtrComparator@@@Z 10006ee0 f i ModuleManager.obj
 0001:00006050       ??$_Pop_heap@PAU?$pair@V?$basic_string@DU?$char_traits@D@std@@V?$allocator@D@2@@std@@PAVPlugInFactory@@@std@@HU12@UFactoryPtrComparator@@@std@@YAXPAU?$pair@V?$basic_string@DU?$char_traits@D@std@@V?$allocator@D@2@@std@@PAVPlugInFactory@@@0@00U10@UFactoryPtrComparator@@PAH@Z 10007050 f i ModuleManager.obj
 0001:000060e0       ?_Tidy@?$vector@U?$pair@V?$basic_string@DU?$char_traits@D@std@@V?$allocator@D@2@@std@@PAVPlugInFactory@@@std@@V?$allocator@U?$pair@V?$basic_string@DU?$char_traits@D@std@@V?$allocator@D@2@@std@@PAVPlugInFactory@@@std@@@2@@std@@IAEXXZ 100070e0 f i ModuleManager.obj
 0001:00006130       ??$_Umove@PAU?$pair@V?$basic_string@DU?$char_traits@D@std@@V?$allocator@D@2@@std@@PAVPlugInFactory@@@std@@@?$vector@U?$pair@V?$basic_string@DU?$char_traits@D@std@@V?$allocator@D@2@@std@@PAVPlugInFactory@@@std@@V?$allocator@U?$pair@V?$basic_string@DU?$char_traits@D@std@@V?$allocator@D@2@@std@@PAVPlugInFactory@@@std@@@2@@std@@IAEPAU?$pair@V?$basic_string@DU?$char_traits@D@std@@V?$allocator@D@2@@std@@PAVPlugInFactory@@@1@PAU21@00@Z 10007130 f i ModuleManager.obj
 0001:00006160       ??$_Unguarded_partition@PAU?$pair@V?$basic_string@DU?$char_traits@D@std@@V?$allocator@D@2@@std@@PAVPlugInFactory@@@std@@UFactoryPtrComparator@@@std@@YA?AU?$pair@PAU?$pair@V?$basic_string@DU?$char_traits@D@std@@V?$allocator@D@2@@std@@PAVPlugInFactory@@@std@@PAU12@@0@PAU?$pair@V?$basic_string@DU?$char_traits@D@std@@V?$allocator@D@2@@std@@PAVPlugInFactory@@@0@0UFactoryPtrComparator@@@Z 10007160 f i ModuleManager.obj
 0001:000065d0       ??$_Make_heap@PAU?$pair@V?$basic_string@DU?$char_traits@D@std@@V?$allocator@D@2@@std@@PAVPlugInFactory@@@std@@HU12@UFactoryPtrComparator@@@std@@YAXPAU?$pair@V?$basic_string@DU?$char_traits@D@std@@V?$allocator@D@2@@std@@PAVPlugInFactory@@@0@0UFactoryPtrComparator@@PAH0@Z 100075d0 f i ModuleManager.obj
 0001:00006630       ??$_Pop_heap_0@PAU?$pair@V?$basic_string@DU?$char_traits@D@std@@V?$allocator@D@2@@std@@PAVPlugInFactory@@@std@@U12@UFactoryPtrComparator@@@std@@YAXPAU?$pair@V?$basic_string@DU?$char_traits@D@std@@V?$allocator@D@2@@std@@PAVPlugInFactory@@@0@0UFactoryPtrComparator@@0@Z 10007630 f i ModuleManager.obj
 0001:00006670       ??1?$vector@U?$pair@V?$basic_string@DU?$char_traits@D@std@@V?$allocator@D@2@@std@@PAVPlugInFactory@@@std@@V?$allocator@U?$pair@V?$basic_string@DU?$char_traits@D@std@@V?$allocator@D@2@@std@@PAVPlugInFactory@@@std@@@2@@std@@QAE@XZ 10007670 f i ModuleManager.obj
 0001:00006680       ?_Insert_n@?$vector@U?$pair@V?$basic_string@DU?$char_traits@D@std@@V?$allocator@D@2@@std@@PAVPlugInFactory@@@std@@V?$allocator@U?$pair@V?$basic_string@DU?$char_traits@D@std@@V?$allocator@D@2@@std@@PAVPlugInFactory@@@std@@@2@@std@@IAEXV?$_Vector_iterator@U?$pair@V?$basic_string@DU?$char_traits@D@std@@V?$allocator@D@2@@std@@PAVPlugInFactory@@@std@@V?$allocator@U?$pair@V?$basic_string@DU?$char_traits@D@std@@V?$allocator@D@2@@std@@PAVPlugInFactory@@@std@@@2@@2@IABU?$pair@V?$basic_string@DU?$char_traits@D@std@@V?$allocator@D@2@@std@@PAVPlugInFactory@@@2@@Z 10007680 f i ModuleManager.obj
 0001:00006910       ??$make_heap@PAU?$pair@V?$basic_string@DU?$char_traits@D@std@@V?$allocator@D@2@@std@@PAVPlugInFactory@@@std@@UFactoryPtrComparator@@@std@@YAXPAU?$pair@V?$basic_string@DU?$char_traits@D@std@@V?$allocator@D@2@@std@@PAVPlugInFactory@@@0@0UFactoryPtrComparator@@@Z 10007910 f i ModuleManager.obj
 0001:00006940       ??$pop_heap@PAU?$pair@V?$basic_string@DU?$char_traits@D@std@@V?$allocator@D@2@@std@@PAVPlugInFactory@@@std@@UFactoryPtrComparator@@@std@@YAXPAU?$pair@V?$basic_string@DU?$char_traits@D@std@@V?$allocator@D@2@@std@@PAVPlugInFactory@@@0@0UFactoryPtrComparator@@@Z 10007940 f i ModuleManager.obj
 0001:00006990       ?insert@?$vector@U?$pair@V?$basic_string@DU?$char_traits@D@std@@V?$allocator@D@2@@std@@PAVPlugInFactory@@@std@@V?$allocator@U?$pair@V?$basic_string@DU?$char_traits@D@std@@V?$allocator@D@2@@std@@PAVPlugInFactory@@@std@@@2@@std@@QAE?AV?$_Vector_iterator@U?$pair@V?$basic_string@DU?$char_traits@D@std@@V?$allocator@D@2@@std@@PAVPlugInFactory@@@std@@V?$allocator@U?$pair@V?$basic_string@DU?$char_traits@D@std@@V?$allocator@D@2@@std@@PAVPlugInFactory@@@std@@@2@@2@V32@ABU?$pair@V?$basic_string@DU?$char_traits@D@std@@V?$allocator@D@2@@std@@PAVPlugInFactory@@@2@@Z 10007990 f i ModuleManager.obj
 0001:00006a20       ??$_Sort_heap@PAU?$pair@V?$basic_string@DU?$char_traits@D@std@@V?$allocator@D@2@@std@@PAVPlugInFactory@@@std@@UFactoryPtrComparator@@@std@@YAXPAU?$pair@V?$basic_string@DU?$char_traits@D@std@@V?$allocator@D@2@@std@@PAVPlugInFactory@@@0@0UFactoryPtrComparator@@@Z 10007a20 f i ModuleManager.obj
 0001:00006a90       ?factories@SpectralDataMerge@@YAAAV?$vector@U?$pair@V?$basic_string@DU?$char_traits@D@std@@V?$allocator@D@2@@std@@PAVPlugInFactory@@@std@@V?$allocator@U?$pair@V?$basic_string@DU?$char_traits@D@std@@V?$allocator@D@2@@std@@PAVPlugInFactory@@@std@@@2@@std@@XZ 10007a90 f   ModuleManager.obj
 0001:00006af0       ?push_back@?$vector@U?$pair@V?$basic_string@DU?$char_traits@D@std@@V?$allocator@D@2@@std@@PAVPlugInFactory@@@std@@V?$allocator@U?$pair@V?$basic_string@DU?$char_traits@D@std@@V?$allocator@D@2@@std@@PAVPlugInFactory@@@std@@@2@@std@@QAEXABU?$pair@V?$basic_string@DU?$char_traits@D@std@@V?$allocator@D@2@@std@@PAVPlugInFactory@@@2@@Z 10007af0 f i ModuleManager.obj
 0001:00006b80       ??$sort_heap@PAU?$pair@V?$basic_string@DU?$char_traits@D@std@@V?$allocator@D@2@@std@@PAVPlugInFactory@@@std@@UFactoryPtrComparator@@@std@@YAXPAU?$pair@V?$basic_string@DU?$char_traits@D@std@@V?$allocator@D@2@@std@@PAVPlugInFactory@@@0@0UFactoryPtrComparator@@@Z 10007b80 f i ModuleManager.obj
 0001:00006b90       ?addFactory@SpectralDataMerge@@YAXPAVPlugInFactory@@@Z 10007b90 f   ModuleManager.obj
 0001:00006cf0       ??$_Sort@PAU?$pair@V?$basic_string@DU?$char_traits@D@std@@V?$allocator@D@2@@std@@PAVPlugInFactory@@@std@@HUFactoryPtrComparator@@@std@@YAXPAU?$pair@V?$basic_string@DU?$char_traits@D@std@@V?$allocator@D@2@@std@@PAVPlugInFactory@@@0@0HUFactoryPtrComparator@@@Z 10007cf0 f i ModuleManager.obj
 0001:00006de0       ??$sort@V?$_Vector_iterator@U?$pair@V?$basic_string@DU?$char_traits@D@std@@V?$allocator@D@2@@std@@PAVPlugInFactory@@@std@@V?$allocator@U?$pair@V?$basic_string@DU?$char_traits@D@std@@V?$allocator@D@2@@std@@PAVPlugInFactory@@@std@@@2@@std@@UFactoryPtrComparator@@@std@@YAXV?$_Vector_iterator@U?$pair@V?$basic_string@DU?$char_traits@D@std@@V?$allocator@D@2@@std@@PAVPlugInFactory@@@std@@V?$allocator@U?$pair@V?$basic_string@DU?$char_traits@D@std@@V?$allocator@D@2@@std@@PAVPlugInFactory@@@std@@@2@@0@0UFactoryPtrComparator@@@Z 10007de0 f i ModuleManager.obj
 0001:00006e20       ?getPlugIn@SpectralDataMerge@@YAPAVPlugIn@@I@Z 10007e20 f   ModuleManager.obj
 0001:00006ee0       _SpectralDataMergeInstantiatePlugIn 10007ee0 f   ModuleManager.obj
 0001:00006f10       ?metaObject@DataMerge@@UBEPBUQMetaObject@@XZ 10007f10 f   moc_DataMerge.obj
 0001:00006f20       ?qt_metacast@DataMerge@@UAEPAXPBD@Z 10007f20 f   moc_DataMerge.obj
 0001:00006fa0       ?qt_metacall@DataMerge@@UAEHW4Call@QMetaObject@@HPAPAX@Z 10007fa0 f   moc_DataMerge.obj
 0001:00006fdc       ??1QObject@@UAE@XZ         10007fdc f   QtCore4:QtCore4.dll
 0001:00006fe2       ??0QObject@@QAE@PAV0@@Z    10007fe2 f   QtCore4:QtCore4.dll
 0001:00006fe8       ?event@QObject@@UAE_NPAVQEvent@@@Z 10007fe8 f   QtCore4:QtCore4.dll
 0001:00006fee       ?eventFilter@QObject@@UAE_NPAV1@PAVQEvent@@@Z 10007fee f   QtCore4:QtCore4.dll
 0001:00006ff4       ?timerEvent@QObject@@MAEXPAVQTimerEvent@@@Z 10007ff4 f   QtCore4:QtCore4.dll
 0001:00006ffa       ?childEvent@QObject@@MAEXPAVQChildEvent@@@Z 10007ffa f   QtCore4:QtCore4.dll
 0001:00007000       ?customEvent@QObject@@MAEXPAVQEvent@@@Z 10008000 f   QtCore4:QtCore4.dll
 0001:00007006       ?connectNotify@QObject@@MAEXPBD@Z 10008006 f   QtCore4:QtCore4.dll
 0001:0000700c       ?disconnectNotify@QObject@@MAEXPBD@Z 1000800c f   QtCore4:QtCore4.dll
 0001:00007012       ??1QString@@QAE@XZ         10008012 f   QtCore4:QtCore4.dll
 0001:00007018       ?free@QString@@CAXPAUData@1@@Z 10008018 f   QtCore4:QtCore4.dll
 0001:0000701e       ?fromAscii_helper@QString@@CAPAUData@1@PBDH@Z 1000801e f   QtCore4:QtCore4.dll
 0001:00007024       ?qt_metacast@QObject@@UAEPAXPBD@Z 10008024 f   QtCore4:QtCore4.dll
 0001:0000702a       ?qt_metacall@QObject@@UAEHW4Call@QMetaObject@@HPAPAX@Z 1000802a f   QtCore4:QtCore4.dll
 0001:00007030       ?critical@QMessageBox@@SAHPAVQWidget@@ABVQString@@1111HH@Z 10008030 f   QtGui4:QtGui4.dll
 0001:00007040       ?isValid@Slot@@QBE_NXZ     10008040 f i PlugInLib:ViewerShell.obj
 0001:00007050       ??1Slot@@QAE@XZ            10008050 f i PlugInLib:ViewerShell.obj
 0001:00007070       ??0SlotWrapper@Slot@@QAE@XZ 10008070 f i PlugInLib:ViewerShell.obj
 0001:00007080       ??1PlugInCallback@@UAE@XZ  10008080 f i PlugInLib:ViewerShell.obj
 0001:00007090       ??_GPlugInCallback@@UAEPAXI@Z 10008090 f i PlugInLib:ViewerShell.obj
 0001:00007090       ??_EPlugInCallback@@UAEPAXI@Z 10008090 f i PlugInLib:ViewerShell.obj
 0001:000070b0       ?ViewerType@PlugInManagerServices@@SA?AV?$basic_string@DU?$char_traits@D@std@@V?$allocator@D@2@@std@@XZ 100080b0 f i PlugInLib:ViewerShell.obj
 0001:000070d0       ?getInputSpecification@ViewerShell@@UAE_NAAPAVPlugInArgList@@@Z 100080d0 f   PlugInLib:ViewerShell.obj
 0001:000070e0       ?getOutputSpecification@ViewerShell@@UAE_NAAPAVPlugInArgList@@@Z 100080e0 f   PlugInLib:ViewerShell.obj
 0001:000070f0       ??0PlugInCallback@@QAE@XZ  100080f0 f i PlugInLib:ViewerShell.obj
 0001:00007100       ?cleanupWidget@ViewerShell@@QAEXAAVSubject@@ABV?$basic_string@DU?$char_traits@D@std@@V?$allocator@D@2@@std@@ABVany@boost@@@Z 10008100 f   PlugInLib:ViewerShell.obj
 0001:00007130       ??0?$EnumWrapper@W4PlugInCallbackTypeEnum@@@@QAE@ABW4PlugInCallbackTypeEnum@@@Z 10008130 f i PlugInLib:ViewerShell.obj
 0001:00007150       ??1?$pair@V?$basic_string@DU?$char_traits@D@std@@V?$allocator@D@2@@std@@VSlot@@@std@@QAE@XZ 10008150 f i PlugInLib:ViewerShell.obj
 0001:00007180       ?get@?$SafePtr@VApplicationServices@@@@QAEPAVApplicationServices@@XZ 10008180 f i PlugInLib:ViewerShell.obj
 0001:00007190       ?attach@?$SafePtr@VApplicationServices@@@@IAEXABV?$basic_string@DU?$char_traits@D@std@@V?$allocator@D@2@@std@@ABVSlot@@@Z 10008190 f i PlugInLib:ViewerShell.obj
 0001:000071b0       ?detach@?$SafePtr@VApplicationServices@@@@IAEXABV?$basic_string@DU?$char_traits@D@std@@V?$allocator@D@2@@std@@ABVSlot@@@Z 100081b0 f i PlugInLib:ViewerShell.obj
 0001:000071d0       ??E?$_Vector_const_iterator@U?$pair@V?$basic_string@DU?$char_traits@D@std@@V?$allocator@D@2@@std@@VSlot@@@std@@V?$allocator@U?$pair@V?$basic_string@DU?$char_traits@D@std@@V?$allocator@D@2@@std@@VSlot@@@std@@@2@@std@@QAEAAV01@XZ 100081d0 f i PlugInLib:ViewerShell.obj
 0001:00007200       ?capacity@?$vector@U?$pair@V?$basic_string@DU?$char_traits@D@std@@V?$allocator@D@2@@std@@VSlot@@@std@@V?$allocator@U?$pair@V?$basic_string@DU?$char_traits@D@std@@V?$allocator@D@2@@std@@VSlot@@@std@@@2@@std@@QBEIXZ 10008200 f i PlugInLib:ViewerShell.obj
 0001:00007220       ?size@?$vector@U?$pair@V?$basic_string@DU?$char_traits@D@std@@V?$allocator@D@2@@std@@VSlot@@@std@@V?$allocator@U?$pair@V?$basic_string@DU?$char_traits@D@std@@V?$allocator@D@2@@std@@VSlot@@@std@@@2@@std@@QBEIXZ 10008220 f i PlugInLib:ViewerShell.obj
 0001:00007240       ??0?$allocator@U?$pair@V?$basic_string@DU?$char_traits@D@std@@V?$allocator@D@2@@std@@VSlot@@@std@@@std@@QAE@XZ 10008240 f i PlugInLib:ViewerShell.obj
 0001:00007250       ?subjectDeleted@?$SafePtr@VApplicationServices@@@@AAEXAAVSubject@@ABV?$basic_string@DU?$char_traits@D@std@@V?$allocator@D@2@@std@@ABVany@boost@@@Z 10008250 f i PlugInLib:ViewerShell.obj
 0001:00007270       ??D?$_Vector_const_iterator@U?$pair@V?$basic_string@DU?$char_traits@D@std@@V?$allocator@D@2@@std@@VSlot@@@std@@V?$allocator@U?$pair@V?$basic_string@DU?$char_traits@D@std@@V?$allocator@D@2@@std@@VSlot@@@std@@@2@@std@@QBEABU?$pair@V?$basic_string@DU?$char_traits@D@std@@V?$allocator@D@2@@std@@VSlot@@@1@XZ 10008270 f i PlugInLib:ViewerShell.obj
 0001:000072a0       ??8?$_Vector_const_iterator@U?$pair@V?$basic_string@DU?$char_traits@D@std@@V?$allocator@D@2@@std@@VSlot@@@std@@V?$allocator@U?$pair@V?$basic_string@DU?$char_traits@D@std@@V?$allocator@D@2@@std@@VSlot@@@std@@@2@@std@@QBE_NABV01@@Z 100082a0 f i PlugInLib:ViewerShell.obj
 0001:000072d0       ?_Xlen@?$vector@U?$pair@V?$basic_string@DU?$char_traits@D@std@@V?$allocator@D@2@@std@@VSlot@@@std@@V?$allocator@U?$pair@V?$basic_string@DU?$char_traits@D@std@@V?$allocator@D@2@@std@@VSlot@@@std@@@2@@std@@KAXXZ 100082d0 f i PlugInLib:ViewerShell.obj
 0001:00007350       ??0?$allocator@U?$pair@V?$basic_string@DU?$char_traits@D@std@@V?$allocator@D@2@@std@@VSlot@@@std@@@std@@QAE@ABV01@@Z 10008350 f i PlugInLib:ViewerShell.obj
 0001:00007360       ?deallocate@?$allocator@U?$pair@V?$basic_string@DU?$char_traits@D@std@@V?$allocator@D@2@@std@@VSlot@@@std@@@std@@QAEXPAU?$pair@V?$basic_string@DU?$char_traits@D@std@@V?$allocator@D@2@@std@@VSlot@@@2@I@Z 10008360 f i PlugInLib:ViewerShell.obj
 0001:00007370       ??0?$_Ranit@U?$pair@V?$basic_string@DU?$char_traits@D@std@@V?$allocator@D@2@@std@@VSlot@@@std@@HPBU12@ABU12@@std@@QAE@XZ 10008370 f i PlugInLib:ViewerShell.obj
 0001:00007380       ?max_size@?$allocator@U?$pair@V?$basic_string@DU?$char_traits@D@std@@V?$allocator@D@2@@std@@VSlot@@@std@@@std@@QBEIXZ 10008380 f i PlugInLib:ViewerShell.obj
 0001:00007390       ??G?$_Vector_const_iterator@U?$pair@V?$basic_string@DU?$char_traits@D@std@@V?$allocator@D@2@@std@@VSlot@@@std@@V?$allocator@U?$pair@V?$basic_string@DU?$char_traits@D@std@@V?$allocator@D@2@@std@@VSlot@@@std@@@2@@std@@QBEHABV01@@Z 10008390 f i PlugInLib:ViewerShell.obj
 0001:000073c0       ??Y?$_Vector_const_iterator@U?$pair@V?$basic_string@DU?$char_traits@D@std@@V?$allocator@D@2@@std@@VSlot@@@std@@V?$allocator@U?$pair@V?$basic_string@DU?$char_traits@D@std@@V?$allocator@D@2@@std@@VSlot@@@std@@@2@@std@@QAEAAV01@H@Z 100083c0 f i PlugInLib:ViewerShell.obj
 0001:00007400       ??$_Allocate@U?$pair@V?$basic_string@DU?$char_traits@D@std@@V?$allocator@D@2@@std@@VSlot@@@std@@@std@@YAPAU?$pair@V?$basic_string@DU?$char_traits@D@std@@V?$allocator@D@2@@std@@VSlot@@@0@IPAU10@@Z 10008400 f i PlugInLib:ViewerShell.obj
 0001:00007460       ??0?$SlotValue@VViewerShell@@@Slot@@QAE@PAVViewerShell@@P82@AEXAAVSubject@@ABV?$basic_string@DU?$char_traits@D@std@@V?$allocator@D@2@@std@@ABVany@boost@@@Z@Z 10008460 f i PlugInLib:ViewerShell.obj
 0001:00007480       ?update@?$SlotValue@VViewerShell@@@Slot@@UBEXAAVSubject@@ABV?$basic_string@DU?$char_traits@D@std@@V?$allocator@D@2@@std@@ABVany@boost@@@Z 10008480 f i PlugInLib:ViewerShell.obj
 0001:00007500       ?callAttachMethod@?$SlotValue@VViewerShell@@@Slot@@UAEXAAVSubject@@ABV?$basic_string@DU?$char_traits@D@std@@V?$allocator@D@2@@std@@ABV2@@Z 10008500 f i PlugInLib:ViewerShell.obj
 0001:00007530       ?callDetachMethod@?$SlotValue@VViewerShell@@@Slot@@UAEXAAVSubject@@ABV?$basic_string@DU?$char_traits@D@std@@V?$allocator@D@2@@std@@ABV2@@Z 10008530 f i PlugInLib:ViewerShell.obj
 0001:00007560       ?clone@?$SlotValue@VViewerShell@@@Slot@@UBEPAVSlotWrapper@2@XZ 10008560 f i PlugInLib:ViewerShell.obj
 0001:00007590       ?getType@?$SlotValue@VViewerShell@@@Slot@@UBEABVtype_info@@XZ 10008590 f i PlugInLib:ViewerShell.obj
 0001:000075a0       ?matches@?$SlotValue@VViewerShell@@@Slot@@UBE_NABVSlotWrapper@2@@Z 100085a0 f i PlugInLib:ViewerShell.obj
 0001:00007600       ??0?$SlotValue@V?$SafePtr@VApplicationServices@@@@@Slot@@QAE@PAV?$SafePtr@VApplicationServices@@@@P82@AEXAAVSubject@@ABV?$basic_string@DU?$char_traits@D@std@@V?$allocator@D@2@@std@@ABVany@boost@@@Z@Z 10008600 f i PlugInLib:ViewerShell.obj
 0001:00007620       ?update@?$SlotValue@V?$SafePtr@VApplicationServices@@@@@Slot@@UBEXAAVSubject@@ABV?$basic_string@DU?$char_traits@D@std@@V?$allocator@D@2@@std@@ABVany@boost@@@Z 10008620 f i PlugInLib:ViewerShell.obj
 0001:000076a0       ?callAttachMethod@?$SlotValue@V?$SafePtr@VApplicationServices@@@@@Slot@@UAEXAAVSubject@@ABV?$basic_string@DU?$char_traits@D@std@@V?$allocator@D@2@@std@@ABV2@@Z 100086a0 f i PlugInLib:ViewerShell.obj
 0001:000076d0       ?callDetachMethod@?$SlotValue@V?$SafePtr@VApplicationServices@@@@@Slot@@UAEXAAVSubject@@ABV?$basic_string@DU?$char_traits@D@std@@V?$allocator@D@2@@std@@ABV2@@Z 100086d0 f i PlugInLib:ViewerShell.obj
 0001:00007700       ?clone@?$SlotValue@V?$SafePtr@VApplicationServices@@@@@Slot@@UBEPAVSlotWrapper@2@XZ 10008700 f i PlugInLib:ViewerShell.obj
 0001:00007730       ?getType@?$SlotValue@V?$SafePtr@VApplicationServices@@@@@Slot@@UBEABVtype_info@@XZ 10008730 f i PlugInLib:ViewerShell.obj
 0001:00007740       ?matches@?$SlotValue@V?$SafePtr@VApplicationServices@@@@@Slot@@UBE_NABVSlotWrapper@2@@Z 10008740 f i PlugInLib:ViewerShell.obj
 0001:00007790       ??$_Ptr_cat@PAU?$pair@V?$basic_string@DU?$char_traits@D@std@@V?$allocator@D@2@@std@@VSlot@@@std@@PAU12@@std@@YA?AU_Nonscalar_ptr_iterator_tag@0@AAPAU?$pair@V?$basic_string@DU?$char_traits@D@std@@V?$allocator@D@2@@std@@VSlot@@@0@0@Z 10008790 f i PlugInLib:ViewerShell.obj
[...]
 0001:0002ccb8       __ehhandler$??$chipMetadataDimTemplate@I@?A0x92b3477e@@YA_NAAVDataVariant@@ABV?$vector@VDimensionDescriptor@@V?$allocator@VDimensionDescriptor@@@std@@@std@@@Z 1002dcb8 f   PlugInUtilities:RasterUtilities.obj
 0001:0002ccd0       __unwindfunclet$??$chipMetadataDimTemplate@J@?A0x92b3477e@@YA_NAAVDataVariant@@ABV?$vector@VDimensionDescriptor@@V?$allocator@VDimensionDescriptor@@@std@@@std@@@Z$0 1002dcd0 f   PlugInUtilities:RasterUtilities.obj
 0001:0002ccd8       __ehhandler$??$chipMetadataDimTemplate@J@?A0x92b3477e@@YA_NAAVDataVariant@@ABV?$vector@VDimensionDescriptor@@V?$allocator@VDimensionDescriptor@@@std@@@std@@@Z 1002dcd8 f   PlugInUtilities:RasterUtilities.obj
 0001:0002ccf0       __unwindfunclet$??$chipMetadataDimTemplate@K@?A0x92b3477e@@YA_NAAVDataVariant@@ABV?$vector@VDimensionDescriptor@@V?$allocator@VDimensionDescriptor@@@std@@@std@@@Z$0 1002dcf0 f   PlugInUtilities:RasterUtilities.obj
 0001:0002ccf8       __ehhandler$??$chipMetadataDimTemplate@K@?A0x92b3477e@@YA_NAAVDataVariant@@ABV?$vector@VDimensionDescriptor@@V?$allocator@VDimensionDescriptor@@@std@@@std@@@Z 1002dcf8 f   PlugInUtilities:RasterUtilities.obj
 0001:0002cd10       __unwindfunclet$??$chipMetadataDimTemplate@_J@?A0x92b3477e@@YA_NAAVDataVariant@@ABV?$vector@VDimensionDescriptor@@V?$allocator@VDimensionDescriptor@@@std@@@std@@@Z$0 1002dd10 f   PlugInUtilities:RasterUtilities.obj
 0001:0002cd18       __ehhandler$??$chipMetadataDimTemplate@_J@?A0x92b3477e@@YA_NAAVDataVariant@@ABV?$vector@VDimensionDescriptor@@V?$allocator@VDimensionDescriptor@@@std@@@std@@@Z 1002dd18 f   PlugInUtilities:RasterUtilities.obj
 0001:0002cd30       __unwindfunclet$??$chipMetadataDimTemplate@_K@?A0x92b3477e@@YA_NAAVDataVariant@@ABV?$vector@VDimensionDescriptor@@V?$allocator@VDimensionDescriptor@@@std@@@std@@@Z$0 1002dd30 f   PlugInUtilities:RasterUtilities.obj
 0001:0002cd38       __ehhandler$??$chipMetadataDimTemplate@_K@?A0x92b3477e@@YA_NAAVDataVariant@@ABV?$vector@VDimensionDescriptor@@V?$allocator@VDimensionDescriptor@@@std@@@std@@@Z 1002dd38 f   PlugInUtilities:RasterUtilities.obj
 0001:0002cd50       __unwindfunclet$??$chipMetadataDimTemplate@VInt64@@@?A0x92b3477e@@YA_NAAVDataVariant@@ABV?$vector@VDimensionDescriptor@@V?$allocator@VDimensionDescriptor@@@std@@@std@@@Z$0 1002dd50 f   PlugInUtilities:RasterUtilities.obj
 0001:0002cd58       __ehhandler$??$chipMetadataDimTemplate@VInt64@@@?A0x92b3477e@@YA_NAAVDataVariant@@ABV?$vector@VDimensionDescriptor@@V?$allocator@VDimensionDescriptor@@@std@@@std@@@Z 1002dd58 f   PlugInUtilities:RasterUtilities.obj
 0001:0002cd70       __unwindfunclet$??$chipMetadataDimTemplate@VUInt64@@@?A0x92b3477e@@YA_NAAVDataVariant@@ABV?$vector@VDimensionDescriptor@@V?$allocator@VDimensionDescriptor@@@std@@@std@@@Z$0 1002dd70 f   PlugInUtilities:RasterUtilities.obj
 0001:0002cd78       __ehhandler$??$chipMetadataDimTemplate@VUInt64@@@?A0x92b3477e@@YA_NAAVDataVariant@@ABV?$vector@VDimensionDescriptor@@V?$allocator@VDimensionDescriptor@@@std@@@std@@@Z 1002dd78 f   PlugInUtilities:RasterUtilities.obj
 0001:0002cd90       __unwindfunclet$??$chipMetadataDimTemplate@M@?A0x92b3477e@@YA_NAAVDataVariant@@ABV?$vector@VDimensionDescriptor@@V?$allocator@VDimensionDescriptor@@@std@@@std@@@Z$0 1002dd90 f   PlugInUtilities:RasterUtilities.obj
 0001:0002cd98       __ehhandler$??$chipMetadataDimTemplate@M@?A0x92b3477e@@YA_NAAVDataVariant@@ABV?$vector@VDimensionDescriptor@@V?$allocator@VDimensionDescriptor@@@std@@@std@@@Z 1002dd98 f   PlugInUtilities:RasterUtilities.obj
 0001:0002cdb0       __unwindfunclet$??$chipMetadataDimTemplate@N@?A0x92b3477e@@YA_NAAVDataVariant@@ABV?$vector@VDimensionDescriptor@@V?$allocator@VDimensionDescriptor@@@std@@@std@@@Z$0 1002ddb0 f   PlugInUtilities:RasterUtilities.obj
 0001:0002cdb8       __ehhandler$??$chipMetadataDimTemplate@N@?A0x92b3477e@@YA_NAAVDataVariant@@ABV?$vector@VDimensionDescriptor@@V?$allocator@VDimensionDescriptor@@@std@@@std@@@Z 1002ddb8 f   PlugInUtilities:RasterUtilities.obj
 0001:0002cdd0       __unwindfunclet$?subsetDimensionVector@RasterUtilities@@YA?AV?$vector@VDimensionDescriptor@@V?$allocator@VDimensionDescriptor@@@std@@@std@@ABV23@ABVDimensionDescriptor@@1I@Z$0 1002ddd0 f   PlugInUtilities:RasterUtilities.obj
 0001:0002cde9       __ehhandler$?subsetDimensionVector@RasterUtilities@@YA?AV?$vector@VDimensionDescriptor@@V?$allocator@VDimensionDescriptor@@@std@@@std@@ABV23@ABVDimensionDescriptor@@1I@Z 1002dde9 f   PlugInUtilities:RasterUtilities.obj
 0001:0002ce00       __unwindfunclet$?generateFileDescriptorForExport@RasterUtilities@@YAPAVFileDescriptor@@PBVDataDescriptor@@ABV?$basic_string@DU?$char_traits@D@std@@V?$allocator@D@2@@std@@ABVDimensionDescriptor@@2I22IABV?$vector@VDimensionDescriptor@@V?$allocator@VDimensionDescriptor@@@std@@@5@@Z$2 1002de00 f   PlugInUtilities:RasterUtilities.obj
 0001:0002ce0b       __unwindfunclet$?generateFileDescriptorForExport@RasterUtilities@@YAPAVFileDescriptor@@PBVDataDescriptor@@ABV?$basic_string@DU?$char_traits@D@std@@V?$allocator@D@2@@std@@ABVDimensionDescriptor@@2I22IABV?$vector@VDimensionDescriptor@@V?$allocator@VDimensionDescriptor@@@std@@@5@@Z$3 1002de0b f   PlugInUtilities:RasterUtilities.obj
 0001:0002ce16       __unwindfunclet$?generateFileDescriptorForExport@RasterUtilities@@YAPAVFileDescriptor@@PBVDataDescriptor@@ABV?$basic_string@DU?$char_traits@D@std@@V?$allocator@D@2@@std@@ABVDimensionDescriptor@@2I22IABV?$vector@VDimensionDescriptor@@V?$allocator@VDimensionDescriptor@@@std@@@5@@Z$4 1002de16 f   PlugInUtilities:RasterUtilities.obj
 0001:0002ce21       __ehhandler$?generateFileDescriptorForExport@RasterUtilities@@YAPAVFileDescriptor@@PBVDataDescriptor@@ABV?$basic_string@DU?$char_traits@D@std@@V?$allocator@D@2@@std@@ABVDimensionDescriptor@@2I22IABV?$vector@VDimensionDescriptor@@V?$allocator@VDimensionDescriptor@@@std@@@5@@Z 1002de21 f   PlugInUtilities:RasterUtilities.obj
 0001:0002ce30       __unwindfunclet$?generateFileDescriptorForExport@RasterUtilities@@YAPAVFileDescriptor@@PBVDataDescriptor@@ABV?$basic_string@DU?$char_traits@D@std@@V?$allocator@D@2@@std@@ABVDimensionDescriptor@@2I22I22I@Z$0 1002de30 f   PlugInUtilities:RasterUtilities.obj
 0001:0002ce38       __ehhandler$?generateFileDescriptorForExport@RasterUtilities@@YAPAVFileDescriptor@@PBVDataDescriptor@@ABV?$basic_string@DU?$char_traits@D@std@@V?$allocator@D@2@@std@@ABVDimensionDescriptor@@2I22I22I@Z 1002de38 f   PlugInUtilities:RasterUtilities.obj
 0001:0002ce50       __unwindfunclet$?subsetDataDescriptor@RasterUtilities@@YAXPAVDataDescriptor@@ABVDimensionDescriptor@@1I11IABV?$vector@VDimensionDescriptor@@V?$allocator@VDimensionDescriptor@@@std@@@std@@@Z$0 1002de50 f   PlugInUtilities:RasterUtilities.obj
 0001:0002ce58       __unwindfunclet$?subsetDataDescriptor@RasterUtilities@@YAXPAVDataDescriptor@@ABVDimensionDescriptor@@1I11IABV?$vector@VDimensionDescriptor@@V?$allocator@VDimensionDescriptor@@@std@@@std@@@Z$1 1002de58 f   PlugInUtilities:RasterUtilities.obj
 0001:0002ce60       __unwindfunclet$?subsetDataDescriptor@RasterUtilities@@YAXPAVDataDescriptor@@ABVDimensionDescriptor@@1I11IABV?$vector@VDimensionDescriptor@@V?$allocator@VDimensionDescriptor@@@std@@@std@@@Z$2 1002de60 f   PlugInUtilities:RasterUtilities.obj
 0001:0002ce68       __ehhandler$?subsetDataDescriptor@RasterUtilities@@YAXPAVDataDescriptor@@ABVDimensionDescriptor@@1I11IABV?$vector@VDimensionDescriptor@@V?$allocator@VDimensionDescriptor@@@std@@@std@@@Z 1002de68 f   PlugInUtilities:RasterUtilities.obj
 0001:0002ce80       __unwindfunclet$?subsetDataDescriptor@RasterUtilities@@YAXPAVDataDescriptor@@ABVDimensionDescriptor@@1I11I11I@Z$0 1002de80 f   PlugInUtilities:RasterUtilities.obj
 0001:0002ce88       __ehhandler$?subsetDataDescriptor@RasterUtilities@@YAXPAVDataDescriptor@@ABVDimensionDescriptor@@1I11I11I@Z 1002de88 f   PlugInUtilities:RasterUtilities.obj
 0001:0002cea0       __unwindfunclet$?getVisibleRasterChannels@RasterUtilities@@YA?AV?$vector@V?$EnumWrapper@W4RasterChannelTypeEnum@@@@V?$allocator@V?$EnumWrapper@W4RasterChannelTypeEnum@@@@@std@@@std@@XZ$0 1002dea0 f   PlugInUtilities:RasterUtilities.obj
 0001:0002ceb9       __ehhandler$?getVisibleRasterChannels@RasterUtilities@@YA?AV?$vector@V?$EnumWrapper@W4RasterChannelTypeEnum@@@@V?$allocator@V?$EnumWrapper@W4RasterChannelTypeEnum@@@@@std@@@std@@XZ 1002deb9 f   PlugInUtilities:RasterUtilities.obj
 0001:0002ced0       __unwindfunclet$??$chipMetadataDimTemplate@V?$basic_string@DU?$char_traits@D@std@@V?$allocator@D@2@@std@@@?A0x92b3477e@@YA_NAAVDataVariant@@ABV?$vector@VDimensionDescriptor@@V?$allocator@VDimensionDescriptor@@@std@@@std@@@Z$0 1002ded0 f   PlugInUtilities:RasterUtilities.obj
 0001:0002ced8       __ehhandler$??$chipMetadataDimTemplate@V?$basic_string@DU?$char_traits@D@std@@V?$allocator@D@2@@std@@@?A0x92b3477e@@YA_NAAVDataVariant@@ABV?$vector@VDimensionDescriptor@@V?$allocator@VDimensionDescriptor@@@std@@@std@@@Z 1002ded8 f   PlugInUtilities:RasterUtilities.obj
 0001:0002cef0       __unwindfunclet$?generateFileDescriptorForExport@RasterUtilities@@YAPAVFileDescriptor@@PBVDataDescriptor@@ABV?$basic_string@DU?$char_traits@D@std@@V?$allocator@D@2@@std@@@Z$0 1002def0 f   PlugInUtilities:RasterUtilities.obj
 0001:0002cef8       __ehhandler$?generateFileDescriptorForExport@RasterUtilities@@YAPAVFileDescriptor@@PBVDataDescriptor@@ABV?$basic_string@DU?$char_traits@D@std@@V?$allocator@D@2@@std@@@Z 1002def8 f   PlugInUtilities:RasterUtilities.obj
 0001:0002cf10       __unwindfunclet$?rotate@RasterUtilities@@YA_NPAVRasterElement@@PBV2@NHV?$EnumWrapper@W4InterpolationTypeEnum@RasterUtilities@@@@PAVProgress@@PA_N@Z$1 1002df10 f   PlugInUtilities:RasterUtilities.obj
 0001:0002cf1b       __unwindfunclet$?rotate@RasterUtilities@@YA_NPAVRasterElement@@PBV2@NHV?$EnumWrapper@W4InterpolationTypeEnum@RasterUtilities@@@@PAVProgress@@PA_N@Z$3 1002df1b f   PlugInUtilities:RasterUtilities.obj
 0001:0002cf26       __unwindfunclet$?rotate@RasterUtilities@@YA_NPAVRasterElement@@PBV2@NHV?$EnumWrapper@W4InterpolationTypeEnum@RasterUtilities@@@@PAVProgress@@PA_N@Z$6 1002df26 f   PlugInUtilities:RasterUtilities.obj
 0001:0002cf31       __unwindfunclet$?rotate@RasterUtilities@@YA_NPAVRasterElement@@PBV2@NHV?$EnumWrapper@W4InterpolationTypeEnum@RasterUtilities@@@@PAVProgress@@PA_N@Z$9 1002df31 f   PlugInUtilities:RasterUtilities.obj
 0001:0002cf3c       __unwindfunclet$?rotate@RasterUtilities@@YA_NPAVRasterElement@@PBV2@NHV?$EnumWrapper@W4InterpolationTypeEnum@RasterUtilities@@@@PAVProgress@@PA_N@Z$10 1002df3c f   PlugInUtilities:RasterUtilities.obj
 0001:0002cf47       __unwindfunclet$?rotate@RasterUtilities@@YA_NPAVRasterElement@@PBV2@NHV?$EnumWrapper@W4InterpolationTypeEnum@RasterUtilities@@@@PAVProgress@@PA_N@Z$11 1002df47 f   PlugInUtilities:RasterUtilities.obj
 0001:0002cf53       __unwindfunclet$?rotate@RasterUtilities@@YA_NPAVRasterElement@@PBV2@NHV?$EnumWrapper@W4InterpolationTypeEnum@RasterUtilities@@@@PAVProgress@@PA_N@Z$12 1002df53 f   PlugInUtilities:RasterUtilities.obj
 0001:0002cf5f       __unwindfunclet$?rotate@RasterUtilities@@YA_NPAVRasterElement@@PBV2@NHV?$EnumWrapper@W4InterpolationTypeEnum@RasterUtilities@@@@PAVProgress@@PA_N@Z$14 1002df5f f   PlugInUtilities:RasterUtilities.obj
 0001:0002cf6a       __unwindfunclet$?rotate@RasterUtilities@@YA_NPAVRasterElement@@PBV2@NHV?$EnumWrapper@W4InterpolationTypeEnum@RasterUtilities@@@@PAVProgress@@PA_N@Z$15 1002df6a f   PlugInUtilities:RasterUtilities.obj
 0001:0002cf75       __unwindfunclet$?rotate@RasterUtilities@@YA_NPAVRasterElement@@PBV2@NHV?$EnumWrapper@W4InterpolationTypeEnum@RasterUtilities@@@@PAVProgress@@PA_N@Z$16 1002df75 f   PlugInUtilities:RasterUtilities.obj
 0001:0002cf80       __unwindfunclet$?rotate@RasterUtilities@@YA_NPAVRasterElement@@PBV2@NHV?$EnumWrapper@W4InterpolationTypeEnum@RasterUtilities@@@@PAVProgress@@PA_N@Z$17 1002df80 f   PlugInUtilities:RasterUtilities.obj
 0001:0002cf8b       __unwindfunclet$?rotate@RasterUtilities@@YA_NPAVRasterElement@@PBV2@NHV?$EnumWrapper@W4InterpolationTypeEnum@RasterUtilities@@@@PAVProgress@@PA_N@Z$18 1002df8b f   PlugInUtilities:RasterUtilities.obj
 0001:0002cf97       __unwindfunclet$?rotate@RasterUtilities@@YA_NPAVRasterElement@@PBV2@NHV?$EnumWrapper@W4InterpolationTypeEnum@RasterUtilities@@@@PAVProgress@@PA_N@Z$21 1002df97 f   PlugInUtilities:RasterUtilities.obj
 0001:0002cfa2       __unwindfunclet$?rotate@RasterUtilities@@YA_NPAVRasterElement@@PBV2@NHV?$EnumWrapper@W4InterpolationTypeEnum@RasterUtilities@@@@PAVProgress@@PA_N@Z$19 1002dfa2 f   PlugInUtilities:RasterUtilities.obj
 0001:0002cfae       __unwindfunclet$?rotate@RasterUtilities@@YA_NPAVRasterElement@@PBV2@NHV?$EnumWrapper@W4InterpolationTypeEnum@RasterUtilities@@@@PAVProgress@@PA_N@Z$20 1002dfae f   PlugInUtilities:RasterUtilities.obj
 0001:0002cfba       __unwindfunclet$?rotate@RasterUtilities@@YA_NPAVRasterElement@@PBV2@NHV?$EnumWrapper@W4InterpolationTypeEnum@RasterUtilities@@@@PAVProgress@@PA_N@Z$24 1002dfba f   PlugInUtilities:RasterUtilities.obj
 0001:0002cfc6       __unwindfunclet$?rotate@RasterUtilities@@YA_NPAVRasterElement@@PBV2@NHV?$EnumWrapper@W4InterpolationTypeEnum@RasterUtilities@@@@PAVProgress@@PA_N@Z$25 1002dfc6 f   PlugInUtilities:RasterUtilities.obj
 0001:0002cfd2       __unwindfunclet$?rotate@RasterUtilities@@YA_NPAVRasterElement@@PBV2@NHV?$EnumWrapper@W4InterpolationTypeEnum@RasterUtilities@@@@PAVProgress@@PA_N@Z$26 1002dfd2 f   PlugInUtilities:RasterUtilities.obj
 0001:0002cfde       __unwindfunclet$?rotate@RasterUtilities@@YA_NPAVRasterElement@@PBV2@NHV?$EnumWrapper@W4InterpolationTypeEnum@RasterUtilities@@@@PAVProgress@@PA_N@Z$13 1002dfde f   PlugInUtilities:RasterUtilities.obj
 0001:0002cfea       __unwindfunclet$?rotate@RasterUtilities@@YA_NPAVRasterElement@@PBV2@NHV?$EnumWrapper@W4InterpolationTypeEnum@RasterUtilities@@@@PAVProgress@@PA_N@Z$2 1002dfea f   PlugInUtilities:RasterUtilities.obj
 0001:0002cff6       __unwindfunclet$?rotate@RasterUtilities@@YA_NPAVRasterElement@@PBV2@NHV?$EnumWrapper@W4InterpolationTypeEnum@RasterUtilities@@@@PAVProgress@@PA_N@Z$0 1002dff6 f   PlugInUtilities:RasterUtilities.obj
 0001:0002d002       __ehhandler$?rotate@RasterUtilities@@YA_NPAVRasterElement@@PBV2@NHV?$EnumWrapper@W4InterpolationTypeEnum@RasterUtilities@@@@PAVProgress@@PA_N@Z 1002e002 f   PlugInUtilities:RasterUtilities.obj
 0001:0002d010       __unwindfunclet$??$chipMetadataDimTemplate@_N@?A0x92b3477e@@YA_NAAVDataVariant@@ABV?$vector@VDimensionDescriptor@@V?$allocator@VDimensionDescriptor@@@std@@@std@@@Z$0 1002e010 f   PlugInUtilities:RasterUtilities.obj
 0001:0002d018       __ehhandler$??$chipMetadataDimTemplate@_N@?A0x92b3477e@@YA_NAAVDataVariant@@ABV?$vector@VDimensionDescriptor@@V?$allocator@VDimensionDescriptor@@@std@@@std@@@Z 1002e018 f   PlugInUtilities:RasterUtilities.obj
 0001:0002d030       __unwindfunclet$?chipMetadataDim@?A0x92b3477e@@YAXPAVDynamicObject@@ABV?$vector@VDimensionDescriptor@@V?$allocator@VDimensionDescriptor@@@std@@@std@@@Z$0 1002e030 f   PlugInUtilities:RasterUtilities.obj
 0001:0002d038       __unwindfunclet$?chipMetadataDim@?A0x92b3477e@@YAXPAVDynamicObject@@ABV?$vector@VDimensionDescriptor@@V?$allocator@VDimensionDescriptor@@@std@@@std@@@Z$1 1002e038 f   PlugInUtilities:RasterUtilities.obj
 0001:0002d041       __ehhandler$?chipMetadataDim@?A0x92b3477e@@YAXPAVDynamicObject@@ABV?$vector@VDimensionDescriptor@@V?$allocator@VDimensionDescriptor@@@std@@@std@@@Z 1002e041 f   PlugInUtilities:RasterUtilities.obj
 0001:0002d050       __unwindfunclet$?chipMetadata@RasterUtilities@@YA_NPAVDynamicObject@@ABV?$vector@VDimensionDescriptor@@V?$allocator@VDimensionDescriptor@@@std@@@std@@11@Z$0 1002e050 f   PlugInUtilities:RasterUtilities.obj
 0001:0002d059       __unwindfunclet$?chipMetadata@RasterUtilities@@YA_NPAVDynamicObject@@ABV?$vector@VDimensionDescriptor@@V?$allocator@VDimensionDescriptor@@@std@@@std@@11@Z$1 1002e059 f   PlugInUtilities:RasterUtilities.obj
 0001:0002d062       __unwindfunclet$?chipMetadata@RasterUtilities@@YA_NPAVDynamicObject@@ABV?$vector@VDimensionDescriptor@@V?$allocator@VDimensionDescriptor@@@std@@@std@@11@Z$2 1002e062 f   PlugInUtilities:RasterUtilities.obj
 0001:0002d06b       __unwindfunclet$?chipMetadata@RasterUtilities@@YA_NPAVDynamicObject@@ABV?$vector@VDimensionDescriptor@@V?$allocator@VDimensionDescriptor@@@std@@@std@@11@Z$3 1002e06b f   PlugInUtilities:RasterUtilities.obj
 0001:0002d074       __ehhandler$?chipMetadata@RasterUtilities@@YA_NPAVDynamicObject@@ABV?$vector@VDimensionDescriptor@@V?$allocator@VDimensionDescriptor@@@std@@@std@@11@Z 1002e074 f   PlugInUtilities:RasterUtilities.obj
 0001:0002d080       __unwindfunclet$?LogVerificationErrorProc@@YAXPBD0I0@Z$0 1002e080 f   PlugInUtilities:AppVerify.obj
 0001:0002d08c       __unwindfunclet$?LogVerificationErrorProc@@YAXPBD0I0@Z$1 1002e08c f   PlugInUtilities:AppVerify.obj
 0001:0002d098       __unwindfunclet$?LogVerificationErrorProc@@YAXPBD0I0@Z$2 1002e098 f   PlugInUtilities:AppVerify.obj
 0001:0002d0a4       __unwindfunclet$?LogVerificationErrorProc@@YAXPBD0I0@Z$3 1002e0a4 f   PlugInUtilities:AppVerify.obj
 0001:0002d0b0       __unwindfunclet$?LogVerificationErrorProc@@YAXPBD0I0@Z$4 1002e0b0 f   PlugInUtilities:AppVerify.obj
 0001:0002d0bc       __unwindfunclet$?LogVerificationErrorProc@@YAXPBD0I0@Z$5 1002e0bc f   PlugInUtilities:AppVerify.obj
 0001:0002d0c8       __unwindfunclet$?LogVerificationErrorProc@@YAXPBD0I0@Z$6 1002e0c8 f   PlugInUtilities:AppVerify.obj
 0001:0002d0d4       __unwindfunclet$?LogVerificationErrorProc@@YAXPBD0I0@Z$7 1002e0d4 f   PlugInUtilities:AppVerify.obj
 0001:0002d0e0       __unwindfunclet$?LogVerificationErrorProc@@YAXPBD0I0@Z$8 1002e0e0 f   PlugInUtilities:AppVerify.obj
 0001:0002d0ec       __unwindfunclet$?LogVerificationErrorProc@@YAXPBD0I0@Z$9 1002e0ec f   PlugInUtilities:AppVerify.obj
 0001:0002d0f8       __unwindfunclet$?LogVerificationErrorProc@@YAXPBD0I0@Z$10 1002e0f8 f   PlugInUtilities:AppVerify.obj
 0001:0002d104       __unwindfunclet$?LogVerificationErrorProc@@YAXPBD0I0@Z$11 1002e104 f   PlugInUtilities:AppVerify.obj
 0001:0002d110       __unwindfunclet$?LogVerificationErrorProc@@YAXPBD0I0@Z$12 1002e110 f   PlugInUtilities:AppVerify.obj
 0001:0002d11c       __unwindfunclet$?LogVerificationErrorProc@@YAXPBD0I0@Z$13 1002e11c f   PlugInUtilities:AppVerify.obj
 0001:0002d128       __unwindfunclet$?LogVerificationErrorProc@@YAXPBD0I0@Z$14 1002e128 f   PlugInUtilities:AppVerify.obj
 0001:0002d134       __unwindfunclet$?LogVerificationErrorProc@@YAXPBD0I0@Z$15 1002e134 f   PlugInUtilities:AppVerify.obj
 0001:0002d140       __ehhandler$?LogVerificationErrorProc@@YAXPBD0I0@Z 1002e140 f   PlugInUtilities:AppVerify.obj
 0001:0002d150       __unwindfunclet$?createWrapper@DataVariant@@ABEPAVDataValueWrapper@@PBXPBD_N@Z$0 1002e150 f   PlugInUtilities:DataVariant.obj
 0001:0002d159       __ehhandler$?createWrapper@DataVariant@@ABEPAVDataValueWrapper@@PBXPBD_N@Z 1002e159 f   PlugInUtilities:DataVariant.obj
 0001:0002d170       ??__EDataMergepluginFactory@SpectralDataMerge@@YAXXZ 1002e170 f   DataMerge.obj
 0001:0002d200       ??__E?staticMetaObject@DataMerge@@2UQMetaObject@@B@@YAXXZ 1002e200 f   moc_DataMerge.obj
 0001:0002d210       ??__FDataMergepluginFactory@SpectralDataMerge@@YAXXZ 1002e210 f   DataMerge.obj
 0001:0002d220       ??__FsFactories@?1??factories@SpectralDataMerge@@YAAAV?$vector@U?$pair@V?$basic_string@DU?$char_traits@D@std@@V?$allocator@D@2@@std@@PAVPlugInFactory@@@std@@V?$allocator@U?$pair@V?$basic_string@DU?$char_traits@D@std@@V?$allocator@D@2@@std@@PAVPlugInFactory@@@std@@@2@@std@@XZ@YAXXZ 1002e220 f   ModuleManager.obj

 Exports

  ordinal    name

        1    _SpectralDataMergeInstantiatePlugIn
               exported name: SpectralDataMergeInstantiatePlugIn
        2    _opticks_get_module_descriptor
               exported name: opticks_get_module_descriptor
