 RX

 Timestamp is 4c280d3f (Mon Jun 28 10:47:27 2010)

 Preferred load address is 10000000

 Start         Length     Name                   Class
 0001:00000000 0002be44H .text                   CODE
 0001:0002be50 00001f03H .text$x                 CODE
 0001:0002dd60 00000083H .text$yc                CODE
 0001:0002ddf0 0000001aH .text$yd                CODE
 0002:00000000 000001b8H .idata$5                DATA
 0002:000001b8 00000004H .CRT$XCA                DATA
 0002:000001bc 00000004H .CRT$XCU                DATA
 0002:000001c0 00000004H .CRT$XCZ                DATA
 0002:000001c4 00000004H .CRT$XIA                DATA
 0002:000001c8 00000004H .CRT$XIAA               DATA
 0002:000001cc 00000004H .CRT$XIC                DATA
 0002:000001d0 00000004H .CRT$XIZ                DATA
 0002:000001e0 00001fd8H .rdata                  DATA
 0002:000021b8 0000004eH .rdata$debug            DATA
 0002:00002208 000009c8H .rdata$r                DATA
 0002:00002bd0 000002d4H .rdata$sxdata           DATA
 0002:00002ea4 00000004H .rtc$IAA                DATA
 0002:00002ea8 00000004H .rtc$IZZ                DATA
 0002:00002eac 00000004H .rtc$TAA                DATA
 0002:00002eb0 00000004H .rtc$TZZ                DATA
 0002:00002eb8 00003174H .xdata$x                DATA
 0002:0000602c 00000050H .idata$2                DATA
 0002:0000607c 00000014H .idata$3                DATA
 0002:00006090 000001b8H .idata$4                DATA
 0002:00006248 000012aeH .idata$6                DATA
 0002:00007500 00000089H .edata                  DATA
 0003:00000000 00000b10H .data                   DATA
 0003:00000b10 00000398H .bss                    DATA

  Address         Publics by Value              Rva+Base       Lib:Object

 0000:00000000       __except_list              00000000     <absolute>
 0000:000000b5       ___safe_se_handler_count   000000b5     <absolute>
 0000:00009876       __fltused                  00009876     <absolute>
 0000:00009876       __ldused                   00009876     <absolute>
 0000:00000000       ___ImageBase               10000000     <linker-defined>
 0001:00000000       ??CDataAccessor@@QAEPAVDataAccessorImpl@@XZ 10001000 f i AnomalyDetection.obj
 0001:00000010       ??0bad_alloc@std@@QAE@PBD@Z 10001010 f i AnomalyDetection.obj
 0001:00000030       ??1bad_alloc@std@@UAE@XZ   10001030 f i AnomalyDetection.obj
 0001:00000040       ??_Gbad_alloc@std@@UAEPAXI@Z 10001040 f i AnomalyDetection.obj
 0001:00000040       ??_Ebad_alloc@std@@UAEPAXI@Z 10001040 f i AnomalyDetection.obj
 0001:00000070       ??2@YAPAXIPAX@Z            10001070 f i AnomalyDetection.obj
 0001:00000080       ??3@YAXPAX0@Z              10001080 f i AnomalyDetection.obj
 0001:00000090       ??0_Iterator_base@std@@QAE@XZ 10001090 f i AnomalyDetection.obj
 0001:000000a0       ??0logic_error@std@@QAE@ABV?$basic_string@DU?$char_traits@D@std@@V?$allocator@D@2@@1@@Z 100010a0 f i AnomalyDetection.obj
 0001:00000100       ??1logic_error@std@@UAE@XZ 10001100 f i AnomalyDetection.obj
 0001:00000120       ?what@logic_error@std@@UBEPBDXZ 10001120 f i AnomalyDetection.obj
 0001:00000130       ??_Elogic_error@std@@UAEPAXI@Z 10001130 f i AnomalyDetection.obj
 0001:00000130       ??_Glogic_error@std@@UAEPAXI@Z 10001130 f i AnomalyDetection.obj
 0001:00000160       ??0length_error@std@@QAE@ABV?$basic_string@DU?$char_traits@D@std@@V?$allocator@D@2@@1@@Z 10001160 f i AnomalyDetection.obj
 0001:00000180       ??1length_error@std@@UAE@XZ 10001180 f i AnomalyDetection.obj
 0001:000001a0       ??_Elength_error@std@@UAEPAXI@Z 100011a0 f i AnomalyDetection.obj
 0001:000001a0       ??_Glength_error@std@@UAEPAXI@Z 100011a0 f i AnomalyDetection.obj
 0001:000001d0       ??0Args@FactoryAllocator@@QAE@PBD@Z 100011d0 f i AnomalyDetection.obj
 0001:000001f0       ??0Args@ModelObject@@QAE@XZ 100011f0 f i AnomalyDetection.obj
 0001:00000250       ?getColumn@DataAccessorImpl@@QAEPAXXZ 10001250 f i AnomalyDetection.obj
 0001:00000260       ?updateIfNeeded@DataAccessorImpl@@AAEXXZ 10001260 f i AnomalyDetection.obj
 0001:000002f0       ??0logic_error@std@@QAE@ABV01@@Z 100012f0 f i AnomalyDetection.obj
 0001:00000350       ??1Args@MessageObject@@QAE@XZ 10001350 f i AnomalyDetection.obj
 0001:000003d0       ??0PlugInFactory@@QAE@XZ   100013d0 f i AnomalyDetection.obj
 0001:000003e0       ?ProgressArg@Executable@@SA?AV?$basic_string@DU?$char_traits@D@std@@V?$allocator@D@2@@std@@XZ 100013e0 f i AnomalyDetection.obj
 0001:00000400       ?DataElementArg@Executable@@SA?AV?$basic_string@DU?$char_traits@D@std@@V?$allocator@D@2@@std@@XZ 10001400 f i AnomalyDetection.obj
 0001:00000420       ??0AnomalyDetection@@QAE@XZ 10001420 f   AnomalyDetection.obj
 0001:00000630       ??1AnomalyDetection@@UAE@XZ 10001630 f   AnomalyDetection.obj
 0001:00000650       ??C?$Service@VApplicationServices@@@@QBEPAVApplicationServices@@XZ 10001650 f i AnomalyDetection.obj
 0001:00000660       ??C?$Service@VModelServices@@@@QBEPAVModelServices@@XZ 10001660 f i AnomalyDetection.obj
 0001:00000670       ?get@?$Resource@VDataRequest@@VFactoryObject@@@@QAEPAVDataRequest@@XZ 10001670 f i AnomalyDetection.obj
 0001:00000680       ??C?$Resource@VDataRequest@@VFactoryObject@@@@QAEPAVDataRequest@@XZ 10001680 f i AnomalyDetection.obj
 0001:00000690       ?release@?$Resource@VDataRequest@@VFactoryObject@@@@QAEPAVDataRequest@@XZ 10001690 f i AnomalyDetection.obj
 0001:000006a0       ??0?$EnumWrapper@W4InterleaveFormatTypeEnum@@@@QAE@ABW4InterleaveFormatTypeEnum@@@Z 100016a0 f i AnomalyDetection.obj
 0001:000006c0       ??0?$EnumWrapper@W4ResultEnum@Message@@@@QAE@ABW4ResultEnum@Message@@@Z 100016c0 f i AnomalyDetection.obj
 0001:000006e0       ??C?$Service@VSessionManager@@@@QBEPAVSessionManager@@XZ 100016e0 f i AnomalyDetection.obj
 0001:000006f0       ??C?$Service@VMessageLogMgr@@@@QBEPAVMessageLogMgr@@XZ 100016f0 f i AnomalyDetection.obj
 0001:00000700       ??B?$EnumWrapper@W4EncodingTypeEnum@@@@QBE?AW4EncodingTypeEnum@@XZ 10001700 f i AnomalyDetection.obj
 0001:00000710       ??8?$EnumWrapper@W4EncodingTypeEnum@@@@QBE_NABW4EncodingTypeEnum@@@Z 10001710 f i AnomalyDetection.obj
 0001:00000730       ??B?$Matrix@N@TNT@@QAEPAPANXZ 10001730 f i AnomalyDetection.obj
 0001:00000740       ?num_rows@?$Matrix@N@TNT@@QBEHXZ 10001740 f i AnomalyDetection.obj
 0001:00000750       ?num_cols@?$Matrix@N@TNT@@QBEHXZ 10001750 f i AnomalyDetection.obj
 0001:00000760       ??A?$Matrix@N@TNT@@QAEPANH@Z 10001760 f i AnomalyDetection.obj
 0001:00000770       ??0?$EnumWrapper@W4ReportingLevelEnum@@@@QAE@ABW4ReportingLevelEnum@@@Z 10001770 f i AnomalyDetection.obj
 0001:00000790       ??C?$Service@VPlugInManagerServices@@@@QBEPAVPlugInManagerServices@@XZ 10001790 f i AnomalyDetection.obj
 0001:000007a0       ?get@?$Resource@VRasterElement@@VModelObject@@@@QAEPAVRasterElement@@XZ 100017a0 f i AnomalyDetection.obj
 0001:000007b0       ??C?$Resource@VRasterElement@@VModelObject@@@@QAEPAVRasterElement@@XZ 100017b0 f i AnomalyDetection.obj
 0001:000007c0       ?release@?$Resource@VRasterElement@@VModelObject@@@@QAEPAVRasterElement@@XZ 100017c0 f i AnomalyDetection.obj
 0001:000007d0       ??C?$Service@VDesktopServices@@@@QBEPAVDesktopServices@@XZ 100017d0 f i AnomalyDetection.obj
 0001:000007e0       ??0?$EnumWrapper@W4WindowTypeEnum@@@@QAE@ABW4WindowTypeEnum@@@Z 100017e0 f i AnomalyDetection.obj
 0001:00000800       ??0?$EnumWrapper@W4LayerTypeEnum@@@@QAE@ABW4LayerTypeEnum@@@Z 10001800 f i AnomalyDetection.obj
 0001:00000820       ??1Args@FactoryAllocator@@QAE@XZ 10001820 f i AnomalyDetection.obj
 0001:00000830       ??0Args@MessageObject@@QAE@ABU01@@Z 10001830 f i AnomalyDetection.obj
 0001:000008d0       ??1Args@ModelObject@@QAE@XZ 100018d0 f i AnomalyDetection.obj
 0001:00000920       ?capacity@?$vector@V?$basic_string@DU?$char_traits@D@std@@V?$allocator@D@2@@std@@V?$allocator@V?$basic_string@DU?$char_traits@D@std@@V?$allocator@D@2@@std@@@2@@std@@QBEIXZ 10001920 f i AnomalyDetection.obj
 0001:00000950       ?size@?$vector@V?$basic_string@DU?$char_traits@D@std@@V?$allocator@D@2@@std@@V?$allocator@V?$basic_string@DU?$char_traits@D@std@@V?$allocator@D@2@@std@@@2@@std@@QBEIXZ 10001950 f i AnomalyDetection.obj
 0001:00000980       ??0?$allocator@V?$basic_string@DU?$char_traits@D@std@@V?$allocator@D@2@@std@@@std@@QAE@XZ 10001980 f i AnomalyDetection.obj
 0001:00000990       ??0?$allocator@V?$basic_string@DU?$char_traits@D@std@@V?$allocator@D@2@@std@@@std@@QAE@ABV01@@Z 10001990 f i AnomalyDetection.obj
 0001:000009a0       ?deallocate@?$allocator@V?$basic_string@DU?$char_traits@D@std@@V?$allocator@D@2@@std@@@std@@QAEXPAV?$basic_string@DU?$char_traits@D@std@@V?$allocator@D@2@@2@I@Z 100019a0 f i AnomalyDetection.obj
 0001:000009b0       ?get@?$Resource@VStep@@VMessageObject@@@@QAEPAVStep@@XZ 100019b0 f i AnomalyDetection.obj
 0001:000009c0       ?initialize@?$Matrix@N@TNT@@IAEXHH@Z 100019c0 f i AnomalyDetection.obj
 0001:00000ac0       ?copy@?$Matrix@N@TNT@@IAEXPBN@Z 10001ac0 f i AnomalyDetection.obj
 0001:00000b80       ?set@?$Matrix@N@TNT@@IAEXABN@Z 10001b80 f i AnomalyDetection.obj
 0001:00000be0       ?destroy@?$Matrix@N@TNT@@IAEXXZ 10001be0 f i AnomalyDetection.obj
 0001:00000c20       ??0Args@FactoryAllocator@@QAE@ABV01@@Z 10001c20 f i AnomalyDetection.obj
 0001:00000c40       ??0Args@ModelObject@@QAE@ABV01@@Z 10001c40 f i AnomalyDetection.obj
 0001:00000cb0       ?_Xlen@?$vector@V?$basic_string@DU?$char_traits@D@std@@V?$allocator@D@2@@std@@V?$allocator@V?$basic_string@DU?$char_traits@D@std@@V?$allocator@D@2@@std@@@2@@std@@KAXXZ 10001cb0 f i AnomalyDetection.obj
 0001:00000d30       ??0length_error@std@@QAE@ABV01@@Z 10001d30 f i AnomalyDetection.obj
 0001:00000d50       ??0?$_Ranit@V?$basic_string@DU?$char_traits@D@std@@V?$allocator@D@2@@std@@HPBV12@ABV12@@std@@QAE@XZ 10001d50 f i AnomalyDetection.obj
 0001:00000d60       ?max_size@?$allocator@V?$basic_string@DU?$char_traits@D@std@@V?$allocator@D@2@@std@@@std@@QBEIXZ 10001d60 f i AnomalyDetection.obj
 0001:00000d70       ??G?$_Vector_const_iterator@V?$basic_string@DU?$char_traits@D@std@@V?$allocator@D@2@@std@@V?$allocator@V?$basic_string@DU?$char_traits@D@std@@V?$allocator@D@2@@std@@@2@@std@@QBEHABV01@@Z 10001d70 f i AnomalyDetection.obj
 0001:00000db0       ??Y?$_Vector_const_iterator@V?$basic_string@DU?$char_traits@D@std@@V?$allocator@D@2@@std@@V?$allocator@V?$basic_string@DU?$char_traits@D@std@@V?$allocator@D@2@@std@@@2@@std@@QAEAAV01@H@Z 10001db0 f i AnomalyDetection.obj
 0001:00000e00       ??$addArg@VProgress@@@PlugInArgList@@QAE_NABV?$basic_string@DU?$char_traits@D@std@@V?$allocator@D@2@@std@@PBVProgress@@0@Z 10001e00 f i AnomalyDetection.obj
 0001:00000ed0       ??$addArg@VRasterElement@@@PlugInArgList@@QAE_NABV?$basic_string@DU?$char_traits@D@std@@V?$allocator@D@2@@std@@0@Z 10001ed0 f i AnomalyDetection.obj
 0001:00000f90       ??$addArg@VRasterElement@@@PlugInArgList@@QAE_NABV?$basic_string@DU?$char_traits@D@std@@V?$allocator@D@2@@std@@PBVRasterElement@@0@Z 10001f90 f i AnomalyDetection.obj
 0001:00001060       ??$_Allocate@V?$basic_string@DU?$char_traits@D@std@@V?$allocator@D@2@@std@@@std@@YAPAV?$basic_string@DU?$char_traits@D@std@@V?$allocator@D@2@@0@IPAV10@@Z 10002060 f i AnomalyDetection.obj
 0001:000010d0       ??0bad_alloc@std@@QAE@ABV01@@Z 100020d0 f i AnomalyDetection.obj
 0001:000010f0       ??$setPlugInArgValue@VRasterElement@@@PlugInArg@@QAE_NPAVRasterElement@@@Z 100020f0 f i AnomalyDetection.obj
 0001:00001130       ??$_Iter_random@PAV?$basic_string@DU?$char_traits@D@std@@V?$allocator@D@2@@std@@PAV12@@std@@YA?AUrandom_access_iterator_tag@0@ABQAV?$basic_string@DU?$char_traits@D@std@@V?$allocator@D@2@@0@0@Z 10002130 f i AnomalyDetection.obj
 0001:00001140       ??$_Ptr_cat@PAV?$basic_string@DU?$char_traits@D@std@@V?$allocator@D@2@@std@@PAV12@@std@@YA?AU_Nonscalar_ptr_iterator_tag@0@AAPAV?$basic_string@DU?$char_traits@D@std@@V?$allocator@D@2@@0@0@Z 10002140 f i AnomalyDetection.obj
 0001:00001150       ??$_Fill@PAV?$basic_string@DU?$char_traits@D@std@@V?$allocator@D@2@@std@@V12@@std@@YAXPAV?$basic_string@DU?$char_traits@D@std@@V?$allocator@D@2@@0@0ABV10@@Z 10002150 f i AnomalyDetection.obj
 0001:00001180       ??$_Move_cat@PAV?$basic_string@DU?$char_traits@D@std@@V?$allocator@D@2@@std@@@std@@YA?AU_Swap_move_tag@0@ABQAV?$basic_string@DU?$char_traits@D@std@@V?$allocator@D@2@@0@@Z 10002180 f i AnomalyDetection.obj
 0001:00001190       ??$getPlugInArgValueUnsafe@VProgress@@@PlugInArg@@QAEPAVProgress@@XZ 10002190 f i AnomalyDetection.obj
 0001:000011d0       ??$getPlugInArgValueUnsafe@VRasterElement@@@PlugInArg@@QAEPAVRasterElement@@XZ 100021d0 f i AnomalyDetection.obj
 0001:00001210       ??$_Checked_base@PAV?$basic_string@DU?$char_traits@D@std@@V?$allocator@D@2@@std@@@std@@YAPAV?$basic_string@DU?$char_traits@D@std@@V?$allocator@D@2@@0@AAPAV10@U_Unchanged_checked_iterator_base_type_tag@0@@Z 10002210 f i AnomalyDetection.obj
 0001:00001220       ??$_Construct@V?$basic_string@DU?$char_traits@D@std@@V?$allocator@D@2@@std@@V12@@std@@YAXPAV?$basic_string@DU?$char_traits@D@std@@V?$allocator@D@2@@0@ABV10@@Z 10002220 f i AnomalyDetection.obj
 0001:00001270       ??_G?$basic_string@DU?$char_traits@D@std@@V?$allocator@D@2@@std@@QAEPAXI@Z 10002270 f i AnomalyDetection.obj
 0001:00001290       ??$swap@DU?$char_traits@D@std@@V?$allocator@D@2@@std@@YAXAAV?$basic_string@DU?$char_traits@D@std@@V?$allocator@D@2@@0@0@Z 10002290 f i AnomalyDetection.obj
 0001:000012a0       ??_EAnomalyDetection@@W3AEPAXI@Z 100022a0 f i AnomalyDetection.obj
 0001:000012b0       ??_EAnomalyDetection@@W7AEPAXI@Z 100022b0 f i AnomalyDetection.obj
 0001:000012c0       ?getFactory@FactoryAllocator@@IBEPAVObjectFactory@@XZ 100022c0 f i AnomalyDetection.obj
 0001:000012e0       ?obtainResource@FactoryObject@@QBEPAXABVArgs@FactoryAllocator@@@Z 100022e0 f i AnomalyDetection.obj
 0001:00001370       ?releaseResource@FactoryObject@@QBEXABVArgs@FactoryAllocator@@PAX@Z 10002370 f i AnomalyDetection.obj
 0001:00001400       ?releaseResource@ModelObject@@QBEXABVArgs@1@PAVDataElement@@@Z 10002400 f i AnomalyDetection.obj
 0001:00001430       ?toPixel@DataAccessorImpl@@QAEXHH@Z 10002430 f i AnomalyDetection.obj
 0001:00001460       ??0Args@MessageObject@@QAE@V?$basic_string@DU?$char_traits@D@std@@V?$allocator@D@2@@std@@0000_N@Z 10002460 f i AnomalyDetection.obj
 0001:000015b0       ?obtainResource@MessageObject@@QBEPAVMessage@@ABUArgs@1@@Z 100025b0 f i AnomalyDetection.obj
 0001:00001620       ?releaseResource@MessageObject@@QBEXABUArgs@1@PAVMessage@@@Z 10002620 f i AnomalyDetection.obj
 0001:00001660       ?adddiag@?A0xfea8226e@@YAHHNAAV?$Matrix@N@TNT@@@Z 10002660 f   AnomalyDetection.obj
 0001:000016f0       ??_EAnomalyDetection@@UAEPAXI@Z 100026f0 f i AnomalyDetection.obj
 0001:000016f0       ??_GAnomalyDetection@@UAEPAXI@Z 100026f0 f i AnomalyDetection.obj
 0001:00001730       ?getInputSpecification@AnomalyDetection@@UAE_NAAPAVPlugInArgList@@@Z 10002730 f   AnomalyDetection.obj
 0001:00001870       ?getOutputSpecification@AnomalyDetection@@UAE_NAAPAVPlugInArgList@@@Z 10002870 f   AnomalyDetection.obj
 0001:00001940       ??0?$Resource@VStep@@VMessageObject@@@@QAE@ABUArgs@MessageObject@@@Z 10002940 f i AnomalyDetection.obj
 0001:000019b0       ??C?$Resource@VStep@@VMessageObject@@@@QAEPAVStep@@XZ 100029b0 f i AnomalyDetection.obj
 0001:000019c0       ??0?$Matrix@N@TNT@@QAE@ABV01@@Z 100029c0 f i AnomalyDetection.obj
 0001:000019f0       ??0?$Matrix@N@TNT@@QAE@HHABN@Z 100029f0 f i AnomalyDetection.obj
 0001:00001a20       ??1?$Matrix@N@TNT@@QAE@XZ  10002a20 f i AnomalyDetection.obj
 0001:00001a60       ??0?$_Vector_val@V?$basic_string@DU?$char_traits@D@std@@V?$allocator@D@2@@std@@V?$allocator@V?$basic_string@DU?$char_traits@D@std@@V?$allocator@D@2@@std@@@2@@std@@IAE@V?$allocator@V?$basic_string@DU?$char_traits@D@std@@V?$allocator@D@2@@std@@@1@@Z 10002a60 f i AnomalyDetection.obj
 0001:00001a70       ??0?$Resource@VDataRequest@@VFactoryObject@@@@QAE@ABVArgs@FactoryAllocator@@@Z 10002a70 f i AnomalyDetection.obj
 0001:00001ad0       ?destroyIfOwned@?$Resource@VDataRequest@@VFactoryObject@@@@IAEXXZ 10002ad0 f i AnomalyDetection.obj
 0001:00001b00       ?destroyIfOwned@?$Resource@VStep@@VMessageObject@@@@IAEXXZ 10002b00 f i AnomalyDetection.obj
 0001:00001b50       ??0?$Resource@VRasterElement@@VModelObject@@@@QAE@PAVRasterElement@@ABVArgs@ModelObject@@@Z 10002b50 f i AnomalyDetection.obj
 0001:00001b80       ?destroyIfOwned@?$Resource@VRasterElement@@VModelObject@@@@IAEXXZ 10002b80 f i AnomalyDetection.obj
 0001:00001bc0       ?max_size@?$vector@V?$basic_string@DU?$char_traits@D@std@@V?$allocator@D@2@@std@@V?$allocator@V?$basic_string@DU?$char_traits@D@std@@V?$allocator@D@2@@std@@@2@@std@@QBEIXZ 10002bc0 f i AnomalyDetection.obj
 0001:00001bd0       ?allocate@?$allocator@V?$basic_string@DU?$char_traits@D@std@@V?$allocator@D@2@@std@@@std@@QAEPAV?$basic_string@DU?$char_traits@D@std@@V?$allocator@D@2@@2@I@Z 10002bd0 f i AnomalyDetection.obj
 0001:00001bf0       ??0?$_Vector_const_iterator@V?$basic_string@DU?$char_traits@D@std@@V?$allocator@D@2@@std@@V?$allocator@V?$basic_string@DU?$char_traits@D@std@@V?$allocator@D@2@@std@@@2@@std@@QAE@PAV?$basic_string@DU?$char_traits@D@std@@V?$allocator@D@2@@1@PBU_Container_base@1@@Z 10002bf0 f i AnomalyDetection.obj
 0001:00001c30       ??0?$_Vector_iterator@V?$basic_string@DU?$char_traits@D@std@@V?$allocator@D@2@@std@@V?$allocator@V?$basic_string@DU?$char_traits@D@std@@V?$allocator@D@2@@std@@@2@@std@@QAE@PAV?$basic_string@DU?$char_traits@D@std@@V?$allocator@D@2@@1@PBU_Container_base@1@@Z 10002c30 f i AnomalyDetection.obj
 0001:00001c70       ??G?$_Vector_iterator@V?$basic_string@DU?$char_traits@D@std@@V?$allocator@D@2@@std@@V?$allocator@V?$basic_string@DU?$char_traits@D@std@@V?$allocator@D@2@@std@@@2@@std@@QBEHABV?$_Vector_const_iterator@V?$basic_string@DU?$char_traits@D@std@@V?$allocator@D@2@@std@@V?$allocator@V?$basic_string@DU?$char_traits@D@std@@V?$allocator@D@2@@std@@@2@@1@@Z 10002c70 f i AnomalyDetection.obj
 0001:00001cb0       ??Y?$_Vector_iterator@V?$basic_string@DU?$char_traits@D@std@@V?$allocator@D@2@@std@@V?$allocator@V?$basic_string@DU?$char_traits@D@std@@V?$allocator@D@2@@std@@@2@@std@@QAEAAV01@H@Z 10002cb0 f i AnomalyDetection.obj
 0001:00001d00       ??$setPlugInArgValue@VRasterElement@@@PlugInArgList@@QAE_NABV?$basic_string@DU?$char_traits@D@std@@V?$allocator@D@2@@std@@PAVRasterElement@@@Z 10002d00 f i AnomalyDetection.obj
 0001:00001d40       ??$getPlugInArgValue@VProgress@@@PlugInArg@@QAEPAVProgress@@XZ 10002d40 f i AnomalyDetection.obj
 0001:00001da0       ??$getPlugInArgValue@VRasterElement@@@PlugInArg@@QAEPAVRasterElement@@XZ 10002da0 f i AnomalyDetection.obj
 0001:00001e00       ??$_Checked_base@PAV?$basic_string@DU?$char_traits@D@std@@V?$allocator@D@2@@std@@@std@@YAPAV?$basic_string@DU?$char_traits@D@std@@V?$allocator@D@2@@0@AAPAV10@@Z 10002e00 f i AnomalyDetection.obj
 0001:00001e10       ?construct@?$allocator@V?$basic_string@DU?$char_traits@D@std@@V?$allocator@D@2@@std@@@std@@QAEXPAV?$basic_string@DU?$char_traits@D@std@@V?$allocator@D@2@@2@ABV32@@Z 10002e10 f i AnomalyDetection.obj
 0001:00001e60       ??$_Move_backward_opt@PAV?$basic_string@DU?$char_traits@D@std@@V?$allocator@D@2@@std@@PAV12@Uforward_iterator_tag@2@@std@@YAPAV?$basic_string@DU?$char_traits@D@std@@V?$allocator@D@2@@0@PAV10@00Uforward_iterator_tag@0@U_Swap_move_tag@0@U_Range_checked_iterator_tag@0@@Z 10002e60 f i AnomalyDetection.obj
 0001:00001ea0       ??$_Destroy@V?$basic_string@DU?$char_traits@D@std@@V?$allocator@D@2@@std@@@std@@YAXPAV?$basic_string@DU?$char_traits@D@std@@V?$allocator@D@2@@0@@Z 10002ea0 f i AnomalyDetection.obj
 0001:00001eb0       ?meanmat@?A0xfea8226e@@YAHV?$Matrix@N@TNT@@HHHAAV23@@Z 10002eb0 f   AnomalyDetection.obj
 0001:00002000       ?covmat@?A0xfea8226e@@YAHV?$Matrix@N@TNT@@HHH0AAV23@@Z 10003000 f   AnomalyDetection.obj
 0001:00002460       ?rxl@?A0xfea8226e@@YAHAAV?$Matrix@N@TNT@@V23@HHHPAVProgress@@@Z 10003460 f   AnomalyDetection.obj
 0001:00002e00       ??1?$Resource@VDataRequest@@VFactoryObject@@@@UAE@XZ 10003e00 f i AnomalyDetection.obj
 0001:00002e80       ??1?$Resource@VStep@@VMessageObject@@@@UAE@XZ 10003e80 f i AnomalyDetection.obj
 0001:00002ed0       ??1?$Resource@VRasterElement@@VModelObject@@@@UAE@XZ 10003ed0 f i AnomalyDetection.obj
 0001:00002f50       ??_G?$Resource@VDataRequest@@VFactoryObject@@@@UAEPAXI@Z 10003f50 f i AnomalyDetection.obj
 0001:00002f50       ??_E?$Resource@VDataRequest@@VFactoryObject@@@@UAEPAXI@Z 10003f50 f i AnomalyDetection.obj
 0001:00002f70       ??_G?$Resource@VStep@@VMessageObject@@@@UAEPAXI@Z 10003f70 f i AnomalyDetection.obj
 0001:00002f70       ??_E?$Resource@VStep@@VMessageObject@@@@UAEPAXI@Z 10003f70 f i AnomalyDetection.obj
 0001:00002f90       ??_G?$Resource@VRasterElement@@VModelObject@@@@UAEPAXI@Z 10003f90 f i AnomalyDetection.obj
 0001:00002f90       ??_E?$Resource@VRasterElement@@VModelObject@@@@UAEPAXI@Z 10003f90 f i AnomalyDetection.obj
 0001:00002fb0       ?end@?$vector@V?$basic_string@DU?$char_traits@D@std@@V?$allocator@D@2@@std@@V?$allocator@V?$basic_string@DU?$char_traits@D@std@@V?$allocator@D@2@@std@@@2@@std@@QAE?AV?$_Vector_iterator@V?$basic_string@DU?$char_traits@D@std@@V?$allocator@D@2@@std@@V?$allocator@V?$basic_string@DU?$char_traits@D@std@@V?$allocator@D@2@@std@@@2@@2@XZ 10003fb0 f i AnomalyDetection.obj
 0001:00002fe0       ?_Buy@?$vector@V?$basic_string@DU?$char_traits@D@std@@V?$allocator@D@2@@std@@V?$allocator@V?$basic_string@DU?$char_traits@D@std@@V?$allocator@D@2@@std@@@2@@std@@IAE_NI@Z 10003fe0 f i AnomalyDetection.obj
 0001:00003040       ?begin@?$vector@V?$basic_string@DU?$char_traits@D@std@@V?$allocator@D@2@@std@@V?$allocator@V?$basic_string@DU?$char_traits@D@std@@V?$allocator@D@2@@std@@@2@@std@@QAE?AV?$_Vector_iterator@V?$basic_string@DU?$char_traits@D@std@@V?$allocator@D@2@@std@@V?$allocator@V?$basic_string@DU?$char_traits@D@std@@V?$allocator@D@2@@std@@@2@@2@XZ 10004040 f i AnomalyDetection.obj
 0001:00003070       ??H?$_Vector_iterator@V?$basic_string@DU?$char_traits@D@std@@V?$allocator@D@2@@std@@V?$allocator@V?$basic_string@DU?$char_traits@D@std@@V?$allocator@D@2@@std@@@2@@std@@QBE?AV01@H@Z 10004070 f i AnomalyDetection.obj
 0001:000030b0       ??$getPlugInArgValue@VProgress@@@PlugInArgList@@QBEPAVProgress@@ABV?$basic_string@DU?$char_traits@D@std@@V?$allocator@D@2@@std@@@Z 100040b0 f i AnomalyDetection.obj
 0001:000030f0       ??$getPlugInArgValue@VRasterElement@@@PlugInArgList@@QBEPAVRasterElement@@ABV?$basic_string@DU?$char_traits@D@std@@V?$allocator@D@2@@std@@@Z 100040f0 f i AnomalyDetection.obj
 0001:00003130       ??$RxAnomalyDetection@E@?A0xfea8226e@@YAXPAEVDataAccessor@@1HHHPAVProgress@@@Z 10004130 f i AnomalyDetection.obj
 0001:000034c0       ??$RxAnomalyDetection@C@?A0xfea8226e@@YAXPACVDataAccessor@@1HHHPAVProgress@@@Z 100044c0 f i AnomalyDetection.obj
 0001:00003810       ??$RxAnomalyDetection@G@?A0xfea8226e@@YAXPAGVDataAccessor@@1HHHPAVProgress@@@Z 10004810 f i AnomalyDetection.obj
 0001:00003ba0       ??$RxAnomalyDetection@F@?A0xfea8226e@@YAXPAFVDataAccessor@@1HHHPAVProgress@@@Z 10004ba0 f i AnomalyDetection.obj
 0001:00003ef0       ??$RxAnomalyDetection@I@?A0xfea8226e@@YAXPAIVDataAccessor@@1HHHPAVProgress@@@Z 10004ef0 f i AnomalyDetection.obj
 0001:00004250       ??$RxAnomalyDetection@H@?A0xfea8226e@@YAXPAHVDataAccessor@@1HHHPAVProgress@@@Z 10005250 f i AnomalyDetection.obj
 0001:00004570       ??$RxAnomalyDetection@M@?A0xfea8226e@@YAXPAMVDataAccessor@@1HHHPAVProgress@@@Z 10005570 f i AnomalyDetection.obj
 0001:00004880       ??$RxAnomalyDetection@N@?A0xfea8226e@@YAXPANVDataAccessor@@1HHHPAVProgress@@@Z 10005880 f i AnomalyDetection.obj
 0001:00004bb0       ??$fill@PAV?$basic_string@DU?$char_traits@D@std@@V?$allocator@D@2@@std@@V12@@std@@YAXPAV?$basic_string@DU?$char_traits@D@std@@V?$allocator@D@2@@0@0ABV10@@Z 10005bb0 f i AnomalyDetection.obj
 0001:00004be0       ??$_Move_backward_opt@PAV?$basic_string@DU?$char_traits@D@std@@V?$allocator@D@2@@std@@PAV12@@std@@YAPAV?$basic_string@DU?$char_traits@D@std@@V?$allocator@D@2@@0@PAV10@00Urandom_access_iterator_tag@0@U_Swap_move_tag@0@U_Range_checked_iterator_tag@0@@Z 10005be0 f i AnomalyDetection.obj
 0001:00004c40       ?destroy@?$allocator@V?$basic_string@DU?$char_traits@D@std@@V?$allocator@D@2@@std@@@std@@QAEXPAV?$basic_string@DU?$char_traits@D@std@@V?$allocator@D@2@@2@@Z 10005c40 f i AnomalyDetection.obj
 0001:00004c50       ??$_Uninit_move@PAV?$basic_string@DU?$char_traits@D@std@@V?$allocator@D@2@@std@@PAV12@V?$allocator@V?$basic_string@DU?$char_traits@D@std@@V?$allocator@D@2@@std@@@2@@std@@YAPAV?$basic_string@DU?$char_traits@D@std@@V?$allocator@D@2@@0@PAV10@00AAV?$allocator@V?$basic_string@DU?$char_traits@D@std@@V?$allocator@D@2@@std@@@0@U_Swap_move_tag@0@U_Range_checked_iterator_tag@0@@Z 10005c50 f i AnomalyDetection.obj
 0001:00004d10       ??1?$FactoryResource@VDataRequest@@@@UAE@XZ 10005d10 f i AnomalyDetection.obj
 0001:00004d20       ??0StepResource@@QAE@V?$basic_string@DU?$char_traits@D@std@@V?$allocator@D@2@@std@@0000@Z 10005d20 f i AnomalyDetection.obj
 0001:00004eb0       ??1StepResource@@UAE@XZ    10005eb0 f i AnomalyDetection.obj
 0001:00004ec0       ??1?$ModelResource@VRasterElement@@@@UAE@XZ 10005ec0 f i AnomalyDetection.obj
 0001:00004ed0       ??0?$vector@V?$basic_string@DU?$char_traits@D@std@@V?$allocator@D@2@@std@@V?$allocator@V?$basic_string@DU?$char_traits@D@std@@V?$allocator@D@2@@std@@@2@@std@@QAE@XZ 10005ed0 f i AnomalyDetection.obj
 0001:00004ee0       ??0?$FactoryResource@VDataRequest@@@@QAE@XZ 10005ee0 f i AnomalyDetection.obj
 0001:00004f50       ??0?$ModelResource@VRasterElement@@@@QAE@PAVRasterElement@@@Z 10005f50 f i AnomalyDetection.obj
 0001:00004fe0       ??_G?$FactoryResource@VDataRequest@@@@UAEPAXI@Z 10005fe0 f i AnomalyDetection.obj
 0001:00004fe0       ??_E?$FactoryResource@VDataRequest@@@@UAEPAXI@Z 10005fe0 f i AnomalyDetection.obj
 0001:00005000       ??_G?$ModelResource@VRasterElement@@@@UAEPAXI@Z 10006000 f i AnomalyDetection.obj
 0001:00005000       ??_E?$ModelResource@VRasterElement@@@@UAEPAXI@Z 10006000 f i AnomalyDetection.obj
 0001:00005020       ??$_Unchecked_move_backward@PAV?$basic_string@DU?$char_traits@D@std@@V?$allocator@D@2@@std@@PAV12@@stdext@@YAPAV?$basic_string@DU?$char_traits@D@std@@V?$allocator@D@2@@std@@PAV12@00@Z 10006020 f i AnomalyDetection.obj
 0001:00005050       ??$_Destroy_range@V?$basic_string@DU?$char_traits@D@std@@V?$allocator@D@2@@std@@V?$allocator@V?$basic_string@DU?$char_traits@D@std@@V?$allocator@D@2@@std@@@2@@std@@YAXPAV?$basic_string@DU?$char_traits@D@std@@V?$allocator@D@2@@0@0AAV?$allocator@V?$basic_string@DU?$char_traits@D@std@@V?$allocator@D@2@@std@@@0@U_Nonscalar_ptr_iterator_tag@0@@Z 10006050 f i AnomalyDetection.obj
 0001:00005080       ??$_Uninit_fill_n@PAV?$basic_string@DU?$char_traits@D@std@@V?$allocator@D@2@@std@@IV12@V?$allocator@V?$basic_string@DU?$char_traits@D@std@@V?$allocator@D@2@@std@@@2@@std@@YAXPAV?$basic_string@DU?$char_traits@D@std@@V?$allocator@D@2@@0@IABV10@AAV?$allocator@V?$basic_string@DU?$char_traits@D@std@@V?$allocator@D@2@@std@@@0@U_Nonscalar_ptr_iterator_tag@0@U_Range_checked_iterator_tag@0@@Z 10006080 f i AnomalyDetection.obj
 0001:00005110       ??$_Unchecked_uninitialized_move@PAV?$basic_string@DU?$char_traits@D@std@@V?$allocator@D@2@@std@@PAV12@V?$allocator@V?$basic_string@DU?$char_traits@D@std@@V?$allocator@D@2@@std@@@2@@stdext@@YAPAV?$basic_string@DU?$char_traits@D@std@@V?$allocator@D@2@@std@@PAV12@00AAV?$allocator@V?$basic_string@DU?$char_traits@D@std@@V?$allocator@D@2@@std@@@2@@Z 10006110 f i AnomalyDetection.obj
 0001:00005140       ??_EStepResource@@UAEPAXI@Z 10006140 f i AnomalyDetection.obj
 0001:00005140       ??_GStepResource@@UAEPAXI@Z 10006140 f i AnomalyDetection.obj
 0001:00005160       ?execute@AnomalyDetection@@UAE_NPAVPlugInArgList@@0@Z 10006160 f   AnomalyDetection.obj
 0001:00005d20       ??$_Destroy_range@V?$basic_string@DU?$char_traits@D@std@@V?$allocator@D@2@@std@@V?$allocator@V?$basic_string@DU?$char_traits@D@std@@V?$allocator@D@2@@std@@@2@@std@@YAXPAV?$basic_string@DU?$char_traits@D@std@@V?$allocator@D@2@@0@0AAV?$allocator@V?$basic_string@DU?$char_traits@D@std@@V?$allocator@D@2@@std@@@0@@Z 10006d20 f i AnomalyDetection.obj
 0001:00005d50       ??$unchecked_uninitialized_fill_n@PAV?$basic_string@DU?$char_traits@D@std@@V?$allocator@D@2@@std@@IV12@V?$allocator@V?$basic_string@DU?$char_traits@D@std@@V?$allocator@D@2@@std@@@2@@stdext@@YAXPAV?$basic_string@DU?$char_traits@D@std@@V?$allocator@D@2@@std@@IABV12@AAV?$allocator@V?$basic_string@DU?$char_traits@D@std@@V?$allocator@D@2@@std@@@2@@Z 10006d50 f i AnomalyDetection.obj
 0001:00005d80       ??$_Umove@PAV?$basic_string@DU?$char_traits@D@std@@V?$allocator@D@2@@std@@@?$vector@V?$basic_string@DU?$char_traits@D@std@@V?$allocator@D@2@@std@@V?$allocator@V?$basic_string@DU?$char_traits@D@std@@V?$allocator@D@2@@std@@@2@@std@@IAEPAV?$basic_string@DU?$char_traits@D@std@@V?$allocator@D@2@@1@PAV21@00@Z 10006d80 f i AnomalyDetection.obj
 0001:00005db0       ?_Destroy@?$vector@V?$basic_string@DU?$char_traits@D@std@@V?$allocator@D@2@@std@@V?$allocator@V?$basic_string@DU?$char_traits@D@std@@V?$allocator@D@2@@std@@@2@@std@@IAEXPAV?$basic_string@DU?$char_traits@D@std@@V?$allocator@D@2@@2@0@Z 10006db0 f i AnomalyDetection.obj
 0001:00005de0       ?_Tidy@?$vector@V?$basic_string@DU?$char_traits@D@std@@V?$allocator@D@2@@std@@V?$allocator@V?$basic_string@DU?$char_traits@D@std@@V?$allocator@D@2@@std@@@2@@std@@IAEXXZ 10006de0 f i AnomalyDetection.obj
 0001:00005e30       ?_Ufill@?$vector@V?$basic_string@DU?$char_traits@D@std@@V?$allocator@D@2@@std@@V?$allocator@V?$basic_string@DU?$char_traits@D@std@@V?$allocator@D@2@@std@@@2@@std@@IAEPAV?$basic_string@DU?$char_traits@D@std@@V?$allocator@D@2@@2@PAV32@IABV32@@Z 10006e30 f i AnomalyDetection.obj
 0001:00005e70       ?_Insert_n@?$vector@V?$basic_string@DU?$char_traits@D@std@@V?$allocator@D@2@@std@@V?$allocator@V?$basic_string@DU?$char_traits@D@std@@V?$allocator@D@2@@std@@@2@@std@@IAEXV?$_Vector_iterator@V?$basic_string@DU?$char_traits@D@std@@V?$allocator@D@2@@std@@V?$allocator@V?$basic_string@DU?$char_traits@D@std@@V?$allocator@D@2@@std@@@2@@2@IABV?$basic_string@DU?$char_traits@D@std@@V?$allocator@D@2@@2@@Z 10006e70 f i AnomalyDetection.obj
 0001:00006190       ??1?$vector@V?$basic_string@DU?$char_traits@D@std@@V?$allocator@D@2@@std@@V?$allocator@V?$basic_string@DU?$char_traits@D@std@@V?$allocator@D@2@@std@@@2@@std@@QAE@XZ 10007190 f i AnomalyDetection.obj
 0001:000061a0       ?insert@?$vector@V?$basic_string@DU?$char_traits@D@std@@V?$allocator@D@2@@std@@V?$allocator@V?$basic_string@DU?$char_traits@D@std@@V?$allocator@D@2@@std@@@2@@std@@QAE?AV?$_Vector_iterator@V?$basic_string@DU?$char_traits@D@std@@V?$allocator@D@2@@std@@V?$allocator@V?$basic_string@DU?$char_traits@D@std@@V?$allocator@D@2@@std@@@2@@2@V32@ABV?$basic_string@DU?$char_traits@D@std@@V?$allocator@D@2@@2@@Z 100071a0 f i AnomalyDetection.obj
 0001:00006260       ??1BasicPlugInFactory@@QAE@XZ 10007260 f i AnomalyDetection.obj
 0001:00006270       ??1AnomalyDetectionPlugInFactory@AnomalyDetectionModule@@QAE@XZ 10007270 f i AnomalyDetection.obj
 0001:00006280       ?push_back@?$vector@V?$basic_string@DU?$char_traits@D@std@@V?$allocator@D@2@@std@@V?$allocator@V?$basic_string@DU?$char_traits@D@std@@V?$allocator@D@2@@std@@@2@@std@@QAEXABV?$basic_string@DU?$char_traits@D@std@@V?$allocator@D@2@@2@@Z 10007280 f i AnomalyDetection.obj
 0001:00006330       ?addPlugInName@BasicPlugInFactory@@AAEXV?$basic_string@DU?$char_traits@D@std@@V?$allocator@D@2@@std@@@Z 10007330 f i AnomalyDetection.obj
 0001:00006380       ??0BasicPlugInFactory@@QAE@ABV?$basic_string@DU?$char_traits@D@std@@V?$allocator@D@2@@std@@@Z 10007380 f i AnomalyDetection.obj
 0001:00006400       ??$_Ptr_cat@V?$_Vector_const_iterator@V?$basic_string@DU?$char_traits@D@std@@V?$allocator@D@2@@std@@V?$allocator@V?$basic_string@DU?$char_traits@D@std@@V?$allocator@D@2@@std@@@2@@std@@PAV?$basic_string@DU?$char_traits@D@std@@V?$allocator@D@2@@2@@std@@YA?AU_Nonscalar_ptr_iterator_tag@0@AAV?$_Vector_const_iterator@V?$basic_string@DU?$char_traits@D@std@@V?$allocator@D@2@@std@@V?$allocator@V?$basic_string@DU?$char_traits@D@std@@V?$allocator@D@2@@std@@@2@@0@AAPAV?$basic_string@DU?$char_traits@D@std@@V?$allocator@D@2@@0@@Z 10007400 f i AnomalyDetection.obj
 0001:00006410       ?_Checked_iterator_base@?$_Vector_const_iterator@V?$basic_string@DU?$char_traits@D@std@@V?$allocator@D@2@@std@@V?$allocator@V?$basic_string@DU?$char_traits@D@std@@V?$allocator@D@2@@std@@@2@@std@@QBEPBV?$basic_string@DU?$char_traits@D@std@@V?$allocator@D@2@@2@XZ 10007410 f i AnomalyDetection.obj
 0001:00006420       ??$_Checked_base@V?$_Vector_const_iterator@V?$basic_string@DU?$char_traits@D@std@@V?$allocator@D@2@@std@@V?$allocator@V?$basic_string@DU?$char_traits@D@std@@V?$allocator@D@2@@std@@@2@@std@@U_Different_checked_iterator_base_type_tag@2@@std@@YAPBV?$basic_string@DU?$char_traits@D@std@@V?$allocator@D@2@@0@AAV?$_Vector_const_iterator@V?$basic_string@DU?$char_traits@D@std@@V?$allocator@D@2@@std@@V?$allocator@V?$basic_string@DU?$char_traits@D@std@@V?$allocator@D@2@@std@@@2@@0@U_Different_checked_iterator_base_type_tag@0@@Z 10007420 f i AnomalyDetection.obj
 0001:00006430       ?begin@?$vector@V?$basic_string@DU?$char_traits@D@std@@V?$allocator@D@2@@std@@V?$allocator@V?$basic_string@DU?$char_traits@D@std@@V?$allocator@D@2@@std@@@2@@std@@QBE?AV?$_Vector_const_iterator@V?$basic_string@DU?$char_traits@D@std@@V?$allocator@D@2@@std@@V?$allocator@V?$basic_string@DU?$char_traits@D@std@@V?$allocator@D@2@@std@@@2@@2@XZ 10007430 f i AnomalyDetection.obj
 0001:00006460       ?end@?$vector@V?$basic_string@DU?$char_traits@D@std@@V?$allocator@D@2@@std@@V?$allocator@V?$basic_string@DU?$char_traits@D@std@@V?$allocator@D@2@@std@@@2@@std@@QBE?AV?$_Vector_const_iterator@V?$basic_string@DU?$char_traits@D@std@@V?$allocator@D@2@@std@@V?$allocator@V?$basic_string@DU?$char_traits@D@std@@V?$allocator@D@2@@std@@@2@@2@XZ 10007460 f i AnomalyDetection.obj
 0001:00006490       ??$_Checked_base@V?$_Vector_const_iterator@V?$basic_string@DU?$char_traits@D@std@@V?$allocator@D@2@@std@@V?$allocator@V?$basic_string@DU?$char_traits@D@std@@V?$allocator@D@2@@std@@@2@@std@@@std@@YAPBV?$basic_string@DU?$char_traits@D@std@@V?$allocator@D@2@@0@AAV?$_Vector_const_iterator@V?$basic_string@DU?$char_traits@D@std@@V?$allocator@D@2@@std@@V?$allocator@V?$basic_string@DU?$char_traits@D@std@@V?$allocator@D@2@@std@@@2@@0@@Z 10007490 f i AnomalyDetection.obj
 0001:000064a0       ??$_Uninit_copy@PBV?$basic_string@DU?$char_traits@D@std@@V?$allocator@D@2@@std@@PAV12@V?$allocator@V?$basic_string@DU?$char_traits@D@std@@V?$allocator@D@2@@std@@@2@@std@@YAPAV?$basic_string@DU?$char_traits@D@std@@V?$allocator@D@2@@0@PBV10@0PAV10@AAV?$allocator@V?$basic_string@DU?$char_traits@D@std@@V?$allocator@D@2@@std@@@0@U_Nonscalar_ptr_iterator_tag@0@U_Range_checked_iterator_tag@0@@Z 100074a0 f i AnomalyDetection.obj
 0001:00006530       ??$unchecked_uninitialized_copy@V?$_Vector_const_iterator@V?$basic_string@DU?$char_traits@D@std@@V?$allocator@D@2@@std@@V?$allocator@V?$basic_string@DU?$char_traits@D@std@@V?$allocator@D@2@@std@@@2@@std@@PAV?$basic_string@DU?$char_traits@D@std@@V?$allocator@D@2@@2@V?$allocator@V?$basic_string@DU?$char_traits@D@std@@V?$allocator@D@2@@std@@@2@@stdext@@YAPAV?$basic_string@DU?$char_traits@D@std@@V?$allocator@D@2@@std@@V?$_Vector_const_iterator@V?$basic_string@DU?$char_traits@D@std@@V?$allocator@D@2@@std@@V?$allocator@V?$basic_string@DU?$char_traits@D@std@@V?$allocator@D@2@@std@@@2@@2@0PAV12@AAV?$allocator@V?$basic_string@DU?$char_traits@D@std@@V?$allocator@D@2@@std@@@2@@Z 10007530 f i AnomalyDetection.obj
 0001:00006560       ??$_Ucopy@V?$_Vector_const_iterator@V?$basic_string@DU?$char_traits@D@std@@V?$allocator@D@2@@std@@V?$allocator@V?$basic_string@DU?$char_traits@D@std@@V?$allocator@D@2@@std@@@2@@std@@@?$vector@V?$basic_string@DU?$char_traits@D@std@@V?$allocator@D@2@@std@@V?$allocator@V?$basic_string@DU?$char_traits@D@std@@V?$allocator@D@2@@std@@@2@@std@@IAEPAV?$basic_string@DU?$char_traits@D@std@@V?$allocator@D@2@@1@V?$_Vector_const_iterator@V?$basic_string@DU?$char_traits@D@std@@V?$allocator@D@2@@std@@V?$allocator@V?$basic_string@DU?$char_traits@D@std@@V?$allocator@D@2@@std@@@2@@1@0PAV21@@Z 10007560 f i AnomalyDetection.obj
 0001:00006590       ??0?$vector@V?$basic_string@DU?$char_traits@D@std@@V?$allocator@D@2@@std@@V?$allocator@V?$basic_string@DU?$char_traits@D@std@@V?$allocator@D@2@@std@@@2@@std@@QAE@ABV01@@Z 10007590 f i AnomalyDetection.obj
 0001:00006660       ?getPlugInNames@BasicPlugInFactory@@UAE?AV?$vector@V?$basic_string@DU?$char_traits@D@std@@V?$allocator@D@2@@std@@V?$allocator@V?$basic_string@DU?$char_traits@D@std@@V?$allocator@D@2@@std@@@2@@std@@XZ 10007660 f i AnomalyDetection.obj
 0001:00006680       ??0AnomalyDetectionPlugInFactory@AnomalyDetectionModule@@QAE@ABV?$basic_string@DU?$char_traits@D@std@@V?$allocator@D@2@@std@@@Z 10007680 f i AnomalyDetection.obj
 0001:000066e0       ?createPlugIn@AnomalyDetectionPlugInFactory@AnomalyDetectionModule@@UAEPAVPlugIn@@ABV?$basic_string@DU?$char_traits@D@std@@V?$allocator@D@2@@std@@@Z 100076e0 f i AnomalyDetection.obj
 0001:00006750       ??1?$pair@V?$basic_string@DU?$char_traits@D@std@@V?$allocator@D@2@@std@@PAVPlugInFactory@@@std@@QAE@XZ 10007750 f i ModuleManager.obj
 0001:00006760       ?setService@ModuleManager@@QAEXPAVExternal@@@Z 10007760 f i ModuleManager.obj
 0001:00006770       _opticks_get_module_descriptor 10007770 f   ModuleManager.obj
 0001:00006780       ?getTotalPlugIns@ModuleManager@@SAIXZ 10007780 f   ModuleManager.obj
 0001:00006790       ?getPlugIn@ModuleManager@@QAEPAVPlugIn@@I@Z 10007790 f   ModuleManager.obj
 0001:000067a0       ?size@?$vector@U?$pair@V?$basic_string@DU?$char_traits@D@std@@V?$allocator@D@2@@std@@PAVPlugInFactory@@@std@@V?$allocator@U?$pair@V?$basic_string@DU?$char_traits@D@std@@V?$allocator@D@2@@std@@PAVPlugInFactory@@@std@@@2@@std@@QBEIXZ 100077a0 f i ModuleManager.obj
 0001:000067c0       ??A?$vector@U?$pair@V?$basic_string@DU?$char_traits@D@std@@V?$allocator@D@2@@std@@PAVPlugInFactory@@@std@@V?$allocator@U?$pair@V?$basic_string@DU?$char_traits@D@std@@V?$allocator@D@2@@std@@PAVPlugInFactory@@@std@@@2@@std@@QAEAAU?$pair@V?$basic_string@DU?$char_traits@D@std@@V?$allocator@D@2@@std@@PAVPlugInFactory@@@1@I@Z 100077c0 f i ModuleManager.obj
 0001:000067f0       ?capacity@?$vector@U?$pair@V?$basic_string@DU?$char_traits@D@std@@V?$allocator@D@2@@std@@PAVPlugInFactory@@@std@@V?$allocator@U?$pair@V?$basic_string@DU?$char_traits@D@std@@V?$allocator@D@2@@std@@PAVPlugInFactory@@@std@@@2@@std@@QBEIXZ 100077f0 f i ModuleManager.obj
 0001:00006810       ??0?$allocator@U?$pair@V?$basic_string@DU?$char_traits@D@std@@V?$allocator@D@2@@std@@PAVPlugInFactory@@@std@@@std@@QAE@XZ 10007810 f i ModuleManager.obj
 0001:00006820       ??D?$_Vector_const_iterator@V?$basic_string@DU?$char_traits@D@std@@V?$allocator@D@2@@std@@V?$allocator@V?$basic_string@DU?$char_traits@D@std@@V?$allocator@D@2@@std@@@2@@std@@QBEABV?$basic_string@DU?$char_traits@D@std@@V?$allocator@D@2@@1@XZ 10007820 f i ModuleManager.obj
 0001:00006850       ??E?$_Vector_const_iterator@V?$basic_string@DU?$char_traits@D@std@@V?$allocator@D@2@@std@@V?$allocator@V?$basic_string@DU?$char_traits@D@std@@V?$allocator@D@2@@std@@@2@@std@@QAEAAV01@XZ 10007850 f i ModuleManager.obj
 0001:00006880       ??8?$_Vector_const_iterator@V?$basic_string@DU?$char_traits@D@std@@V?$allocator@D@2@@std@@V?$allocator@V?$basic_string@DU?$char_traits@D@std@@V?$allocator@D@2@@std@@@2@@std@@QBE_NABV01@@Z 10007880 f i ModuleManager.obj
 0001:000068b0       ?_Xlen@?$vector@U?$pair@V?$basic_string@DU?$char_traits@D@std@@V?$allocator@D@2@@std@@PAVPlugInFactory@@@std@@V?$allocator@U?$pair@V?$basic_string@DU?$char_traits@D@std@@V?$allocator@D@2@@std@@PAVPlugInFactory@@@std@@@2@@std@@KAXXZ 100078b0 f i ModuleManager.obj
 0001:00006930       ??0?$allocator@U?$pair@V?$basic_string@DU?$char_traits@D@std@@V?$allocator@D@2@@std@@PAVPlugInFactory@@@std@@@std@@QAE@ABV01@@Z 10007930 f i ModuleManager.obj
 0001:00006940       ?deallocate@?$allocator@U?$pair@V?$basic_string@DU?$char_traits@D@std@@V?$allocator@D@2@@std@@PAVPlugInFactory@@@std@@@std@@QAEXPAU?$pair@V?$basic_string@DU?$char_traits@D@std@@V?$allocator@D@2@@std@@PAVPlugInFactory@@@2@I@Z 10007940 f i ModuleManager.obj
 0001:00006950       ??0?$pair@V?$basic_string@DU?$char_traits@D@std@@V?$allocator@D@2@@std@@PAVPlugInFactory@@@std@@QAE@ABU01@@Z 10007950 f i ModuleManager.obj
 0001:00006970       ??0?$_Ranit@U?$pair@V?$basic_string@DU?$char_traits@D@std@@V?$allocator@D@2@@std@@PAVPlugInFactory@@@std@@HPBU12@ABU12@@std@@QAE@XZ 10007970 f i ModuleManager.obj
 0001:00006980       ?max_size@?$allocator@U?$pair@V?$basic_string@DU?$char_traits@D@std@@V?$allocator@D@2@@std@@PAVPlugInFactory@@@std@@@std@@QBEIXZ 10007980 f i ModuleManager.obj
 0001:00006990       ??G?$_Vector_const_iterator@U?$pair@V?$basic_string@DU?$char_traits@D@std@@V?$allocator@D@2@@std@@PAVPlugInFactory@@@std@@V?$allocator@U?$pair@V?$basic_string@DU?$char_traits@D@std@@V?$allocator@D@2@@std@@PAVPlugInFactory@@@std@@@2@@std@@QBEHABV01@@Z 10007990 f i ModuleManager.obj
 0001:000069c0       ??Y?$_Vector_const_iterator@U?$pair@V?$basic_string@DU?$char_traits@D@std@@V?$allocator@D@2@@std@@PAVPlugInFactory@@@std@@V?$allocator@U?$pair@V?$basic_string@DU?$char_traits@D@std@@V?$allocator@D@2@@std@@PAVPlugInFactory@@@std@@@2@@std@@QAEAAV01@H@Z 100079c0 f i ModuleManager.obj
 0001:00006a00       ??$_Allocate@U?$pair@V?$basic_string@DU?$char_traits@D@std@@V?$allocator@D@2@@std@@PAVPlugInFactory@@@std@@@std@@YAPAU?$pair@V?$basic_string@DU?$char_traits@D@std@@V?$allocator@D@2@@std@@PAVPlugInFactory@@@0@IPAU10@@Z 10007a00 f i ModuleManager.obj
 0001:00006a60       ??0?$pair@V?$basic_string@DU?$char_traits@D@std@@V?$allocator@D@2@@std@@PAVPlugInFactory@@@std@@QAE@ABV?$basic_string@DU?$char_traits@D@std@@V?$allocator@D@2@@1@ABQAVPlugInFactory@@@Z 10007a60 f i ModuleManager.obj
 0001:00006a80       ??$_Count@PADD@std@@YAHPAD0ABD@Z 10007a80 f i ModuleManager.obj
 0001:00006ab0       ??$_Ptr_cat@PAU?$pair@V?$basic_string@DU?$char_traits@D@std@@V?$allocator@D@2@@std@@PAVPlugInFactory@@@std@@PAU12@@std@@YA?AU_Nonscalar_ptr_iterator_tag@0@AAPAU?$pair@V?$basic_string@DU?$char_traits@D@std@@V?$allocator@D@2@@std@@PAVPlugInFactory@@@0@0@Z 10007ab0 f i ModuleManager.obj
 0001:00006ac0       ??$_Iter_random@PAU?$pair@V?$basic_string@DU?$char_traits@D@std@@V?$allocator@D@2@@std@@PAVPlugInFactory@@@std@@PAU12@@std@@YA?AUrandom_access_iterator_tag@0@ABQAU?$pair@V?$basic_string@DU?$char_traits@D@std@@V?$allocator@D@2@@std@@PAVPlugInFactory@@@0@0@Z 10007ac0 f i ModuleManager.obj
 0001:00006ad0       ??$_Move_cat@PAU?$pair@V?$basic_string@DU?$char_traits@D@std@@V?$allocator@D@2@@std@@PAVPlugInFactory@@@std@@@std@@YA?AU_Undefined_move_tag@0@ABQAU?$pair@V?$basic_string@DU?$char_traits@D@std@@V?$allocator@D@2@@std@@PAVPlugInFactory@@@0@@Z 10007ad0 f i ModuleManager.obj
 0001:00006ae0       ??4?$pair@V?$basic_string@DU?$char_traits@D@std@@V?$allocator@D@2@@std@@PAVPlugInFactory@@@std@@QAEAAU01@ABU01@@Z 10007ae0 f i ModuleManager.obj
 0001:00006b00       ??$_Checked_base@PAU?$pair@V?$basic_string@DU?$char_traits@D@std@@V?$allocator@D@2@@std@@PAVPlugInFactory@@@std@@@std@@YAPAU?$pair@V?$basic_string@DU?$char_traits@D@std@@V?$allocator@D@2@@std@@PAVPlugInFactory@@@0@AAPAU10@U_Unchanged_checked_iterator_base_type_tag@0@@Z 10007b00 f i ModuleManager.obj
 0001:00006b10       ??$_Construct@U?$pair@V?$basic_string@DU?$char_traits@D@std@@V?$allocator@D@2@@std@@PAVPlugInFactory@@@std@@U12@@std@@YAXPAU?$pair@V?$basic_string@DU?$char_traits@D@std@@V?$allocator@D@2@@std@@PAVPlugInFactory@@@0@ABU10@@Z 10007b10 f i ModuleManager.obj
 0001:00006b70       ??_G?$pair@V?$basic_string@DU?$char_traits@D@std@@V?$allocator@D@2@@std@@PAVPlugInFactory@@@std@@QAEPAXI@Z 10007b70 f i ModuleManager.obj
 0001:00006b90       ?_Checked_iterator_base@?$_String_iterator@DU?$char_traits@D@std@@V?$allocator@D@2@@std@@QBEPADXZ 10007b90 f i ModuleManager.obj
 0001:00006ba0       ?_Checked_iterator_base@?$_Vector_iterator@U?$pair@V?$basic_string@DU?$char_traits@D@std@@V?$allocator@D@2@@std@@PAVPlugInFactory@@@std@@V?$allocator@U?$pair@V?$basic_string@DU?$char_traits@D@std@@V?$allocator@D@2@@std@@PAVPlugInFactory@@@std@@@2@@std@@QBEPAU?$pair@V?$basic_string@DU?$char_traits@D@std@@V?$allocator@D@2@@std@@PAVPlugInFactory@@@2@XZ 10007ba0 f i ModuleManager.obj
 0001:00006bb0       ??0?$pair@PAU?$pair@V?$basic_string@DU?$char_traits@D@std@@V?$allocator@D@2@@std@@PAVPlugInFactory@@@std@@PAU12@@std@@QAE@ABQAU?$pair@V?$basic_string@DU?$char_traits@D@std@@V?$allocator@D@2@@std@@PAVPlugInFactory@@@1@0@Z 10007bb0 f i ModuleManager.obj
 0001:00006bd0       ??$_Dist_type@PAU?$pair@V?$basic_string@DU?$char_traits@D@std@@V?$allocator@D@2@@std@@PAVPlugInFactory@@@std@@@std@@YAPAHPAU?$pair@V?$basic_string@DU?$char_traits@D@std@@V?$allocator@D@2@@std@@PAVPlugInFactory@@@0@@Z 10007bd0 f i ModuleManager.obj
 0001:00006be0       ??$_Val_type@PAU?$pair@V?$basic_string@DU?$char_traits@D@std@@V?$allocator@D@2@@std@@PAVPlugInFactory@@@std@@@std@@YAPAU?$pair@V?$basic_string@DU?$char_traits@D@std@@V?$allocator@D@2@@std@@PAVPlugInFactory@@@0@PAU10@@Z 10007be0 f i ModuleManager.obj
 0001:00006bf0       ??$_Copy_backward_opt@PAU?$pair@V?$basic_string@DU?$char_traits@D@std@@V?$allocator@D@2@@std@@PAVPlugInFactory@@@std@@PAU12@Uforward_iterator_tag@2@@std@@YAPAU?$pair@V?$basic_string@DU?$char_traits@D@std@@V?$allocator@D@2@@std@@PAVPlugInFactory@@@0@PAU10@00Uforward_iterator_tag@0@U_Nonscalar_ptr_iterator_tag@0@U_Range_checked_iterator_tag@0@@Z 10007bf0 f i ModuleManager.obj
 0001:00006c30       ??$_Iter_cat@PAU?$pair@V?$basic_string@DU?$char_traits@D@std@@V?$allocator@D@2@@std@@PAVPlugInFactory@@@std@@@std@@YA?AUrandom_access_iterator_tag@0@ABQAU?$pair@V?$basic_string@DU?$char_traits@D@std@@V?$allocator@D@2@@std@@PAVPlugInFactory@@@0@@Z 10007c30 f i ModuleManager.obj
 0001:00006c40       ??$_Rotate@PAU?$pair@V?$basic_string@DU?$char_traits@D@std@@V?$allocator@D@2@@std@@PAVPlugInFactory@@@std@@HU12@@std@@YAXPAU?$pair@V?$basic_string@DU?$char_traits@D@std@@V?$allocator@D@2@@std@@PAVPlugInFactory@@@0@00PAH0@Z 10007c40 f i ModuleManager.obj
 0001:00006d80       ??$swap@PAVPlugInFactory@@@std@@YAXAAPAVPlugInFactory@@0@Z 10007d80 f i ModuleManager.obj
 0001:00006da0       ??D?$_Vector_iterator@V?$basic_string@DU?$char_traits@D@std@@V?$allocator@D@2@@std@@V?$allocator@V?$basic_string@DU?$char_traits@D@std@@V?$allocator@D@2@@std@@@2@@std@@QBEAAV?$basic_string@DU?$char_traits@D@std@@V?$allocator@D@2@@1@XZ 10007da0 f i ModuleManager.obj
 0001:00006dd0       ??E?$_Vector_iterator@V?$basic_string@DU?$char_traits@D@std@@V?$allocator@D@2@@std@@V?$allocator@V?$basic_string@DU?$char_traits@D@std@@V?$allocator@D@2@@std@@@2@@std@@QAEAAV01@XZ 10007dd0 f i ModuleManager.obj
 0001:00006e00       ??9?$_Vector_const_iterator@V?$basic_string@DU?$char_traits@D@std@@V?$allocator@D@2@@std@@V?$allocator@V?$basic_string@DU?$char_traits@D@std@@V?$allocator@D@2@@std@@@2@@std@@QBE_NABV01@@Z 10007e00 f i ModuleManager.obj
 0001:00006e30       ??0?$_Vector_val@U?$pair@V?$basic_string@DU?$char_traits@D@std@@V?$allocator@D@2@@std@@PAVPlugInFactory@@@std@@V?$allocator@U?$pair@V?$basic_string@DU?$char_traits@D@std@@V?$allocator@D@2@@std@@PAVPlugInFactory@@@std@@@2@@std@@IAE@V?$allocator@U?$pair@V?$basic_string@DU?$char_traits@D@std@@V?$allocator@D@2@@std@@PAVPlugInFactory@@@std@@@1@@Z 10007e30 f i ModuleManager.obj
 0001:00006e40       ?max_size@?$vector@U?$pair@V?$basic_string@DU?$char_traits@D@std@@V?$allocator@D@2@@std@@PAVPlugInFactory@@@std@@V?$allocator@U?$pair@V?$basic_string@DU?$char_traits@D@std@@V?$allocator@D@2@@std@@PAVPlugInFactory@@@std@@@2@@std@@QBEIXZ 10007e40 f i ModuleManager.obj
 0001:00006e50       ?allocate@?$allocator@U?$pair@V?$basic_string@DU?$char_traits@D@std@@V?$allocator@D@2@@std@@PAVPlugInFactory@@@std@@@std@@QAEPAU?$pair@V?$basic_string@DU?$char_traits@D@std@@V?$allocator@D@2@@std@@PAVPlugInFactory@@@2@I@Z 10007e50 f i ModuleManager.obj
 0001:00006e70       ??G?$_Vector_iterator@U?$pair@V?$basic_string@DU?$char_traits@D@std@@V?$allocator@D@2@@std@@PAVPlugInFactory@@@std@@V?$allocator@U?$pair@V?$basic_string@DU?$char_traits@D@std@@V?$allocator@D@2@@std@@PAVPlugInFactory@@@std@@@2@@std@@QBEHABV?$_Vector_const_iterator@U?$pair@V?$basic_string@DU?$char_traits@D@std@@V?$allocator@D@2@@std@@PAVPlugInFactory@@@std@@V?$allocator@U?$pair@V?$basic_string@DU?$char_traits@D@std@@V?$allocator@D@2@@std@@PAVPlugInFactory@@@std@@@2@@1@@Z 10007e70 f i ModuleManager.obj
 0001:00006ea0       ??0?$_Vector_const_iterator@U?$pair@V?$basic_string@DU?$char_traits@D@std@@V?$allocator@D@2@@std@@PAVPlugInFactory@@@std@@V?$allocator@U?$pair@V?$basic_string@DU?$char_traits@D@std@@V?$allocator@D@2@@std@@PAVPlugInFactory@@@std@@@2@@std@@QAE@PAU?$pair@V?$basic_string@DU?$char_traits@D@std@@V?$allocator@D@2@@std@@PAVPlugInFactory@@@1@PBU_Container_base@1@@Z 10007ea0 f i ModuleManager.obj
 0001:00006ee0       ??Y?$_Vector_iterator@U?$pair@V?$basic_string@DU?$char_traits@D@std@@V?$allocator@D@2@@std@@PAVPlugInFactory@@@std@@V?$allocator@U?$pair@V?$basic_string@DU?$char_traits@D@std@@V?$allocator@D@2@@std@@PAVPlugInFactory@@@std@@@2@@std@@QAEAAV01@H@Z 10007ee0 f i ModuleManager.obj
 0001:00006f20       ??$make_pair@V?$basic_string@DU?$char_traits@D@std@@V?$allocator@D@2@@std@@PAVPlugInFactory@@@std@@YA?AU?$pair@V?$basic_string@DU?$char_traits@D@std@@V?$allocator@D@2@@std@@PAVPlugInFactory@@@0@V?$basic_string@DU?$char_traits@D@std@@V?$allocator@D@2@@0@PAVPlugInFactory@@@Z 10007f20 f i ModuleManager.obj
 0001:00006f90       ??$_Checked_base@PAU?$pair@V?$basic_string@DU?$char_traits@D@std@@V?$allocator@D@2@@std@@PAVPlugInFactory@@@std@@@std@@YAPAU?$pair@V?$basic_string@DU?$char_traits@D@std@@V?$allocator@D@2@@std@@PAVPlugInFactory@@@0@AAPAU10@@Z 10007f90 f i ModuleManager.obj
 0001:00006fa0       ??$_Fill@PAU?$pair@V?$basic_string@DU?$char_traits@D@std@@V?$allocator@D@2@@std@@PAVPlugInFactory@@@std@@U12@@std@@YAXPAU?$pair@V?$basic_string@DU?$char_traits@D@std@@V?$allocator@D@2@@std@@PAVPlugInFactory@@@0@0ABU10@@Z 10007fa0 f i ModuleManager.obj
 0001:00006fd0       ?construct@?$allocator@U?$pair@V?$basic_string@DU?$char_traits@D@std@@V?$allocator@D@2@@std@@PAVPlugInFactory@@@std@@@std@@QAEXPAU?$pair@V?$basic_string@DU?$char_traits@D@std@@V?$allocator@D@2@@std@@PAVPlugInFactory@@@2@ABU32@@Z 10007fd0 f i ModuleManager.obj
 0001:00006ff0       ??$_Checked_base@V?$_String_iterator@DU?$char_traits@D@std@@V?$allocator@D@2@@std@@U_Different_checked_iterator_base_type_tag@2@@std@@YAPADAAV?$_String_iterator@DU?$char_traits@D@std@@V?$allocator@D@2@@0@U_Different_checked_iterator_base_type_tag@0@@Z 10007ff0 f i ModuleManager.obj
 0001:00007000       ??$_Checked_base@V?$_Vector_iterator@U?$pair@V?$basic_string@DU?$char_traits@D@std@@V?$allocator@D@2@@std@@PAVPlugInFactory@@@std@@V?$allocator@U?$pair@V?$basic_string@DU?$char_traits@D@std@@V?$allocator@D@2@@std@@PAVPlugInFactory@@@std@@@2@@std@@U_Different_checked_iterator_base_type_tag@2@@std@@YAPAU?$pair@V?$basic_string@DU?$char_traits@D@std@@V?$allocator@D@2@@std@@PAVPlugInFactory@@@0@AAV?$_Vector_iterator@U?$pair@V?$basic_string@DU?$char_traits@D@std@@V?$allocator@D@2@@std@@PAVPlugInFactory@@@std@@V?$allocator@U?$pair@V?$basic_string@DU?$char_traits@D@std@@V?$allocator@D@2@@std@@PAVPlugInFactory@@@std@@@2@@0@U_Different_checked_iterator_base_type_tag@0@@Z 10008000 f i ModuleManager.obj
 0001:00007010       ??$_Copy_backward_opt@PAU?$pair@V?$basic_string@DU?$char_traits@D@std@@V?$allocator@D@2@@std@@PAVPlugInFactory@@@std@@PAU12@@std@@YAPAU?$pair@V?$basic_string@DU?$char_traits@D@std@@V?$allocator@D@2@@std@@PAVPlugInFactory@@@0@PAU10@00Urandom_access_iterator_tag@0@U_Nonscalar_ptr_iterator_tag@0@U_Range_checked_iterator_tag@0@@Z 10008010 f i ModuleManager.obj
 0001:00007060       ??$_Destroy@U?$pair@V?$basic_string@DU?$char_traits@D@std@@V?$allocator@D@2@@std@@PAVPlugInFactory@@@std@@@std@@YAXPAU?$pair@V?$basic_string@DU?$char_traits@D@std@@V?$allocator@D@2@@std@@PAVPlugInFactory@@@0@@Z 10008060 f i ModuleManager.obj
 0001:00007070       ??$_Rotate@PAU?$pair@V?$basic_string@DU?$char_traits@D@std@@V?$allocator@D@2@@std@@PAVPlugInFactory@@@std@@@std@@YAXPAU?$pair@V?$basic_string@DU?$char_traits@D@std@@V?$allocator@D@2@@std@@PAVPlugInFactory@@@0@00Urandom_access_iterator_tag@0@@Z 10008070 f i ModuleManager.obj
 0001:00007090       ?swap@?$pair@V?$basic_string@DU?$char_traits@D@std@@V?$allocator@D@2@@std@@PAVPlugInFactory@@@std@@QAEXAAU12@@Z 10008090 f i ModuleManager.obj
 0001:000070b0       ?_Buy@?$vector@U?$pair@V?$basic_string@DU?$char_traits@D@std@@V?$allocator@D@2@@std@@PAVPlugInFactory@@@std@@V?$allocator@U?$pair@V?$basic_string@DU?$char_traits@D@std@@V?$allocator@D@2@@std@@PAVPlugInFactory@@@std@@@2@@std@@IAE_NI@Z 100080b0 f i ModuleManager.obj
 0001:00007100       ??0?$_Vector_iterator@U?$pair@V?$basic_string@DU?$char_traits@D@std@@V?$allocator@D@2@@std@@PAVPlugInFactory@@@std@@V?$allocator@U?$pair@V?$basic_string@DU?$char_traits@D@std@@V?$allocator@D@2@@std@@PAVPlugInFactory@@@std@@@2@@std@@QAE@PAU?$pair@V?$basic_string@DU?$char_traits@D@std@@V?$allocator@D@2@@std@@PAVPlugInFactory@@@1@PBU_Container_base@1@@Z 10008100 f i ModuleManager.obj
 0001:00007140       ??H?$_Vector_iterator@U?$pair@V?$basic_string@DU?$char_traits@D@std@@V?$allocator@D@2@@std@@PAVPlugInFactory@@@std@@V?$allocator@U?$pair@V?$basic_string@DU?$char_traits@D@std@@V?$allocator@D@2@@std@@PAVPlugInFactory@@@std@@@2@@std@@QBE?AV01@H@Z 10008140 f i ModuleManager.obj
 0001:00007180       ??$fill@PAU?$pair@V?$basic_string@DU?$char_traits@D@std@@V?$allocator@D@2@@std@@PAVPlugInFactory@@@std@@U12@@std@@YAXPAU?$pair@V?$basic_string@DU?$char_traits@D@std@@V?$allocator@D@2@@std@@PAVPlugInFactory@@@0@0ABU10@@Z 10008180 f i ModuleManager.obj
 0001:000071b0       ??$_Checked_base@V?$_String_iterator@DU?$char_traits@D@std@@V?$allocator@D@2@@std@@@std@@YAPADAAV?$_String_iterator@DU?$char_traits@D@std@@V?$allocator@D@2@@0@@Z 100081b0 f i ModuleManager.obj
 0001:000071c0       ??$_Checked_base@V?$_Vector_iterator@U?$pair@V?$basic_string@DU?$char_traits@D@std@@V?$allocator@D@2@@std@@PAVPlugInFactory@@@std@@V?$allocator@U?$pair@V?$basic_string@DU?$char_traits@D@std@@V?$allocator@D@2@@std@@PAVPlugInFactory@@@std@@@2@@std@@@std@@YAPAU?$pair@V?$basic_string@DU?$char_traits@D@std@@V?$allocator@D@2@@std@@PAVPlugInFactory@@@0@AAV?$_Vector_iterator@U?$pair@V?$basic_string@DU?$char_traits@D@std@@V?$allocator@D@2@@std@@PAVPlugInFactory@@@std@@V?$allocator@U?$pair@V?$basic_string@DU?$char_traits@D@std@@V?$allocator@D@2@@std@@PAVPlugInFactory@@@std@@@2@@0@@Z 100081c0 f i ModuleManager.obj
 0001:000071d0       ??$_Move_backward_opt@PAU?$pair@V?$basic_string@DU?$char_traits@D@std@@V?$allocator@D@2@@std@@PAVPlugInFactory@@@std@@PAU12@Urandom_access_iterator_tag@2@U_Undefined_move_tag@2@@std@@YAPAU?$pair@V?$basic_string@DU?$char_traits@D@std@@V?$allocator@D@2@@std@@PAVPlugInFactory@@@0@PAU10@00Urandom_access_iterator_tag@0@U_Undefined_move_tag@0@U_Range_checked_iterator_tag@0@@Z 100081d0 f i ModuleManager.obj
 0001:00007220       ?destroy@?$allocator@U?$pair@V?$basic_string@DU?$char_traits@D@std@@V?$allocator@D@2@@std@@PAVPlugInFactory@@@std@@@std@@QAEXPAU?$pair@V?$basic_string@DU?$char_traits@D@std@@V?$allocator@D@2@@std@@PAVPlugInFactory@@@2@@Z 10008220 f i ModuleManager.obj
 0001:00007230       ??$rotate@PAU?$pair@V?$basic_string@DU?$char_traits@D@std@@V?$allocator@D@2@@std@@PAVPlugInFactory@@@std@@@std@@YAXPAU?$pair@V?$basic_string@DU?$char_traits@D@std@@V?$allocator@D@2@@std@@PAVPlugInFactory@@@0@00@Z 10008230 f i ModuleManager.obj
 0001:00007260       ??$swap@V?$basic_string@DU?$char_traits@D@std@@V?$allocator@D@2@@std@@PAVPlugInFactory@@@std@@YAXAAU?$pair@V?$basic_string@DU?$char_traits@D@std@@V?$allocator@D@2@@std@@PAVPlugInFactory@@@0@0@Z 10008260 f i ModuleManager.obj
 0001:00007290       ??$_Uninit_copy@PAU?$pair@V?$basic_string@DU?$char_traits@D@std@@V?$allocator@D@2@@std@@PAVPlugInFactory@@@std@@PAU12@V?$allocator@U?$pair@V?$basic_string@DU?$char_traits@D@std@@V?$allocator@D@2@@std@@PAVPlugInFactory@@@std@@@2@@std@@YAPAU?$pair@V?$basic_string@DU?$char_traits@D@std@@V?$allocator@D@2@@std@@PAVPlugInFactory@@@0@PAU10@00AAV?$allocator@U?$pair@V?$basic_string@DU?$char_traits@D@std@@V?$allocator@D@2@@std@@PAVPlugInFactory@@@std@@@0@U_Nonscalar_ptr_iterator_tag@0@U_Range_checked_iterator_tag@0@@Z 10008290 f i ModuleManager.obj
 0001:00007330       ??0?$vector@U?$pair@V?$basic_string@DU?$char_traits@D@std@@V?$allocator@D@2@@std@@PAVPlugInFactory@@@std@@V?$allocator@U?$pair@V?$basic_string@DU?$char_traits@D@std@@V?$allocator@D@2@@std@@PAVPlugInFactory@@@std@@@2@@std@@QAE@XZ 10008330 f i ModuleManager.obj
 0001:00007340       ?begin@?$vector@U?$pair@V?$basic_string@DU?$char_traits@D@std@@V?$allocator@D@2@@std@@PAVPlugInFactory@@@std@@V?$allocator@U?$pair@V?$basic_string@DU?$char_traits@D@std@@V?$allocator@D@2@@std@@PAVPlugInFactory@@@std@@@2@@std@@QAE?AV?$_Vector_iterator@U?$pair@V?$basic_string@DU?$char_traits@D@std@@V?$allocator@D@2@@std@@PAVPlugInFactory@@@std@@V?$allocator@U?$pair@V?$basic_string@DU?$char_traits@D@std@@V?$allocator@D@2@@std@@PAVPlugInFactory@@@std@@@2@@2@XZ 10008340 f i ModuleManager.obj
 0001:00007370       ?end@?$vector@U?$pair@V?$basic_string@DU?$char_traits@D@std@@V?$allocator@D@2@@std@@PAVPlugInFactory@@@std@@V?$allocator@U?$pair@V?$basic_string@DU?$char_traits@D@std@@V?$allocator@D@2@@std@@PAVPlugInFactory@@@std@@@2@@std@@QAE?AV?$_Vector_iterator@U?$pair@V?$basic_string@DU?$char_traits@D@std@@V?$allocator@D@2@@std@@PAVPlugInFactory@@@std@@V?$allocator@U?$pair@V?$basic_string@DU?$char_traits@D@std@@V?$allocator@D@2@@std@@PAVPlugInFactory@@@std@@@2@@2@XZ 10008370 f i ModuleManager.obj
 0001:000073a0       ??$count@V?$_String_iterator@DU?$char_traits@D@std@@V?$allocator@D@2@@std@@D@std@@YAHV?$_String_iterator@DU?$char_traits@D@std@@V?$allocator@D@2@@0@0ABD@Z 100083a0 f i ModuleManager.obj
 0001:000073d0       ??$_Unchecked_move_backward@PAU?$pair@V?$basic_string@DU?$char_traits@D@std@@V?$allocator@D@2@@std@@PAVPlugInFactory@@@std@@PAU12@@stdext@@YAPAU?$pair@V?$basic_string@DU?$char_traits@D@std@@V?$allocator@D@2@@std@@PAVPlugInFactory@@@std@@PAU12@00@Z 100083d0 f i ModuleManager.obj
 0001:00007420       ??$_Uninit_fill_n@PAU?$pair@V?$basic_string@DU?$char_traits@D@std@@V?$allocator@D@2@@std@@PAVPlugInFactory@@@std@@IU12@V?$allocator@U?$pair@V?$basic_string@DU?$char_traits@D@std@@V?$allocator@D@2@@std@@PAVPlugInFactory@@@std@@@2@@std@@YAXPAU?$pair@V?$basic_string@DU?$char_traits@D@std@@V?$allocator@D@2@@std@@PAVPlugInFactory@@@0@IABU10@AAV?$allocator@U?$pair@V?$basic_string@DU?$char_traits@D@std@@V?$allocator@D@2@@std@@PAVPlugInFactory@@@std@@@0@U_Nonscalar_ptr_iterator_tag@0@U_Range_checked_iterator_tag@0@@Z 10008420 f i ModuleManager.obj
 0001:000074c0       ??$_Destroy_range@U?$pair@V?$basic_string@DU?$char_traits@D@std@@V?$allocator@D@2@@std@@PAVPlugInFactory@@@std@@V?$allocator@U?$pair@V?$basic_string@DU?$char_traits@D@std@@V?$allocator@D@2@@std@@PAVPlugInFactory@@@std@@@2@@std@@YAXPAU?$pair@V?$basic_string@DU?$char_traits@D@std@@V?$allocator@D@2@@std@@PAVPlugInFactory@@@0@0AAV?$allocator@U?$pair@V?$basic_string@DU?$char_traits@D@std@@V?$allocator@D@2@@std@@PAVPlugInFactory@@@std@@@0@U_Nonscalar_ptr_iterator_tag@0@@Z 100084c0 f i ModuleManager.obj
 0001:000074f0       ??$iter_swap@PAU?$pair@V?$basic_string@DU?$char_traits@D@std@@V?$allocator@D@2@@std@@PAVPlugInFactory@@@std@@PAU12@@std@@YAXPAU?$pair@V?$basic_string@DU?$char_traits@D@std@@V?$allocator@D@2@@std@@PAVPlugInFactory@@@0@0@Z 100084f0 f i ModuleManager.obj
 0001:00007520       ??$unchecked_uninitialized_copy@PAU?$pair@V?$basic_string@DU?$char_traits@D@std@@V?$allocator@D@2@@std@@PAVPlugInFactory@@@std@@PAU12@V?$allocator@U?$pair@V?$basic_string@DU?$char_traits@D@std@@V?$allocator@D@2@@std@@PAVPlugInFactory@@@std@@@2@@stdext@@YAPAU?$pair@V?$basic_string@DU?$char_traits@D@std@@V?$allocator@D@2@@std@@PAVPlugInFactory@@@std@@PAU12@00AAV?$allocator@U?$pair@V?$basic_string@DU?$char_traits@D@std@@V?$allocator@D@2@@std@@PAVPlugInFactory@@@std@@@2@@Z 10008520 f i ModuleManager.obj
 0001:00007550       ??RFactoryPtrComparator@@QAE_NU?$pair@V?$basic_string@DU?$char_traits@D@std@@V?$allocator@D@2@@std@@PAVPlugInFactory@@@std@@0@Z 10008550 f i ModuleManager.obj
 0001:000076a0       ??$unchecked_uninitialized_fill_n@PAU?$pair@V?$basic_string@DU?$char_traits@D@std@@V?$allocator@D@2@@std@@PAVPlugInFactory@@@std@@IU12@V?$allocator@U?$pair@V?$basic_string@DU?$char_traits@D@std@@V?$allocator@D@2@@std@@PAVPlugInFactory@@@std@@@2@@stdext@@YAXPAU?$pair@V?$basic_string@DU?$char_traits@D@std@@V?$allocator@D@2@@std@@PAVPlugInFactory@@@std@@IABU12@AAV?$allocator@U?$pair@V?$basic_string@DU?$char_traits@D@std@@V?$allocator@D@2@@std@@PAVPlugInFactory@@@std@@@2@@Z 100086a0 f i ModuleManager.obj
 0001:000076d0       ??$_Destroy_range@U?$pair@V?$basic_string@DU?$char_traits@D@std@@V?$allocator@D@2@@std@@PAVPlugInFactory@@@std@@V?$allocator@U?$pair@V?$basic_string@DU?$char_traits@D@std@@V?$allocator@D@2@@std@@PAVPlugInFactory@@@std@@@2@@std@@YAXPAU?$pair@V?$basic_string@DU?$char_traits@D@std@@V?$allocator@D@2@@std@@PAVPlugInFactory@@@0@0AAV?$allocator@U?$pair@V?$basic_string@DU?$char_traits@D@std@@V?$allocator@D@2@@std@@PAVPlugInFactory@@@std@@@0@@Z 100086d0 f i ModuleManager.obj
 0001:00007700       ??$_Insertion_sort@PAU?$pair@V?$basic_string@DU?$char_traits@D@std@@V?$allocator@D@2@@std@@PAVPlugInFactory@@@std@@UFactoryPtrComparator@@@std@@YAXPAU?$pair@V?$basic_string@DU?$char_traits@D@std@@V?$allocator@D@2@@std@@PAVPlugInFactory@@@0@0UFactoryPtrComparator@@@Z 10008700 f i ModuleManager.obj
 0001:00007850       ??$_Uninit_move@PAU?$pair@V?$basic_string@DU?$char_traits@D@std@@V?$allocator@D@2@@std@@PAVPlugInFactory@@@std@@PAU12@V?$allocator@U?$pair@V?$basic_string@DU?$char_traits@D@std@@V?$allocator@D@2@@std@@PAVPlugInFactory@@@std@@@2@U_Undefined_move_tag@2@@std@@YAPAU?$pair@V?$basic_string@DU?$char_traits@D@std@@V?$allocator@D@2@@std@@PAVPlugInFactory@@@0@PAU10@00AAV?$allocator@U?$pair@V?$basic_string@DU?$char_traits@D@std@@V?$allocator@D@2@@std@@PAVPlugInFactory@@@std@@@0@U_Undefined_move_tag@0@U_Range_checked_iterator_tag@0@@Z 10008850 f i ModuleManager.obj
 0001:00007870       ??$_Med3@PAU?$pair@V?$basic_string@DU?$char_traits@D@std@@V?$allocator@D@2@@std@@PAVPlugInFactory@@@std@@UFactoryPtrComparator@@@std@@YAXPAU?$pair@V?$basic_string@DU?$char_traits@D@std@@V?$allocator@D@2@@std@@PAVPlugInFactory@@@0@00UFactoryPtrComparator@@@Z 10008870 f i ModuleManager.obj
 0001:000079d0       ??$_Push_heap@PAU?$pair@V?$basic_string@DU?$char_traits@D@std@@V?$allocator@D@2@@std@@PAVPlugInFactory@@@std@@HU12@UFactoryPtrComparator@@@std@@YAXPAU?$pair@V?$basic_string@DU?$char_traits@D@std@@V?$allocator@D@2@@std@@PAVPlugInFactory@@@0@HHU10@UFactoryPtrComparator@@@Z 100089d0 f i ModuleManager.obj
 0001:00007ae0       ?_Ufill@?$vector@U?$pair@V?$basic_string@DU?$char_traits@D@std@@V?$allocator@D@2@@std@@PAVPlugInFactory@@@std@@V?$allocator@U?$pair@V?$basic_string@DU?$char_traits@D@std@@V?$allocator@D@2@@std@@PAVPlugInFactory@@@std@@@2@@std@@IAEPAU?$pair@V?$basic_string@DU?$char_traits@D@std@@V?$allocator@D@2@@std@@PAVPlugInFactory@@@2@PAU32@IABU32@@Z 10008ae0 f i ModuleManager.obj
 0001:00007b20       ?_Destroy@?$vector@U?$pair@V?$basic_string@DU?$char_traits@D@std@@V?$allocator@D@2@@std@@PAVPlugInFactory@@@std@@V?$allocator@U?$pair@V?$basic_string@DU?$char_traits@D@std@@V?$allocator@D@2@@std@@PAVPlugInFactory@@@std@@@2@@std@@IAEXPAU?$pair@V?$basic_string@DU?$char_traits@D@std@@V?$allocator@D@2@@std@@PAVPlugInFactory@@@2@0@Z 10008b20 f i ModuleManager.obj
 0001:00007b50       ??$_Unchecked_uninitialized_move@PAU?$pair@V?$basic_string@DU?$char_traits@D@std@@V?$allocator@D@2@@std@@PAVPlugInFactory@@@std@@PAU12@V?$allocator@U?$pair@V?$basic_string@DU?$char_traits@D@std@@V?$allocator@D@2@@std@@PAVPlugInFactory@@@std@@@2@@stdext@@YAPAU?$pair@V?$basic_string@DU?$char_traits@D@std@@V?$allocator@D@2@@std@@PAVPlugInFactory@@@std@@PAU12@00AAV?$allocator@U?$pair@V?$basic_string@DU?$char_traits@D@std@@V?$allocator@D@2@@std@@PAVPlugInFactory@@@std@@@2@@Z 10008b50 f i ModuleManager.obj
 0001:00007b80       ??$_Median@PAU?$pair@V?$basic_string@DU?$char_traits@D@std@@V?$allocator@D@2@@std@@PAVPlugInFactory@@@std@@UFactoryPtrComparator@@@std@@YAXPAU?$pair@V?$basic_string@DU?$char_traits@D@std@@V?$allocator@D@2@@std@@PAVPlugInFactory@@@0@00UFactoryPtrComparator@@@Z 10008b80 f i ModuleManager.obj
 0001:00007c30       ??$_Adjust_heap@PAU?$pair@V?$basic_string@DU?$char_traits@D@std@@V?$allocator@D@2@@std@@PAVPlugInFactory@@@std@@HU12@UFactoryPtrComparator@@@std@@YAXPAU?$pair@V?$basic_string@DU?$char_traits@D@std@@V?$allocator@D@2@@std@@PAVPlugInFactory@@@0@HHU10@UFactoryPtrComparator@@@Z 10008c30 f i ModuleManager.obj
 0001:00007da0       ??$_Pop_heap@PAU?$pair@V?$basic_string@DU?$char_traits@D@std@@V?$allocator@D@2@@std@@PAVPlugInFactory@@@std@@HU12@UFactoryPtrComparator@@@std@@YAXPAU?$pair@V?$basic_string@DU?$char_traits@D@std@@V?$allocator@D@2@@std@@PAVPlugInFactory@@@0@00U10@UFactoryPtrComparator@@PAH@Z 10008da0 f i ModuleManager.obj
 0001:00007e30       ?_Tidy@?$vector@U?$pair@V?$basic_string@DU?$char_traits@D@std@@V?$allocator@D@2@@std@@PAVPlugInFactory@@@std@@V?$allocator@U?$pair@V?$basic_string@DU?$char_traits@D@std@@V?$allocator@D@2@@std@@PAVPlugInFactory@@@std@@@2@@std@@IAEXXZ 10008e30 f i ModuleManager.obj
 0001:00007e80       ??$_Umove@PAU?$pair@V?$basic_string@DU?$char_traits@D@std@@V?$allocator@D@2@@std@@PAVPlugInFactory@@@std@@@?$vector@U?$pair@V?$basic_string@DU?$char_traits@D@std@@V?$allocator@D@2@@std@@PAVPlugInFactory@@@std@@V?$allocator@U?$pair@V?$basic_string@DU?$char_traits@D@std@@V?$allocator@D@2@@std@@PAVPlugInFactory@@@std@@@2@@std@@IAEPAU?$pair@V?$basic_string@DU?$char_traits@D@std@@V?$allocator@D@2@@std@@PAVPlugInFactory@@@1@PAU21@00@Z 10008e80 f i ModuleManager.obj
 0001:00007eb0       ??$_Unguarded_partition@PAU?$pair@V?$basic_string@DU?$char_traits@D@std@@V?$allocator@D@2@@std@@PAVPlugInFactory@@@std@@UFactoryPtrComparator@@@std@@YA?AU?$pair@PAU?$pair@V?$basic_string@DU?$char_traits@D@std@@V?$allocator@D@2@@std@@PAVPlugInFactory@@@std@@PAU12@@0@PAU?$pair@V?$basic_string@DU?$char_traits@D@std@@V?$allocator@D@2@@std@@PAVPlugInFactory@@@0@0UFactoryPtrComparator@@@Z 10008eb0 f i ModuleManager.obj
 0001:00008320       ??$_Make_heap@PAU?$pair@V?$basic_string@DU?$char_traits@D@std@@V?$allocator@D@2@@std@@PAVPlugInFactory@@@std@@HU12@UFactoryPtrComparator@@@std@@YAXPAU?$pair@V?$basic_string@DU?$char_traits@D@std@@V?$allocator@D@2@@std@@PAVPlugInFactory@@@0@0UFactoryPtrComparator@@PAH0@Z 10009320 f i ModuleManager.obj
 0001:00008380       ??$_Pop_heap_0@PAU?$pair@V?$basic_string@DU?$char_traits@D@std@@V?$allocator@D@2@@std@@PAVPlugInFactory@@@std@@U12@UFactoryPtrComparator@@@std@@YAXPAU?$pair@V?$basic_string@DU?$char_traits@D@std@@V?$allocator@D@2@@std@@PAVPlugInFactory@@@0@0UFactoryPtrComparator@@0@Z 10009380 f i ModuleManager.obj
 0001:000083c0       ??1?$vector@U?$pair@V?$basic_string@DU?$char_traits@D@std@@V?$allocator@D@2@@std@@PAVPlugInFactory@@@std@@V?$allocator@U?$pair@V?$basic_string@DU?$char_traits@D@std@@V?$allocator@D@2@@std@@PAVPlugInFactory@@@std@@@2@@std@@QAE@XZ 100093c0 f i ModuleManager.obj
 0001:000083d0       ?_Insert_n@?$vector@U?$pair@V?$basic_string@DU?$char_traits@D@std@@V?$allocator@D@2@@std@@PAVPlugInFactory@@@std@@V?$allocator@U?$pair@V?$basic_string@DU?$char_traits@D@std@@V?$allocator@D@2@@std@@PAVPlugInFactory@@@std@@@2@@std@@IAEXV?$_Vector_iterator@U?$pair@V?$basic_string@DU?$char_traits@D@std@@V?$allocator@D@2@@std@@PAVPlugInFactory@@@std@@V?$allocator@U?$pair@V?$basic_string@DU?$char_traits@D@std@@V?$allocator@D@2@@std@@PAVPlugInFactory@@@std@@@2@@2@IABU?$pair@V?$basic_string@DU?$char_traits@D@std@@V?$allocator@D@2@@std@@PAVPlugInFactory@@@2@@Z 100093d0 f i ModuleManager.obj
 0001:00008660       ??$make_heap@PAU?$pair@V?$basic_string@DU?$char_traits@D@std@@V?$allocator@D@2@@std@@PAVPlugInFactory@@@std@@UFactoryPtrComparator@@@std@@YAXPAU?$pair@V?$basic_string@DU?$char_traits@D@std@@V?$allocator@D@2@@std@@PAVPlugInFactory@@@0@0UFactoryPtrComparator@@@Z 10009660 f i ModuleManager.obj
 0001:00008690       ??$pop_heap@PAU?$pair@V?$basic_string@DU?$char_traits@D@std@@V?$allocator@D@2@@std@@PAVPlugInFactory@@@std@@UFactoryPtrComparator@@@std@@YAXPAU?$pair@V?$basic_string@DU?$char_traits@D@std@@V?$allocator@D@2@@std@@PAVPlugInFactory@@@0@0UFactoryPtrComparator@@@Z 10009690 f i ModuleManager.obj
 0001:000086e0       ?insert@?$vector@U?$pair@V?$basic_string@DU?$char_traits@D@std@@V?$allocator@D@2@@std@@PAVPlugInFactory@@@std@@V?$allocator@U?$pair@V?$basic_string@DU?$char_traits@D@std@@V?$allocator@D@2@@std@@PAVPlugInFactory@@@std@@@2@@std@@QAE?AV?$_Vector_iterator@U?$pair@V?$basic_string@DU?$char_traits@D@std@@V?$allocator@D@2@@std@@PAVPlugInFactory@@@std@@V?$allocator@U?$pair@V?$basic_string@DU?$char_traits@D@std@@V?$allocator@D@2@@std@@PAVPlugInFactory@@@std@@@2@@2@V32@ABU?$pair@V?$basic_string@DU?$char_traits@D@std@@V?$allocator@D@2@@std@@PAVPlugInFactory@@@2@@Z 100096e0 f i ModuleManager.obj
 0001:00008770       ??$_Sort_heap@PAU?$pair@V?$basic_string@DU?$char_traits@D@std@@V?$allocator@D@2@@std@@PAVPlugInFactory@@@std@@UFactoryPtrComparator@@@std@@YAXPAU?$pair@V?$basic_string@DU?$char_traits@D@std@@V?$allocator@D@2@@std@@PAVPlugInFactory@@@0@0UFactoryPtrComparator@@@Z 10009770 f i ModuleManager.obj
 0001:000087e0       ?factories@AnomalyDetectionModule@@YAAAV?$vector@U?$pair@V?$basic_string@DU?$char_traits@D@std@@V?$allocator@D@2@@std@@PAVPlugInFactory@@@std@@V?$allocator@U?$pair@V?$basic_string@DU?$char_traits@D@std@@V?$allocator@D@2@@std@@PAVPlugInFactory@@@std@@@2@@std@@XZ 100097e0 f   ModuleManager.obj
 0001:00008840       ?push_back@?$vector@U?$pair@V?$basic_string@DU?$char_traits@D@std@@V?$allocator@D@2@@std@@PAVPlugInFactory@@@std@@V?$allocator@U?$pair@V?$basic_string@DU?$char_traits@D@std@@V?$allocator@D@2@@std@@PAVPlugInFactory@@@std@@@2@@std@@QAEXABU?$pair@V?$basic_string@DU?$char_traits@D@std@@V?$allocator@D@2@@std@@PAVPlugInFactory@@@2@@Z 10009840 f i ModuleManager.obj
 0001:000088d0       ??$sort_heap@PAU?$pair@V?$basic_string@DU?$char_traits@D@std@@V?$allocator@D@2@@std@@PAVPlugInFactory@@@std@@UFactoryPtrComparator@@@std@@YAXPAU?$pair@V?$basic_string@DU?$char_traits@D@std@@V?$allocator@D@2@@std@@PAVPlugInFactory@@@0@0UFactoryPtrComparator@@@Z 100098d0 f i ModuleManager.obj
 0001:000088e0       ?addFactory@AnomalyDetectionModule@@YAXPAVPlugInFactory@@@Z 100098e0 f   ModuleManager.obj
 0001:00008a40       ??$_Sort@PAU?$pair@V?$basic_string@DU?$char_traits@D@std@@V?$allocator@D@2@@std@@PAVPlugInFactory@@@std@@HUFactoryPtrComparator@@@std@@YAXPAU?$pair@V?$basic_string@DU?$char_traits@D@std@@V?$allocator@D@2@@std@@PAVPlugInFactory@@@0@0HUFactoryPtrComparator@@@Z 10009a40 f i ModuleManager.obj
 0001:00008b30       ??$sort@V?$_Vector_iterator@U?$pair@V?$basic_string@DU?$char_traits@D@std@@V?$allocator@D@2@@std@@PAVPlugInFactory@@@std@@V?$allocator@U?$pair@V?$basic_string@DU?$char_traits@D@std@@V?$allocator@D@2@@std@@PAVPlugInFactory@@@std@@@2@@std@@UFactoryPtrComparator@@@std@@YAXV?$_Vector_iterator@U?$pair@V?$basic_string@DU?$char_traits@D@std@@V?$allocator@D@2@@std@@PAVPlugInFactory@@@std@@V?$allocator@U?$pair@V?$basic_string@DU?$char_traits@D@std@@V?$allocator@D@2@@std@@PAVPlugInFactory@@@std@@@2@@0@0UFactoryPtrComparator@@@Z 10009b30 f i ModuleManager.obj
 0001:00008b70       ?getPlugIn@AnomalyDetectionModule@@YAPAVPlugIn@@I@Z 10009b70 f   ModuleManager.obj
 0001:00008c30       _AnomalyDetectionModuleInstantiatePlugIn 10009c30 f   ModuleManager.obj
 0001:00008c60       ??1Executable@@MAE@XZ      10009c60 f i PlugInLib:ExecutableShell.obj
 0001:00008c70       ??_GExecutable@@MAEPAXI@Z  10009c70 f i PlugInLib:ExecutableShell.obj
 0001:00008c70       ??_EExecutable@@MAEPAXI@Z  10009c70 f i PlugInLib:ExecutableShell.obj
 0001:00008c90       ??0Executable@@QAE@XZ      10009c90 f i PlugInLib:ExecutableShell.obj
 0001:00008ca0       ?isExecutedOnStartup@ExecutableShell@@UBE_NXZ 10009ca0 f   PlugInLib:ExecutableShell.obj
 0001:00008cb0       ?isDestroyedAfterExecute@ExecutableShell@@UBE_NXZ 10009cb0 f   PlugInLib:ExecutableShell.obj
 0001:00008cc0       ?getMenuLocations@ExecutableShell@@UBEABV?$vector@V?$basic_string@DU?$char_traits@D@std@@V?$allocator@D@2@@std@@V?$allocator@V?$basic_string@DU?$char_traits@D@std@@V?$allocator@D@2@@std@@@2@@std@@XZ 10009cc0 f   PlugInLib:ExecutableShell.obj
 0001:00008cd0       ?setBatch@ExecutableShell@@UAE_NXZ 10009cd0 f   PlugInLib:ExecutableShell.obj
 0001:00008ce0       ?setInteractive@ExecutableShell@@UAE_NXZ 10009ce0 f   PlugInLib:ExecutableShell.obj
 0001:00008cf0       ?initialize@ExecutableShell@@UAE_NXZ 10009cf0 f   PlugInLib:ExecutableShell.obj
 0001:00008d00       ?abort@ExecutableShell@@UAE_NXZ 10009d00 f   PlugInLib:ExecutableShell.obj
 0001:00008d20       ?hasAbort@ExecutableShell@@UAE_NXZ 10009d20 f   PlugInLib:ExecutableShell.obj
 0001:00008d30       ?isBackground@ExecutableShell@@UBE_NXZ 10009d30 f   PlugInLib:ExecutableShell.obj
 0001:00008d40       ?isBatch@ExecutableShell@@QBE_NXZ 10009d40 f   PlugInLib:ExecutableShell.obj
 0001:00008d50       ?isAborted@ExecutableShell@@QBE_NXZ 10009d50 f   PlugInLib:ExecutableShell.obj
 0001:00008d60       ?hasWizardSupport@ExecutableShell@@UBE_NXZ 10009d60 f   PlugInLib:ExecutableShell.obj
 0001:00008d70       ?executeOnStartup@ExecutableShell@@IAEX_N@Z 10009d70 f   PlugInLib:ExecutableShell.obj
 0001:00008d80       ?destroyAfterExecute@ExecutableShell@@IAEX_N@Z 10009d80 f   PlugInLib:ExecutableShell.obj
 0001:00008d90       ?setAbortSupported@ExecutableShell@@IAEX_N@Z 10009d90 f   PlugInLib:ExecutableShell.obj
 0001:00008da0       ?setBackground@ExecutableShell@@IAEX_N@Z 10009da0 f   PlugInLib:ExecutableShell.obj
 0001:00008db0       ?setWizardSupported@ExecutableShell@@IAEX_N@Z 10009db0 f   PlugInLib:ExecutableShell.obj
 0001:00008dc0       ??$_Copy_opt@PAV?$basic_string@DU?$char_traits@D@std@@V?$allocator@D@2@@std@@PAV12@Uforward_iterator_tag@2@@std@@YAPAV?$basic_string@DU?$char_traits@D@std@@V?$allocator@D@2@@0@PAV10@00Uforward_iterator_tag@0@U_Nonscalar_ptr_iterator_tag@0@U_Range_checked_iterator_tag@0@@Z 10009dc0 f i PlugInLib:ExecutableShell.obj
 0001:00008e00       ??$_Copy_opt@PAV?$basic_string@DU?$char_traits@D@std@@V?$allocator@D@2@@std@@PAV12@@std@@YAPAV?$basic_string@DU?$char_traits@D@std@@V?$allocator@D@2@@0@PAV10@00Urandom_access_iterator_tag@0@U_Nonscalar_ptr_iterator_tag@0@U_Range_checked_iterator_tag@0@@Z 10009e00 f i PlugInLib:ExecutableShell.obj
 0001:00008e60       ??$unchecked_copy@PAV?$basic_string@DU?$char_traits@D@std@@V?$allocator@D@2@@std@@PAV12@@stdext@@YAPAV?$basic_string@DU?$char_traits@D@std@@V?$allocator@D@2@@std@@PAV12@00@Z 10009e60 f i PlugInLib:ExecutableShell.obj
 0001:00008e90       ?erase@?$vector@V?$basic_string@DU?$char_traits@D@std@@V?$allocator@D@2@@std@@V?$allocator@V?$basic_string@DU?$char_traits@D@std@@V?$allocator@D@2@@std@@@2@@std@@QAE?AV?$_Vector_iterator@V?$basic_string@DU?$char_traits@D@std@@V?$allocator@D@2@@std@@V?$allocator@V?$basic_string@DU?$char_traits@D@std@@V?$allocator@D@2@@std@@@2@@2@V32@0@Z 10009e90 f i PlugInLib:ExecutableShell.obj
 0001:00008f10       ?clear@?$vector@V?$basic_string@DU?$char_traits@D@std@@V?$allocator@D@2@@std@@V?$allocator@V?$basic_string@DU?$char_traits@D@std@@V?$allocator@D@2@@std@@@2@@std@@QAEXXZ 10009f10 f i PlugInLib:ExecutableShell.obj
 0001:00008f50       ??0ExecutableShell@@QAE@XZ 10009f50 f   PlugInLib:ExecutableShell.obj
 0001:00008ff0       ??_EExecutableShell@@W7AEPAXI@Z 10009ff0 f i PlugInLib:ExecutableShell.obj
 0001:00009000       ??_EExecutableShell@@W3AEPAXI@Z 1000a000 f i PlugInLib:ExecutableShell.obj
 0001:00009010       ??1ExecutableShell@@UAE@XZ 1000a010 f   PlugInLib:ExecutableShell.obj
 0001:00009080       ?addMenuLocation@ExecutableShell@@IAEXABV?$basic_string@DU?$char_traits@D@std@@V?$allocator@D@2@@std@@@Z 1000a080 f   PlugInLib:ExecutableShell.obj
 0001:00009090       ??_GExecutableShell@@UAEPAXI@Z 1000a090 f i PlugInLib:ExecutableShell.obj
 0001:00009090       ??_EExecutableShell@@UAEPAXI@Z 1000a090 f i PlugInLib:ExecutableShell.obj
 0001:000090b0       ?setMenuLocation@ExecutableShell@@IAEXABV?$basic_string@DU?$char_traits@D@std@@V?$allocator@D@2@@std@@@Z 1000a0b0 f   PlugInLib:ExecutableShell.obj
 0001:00009100       ??0out_of_range@std@@QAE@ABV?$basic_string@DU?$char_traits@D@std@@V?$allocator@D@2@@1@@Z 1000a100 f i PlugInLib:PlugInShell.obj
 0001:00009120       ??1out_of_range@std@@UAE@XZ 1000a120 f i PlugInLib:PlugInShell.obj
 0001:00009140       ??_Gout_of_range@std@@UAEPAXI@Z 1000a140 f i PlugInLib:PlugInShell.obj
 0001:00009140       ??_Eout_of_range@std@@UAEPAXI@Z 1000a140 f i PlugInLib:PlugInShell.obj
 0001:00009170       ??1SessionItem@@MAE@XZ     1000a170 f i PlugInLib:PlugInShell.obj
 0001:00009180       ??_ESessionItem@@MAEPAXI@Z 1000a180 f i PlugInLib:PlugInShell.obj
 0001:00009180       ??_GSessionItem@@MAEPAXI@Z 1000a180 f i PlugInLib:PlugInShell.obj
 0001:000091a0       ??1SessionItemExt1@@MAE@XZ 1000a1a0 f i PlugInLib:PlugInShell.obj
 0001:000091b0       ??_GSessionItemExt1@@MAEPAXI@Z 1000a1b0 f i PlugInLib:PlugInShell.obj
 0001:000091b0       ??_ESessionItemExt1@@MAEPAXI@Z 1000a1b0 f i PlugInLib:PlugInShell.obj
 0001:000091d0       ??1PlugIn@@MAE@XZ          1000a1d0 f i PlugInLib:PlugInShell.obj
 0001:000091e0       ??0SessionItemExt1@@QAE@XZ 1000a1e0 f i PlugInLib:PlugInShell.obj
 0001:000091f0       ??0SessionItem@@QAE@XZ     1000a1f0 f i PlugInLib:PlugInShell.obj
 0001:00009200       ?serialize@PlugInShell@@UBE_NAAVSessionItemSerializer@@@Z 1000a200 f   PlugInLib:PlugInShell.obj
 0001:00009210       ?deserialize@PlugInShell@@UAE_NAAVSessionItemDeserializer@@@Z 1000a210 f   PlugInLib:PlugInShell.obj
 0001:00009220       ?getVersion@PlugInShell@@UBE?AV?$basic_string@DU?$char_traits@D@std@@V?$allocator@D@2@@std@@XZ 1000a220 f   PlugInLib:PlugInShell.obj
 0001:00009250       ?isProduction@PlugInShell@@UBE_NXZ 1000a250 f   PlugInLib:PlugInShell.obj
 0001:00009260       ?getCreator@PlugInShell@@UBE?AV?$basic_string@DU?$char_traits@D@std@@V?$allocator@D@2@@std@@XZ 1000a260 f   PlugInLib:PlugInShell.obj
 0001:00009290       ?getCopyright@PlugInShell@@UBE?AV?$basic_string@DU?$char_traits@D@std@@V?$allocator@D@2@@std@@XZ 1000a290 f   PlugInLib:PlugInShell.obj
 0001:000092c0       ?getDescription@PlugInShell@@UBE?AV?$basic_string@DU?$char_traits@D@std@@V?$allocator@D@2@@std@@XZ 1000a2c0 f   PlugInLib:PlugInShell.obj
 0001:000092f0       ?getShortDescription@PlugInShell@@UBE?AV?$basic_string@DU?$char_traits@D@std@@V?$allocator@D@2@@std@@XZ 1000a2f0 f   PlugInLib:PlugInShell.obj
 0001:00009320       ?getDescriptorId@PlugInShell@@UBE?AV?$basic_string@DU?$char_traits@D@std@@V?$allocator@D@2@@std@@XZ 1000a320 f   PlugInLib:PlugInShell.obj
 0001:00009350       ?getType@PlugInShell@@UBE?AV?$basic_string@DU?$char_traits@D@std@@V?$allocator@D@2@@std@@XZ 1000a350 f   PlugInLib:PlugInShell.obj
 0001:00009380       ?getSubtype@PlugInShell@@UBE?AV?$basic_string@DU?$char_traits@D@std@@V?$allocator@D@2@@std@@XZ 1000a380 f   PlugInLib:PlugInShell.obj
 0001:000093b0       ?areMultipleInstancesAllowed@PlugInShell@@UBE_NXZ 1000a3b0 f   PlugInLib:PlugInShell.obj
 0001:000093c0       ?setVersion@PlugInShell@@IAEXABV?$basic_string@DU?$char_traits@D@std@@V?$allocator@D@2@@std@@@Z 1000a3c0 f   PlugInLib:PlugInShell.obj
 0001:000093d0       ?setProductionStatus@PlugInShell@@IAEX_N@Z 1000a3d0 f   PlugInLib:PlugInShell.obj
 0001:000093e0       ?setCreator@PlugInShell@@IAEXABV?$basic_string@DU?$char_traits@D@std@@V?$allocator@D@2@@std@@@Z 1000a3e0 f   PlugInLib:PlugInShell.obj
 0001:000093f0       ?setCopyright@PlugInShell@@IAEXABV?$basic_string@DU?$char_traits@D@std@@V?$allocator@D@2@@std@@@Z 1000a3f0 f   PlugInLib:PlugInShell.obj
 0001:00009400       ?setDescription@PlugInShell@@IAEXABV?$basic_string@DU?$char_traits@D@std@@V?$allocator@D@2@@std@@@Z 1000a400 f   PlugInLib:PlugInShell.obj
[...]
 0001:0002d8f0       __unwindfunclet$??$chipMetadataDimTemplate@D@?A0x92b3477e@@YA_NAAVDataVariant@@ABV?$vector@VDimensionDescriptor@@V?$allocator@VDimensionDescriptor@@@std@@@std@@@Z$0 1002e8f0 f   PlugInUtilities:RasterUtilities.obj
 0001:0002d8f8       __ehhandler$??$chipMetadataDimTemplate@D@?A0x92b3477e@@YA_NAAVDataVariant@@ABV?$vector@VDimensionDescriptor@@V?$allocator@VDimensionDescriptor@@@std@@@std@@@Z 1002e8f8 f   PlugInUtilities:RasterUtilities.obj
 0001:0002d910       __unwindfunclet$??$chipMetadataDimTemplate@E@?A0x92b3477e@@YA_NAAVDataVariant@@ABV?$vector@VDimensionDescriptor@@V?$allocator@VDimensionDescriptor@@@std@@@std@@@Z$0 1002e910 f   PlugInUtilities:RasterUtilities.obj
 0001:0002d918       __ehhandler$??$chipMetadataDimTemplate@E@?A0x92b3477e@@YA_NAAVDataVariant@@ABV?$vector@VDimensionDescriptor@@V?$allocator@VDimensionDescriptor@@@std@@@std@@@Z 1002e918 f   PlugInUtilities:RasterUtilities.obj
 0001:0002d930       __unwindfunclet$??$chipMetadataDimTemplate@F@?A0x92b3477e@@YA_NAAVDataVariant@@ABV?$vector@VDimensionDescriptor@@V?$allocator@VDimensionDescriptor@@@std@@@std@@@Z$0 1002e930 f   PlugInUtilities:RasterUtilities.obj
 0001:0002d938       __ehhandler$??$chipMetadataDimTemplate@F@?A0x92b3477e@@YA_NAAVDataVariant@@ABV?$vector@VDimensionDescriptor@@V?$allocator@VDimensionDescriptor@@@std@@@std@@@Z 1002e938 f   PlugInUtilities:RasterUtilities.obj
 0001:0002d950       __unwindfunclet$??$chipMetadataDimTemplate@G@?A0x92b3477e@@YA_NAAVDataVariant@@ABV?$vector@VDimensionDescriptor@@V?$allocator@VDimensionDescriptor@@@std@@@std@@@Z$0 1002e950 f   PlugInUtilities:RasterUtilities.obj
 0001:0002d958       __ehhandler$??$chipMetadataDimTemplate@G@?A0x92b3477e@@YA_NAAVDataVariant@@ABV?$vector@VDimensionDescriptor@@V?$allocator@VDimensionDescriptor@@@std@@@std@@@Z 1002e958 f   PlugInUtilities:RasterUtilities.obj
 0001:0002d970       __unwindfunclet$??$chipMetadataDimTemplate@I@?A0x92b3477e@@YA_NAAVDataVariant@@ABV?$vector@VDimensionDescriptor@@V?$allocator@VDimensionDescriptor@@@std@@@std@@@Z$0 1002e970 f   PlugInUtilities:RasterUtilities.obj
 0001:0002d978       __ehhandler$??$chipMetadataDimTemplate@I@?A0x92b3477e@@YA_NAAVDataVariant@@ABV?$vector@VDimensionDescriptor@@V?$allocator@VDimensionDescriptor@@@std@@@std@@@Z 1002e978 f   PlugInUtilities:RasterUtilities.obj
 0001:0002d990       __unwindfunclet$??$chipMetadataDimTemplate@J@?A0x92b3477e@@YA_NAAVDataVariant@@ABV?$vector@VDimensionDescriptor@@V?$allocator@VDimensionDescriptor@@@std@@@std@@@Z$0 1002e990 f   PlugInUtilities:RasterUtilities.obj
 0001:0002d998       __ehhandler$??$chipMetadataDimTemplate@J@?A0x92b3477e@@YA_NAAVDataVariant@@ABV?$vector@VDimensionDescriptor@@V?$allocator@VDimensionDescriptor@@@std@@@std@@@Z 1002e998 f   PlugInUtilities:RasterUtilities.obj
 0001:0002d9b0       __unwindfunclet$??$chipMetadataDimTemplate@K@?A0x92b3477e@@YA_NAAVDataVariant@@ABV?$vector@VDimensionDescriptor@@V?$allocator@VDimensionDescriptor@@@std@@@std@@@Z$0 1002e9b0 f   PlugInUtilities:RasterUtilities.obj
 0001:0002d9b8       __ehhandler$??$chipMetadataDimTemplate@K@?A0x92b3477e@@YA_NAAVDataVariant@@ABV?$vector@VDimensionDescriptor@@V?$allocator@VDimensionDescriptor@@@std@@@std@@@Z 1002e9b8 f   PlugInUtilities:RasterUtilities.obj
 0001:0002d9d0       __unwindfunclet$??$chipMetadataDimTemplate@_J@?A0x92b3477e@@YA_NAAVDataVariant@@ABV?$vector@VDimensionDescriptor@@V?$allocator@VDimensionDescriptor@@@std@@@std@@@Z$0 1002e9d0 f   PlugInUtilities:RasterUtilities.obj
 0001:0002d9d8       __ehhandler$??$chipMetadataDimTemplate@_J@?A0x92b3477e@@YA_NAAVDataVariant@@ABV?$vector@VDimensionDescriptor@@V?$allocator@VDimensionDescriptor@@@std@@@std@@@Z 1002e9d8 f   PlugInUtilities:RasterUtilities.obj
 0001:0002d9f0       __unwindfunclet$??$chipMetadataDimTemplate@_K@?A0x92b3477e@@YA_NAAVDataVariant@@ABV?$vector@VDimensionDescriptor@@V?$allocator@VDimensionDescriptor@@@std@@@std@@@Z$0 1002e9f0 f   PlugInUtilities:RasterUtilities.obj
 0001:0002d9f8       __ehhandler$??$chipMetadataDimTemplate@_K@?A0x92b3477e@@YA_NAAVDataVariant@@ABV?$vector@VDimensionDescriptor@@V?$allocator@VDimensionDescriptor@@@std@@@std@@@Z 1002e9f8 f   PlugInUtilities:RasterUtilities.obj
 0001:0002da10       __unwindfunclet$??$chipMetadataDimTemplate@VInt64@@@?A0x92b3477e@@YA_NAAVDataVariant@@ABV?$vector@VDimensionDescriptor@@V?$allocator@VDimensionDescriptor@@@std@@@std@@@Z$0 1002ea10 f   PlugInUtilities:RasterUtilities.obj
 0001:0002da18       __ehhandler$??$chipMetadataDimTemplate@VInt64@@@?A0x92b3477e@@YA_NAAVDataVariant@@ABV?$vector@VDimensionDescriptor@@V?$allocator@VDimensionDescriptor@@@std@@@std@@@Z 1002ea18 f   PlugInUtilities:RasterUtilities.obj
 0001:0002da30       __unwindfunclet$??$chipMetadataDimTemplate@VUInt64@@@?A0x92b3477e@@YA_NAAVDataVariant@@ABV?$vector@VDimensionDescriptor@@V?$allocator@VDimensionDescriptor@@@std@@@std@@@Z$0 1002ea30 f   PlugInUtilities:RasterUtilities.obj
 0001:0002da38       __ehhandler$??$chipMetadataDimTemplate@VUInt64@@@?A0x92b3477e@@YA_NAAVDataVariant@@ABV?$vector@VDimensionDescriptor@@V?$allocator@VDimensionDescriptor@@@std@@@std@@@Z 1002ea38 f   PlugInUtilities:RasterUtilities.obj
 0001:0002da50       __unwindfunclet$??$chipMetadataDimTemplate@M@?A0x92b3477e@@YA_NAAVDataVariant@@ABV?$vector@VDimensionDescriptor@@V?$allocator@VDimensionDescriptor@@@std@@@std@@@Z$0 1002ea50 f   PlugInUtilities:RasterUtilities.obj
 0001:0002da58       __ehhandler$??$chipMetadataDimTemplate@M@?A0x92b3477e@@YA_NAAVDataVariant@@ABV?$vector@VDimensionDescriptor@@V?$allocator@VDimensionDescriptor@@@std@@@std@@@Z 1002ea58 f   PlugInUtilities:RasterUtilities.obj
 0001:0002da70       __unwindfunclet$??$chipMetadataDimTemplate@N@?A0x92b3477e@@YA_NAAVDataVariant@@ABV?$vector@VDimensionDescriptor@@V?$allocator@VDimensionDescriptor@@@std@@@std@@@Z$0 1002ea70 f   PlugInUtilities:RasterUtilities.obj
 0001:0002da78       __ehhandler$??$chipMetadataDimTemplate@N@?A0x92b3477e@@YA_NAAVDataVariant@@ABV?$vector@VDimensionDescriptor@@V?$allocator@VDimensionDescriptor@@@std@@@std@@@Z 1002ea78 f   PlugInUtilities:RasterUtilities.obj
 0001:0002da90       __unwindfunclet$?subsetDimensionVector@RasterUtilities@@YA?AV?$vector@VDimensionDescriptor@@V?$allocator@VDimensionDescriptor@@@std@@@std@@ABV23@ABVDimensionDescriptor@@1I@Z$0 1002ea90 f   PlugInUtilities:RasterUtilities.obj
 0001:0002daa9       __ehhandler$?subsetDimensionVector@RasterUtilities@@YA?AV?$vector@VDimensionDescriptor@@V?$allocator@VDimensionDescriptor@@@std@@@std@@ABV23@ABVDimensionDescriptor@@1I@Z 1002eaa9 f   PlugInUtilities:RasterUtilities.obj
 0001:0002dac0       __unwindfunclet$?generateFileDescriptorForExport@RasterUtilities@@YAPAVFileDescriptor@@PBVDataDescriptor@@ABV?$basic_string@DU?$char_traits@D@std@@V?$allocator@D@2@@std@@ABVDimensionDescriptor@@2I22IABV?$vector@VDimensionDescriptor@@V?$allocator@VDimensionDescriptor@@@std@@@5@@Z$2 1002eac0 f   PlugInUtilities:RasterUtilities.obj
 0001:0002dacb       __unwindfunclet$?generateFileDescriptorForExport@RasterUtilities@@YAPAVFileDescriptor@@PBVDataDescriptor@@ABV?$basic_string@DU?$char_traits@D@std@@V?$allocator@D@2@@std@@ABVDimensionDescriptor@@2I22IABV?$vector@VDimensionDescriptor@@V?$allocator@VDimensionDescriptor@@@std@@@5@@Z$3 1002eacb f   PlugInUtilities:RasterUtilities.obj
 0001:0002dad6       __unwindfunclet$?generateFileDescriptorForExport@RasterUtilities@@YAPAVFileDescriptor@@PBVDataDescriptor@@ABV?$basic_string@DU?$char_traits@D@std@@V?$allocator@D@2@@std@@ABVDimensionDescriptor@@2I22IABV?$vector@VDimensionDescriptor@@V?$allocator@VDimensionDescriptor@@@std@@@5@@Z$4 1002ead6 f   PlugInUtilities:RasterUtilities.obj
 0001:0002dae1       __ehhandler$?generateFileDescriptorForExport@RasterUtilities@@YAPAVFileDescriptor@@PBVDataDescriptor@@ABV?$basic_string@DU?$char_traits@D@std@@V?$allocator@D@2@@std@@ABVDimensionDescriptor@@2I22IABV?$vector@VDimensionDescriptor@@V?$allocator@VDimensionDescriptor@@@std@@@5@@Z 1002eae1 f   PlugInUtilities:RasterUtilities.obj
 0001:0002daf0       __unwindfunclet$?generateFileDescriptorForExport@RasterUtilities@@YAPAVFileDescriptor@@PBVDataDescriptor@@ABV?$basic_string@DU?$char_traits@D@std@@V?$allocator@D@2@@std@@ABVDimensionDescriptor@@2I22I22I@Z$0 1002eaf0 f   PlugInUtilities:RasterUtilities.obj
 0001:0002daf8       __ehhandler$?generateFileDescriptorForExport@RasterUtilities@@YAPAVFileDescriptor@@PBVDataDescriptor@@ABV?$basic_string@DU?$char_traits@D@std@@V?$allocator@D@2@@std@@ABVDimensionDescriptor@@2I22I22I@Z 1002eaf8 f   PlugInUtilities:RasterUtilities.obj
 0001:0002db10       __unwindfunclet$?subsetDataDescriptor@RasterUtilities@@YAXPAVDataDescriptor@@ABVDimensionDescriptor@@1I11IABV?$vector@VDimensionDescriptor@@V?$allocator@VDimensionDescriptor@@@std@@@std@@@Z$0 1002eb10 f   PlugInUtilities:RasterUtilities.obj
 0001:0002db18       __unwindfunclet$?subsetDataDescriptor@RasterUtilities@@YAXPAVDataDescriptor@@ABVDimensionDescriptor@@1I11IABV?$vector@VDimensionDescriptor@@V?$allocator@VDimensionDescriptor@@@std@@@std@@@Z$1 1002eb18 f   PlugInUtilities:RasterUtilities.obj
 0001:0002db20       __unwindfunclet$?subsetDataDescriptor@RasterUtilities@@YAXPAVDataDescriptor@@ABVDimensionDescriptor@@1I11IABV?$vector@VDimensionDescriptor@@V?$allocator@VDimensionDescriptor@@@std@@@std@@@Z$2 1002eb20 f   PlugInUtilities:RasterUtilities.obj
 0001:0002db28       __ehhandler$?subsetDataDescriptor@RasterUtilities@@YAXPAVDataDescriptor@@ABVDimensionDescriptor@@1I11IABV?$vector@VDimensionDescriptor@@V?$allocator@VDimensionDescriptor@@@std@@@std@@@Z 1002eb28 f   PlugInUtilities:RasterUtilities.obj
 0001:0002db40       __unwindfunclet$?subsetDataDescriptor@RasterUtilities@@YAXPAVDataDescriptor@@ABVDimensionDescriptor@@1I11I11I@Z$0 1002eb40 f   PlugInUtilities:RasterUtilities.obj
 0001:0002db48       __ehhandler$?subsetDataDescriptor@RasterUtilities@@YAXPAVDataDescriptor@@ABVDimensionDescriptor@@1I11I11I@Z 1002eb48 f   PlugInUtilities:RasterUtilities.obj
 0001:0002db60       __unwindfunclet$?getVisibleRasterChannels@RasterUtilities@@YA?AV?$vector@V?$EnumWrapper@W4RasterChannelTypeEnum@@@@V?$allocator@V?$EnumWrapper@W4RasterChannelTypeEnum@@@@@std@@@std@@XZ$0 1002eb60 f   PlugInUtilities:RasterUtilities.obj
 0001:0002db79       __ehhandler$?getVisibleRasterChannels@RasterUtilities@@YA?AV?$vector@V?$EnumWrapper@W4RasterChannelTypeEnum@@@@V?$allocator@V?$EnumWrapper@W4RasterChannelTypeEnum@@@@@std@@@std@@XZ 1002eb79 f   PlugInUtilities:RasterUtilities.obj
 0001:0002db90       __unwindfunclet$??$chipMetadataDimTemplate@V?$basic_string@DU?$char_traits@D@std@@V?$allocator@D@2@@std@@@?A0x92b3477e@@YA_NAAVDataVariant@@ABV?$vector@VDimensionDescriptor@@V?$allocator@VDimensionDescriptor@@@std@@@std@@@Z$0 1002eb90 f   PlugInUtilities:RasterUtilities.obj
 0001:0002db98       __ehhandler$??$chipMetadataDimTemplate@V?$basic_string@DU?$char_traits@D@std@@V?$allocator@D@2@@std@@@?A0x92b3477e@@YA_NAAVDataVariant@@ABV?$vector@VDimensionDescriptor@@V?$allocator@VDimensionDescriptor@@@std@@@std@@@Z 1002eb98 f   PlugInUtilities:RasterUtilities.obj
 0001:0002dbb0       __unwindfunclet$?generateFileDescriptorForExport@RasterUtilities@@YAPAVFileDescriptor@@PBVDataDescriptor@@ABV?$basic_string@DU?$char_traits@D@std@@V?$allocator@D@2@@std@@@Z$0 1002ebb0 f   PlugInUtilities:RasterUtilities.obj
 0001:0002dbb8       __ehhandler$?generateFileDescriptorForExport@RasterUtilities@@YAPAVFileDescriptor@@PBVDataDescriptor@@ABV?$basic_string@DU?$char_traits@D@std@@V?$allocator@D@2@@std@@@Z 1002ebb8 f   PlugInUtilities:RasterUtilities.obj
 0001:0002dbd0       __unwindfunclet$?rotate@RasterUtilities@@YA_NPAVRasterElement@@PBV2@NHV?$EnumWrapper@W4InterpolationTypeEnum@RasterUtilities@@@@PAVProgress@@PA_N@Z$1 1002ebd0 f   PlugInUtilities:RasterUtilities.obj
 0001:0002dbdb       __unwindfunclet$?rotate@RasterUtilities@@YA_NPAVRasterElement@@PBV2@NHV?$EnumWrapper@W4InterpolationTypeEnum@RasterUtilities@@@@PAVProgress@@PA_N@Z$3 1002ebdb f   PlugInUtilities:RasterUtilities.obj
 0001:0002dbe6       __unwindfunclet$?rotate@RasterUtilities@@YA_NPAVRasterElement@@PBV2@NHV?$EnumWrapper@W4InterpolationTypeEnum@RasterUtilities@@@@PAVProgress@@PA_N@Z$6 1002ebe6 f   PlugInUtilities:RasterUtilities.obj
 0001:0002dbf1       __unwindfunclet$?rotate@RasterUtilities@@YA_NPAVRasterElement@@PBV2@NHV?$EnumWrapper@W4InterpolationTypeEnum@RasterUtilities@@@@PAVProgress@@PA_N@Z$9 1002ebf1 f   PlugInUtilities:RasterUtilities.obj
 0001:0002dbfc       __unwindfunclet$?rotate@RasterUtilities@@YA_NPAVRasterElement@@PBV2@NHV?$EnumWrapper@W4InterpolationTypeEnum@RasterUtilities@@@@PAVProgress@@PA_N@Z$10 1002ebfc f   PlugInUtilities:RasterUtilities.obj
 0001:0002dc07       __unwindfunclet$?rotate@RasterUtilities@@YA_NPAVRasterElement@@PBV2@NHV?$EnumWrapper@W4InterpolationTypeEnum@RasterUtilities@@@@PAVProgress@@PA_N@Z$11 1002ec07 f   PlugInUtilities:RasterUtilities.obj
 0001:0002dc13       __unwindfunclet$?rotate@RasterUtilities@@YA_NPAVRasterElement@@PBV2@NHV?$EnumWrapper@W4InterpolationTypeEnum@RasterUtilities@@@@PAVProgress@@PA_N@Z$12 1002ec13 f   PlugInUtilities:RasterUtilities.obj
 0001:0002dc1f       __unwindfunclet$?rotate@RasterUtilities@@YA_NPAVRasterElement@@PBV2@NHV?$EnumWrapper@W4InterpolationTypeEnum@RasterUtilities@@@@PAVProgress@@PA_N@Z$14 1002ec1f f   PlugInUtilities:RasterUtilities.obj
 0001:0002dc2a       __unwindfunclet$?rotate@RasterUtilities@@YA_NPAVRasterElement@@PBV2@NHV?$EnumWrapper@W4InterpolationTypeEnum@RasterUtilities@@@@PAVProgress@@PA_N@Z$15 1002ec2a f   PlugInUtilities:RasterUtilities.obj
 0001:0002dc35       __unwindfunclet$?rotate@RasterUtilities@@YA_NPAVRasterElement@@PBV2@NHV?$EnumWrapper@W4InterpolationTypeEnum@RasterUtilities@@@@PAVProgress@@PA_N@Z$16 1002ec35 f   PlugInUtilities:RasterUtilities.obj
 0001:0002dc40       __unwindfunclet$?rotate@RasterUtilities@@YA_NPAVRasterElement@@PBV2@NHV?$EnumWrapper@W4InterpolationTypeEnum@RasterUtilities@@@@PAVProgress@@PA_N@Z$17 1002ec40 f   PlugInUtilities:RasterUtilities.obj
 0001:0002dc4b       __unwindfunclet$?rotate@RasterUtilities@@YA_NPAVRasterElement@@PBV2@NHV?$EnumWrapper@W4InterpolationTypeEnum@RasterUtilities@@@@PAVProgress@@PA_N@Z$18 1002ec4b f   PlugInUtilities:RasterUtilities.obj
 0001:0002dc57       __unwindfunclet$?rotate@RasterUtilities@@YA_NPAVRasterElement@@PBV2@NHV?$EnumWrapper@W4InterpolationTypeEnum@RasterUtilities@@@@PAVProgress@@PA_N@Z$21 1002ec57 f   PlugInUtilities:RasterUtilities.obj
 0001:0002dc62       __unwindfunclet$?rotate@RasterUtilities@@YA_NPAVRasterElement@@PBV2@NHV?$EnumWrapper@W4InterpolationTypeEnum@RasterUtilities@@@@PAVProgress@@PA_N@Z$19 1002ec62 f   PlugInUtilities:RasterUtilities.obj
 0001:0002dc6e       __unwindfunclet$?rotate@RasterUtilities@@YA_NPAVRasterElement@@PBV2@NHV?$EnumWrapper@W4InterpolationTypeEnum@RasterUtilities@@@@PAVProgress@@PA_N@Z$20 1002ec6e f   PlugInUtilities:RasterUtilities.obj
 0001:0002dc7a       __unwindfunclet$?rotate@RasterUtilities@@YA_NPAVRasterElement@@PBV2@NHV?$EnumWrapper@W4InterpolationTypeEnum@RasterUtilities@@@@PAVProgress@@PA_N@Z$24 1002ec7a f   PlugInUtilities:RasterUtilities.obj
 0001:0002dc86       __unwindfunclet$?rotate@RasterUtilities@@YA_NPAVRasterElement@@PBV2@NHV?$EnumWrapper@W4InterpolationTypeEnum@RasterUtilities@@@@PAVProgress@@PA_N@Z$25 1002ec86 f   PlugInUtilities:RasterUtilities.obj
 0001:0002dc92       __unwindfunclet$?rotate@RasterUtilities@@YA_NPAVRasterElement@@PBV2@NHV?$EnumWrapper@W4InterpolationTypeEnum@RasterUtilities@@@@PAVProgress@@PA_N@Z$26 1002ec92 f   PlugInUtilities:RasterUtilities.obj
 0001:0002dc9e       __unwindfunclet$?rotate@RasterUtilities@@YA_NPAVRasterElement@@PBV2@NHV?$EnumWrapper@W4InterpolationTypeEnum@RasterUtilities@@@@PAVProgress@@PA_N@Z$13 1002ec9e f   PlugInUtilities:RasterUtilities.obj
 0001:0002dcaa       __unwindfunclet$?rotate@RasterUtilities@@YA_NPAVRasterElement@@PBV2@NHV?$EnumWrapper@W4InterpolationTypeEnum@RasterUtilities@@@@PAVProgress@@PA_N@Z$2 1002ecaa f   PlugInUtilities:RasterUtilities.obj
 0001:0002dcb6       __unwindfunclet$?rotate@RasterUtilities@@YA_NPAVRasterElement@@PBV2@NHV?$EnumWrapper@W4InterpolationTypeEnum@RasterUtilities@@@@PAVProgress@@PA_N@Z$0 1002ecb6 f   PlugInUtilities:RasterUtilities.obj
 0001:0002dcc2       __ehhandler$?rotate@RasterUtilities@@YA_NPAVRasterElement@@PBV2@NHV?$EnumWrapper@W4InterpolationTypeEnum@RasterUtilities@@@@PAVProgress@@PA_N@Z 1002ecc2 f   PlugInUtilities:RasterUtilities.obj
 0001:0002dcd0       __unwindfunclet$??$chipMetadataDimTemplate@_N@?A0x92b3477e@@YA_NAAVDataVariant@@ABV?$vector@VDimensionDescriptor@@V?$allocator@VDimensionDescriptor@@@std@@@std@@@Z$0 1002ecd0 f   PlugInUtilities:RasterUtilities.obj
 0001:0002dcd8       __ehhandler$??$chipMetadataDimTemplate@_N@?A0x92b3477e@@YA_NAAVDataVariant@@ABV?$vector@VDimensionDescriptor@@V?$allocator@VDimensionDescriptor@@@std@@@std@@@Z 1002ecd8 f   PlugInUtilities:RasterUtilities.obj
 0001:0002dcf0       __unwindfunclet$?chipMetadataDim@?A0x92b3477e@@YAXPAVDynamicObject@@ABV?$vector@VDimensionDescriptor@@V?$allocator@VDimensionDescriptor@@@std@@@std@@@Z$0 1002ecf0 f   PlugInUtilities:RasterUtilities.obj
 0001:0002dcf8       __unwindfunclet$?chipMetadataDim@?A0x92b3477e@@YAXPAVDynamicObject@@ABV?$vector@VDimensionDescriptor@@V?$allocator@VDimensionDescriptor@@@std@@@std@@@Z$1 1002ecf8 f   PlugInUtilities:RasterUtilities.obj
 0001:0002dd01       __ehhandler$?chipMetadataDim@?A0x92b3477e@@YAXPAVDynamicObject@@ABV?$vector@VDimensionDescriptor@@V?$allocator@VDimensionDescriptor@@@std@@@std@@@Z 1002ed01 f   PlugInUtilities:RasterUtilities.obj
 0001:0002dd10       __unwindfunclet$?chipMetadata@RasterUtilities@@YA_NPAVDynamicObject@@ABV?$vector@VDimensionDescriptor@@V?$allocator@VDimensionDescriptor@@@std@@@std@@11@Z$0 1002ed10 f   PlugInUtilities:RasterUtilities.obj
 0001:0002dd19       __unwindfunclet$?chipMetadata@RasterUtilities@@YA_NPAVDynamicObject@@ABV?$vector@VDimensionDescriptor@@V?$allocator@VDimensionDescriptor@@@std@@@std@@11@Z$1 1002ed19 f   PlugInUtilities:RasterUtilities.obj
 0001:0002dd22       __unwindfunclet$?chipMetadata@RasterUtilities@@YA_NPAVDynamicObject@@ABV?$vector@VDimensionDescriptor@@V?$allocator@VDimensionDescriptor@@@std@@@std@@11@Z$2 1002ed22 f   PlugInUtilities:RasterUtilities.obj
 0001:0002dd2b       __unwindfunclet$?chipMetadata@RasterUtilities@@YA_NPAVDynamicObject@@ABV?$vector@VDimensionDescriptor@@V?$allocator@VDimensionDescriptor@@@std@@@std@@11@Z$3 1002ed2b f   PlugInUtilities:RasterUtilities.obj
 0001:0002dd34       __ehhandler$?chipMetadata@RasterUtilities@@YA_NPAVDynamicObject@@ABV?$vector@VDimensionDescriptor@@V?$allocator@VDimensionDescriptor@@@std@@@std@@11@Z 1002ed34 f   PlugInUtilities:RasterUtilities.obj
 0001:0002dd40       __unwindfunclet$?createWrapper@DataVariant@@ABEPAVDataValueWrapper@@PBXPBD_N@Z$0 1002ed40 f   PlugInUtilities:DataVariant.obj
 0001:0002dd49       __ehhandler$?createWrapper@DataVariant@@ABEPAVDataValueWrapper@@PBXPBD_N@Z 1002ed49 f   PlugInUtilities:DataVariant.obj
 0001:0002dd60       ??__EAnomalyDetectionpluginFactory@AnomalyDetectionModule@@YAXXZ 1002ed60 f   AnomalyDetection.obj
 0001:0002ddf0       ??__FAnomalyDetectionpluginFactory@AnomalyDetectionModule@@YAXXZ 1002edf0 f   AnomalyDetection.obj
 0001:0002de00       ??__FsFactories@?1??factories@AnomalyDetectionModule@@YAAAV?$vector@U?$pair@V?$basic_string@DU?$char_traits@D@std@@V?$allocator@D@2@@std@@PAVPlugInFactory@@@std@@V?$allocator@U?$pair@V?$basic_string@DU?$char_traits@D@std@@V?$allocator@D@2@@std@@PAVPlugInFactory@@@std@@@2@@std@@XZ@YAXXZ 1002ee00 f   ModuleManager.obj

 Exports

  ordinal    name

        1    _AnomalyDetectionModuleInstantiatePlugIn
               exported name: AnomalyDetectionModuleInstantiatePlugIn
        2    _opticks_get_module_descriptor
               exported name: opticks_get_module_descriptor
